_	 1750
e	 609
a	 326
n	 308
i	 281
o	 229
r	 224
t	 206
s	 202
d	 190
e_	 153
l	 126
g	 125
m	 124
ie	 123
k	 122
n_	 116
t_	 97
h	 89
_d	 84
an	 83
er	 83
v	 82
y	 81
ie_	 80
_h	 77
aa	 75
w	 73
di	 72
s_	 72
_v	 71
en	 64
r_	 62
y_	 62
.	 62
_di	 61
_s	 61
ge	 60
u	 59
_n	 57
_m	 55
et	 54
._	 54
die	 51
b	 50
_w	 50
die_	 49
te	 48
_die	 48
_die_	 47
ee	 47
in	 46
an_	 46
ni	 46
et_	 45
_o	 44
_e	 44
p	 43
de	 42
_g	 39
_a	 37
k_	 37
ar	 35
el	 35
at	 35
nd	 34
wa	 34
oe	 34
nie	 34
_ni	 33
g_	 33
,	 33
_i	 32
oo	 32
he	 32
_nie	 32
,_	 32
_wa	 31
ek	 30
om	 29
_he	 29
_ge	 29
_b	 29
en_	 29
_k	 29
me	 28
d_	 28
va	 28
aan	 28
_t	 27
is	 27
m_	 27
er_	 26
f	 26
at_	 26
_en	 26
or	 25
l_	 25
aar	 24
as	 24
het	 24
es	 24
ma	 24
on	 24
it	 24
van	 23
_het	 23
ou	 22
ra	 22
li	 22
_het_	 21
_va	 21
be	 21
het_	 21
"	 21
ng	 20
da	 20
_en_	 20
om_	 20
te_	 20
rd	 20
al	 20
ke	 19
_van	 19
'	 19
st	 19
ag	 18
sy_	 18
_sy	 18
is_	 18
sy	 18
van_	 18
_sy_	 18
_hy_	 17
and	 17
aan_	 17
_ma	 17
hy	 17
se	 17
it_	 17
hy_	 17
-	 17
le	 17
ro	 17
_me	 17
_hy	 17
der	 17
ar_	 17
_van_	 17
re	 17
aar_	 17
nie_	 17
as_	 16
we	 16
nde	 16
H	 16
_nie_	 16
_be	 16
ei	 16
in_	 16
em	 15
_te	 15
ho	 15
_H	 15
so	 15
ko	 15
ns	 15
ik	 15
_'	 15
ig	 15
ou_	 14
vo	 14
vi	 14
mo	 14
_is	 14
_vi	 14
ha	 14
_in	 14
u_	 14
si	 14
ek_	 14
_te_	 14
ve	 14
'n	 14
nt	 14
wo	 13
rt	 13
no	 13
'n_	 13
_'n	 13
_'n_	 13
rs	 13
_is_	 13
e,	 13
_da	 13
_vo	 13
_in_	 13
eer	 13
ag_	 13
_ve	 13
op	 13
_aa	 12
al_	 12
_ha	 12
_om_	 12
_so	 12
_wat	 12
e,_	 12
wat	 12
was	 12
_aan	 12
_mo	 12
ver	 12
_p	 12
ing	 12
ne	 12
_om	 12
f_	 12
maa	 11
ir	 11
ir_	 11
met	 11
ta	 11
vir	 11
wat_	 11
_wat_	 11
p_	 11
_ver	 11
_was	 11
_no	 11
_vir_	 11
vir_	 11
_vir	 11
ka	 11
ord	 11
S	 11
_ko	 11
moe	 11
e.	 11
ed	 11
_on	 11
bl	 11
ew	 11
lik	 10
was_	 10
e._	 10
de_	 10
nge	 10
_al	 10
_ek_	 10
met_	 10
ri	 10
raa	 10
vr	 10
nder	 10
sie	 10
_met_	 10
E	 10
_moe	 10
ui	 10
oor	 10
_met	 10
to	 10
_was_	 10
sta	 10
_ek	 10
_vr	 9
ll	 9
A	 9
_se	 9
_S	 9
pr	 9
_"	 9
_ho	 9
ers	 9
man	 9
og	 9
nk	 9
Hy	 9
_r	 9
_maa	 9
ie.	 9
el_	 9
ges	 9
"_	 9
ewe	 8
na	 8
_Hy	 8
eg	 8
Hy_	 8
rte	 8
sk	 8
din	 8
j	 8
eu	 8
_to	 8
een	 8
ie._	 8
_my	 8
nie.	 8
_Hy_	 8
_l	 8
_ne	 8
op_	 8
pa	 8
_my_	 8
_nie.	 8
word	 8
kl	 8
_op	 8
M	 8
wor	 8
D	 8
ke_	 8
nd_	 8
my	 8
_pr	 8
ga	 8
taa	 8
es_	 8
aat	 8
my_	 8
ak	 8
id	 7
la	 7
br	 7
er.	 7
le_	 7
end	 7
wee	 7
erd	 7
tee	 7
der_	 7
gaan	 7
_wo	 7
ier	 7
ie,_	 7
ie,	 7
maar_	 7
maar	 7
nie._	 7
uit	 7
gaa	 7
ste	 7
oet	 7
dit	 7
ge_	 7
ur	 7
_maar	 7
gaan_	 7
r.	 7
lin	 7
_E	 7
_dit	 7
ger	 7
oe_	 7
_st	 7
s.	 7
a_	 7
og_	 7
_ges	 7
_M	 7
staa	 7
O	 7
eur	 6
ens	 6
_wor	 6
_dit_	 6
_dat	 6
os	 6
_ui	 6
eli	 6
lo	 6
yd	 6
_word	 6
hier	 6
dit_	 6
_hier	 6
rs_	 6
hie	 6
hi	 6
_uit	 6
_kl	 6
lle	 6
il	 6
eid	 6
eel	 6
ders	 6
dat	 6
ti	 6
ert	 6
_dat_	 6
_de	 6
_oo	 6
nders	 6
nog	 6
r,	 6
oet_	 6
_as	 6
wi	 6
s._	 6
_hi	 6
_nie,	 6
_hie	 6
nig	 6
_nog	 6
eke	 6
ent	 6
_wi	 6
ige	 6
eer_	 6
eni	 6
r,_	 6
nie,	 6
_bl	 6
ad	 6
am	 6
nie,_	 6
toe	 6
mer	 6
do	 6
t.	 6
ns_	 6
ng_	 6
gew	 6
_u	 6
kom	 6
ig_	 6
aak	 6
dat_	 6
_voe	 5
ot	 5
k._	 5
eem	 5
dr	 5
."_	 5
Ma	 5
_we	 5
tem	 5
moet	 5
nige	 5
geb	 5
W	 5
ul	 5
bes	 5
rl	 5
ers_	 5
anda	 5
hou	 5
dan	 5
ur_	 5
waa	 5
dag	 5
ige_	 5
."	 5
_haa	 5
nige_	 5
ts	 5
tyd	 5
aat_	 5
ons	 5
ink	 5
lg	 5
_dan	 5
ema	 5
oer	 5
lf	 5
ter	 5
_Ma	 5
ld	 5
enig	 5
_as_	 5
toe_	 5
vro	 5
bli	 5
ol	 5
-_	 5
nog_	 5
ind	 5
deli	 5
ik_	 5
B	 5
hom	 5
_wee	 5
est	 5
_al_	 5
t._	 5
del	 5
ë	 5
_vro	 5
men	 5
nda	 5
_bes	 5
kli	 5
eb	 5
lle_	 5
_moet	 5
_kon	 5
_nog_	 5
k.	 5
han	 5
_hom	 5
er._	 5
_O	 5
J	 5
ing_	 5
art	 5
_dan_	 5
_j	 5
ty	 5
pro	 5
lik_	 5
_eni	 5
_enig	 5
rd_	 5
kon	 5
ede	 5
ding	 5
_man	 5
inde	 5
ande	 5
m.	 5
r._	 5
voe	 5
nt_	 5
ter_	 5
moet_	 5
dan_	 5
sa	 5
em_	 5
rm	 5
haa	 5
yk	 5
enige	 5
_na	 5
and_	 5
by	 4
ats	 4
_gaa	 4
_Maa	 4
oos	 4
erl	 4
rd._	 4
yd_	 4
sd	 4
kke	 4
ons_	 4
rob	 4
m._	 4
taan_	 4
_han	 4
rdi	 4
_prob	 4
self	 4
ond	 4
_pro	 4
erg	 4
_toe	 4
ere	 4
_A	 4
_haar	 4
arte	 4
_soo	 4
soos	 4
rge	 4
fs	 4
raat	 4
eel_	 4
woo	 4
vrou	 4
nn	 4
erf	 4
_-	 4
En	 4
inge	 4
Maar_	 4
prob	 4
aand	 4
eek	 4
ulle	 4
_Maar	 4
_ka	 4
_staa	 4
_gew	 4
_ee	 4
oed	 4
_an	 4
ulle_	 4
ob	 4
hou_	 4
rg	 4
ull	 4
ant	 4
ang	 4
haar	 4
soo	 4
ders_	 4
onder	 4
_ons_	 4
kr	 4
hom_	 4
kon_	 4
_waa	 4
_waar	 4
_hom_	 4
_sta	 4
er,	 4
_nou_	 4
_uit_	 4
_ga	 4
bro	 4
im	 4
ks	 4
_op_	 4
sp	 4
ki	 4
_pra	 4
pra	 4
_praa	 4
nou_	 4
staan	 4
ok_	 4
_hel	 4
dis	 4
_la	 4
er,_	 4
nde_	 4
onde	 4
rou	 4
En_	 4
_geb	 4
nou	 4
praat	 4
_gaan	 4
_net_	 4
kan	 4
ding_	 4
Maar	 4
_ra	 4
d.	 4
eur_	 4
uit_	 4
_net	 4
erge	 4
rf	 4
gs	 4
ry	 4
rag_	 4
net_	 4
nee	 4
_kon_	 4
raat_	 4
d,	 4
on_	 4
mand	 4
os_	 4
_En_	 4
soos_	 4
net	 4
_-_	 4
eld	 4
_din	 4
R	 4
_sk	 4
ok	 4
_nou	 4
ru	 4
taan	 4
Maa	 4
kk	 4
ien	 4
_ons	 4
_vrou	 4
rd.	 4
elf	 4
praa	 4
_En	 4
ly	 4
d,_	 4
uk	 4
oos_	 4
_ie	 4
ite	 4
ep	 4
tyd_	 4
ê	 4
s-	 4
rag	 4
sel	 4
hel	 4
_kom	 4
waar	 4
pe	 4
vra	 4
d._	 4
nk_	 4
ord_	 4
nte	 4
sl	 4
_soos	 4
lt	 4
n.	 3
af	 3
voo	 3
iet	 3
rtee	 3
_do	 3
_iem	 3
fr	 3
ieman	 3
iem	 3
pdra	 3
et.	 3
eid_	 3
ike	 3
eman	 3
verl	 3
estaa	 3
hoor	 3
_toe_	 3
word.	 3
_vra	 3
_hu	 3
na_	 3
daa	 3
k,_	 3
_vin	 3
sm	 3
N	 3
_opd	 3
eem_	 3
_deur	 3
elf_	 3
rei	 3
_gr	 3
tie	 3
olg	 3
dag_	 3
ev	 3
deur_	 3
ji	 3
gewo	 3
nv	 3
_aand	 3
oud	 3
tj	 3
_een	 3
He	 3
pdr	 3
ê_	 3
nder_	 3
eho	 3
_iema	 3
jy_	 3
sde	 3
eite	 3
kind	 3
rde_	 3
ike_	 3
re_	 3
eis	 3
oord	 3
woor	 3
_na_	 3
gen	 3
_man_	 3
gewe	 3
geg	 3
tr	 3
kin	 3
of	 3
iek	 3
part	 3
_voo	 3
drag	 3
Ek_	 3
hull	 3
_f	 3
hoo	 3
lga	 3
_held	 3
ebr	 3
rfs	 3
Di	 3
ds	 3
dra	 3
aats	 3
iema	 3
ras	 3
hu	 3
of_	 3
ord.	 3
rr	 3
weet_	 3
elin	 3
jie	 3
ling	 3
jy	 3
voor	 3
geho	 3
ite_	 3
ier_	 3
ooi	 3
vin	 3
_gev	 3
ba	 3
ein	 3
eva	 3
rie	 3
eed	 3
kam	 3
_kind	 3
id_	 3
ont	 3
_ki	 3
best	 3
eder	 3
like	 3
sie_	 3
lf_	 3
_hand	 3
parte	 3
gee	 3
besta	 3
_verl	 3
_geva	 3
vert	 3
_self	 3
dink	 3
_sp	 3
ef_	 3
word_	 3
_ty	 3
_He	 3
omme	 3
_jy	 3
eit	 3
_si	 3
erfs	 3
eek_	 3
man_	 3
_voer	 3
hul	 3
eet	 3
ord._	 3
eme	 3
K	 3
deu	 3
inder	 3
esta	 3
gel	 3
mm	 3
tjie_	 3
ls	 3
haar_	 3
Jy_	 3
bee	 3
_opdr	 3
_D	 3
geva	 3
_hull	 3
opdr	 3
opdra	 3
isi	 3
_aan_	 3
ander	 3
_hul	 3
tjie	 3
ud	 3
mens	 3
emand	 3
rig	 3
as.	 3
yk_	 3
taat	 3
ewe_	 3
ent_	 3
_men	 3
_dink	 3
arm	 3
opd	 3
rde	 3
end_	 3
aal_	 3
hulle	 3
or_	 3
jie_	 3
oi	 3
rtel	 3
par	 3
siek	 3
_gewo	 3
el.	 3
we_	 3
ink_	 3
gr	 3
tji	 3
as._	 3
oor_	 3
_W	 3
ange	 3
l.	 3
mee	 3
tel	 3
nger	 3
_tyd	 3
n-	 3
_ande	 3
eh	 3
pd	 3
..	 3
_kin	 3
ut	 3
_kli	 3
_sel	 3
_pa	 3
eet_	 3
sen	 3
verte	 3
n._	 3
gend	 3
gev	 3
staat	 3
_mens	 3
woord	 3
k,	 3
oë	 3
teer	 3
roe	 3
_and	 3
kinde	 3
aal	 3
isie	 3
eling	 3
_deu	 3
erte	 3
lu	 3
elik	 3
mand_	 3
_jy_	 3
_best	 3
_B	 3
l._	 3
voer	 3
el._	 3
ree	 3
weet	 3
ker	 3
pdrag	 3
om.	 3
ele	 3
Jy	 3
hand	 3
il_	 3
omm	 3
een_	 3
held	 3
ef	 3
_by	 3
self_	 3
gebr	 3
Ek	 3
wen	 3
delin	 3
like_	 3
deur	 3
_J	 3
ewo	 3
_voor	 3
mme	 3
us	 3
su	 3
mp	 3
lee	 3
oop	 3
drag_	 3
geh	 3
ukk	 2
eurs	 2
ABA_	 2
Af	 2
_oë	 2
Baie	 2
mi	 2
mer._	 2
usie	 2
lise	 2
tsd	 2
ool	 2
vra_	 2
ende	 2
eide	 2
koo	 2
broe	 2
rri	 2
er."_	 2
ed_	 2
ide	 2
"._	 2
ld_	 2
_klok	 2
ND	 2
_Jy	 2
bleem	 2
ooit_	 2
robe	 2
ERS-I	 2
rd,_	 2
rik	 2
lde	 2
ertee	 2
neer	 2
erde_	 2
S-	 2
_hoo	 2
vroue	 2
_kam	 2
_Ek_	 2
od	 2
blee	 2
skei	 2
ekom	 2
ar,	 2
_blin	 2
ds_	 2
_Sn	 2
oer.	 2
fsmus	 2
mmer	 2
kade	 2
brow	 2
".	 2
lgaan	 2
y.	 2
dom_	 2
_ry	 2
_gro	 2
ebe	 2
ebre	 2
oer,_	 2
_alty	 2
stee	 2
rb	 2
aks	 2
e!	 2
eeds	 2
_bro	 2
go	 2
KRYWE	 2
epa	 2
esl	 2
kool	 2
rika	 2
meisi	 2
mei	 2
aange	 2
oeite	 2
smu	 2
leem_	 2
ek,	 2
_son	 2
nik	 2
tot	 2
erdi	 2
atsde	 2
inn	 2
_nie!	 2
fs_	 2
ien.	 2
rli	 2
ank	 2
_le	 2
kan_	 2
eeds_	 2
_wag_	 2
RYWER	 2
eerde	 2
aanda	 2
illb	 2
Snaak	 2
sien	 2
ël	 2
noo	 2
brow_	 2
tsdep	 2
_Op	 2
tog	 2
_SK	 2
_Hil	 2
ERS	 2
ow	 2
atsd	 2
roo	 2
en.	 2
ewel	 2
_raa	 2
fri	 2
gesu	 2
ehou	 2
"J	 2
_kom_	 2
ie!	 2
rfsm	 2
RS-IN	 2
_kan	 2
egee	 2
ende_	 2
veel_	 2
ook	 2
_Herf	 2
S-IND	 2
_vert	 2
musi	 2
gehou	 2
nger_	 2
ook_	 2
ort	 2
_br	 2
epar	 2
_Ek	 2
gro	 2
WE	 2
aanv	 2
tig_	 2
olga	 2
_Sna	 2
ek,_	 2
wel	 2
esi	 2
IND	 2
gee_	 2
_sond	 2
bed	 2
iel	 2
INDAB	 2
g._	 2
_gebe	 2
aang	 2
naa	 2
_Snaa	 2
aar,	 2
_bere	 2
baa	 2
ak_	 2
andaa	 2
oë_	 2
_new	 2
tsde	 2
_tot	 2
rteme	 2
uu	 2
aaks	 2
sonde	 2
_by_	 2
ad_	 2
AB	 2
eds	 2
ame	 2
ow_	 2
_vor	 2
eka	 2
gege	 2
ks_	 2
new	 2
I	 2
ER	 2
oit	 2
gegee	 2
emen	 2
:_	 2
vee	 2
lok	 2
mbli	 2
_kan_	 2
elder	 2
_go	 2
este	 2
_vee	 2
gin	 2
IN	 2
ning	 2
DA	 2
On	 2
oon	 2
raag_	 2
_Jy_	 2
kei	 2
_moes	 2
kad	 2
_wil_	 2
_ook	 2
lings	 2
_nee	 2
Sn	 2
r."	 2
rig_	 2
lim	 2
lew	 2
DABA_	 2
ai	 2
kkel	 2
sit_	 2
ill	 2
oer,	 2
tog_	 2
blind	 2
slu	 2
ber	 2
beer_	 2
moed	 2
aak_	 2
robl	 2
w_	 2
oei	 2
aag	 2
_Sy_	 2
ABA	 2
g.	 2
ken_	 2
hierd	 2
oit_	 2
:	 2
lat	 2
ot_	 2
het.	 2
_dood	 2
wy	 2
nva	 2
mus	 2
YWE	 2
mu	 2
lbrow	 2
verg	 2
inger	 2
ier._	 2
wit_	 2
ise	 2
ensl	 2
begin	 2
vaar	 2
teen	 2
ommer	 2
ade	 2
ik._	 2
eerd	 2
dig	 2
KR	 2
oombl	 2
kom_	 2
_ryk	 2
pas._	 2
r."_	 2
lag	 2
gebe	 2
kel_	 2
ant_	 2
se_	 2
anva	 2
bere	 2
aam	 2
Hil	 2
roble	 2
_Hill	 2
WERS-	 2
_hal	 2
Op	 2
olgaa	 2
newe	 2
sit	 2
amer	 2
word,	 2
ann	 2
moes_	 2
_kom.	 2
link_	 2
_gesi	 2
pte	 2
eisie	 2
ndeli	 2
ë_	 2
-e	 2
by_	 2
row	 2
eisi	 2
rfsmu	 2
esu	 2
_se_	 2
eken_	 2
roer.	 2
wend	 2
Bai	 2
ewor	 2
pas.	 2
iek,_	 2
Sna	 2
val	 2
mer.	 2
RY	 2
aar,_	 2
oes	 2
esukk	 2
_of_	 2
egin	 2
obl	 2
S-IN	 2
leem	 2
ande_	 2
RS-	 2
oes_	 2
NDAB	 2
wag	 2
Herf	 2
sukk	 2
_klo	 2
Sy	 2
SK	 2
_meis	 2
_arm	 2
KRYW	 2
lbro	 2
Hillb	 2
kom.	 2
seker	 2
ving	 2
_wit_	 2
eken	 2
meis	 2
tge	 2
_beg	 2
_geg	 2
usiek	 2
eword	 2
-I	 2
_ont	 2
_so_	 2
-INDA	 2
eker	 2
oot	 2
ukke	 2
_kame	 2
bo	 2
broer	 2
Her	 2
veel	 2
ment	 2
ske	 2
ar,_	 2
BA	 2
son	 2
g,	 2
_Ho	 2
lis	 2
"D	 2
dis_	 2
_bly	 2
ken	 2
_Baie	 2
kamer	 2
probe	 2
o_	 2
stem_	 2
depa	 2
SKRY	 2
lgaa	 2
dep	 2
_gesu	 2
_ving	 2
raak	 2
nie!	 2
baar	 2
rd,	 2
omb	 2
nin	 2
_doo	 2
ombli	 2
ord,_	 2
oomb	 2
ore	 2
NDA	 2
er."	 2
_blo	 2
epart	 2
_tyd_	 2
gend_	 2
doo	 2
aie	 2
klink	 2
kame	 2
sê	 2
_dis_	 2
_vra_	 2
ruk	 2
wag_	 2
aie_	 2
-IN	 2
d"	 2
skr	 2
frik	 2
seke	 2
vand	 2
moeit	 2
DABA	 2
rle	 2
loo	 2
ra_	 2
ater_	 2
erde	 2
dert	 2
daan_	 2
iek,	 2
sukke	 2
_mei	 2
raag	 2
_bli	 2
probl	 2
_seke	 2
evan	 2
_ger	 2
ein_	 2
blik	 2
Y	 2
kry	 2
_oomb	 2
egee_	 2
row_	 2
ombl	 2
ukkel	 2
_begi	 2
ker_	 2
hier.	 2
RS-I	 2
voet	 2
eë	 2
all	 2
nh	 2
_wit	 2
Afri	 2
reid_	 2
Ho	 2
gem	 2
_veel	 2
?"_	 2
_ras	 2
frika	 2
gebre	 2
rse	 2
sien.	 2
oeit	 2
reid	 2
_SKRY	 2
rdie	 2
vinge	 2
nho	 2
depar	 2
fe	 2
beg	 2
ika	 2
robee	 2
erdie	 2
...	 2
war	 2
illbr	 2
A_	 2
tem_	 2
so_	 2
gesuk	 2
eds_	 2
oek	 2
ood	 2
_dis	 2
egi	 2
begi	 2
wit	 2
ord,	 2
hal	 2
aaks_	 2
lind	 2
bly	 2
_pas.	 2
oble	 2
esuk	 2
lok_	 2
S-I	 2
Snaa	 2
evang	 2
elde	 2
_Ba	 2
oeder	 2
_wag	 2
RS	 2
en._	 2
_newe	 2
et._	 2
gesi	 2
_ber	 2
dom	 2
rteer	 2
klo	 2
SKR	 2
_vand	 2
amer.	 2
_broe	 2
nst	 2
moei	 2
_kr	 2
lei	 2
iseer	 2
lb	 2
sond	 2
sdep	 2
KRY	 2
aanva	 2
iks	 2
ehou_	 2
lbr	 2
are	 2
_ook_	 2
Hill	 2
ins	 2
lder_	 2
rtem	 2
Hi	 2
eko	 2
helde	 2
'_	 2
_wil	 2
neem	 2
erei	 2
ue	 2
blo	 2
Baie_	 2
alt	 2
_lat	 2
urs	 2
Op_	 2
ard	 2
ater	 2
nr	 2
_aang	 2
oen	 2
aatsd	 2
hoor_	 2
lewe	 2
_spa	 2
vor	 2
_Op_	 2
teme	 2
_moei	 2
g,_	 2
_sa	 2
ger_	 2
voer,	 2
!	 2
_On	 2
pt	 2
oblee	 2
eite_	 2
artel	 2
YW	 2
ig._	 2
ERS-	 2
ngs	 2
ereid	 2
alty	 2
_gege	 2
ergew	 2
fo	 2
_hoor	 2
klok	 2
tg	 2
anv	 2
llbro	 2
_"Di	 2
WER	 2
_ar	 2
SKRYW	 2
wil	 2
eke_	 2
newel	 2
_Sk	 2
_voet	 2
naak	 2
_of	 2
siek,	 2
ings	 2
rgew	 2
_lewe	 2
BA_	 2
NDABA	 2
_het.	 2
ndag_	 2
nni	 2
_verg	 2
vou	 2
sdepa	 2
fsmu	 2
altyd	 2
ndaa	 2
nsl	 2
ig.	 2
ltyd	 2
ings_	 2
gi	 2
gt	 2
_sê	 2
ik.	 2
_tog	 2
tig	 2
tra	 2
aag_	 2
gek	 2
sent	 2
moes	 2
temen	 2
kel	 2
rdie_	 2
mbl	 2
lder	 2
obee	 2
_gebr	 2
obe	 2
_lew	 2
smusi	 2
_Bai	 2
eder_	 2
nge_	 2
ien._	 2
vanda	 2
_Sy	 2
link	 2
oop_	 2
ooit	 2
DAB	 2
het._	 2
_ou	 2
oede	 2
oom	 2
artem	 2
ee_	 2
?"	 2
seer	 2
sek	 2
gs_	 2
erli	 2
td	 2
doe	 2
_SKR	 2
beer	 2
beur	 2
lyk	 2
Sk	 2
taats	 2
emaa	 2
_"J	 2
"Di	 2
lge	 2
klin	 2
ege	 2
_pas	 2
oolg	 2
ani	 2
Ba	 2
ms	 2
ierdi	 2
ltyd_	 2
beu	 2
lisee	 2
hier_	 2
rgewe	 2
roer	 2
anie	 2
Herfs	 2
_Her	 2
ble	 2
koolg	 2
wil_	 2
saa	 2
ndel	 2
_aanv	 2
obeer	 2
waar_	 2
klik	 2
Afrik	 2
ska	 2
mblik	 2
YWER	 2
ren	 2
usi	 2
af_	 2
YWERS	 2
andag	 2
WERS	 2
fsm	 2
rm_	 2
ierd	 2
suk	 2
ien_	 2
_klin	 2
reg	 2
ngs_	 2
aks_	 2
T	 2
gevan	 2
llb	 2
pas	 2
blik_	 2
ment_	 2
adi	 2
elik_	 2
loop	 2
verge	 2
berei	 2
hee	 2
naaks	 2
nne	 2
bre	 2
_Hi	 2
hand_	 2
ndaan	 2
rn	 2
ryk	 2
delik	 2
_tog_	 2
_re	 2
dood	 2
klok_	 2
-IND	 2
linde	 2
eng	 2
daan	 2
nre	 2
spa	 2
_sek	 2
see	 2
Sy_	 2
ier.	 2
ate	 2
stem	 2
derd	 2
ete	 2
vang	 2
ndag	 2
RYWE	 2
_alt	 2
INDA	 2
_ste	 2
llbr	 2
loop_	 2
gewor	 2
lty	 2
_oom	 2
y._	 2
mb	 2
_weet	 2
musie	 2
vaa	 2
gti	 2
oer."	 2
oolga	 2
oue	 2
?	 2
indel	 2
_oë_	 2
ement	 2
val_	 2
erfsm	 2
kkel_	 2
RYW	 2
isee	 2
om._	 2
_"D	 2
blin	 2
smus	 2
Afr	 2
roue	 2
thou_	 1
rlik.	 1
arva	 1
itda	 1
nnee	 1
_We	 1
ek-wa	 1
diept	 1
tter	 1
tyde	 1
woon	 1
eer.	 1
geskr	 1
dda	 1
-mos	 1
Hon	 1
hê_	 1
bele	 1
arri	 1
ts-he	 1
panni	 1
beur_	 1
oorde	 1
Mid	 1
teerd	 1
eï	 1
weer_	 1
_Meer	 1
Bl	 1
metj	 1
jo	 1
alst	 1
eenw	 1
ota	 1
sdeel	 1
_wyt.	 1
Koo	 1
oertu	 1
beïnd	 1
_Hens	 1
egt	 1
ykbaa	 1
nvo	 1
onte	 1
kul	 1
eurs_	 1
Dat_	 1
Me	 1
Am	 1
ades	 1
rgerl	 1
rwa	 1
voël	 1
tdi	 1
erdw	 1
slags	 1
erges	 1
krag_	 1
aak._	 1
klein	 1
nd,_	 1
ens_	 1
sake_	 1
pp	 1
nli	 1
mpl	 1
ntl	 1
endba	 1
ebree	 1
sla	 1
_wint	 1
atsta	 1
pel	 1
_nog-	 1
win	 1
-en-e	 1
skat	 1
epte	 1
_ooi	 1
_skul	 1
neer_	 1
fver	 1
_alle	 1
lomme	 1
nnig,	 1
agsde	 1
iskri	 1
nie!_	 1
starr	 1
tdage	 1
kgel	 1
nspoe	 1
ris	 1
_Wys_	 1
elt	 1
gest	 1
oue_	 1
rru	 1
antw	 1
rae_	 1
rose	 1
beeld	 1
gerl	 1
nres_	 1
_eg	 1
ongek	 1
blomm	 1
patie	 1
verlo	 1
esm	 1
_roo	 1
imin	 1
enslu	 1
Joha	 1
_more	 1
_neer	 1
want_	 1
ntras	 1
ntra	 1
orsaa	 1
eugde	 1
rger	 1
har	 1
y's_	 1
oniba	 1
_Mo	 1
hê	 1
snik	 1
s-g	 1
smeek	 1
derti	 1
arms	 1
tges	 1
m,_	 1
edvle	 1
voet_	 1
dinge	 1
ente	 1
meer	 1
-'n-f	 1
erby.	 1
ikke,	 1
_eenv	 1
meek_	 1
_maan	 1
ooi_	 1
fee,_	 1
rent	 1
gat_	 1
rtig	 1
_su	 1
ento	 1
kb	 1
derd_	 1
_erge	 1
wels_	 1
rend"	 1
tras	 1
impa	 1
Mi	 1
Wy	 1
_hare	 1
gepu	 1
publi	 1
te,	 1
_ro	 1
OD	 1
_spe	 1
gepub	 1
bal	 1
bel	 1
nvank	 1
sie,_	 1
inte	 1
_vore	 1
tiel	 1
in-A	 1
plise	 1
ig,_	 1
psi	 1
moét_	 1
agti	 1
tru	 1
ëltji	 1
tt	 1
_want	 1
ors	 1
nw	 1
_'f	 1
isake	 1
nslik	 1
anhou	 1
ertig	 1
ute	 1
k-wa	 1
amh	 1
nie!"	 1
moé	 1
sko	 1
ikke	 1
mpat	 1
sê:_	 1
aann	 1
ja	 1
Vreu	 1
voë	 1
uitd	 1
gekn	 1
_haal	 1
baar_	 1
gg	 1
by.	 1
lgat	 1
tlad	 1
t?	 1
temaa	 1
"Hy	 1
_gema	 1
yw	 1
_ogge	 1
-het	 1
_K	 1
oel_	 1
rig.	 1
Skiel	 1
ebed	 1
tes_	 1
-f	 1
snikk	 1
gerek	 1
dink,	 1
ladin	 1
totaa	 1
dien	 1
ikste	 1
_dag	 1
ntwoo	 1
raan_	 1
oren	 1
wyt._	 1
all_	 1
orh	 1
ak.	 1
_op._	 1
kamp	 1
DOOD	 1
`n_	 1
rs."_	 1
_`n	 1
_ske	 1
Se	 1
orle_	 1
vorm_	 1
tydel	 1
end"	 1
gers	 1
arrig	 1
vree	 1
mhei	 1
ordi	 1
eisa	 1
nibal	 1
prose	 1
rtgeg	 1
vermo	 1
_denk	 1
navr	 1
ern	 1
vrae	 1
Meer_	 1
tand,	 1
anr	 1
erste	 1
ats-h	 1
ags	 1
rloop	 1
ggend	 1
tdien	 1
_watt	 1
moede	 1
ntoe	 1
_ou_	 1
agen	 1
iddag	 1
_"Dit	 1
Sko	 1
age	 1
aaa	 1
_bly.	 1
"E	 1
_gou	 1
eie_	 1
oods	 1
aam.	 1
_Late	 1
diger	 1
_hou_	 1
asg	 1
_spar	 1
eeld	 1
innig	 1
vlekk	 1
want	 1
som	 1
late	 1
enke_	 1
meek	 1
belee	 1
waad	 1
luut_	 1
orr	 1
gesl	 1
pat	 1
trukt	 1
telp	 1
Bly	 1
nres	 1
nsp	 1
sb	 1
asof	 1
kieli	 1
_Afr	 1
_af	 1
thou	 1
nda_	 1
rrup	 1
_dagv	 1
was.	 1
rms	 1
edi	 1
kampe	 1
od"	 1
aara	 1
aarse	 1
rsk	 1
ugde,	 1
ukte	 1
oe,_	 1
tel.	 1
nslu	 1
root.	 1
_soe	 1
Hy's	 1
ras_	 1
_een_	 1
rnis_	 1
ll_	 1
warm_	 1
it?	 1
eëet	 1
_eenh	 1
!"_	 1
neerg	 1
re,	 1
_op.	 1
oort	 1
_moed	 1
impat	 1
_"Jy	 1
inge.	 1
han_	 1
rou._	 1
erlo	 1
_Ko	 1
uut_	 1
vol	 1
gere	 1
herfs	 1
mak	 1
rhee	 1
nte,	 1
rska	 1
onr	 1
"Nie	 1
enk	 1
ertui	 1
ading	 1
gep	 1
ue_	 1
ubli	 1
et,_	 1
nie..	 1
Midda	 1
golwe	 1
iel._	 1
ng'	 1
_aso	 1
futi	 1
oente	 1
Ko	 1
og-'n	 1
e,"	 1
het-	 1
_beko	 1
esa	 1
en-ek	 1
rbee	 1
ikanr	 1
nooit	 1
eng_	 1
eleid	 1
kke,	 1
gtig_	 1
instr	 1
skoo	 1
mlag_	 1
rskat	 1
orle	 1
eteke	 1
ikaa	 1
enke	 1
_kwaa	 1
nsdo	 1
groen	 1
rrig_	 1
egs	 1
_"N	 1
luu	 1
trasi	 1
_voë	 1
gin.	 1
_futi	 1
doek	 1
_fu	 1
watte	 1
_besl	 1
imlag	 1
anier	 1
nne.	 1
_wip	 1
onop_	 1
'f	 1
manda	 1
dwyn_	 1
rheen	 1
lte	 1
lus_	 1
erdo	 1
_tota	 1
Eie_	 1
ly._	 1
estee	 1
sig	 1
lwe	 1
oek_	 1
simpa	 1
and,_	 1
Midd	 1
ekam	 1
egin_	 1
et,	 1
tst	 1
vinni	 1
_nagm	 1
anli	 1
_ras_	 1
nwoor	 1
bly._	 1
dw	 1
week_	 1
nsta	 1
dvle	 1
was-_	 1
_eie_	 1
_beid	 1
is._	 1
mern	 1
skat_	 1
_regt	 1
rie.	 1
_moét	 1
ede_	 1
nafwe	 1
ae_	 1
_stil	 1
eer-	 1
asof_	 1
ampe	 1
_vui	 1
anvaa	 1
ekamp	 1
ms_	 1
ibal	 1
uil_	 1
enge	 1
andoe	 1
skri	 1
nslus	 1
eenv	 1
vasg	 1
pe_	 1
feit	 1
lpro	 1
eef	 1
peni	 1
md	 1
ewen	 1
iete	 1
n-A	 1
ard._	 1
nooi	 1
rbeel	 1
rward	 1
beko	 1
rfs_	 1
baar,	 1
fei	 1
_der	 1
sak	 1
nvan	 1
_sit_	 1
mal	 1
pati	 1
OOD	 1
_Alle	 1
sge	 1
ngeko	 1
afw	 1
antwo	 1
atie	 1
eïnd	 1
linge	 1
geraa	 1
sies	 1
inne	 1
_alge	 1
wan	 1
_Hen	 1
ening	 1
staf_	 1
ntee	 1
_uitd	 1
later	 1
toe,	 1
_ab	 1
gsd	 1
niks.	 1
makli	 1
_Toe_	 1
Toe	 1
uig	 1
groot	 1
amsb	 1
ats-	 1
angeb	 1
_daa	 1
hrist	 1
itge	 1
orhee	 1
vrot	 1
bek	 1
_onge	 1
ute_	 1
eld,	 1
rie._	 1
-in-A	 1
_Man	 1
rtig_	 1
rva	 1
meer_	 1
_hê	 1
yde	 1
mpe_	 1
_blom	 1
_'h	 1
fwen	 1
ogge	 1
hom.	 1
metji	 1
_tot_	 1
ake	 1
rie_	 1
_diep	 1
vas	 1
pte_	 1
_vas	 1
nd,	 1
loed	 1
glim	 1
_Grie	 1
g'	 1
u._	 1
_"Mi	 1
geen_	 1
ine	 1
-frat	 1
beslu	 1
iepte	 1
kat_	 1
ing'	 1
eem,_	 1
ryker	 1
ernis	 1
lfs_	 1
tstaf	 1
ëlt	 1
hri	 1
gerli	 1
liml	 1
Ni	 1
sti	 1
_Vr	 1
Eie	 1
rikaa	 1
_vuil	 1
_raak	 1
dwyn	 1
ona	 1
gtie	 1
voren	 1
_bese	 1
s-_	 1
fout	 1
lri	 1
_`n_	 1
kliks	 1
oon:	 1
lam	 1
arto	 1
-en	 1
aad	 1
er-	 1
eker_	 1
Manie	 1
ies_	 1
ade_	 1
ee,_	 1
nig,	 1
dee	 1
oert	 1
agsd	 1
seu	 1
sgeho	 1
_verm	 1
wendb	 1
_abso	 1
diskr	 1
....	 1
ono	 1
_ei	 1
rges	 1
agva	 1
sku	 1
sal_	 1
artoe	 1
rsi	 1
kno	 1
ekno	 1
ompli	 1
",	 1
ups	 1
ders.	 1
Koot	 1
er-e	 1
ae	 1
nteer	 1
lk_	 1
-wa	 1
teer.	 1
-Afri	 1
vinn	 1
_onth	 1
span	 1
_Lat	 1
wende	 1
"Hy'	 1
gmer	 1
rme	 1
_iets	 1
_bed	 1
rteen	 1
nk,	 1
_nooi	 1
oluut	 1
_sê:_	 1
Piet	 1
s-he	 1
_bel	 1
_oor	 1
rmoe	 1
ï	 1
_groe	 1
lpr	 1
we"	 1
_inst	 1
rsaa	 1
_mak	 1
_ja	 1
_"Jy_	 1
nop	 1
send	 1
maal	 1
e!"_	 1
steed	 1
-i	 1
knoop	 1
as-	 1
min	 1
esie	 1
kri	 1
ebru	 1
_fe	 1
'hap	 1
reke	 1
_hom.	 1
verd	 1
Ons	 1
koe	 1
_ogg	 1
ns-ge	 1
komp	 1
lim._	 1
Vre	 1
bree	 1
tema	 1
Arend	 1
sig_	 1
_`	 1
rdo	 1
agmer	 1
deel_	 1
nning	 1
emaal	 1
more_	 1
n-fra	 1
nvaa	 1
ltjie	 1
esef_	 1
tsta	 1
nagme	 1
ursie	 1
_DOOD	 1
vle	 1
lag_	 1
waara	 1
"Ni	 1
kteu	 1
fou	 1
beïn	 1
_doek	 1
sn	 1
on:	 1
hou,	 1
ld,_	 1
t,_	 1
soek	 1
V	 1
skeis	 1
_DO	 1
fee,	 1
ng,	 1
erni	 1
teu	 1
t?"	 1
slui	 1
_volg	 1
msbou	 1
lyd	 1
eer,	 1
nkl	 1
nke	 1
op._	 1
are,	 1
itd	 1
_val	 1
rats	 1
_'fe	 1
sol	 1
ten	 1
_pe	 1
sake	 1
ueste	 1
her	 1
jare	 1
_Aman	 1
re,_	 1
s."	 1
_geen	 1
_sort	 1
geme	 1
rsa	 1
poe	 1
gesm	 1
more	 1
wensl	 1
sboud	 1
opt	 1
boo	 1
geval	 1
kst	 1
ntwo	 1
nwo	 1
was-	 1
_Af	 1
_is.	 1
krim	 1
oudi	 1
nhon	 1
_skei	 1
tota	 1
seer-	 1
oudig	 1
reem	 1
erlen	 1
agt	 1
vasge	 1
hare	 1
vreem	 1
_Hon	 1
gliml	 1
eraak	 1
_gel	 1
oeëlg	 1
aarv	 1
ys_	 1
teed	 1
_half	 1
om."	 1
aamhe	 1
ewelr	 1
ewone	 1
_pers	 1
suu	 1
ontl	 1
besl	 1
ryk_	 1
_kle	 1
ning_	 1
ub	 1
edis	 1
_mar	 1
erloo	 1
lfs	 1
lst	 1
erle	 1
_bo	 1
_sie	 1
ekade	 1
gin_	 1
rim	 1
_kry_	 1
.._	 1
orsa	 1
bi	 1
ersk	 1
rmoed	 1
uld_	 1
roue_	 1
ses_	 1
ega	 1
_alg	 1
voet,	 1
bywo	 1
minee	 1
s-in	 1
Wys_	 1
op.	 1
_"E	 1
esag_	 1
moét	 1
eël	 1
haal_	 1
onka	 1
kons	 1
_krag	 1
tui	 1
Alles	 1
ëltj	 1
drie	 1
r-en-	 1
gm	 1
taf_	 1
_P	 1
_fut	 1
lat._	 1
ange_	 1
tein_	 1
em,	 1
keel_	 1
lles	 1
oordi	 1
etj	 1
anre	 1
_onde	 1
melk	 1
nreg_	 1
iel.	 1
skul	 1
rgesk	 1
Gr	 1
_bete	 1
tien_	 1
eide_	 1
_kwa	 1
n-Af	 1
kbaar	 1
pros	 1
sop	 1
_doe	 1
kades	 1
pen	 1
olgen	 1
mis	 1
weede	 1
graa	 1
_dert	 1
emee	 1
rrups	 1
_gee	 1
fut	 1
_Mani	 1
ïn	 1
nspo	 1
ndr	 1
Moed	 1
eëe	 1
-gepu	 1
_ooit	 1
dv	 1
oonop	 1
uik._	 1
_gera	 1
ut_	 1
oude	 1
brui	 1
sies_	 1
_"M	 1
dvlek	 1
nnin	 1
nav	 1
welri	 1
aans-	 1
anni	 1
ieka	 1
ertel	 1
upsie	 1
kat	 1
bsolu	 1
gedis	 1
daarv	 1
Mee	 1
gde,	 1
oses	 1
Blyk	 1
krag	 1
_fo	 1
Ar	 1
_stem	 1
"Midd	 1
t."	 1
ntla	 1
_suur	 1
_Die_	 1
reek_	 1
send_	 1
_tee	 1
ootji	 1
ku	 1
"M	 1
ekad	 1
rat	 1
rs.	 1
Alle	 1
doen	 1
haars	 1
_Wat	 1
slus	 1
en,_	 1
urs_	 1
maak.	 1
lê	 1
korr	 1
Horn_	 1
od",_	 1
pli	 1
ly.	 1
tel_	 1
abso	 1
roen	 1
ewens	 1
enso	 1
_Di	 1
geen	 1
_mis	 1
mla	 1
halst	 1
eidin	 1
vou_	 1
kiel	 1
elk	 1
teens	 1
Toe_	 1
egtig	 1
_Blyk	 1
isie_	 1
ere_	 1
os-i	 1
herf	 1
_mor	 1
nsd	 1
mpati	 1
kere_	 1
ngeho	 1
str	 1
eenvo	 1
Piete	 1
Twee	 1
g-'n	 1
boon	 1
rlie	 1
ank_	 1
"Ek	 1
tda	 1
oord_	 1
n-f	 1
appe	 1
oud_	 1
_hoe_	 1
sgeh	 1
esla	 1
oet,_	 1
_koeë	 1
dood"	 1
ïnd	 1
erst	 1
_hê_	 1
erti	 1
rdom	 1
akl	 1
geloo	 1
hon	 1
kanr	 1
_verd	 1
des	 1
rasen	 1
Horn	 1
skool	 1
wip_	 1
ans-g	 1
heen_	 1
eëlg	 1
isak	 1
rrie	 1
_Chr	 1
res_	 1
Ski	 1
rh	 1
oot._	 1
ntein	 1
wyt	 1
krimi	 1
oëltj	 1
_Skoo	 1
ste?	 1
keid	 1
wone_	 1
ld,	 1
lsta	 1
nsop_	 1
"Ju	 1
eri	 1
ukteu	 1
oorbe	 1
yn	 1
kbaa	 1
suur	 1
_'ha	 1
ngel	 1
wees.	 1
oggen	 1
ermo	 1
enh	 1
_fout	 1
emd_	 1
boud	 1
aakge	 1
bedel	 1
egaan	 1
_ong	 1
_mani	 1
k-was	 1
ywoo	 1
_ona	 1
as-_	 1
rek	 1
D_	 1
sorte	 1
pu	 1
annin	 1
hoe	 1
sef	 1
maat	 1
dsn	 1
sdo	 1
enho	 1
gskei	 1
lwen	 1
halfv	 1
til	 1
reugd	 1
seerd	 1
betek	 1
_arms	 1
volge	 1
et-	 1
em,_	 1
_dri	 1
avraa	 1
ward.	 1
oute	 1
asge	 1
uti	 1
"Dis	 1
erska	 1
_lê	 1
ara	 1
arm_	 1
ryf	 1
eun_	 1
ntw	 1
gende	 1
ite'	 1
_Koot	 1
s-het	 1
eek.	 1
-h	 1
_deka	 1
manl	 1
OO	 1
_mart	 1
nter	 1
Dat	 1
rfont	 1
msb	 1
sof	 1
'fe	 1
taat_	 1
feite	 1
dba	 1
kke_	 1
rding	 1
onkan	 1
in._	 1
ink.	 1
entoe	 1
keidi	 1
_vorm	 1
ball	 1
enwoo	 1
komm	 1
oon:_	 1
_Chri	 1
Wa	 1
was._	 1
_kyk	 1
voort	 1
blyk_	 1
navra	 1
geri	 1
mmern	 1
'n-	 1
oét_	 1
_gedi	 1
gra	 1
Gri	 1
rself	 1
merni	 1
at.	 1
diep	 1
imp	 1
voëlt	 1
-fr	 1
ip_	 1
almal	 1
Hens	 1
_week	 1
-ek	 1
ltji	 1
oni	 1
slag	 1
",_	 1
sor	 1
eval	 1
mlag	 1
komme	 1
maand	 1
it?"_	 1
Weke_	 1
gl	 1
geëet	 1
ïndr	 1
gelei	 1
_ryke	 1
rtel_	 1
regt	 1
elk_	 1
_suu	 1
ks._	 1
edisk	 1
gtig	 1
bei	 1
lekk	 1
lie	 1
ekomp	 1
agvaa	 1
ekere	 1
denk	 1
_All	 1
ruik.	 1
Dis_	 1
Wat_	 1
teur	 1
ewee	 1
mer,	 1
gou_	 1
te,_	 1
_Oorl	 1
oluu	 1
esag	 1
eld,_	 1
_ma_	 1
Jul	 1
Are	 1
rfon	 1
uite	 1
rbe	 1
g-'n-	 1
spe	 1
yke	 1
rento	 1
asend	 1
edv	 1
rdw	 1
asgeh	 1
Hy'	 1
sg	 1
akli	 1
pann	 1
_beï	 1
oedv	 1
-het-	 1
_ged	 1
lmal_	 1
oono	 1
happe	 1
_Wy	 1
int	 1
Pie	 1
Ama	 1
olwe	 1
akg	 1
seun	 1
spart	 1
ie!_	 1
reins	 1
maak	 1
eltem	 1
ltem	 1
geëe	 1
anie_	 1
fu	 1
ptes	 1
boono	 1
lp	 1
_alma	 1
rrig	 1
yf	 1
ensop	 1
Wek	 1
_La	 1
ydeli	 1
!_	 1
un	 1
ensdo	 1
dwy	 1
_maat	 1
_er	 1
orhe	 1
nagm	 1
up	 1
_toe,	 1
rukt	 1
tdie	 1
ees.	 1
_bywo	 1
_bele	 1
rot	 1
eskry	 1
_"H	 1
itdag	 1
Chris	 1
Al	 1
ndb	 1
eëet_	 1
_hals	 1
gewe"	 1
rdige	 1
ps	 1
idd	 1
lles_	 1
onreg	 1
C	 1
aarva	 1
pub	 1
anger	 1
ou,_	 1
Chr	 1
_kor	 1
_eng	 1
dagva	 1
pad	 1
Nie_	 1
ewels	 1
elo	 1
onge	 1
_den	 1
knoo	 1
lewen	 1
ngeb	 1
_ins	 1
u,_	 1
_antw	 1
_win	 1
stils	 1
nkant	 1
wip	 1
rby.	 1
bekom	 1
ie...	 1
skuld	 1
_fee	 1
gesag	 1
utie	 1
opte	 1
ontla	 1
ëlgat	 1
ilsit	 1
Grie	 1
kba	 1
ml	 1
verdw	 1
amsbo	 1
oi_	 1
ink._	 1
nklik	 1
onafw	 1
ot._	 1
Hy's_	 1
nop_	 1
noopt	 1
nte,_	 1
ees	 1
ars	 1
blyk	 1
e".	 1
ddag	 1
kant	 1
_sim	 1
Dit	 1
dig.	 1
ks.	 1
oors	 1
_Ons_	 1
heelt	 1
nter_	 1
_beïn	 1
dbaa	 1
"Jy_	 1
th	 1
iba	 1
ged	 1
reeds	 1
_gesa	 1
ensd	 1
lrig	 1
ief_	 1
rtui	 1
g'_	 1
fwe	 1
"Mid	 1
eerst	 1
lank_	 1
esef	 1
!"	 1
dink_	 1
-was	 1
tein	 1
dru	 1
Oorle	 1
wone	 1
rad	 1
_Ons	 1
erri	 1
ward	 1
riet	 1
lief_	 1
rst	 1
ando	 1
eidi	 1
Moede	 1
mel	 1
_ewe_	 1
futie	 1
skry	 1
rsent	 1
bin	 1
beurs	 1
nhou	 1
Late	 1
les_	 1
_skoo	 1
nk._	 1
dsni	 1
tan	 1
_"Ek_	 1
rby._	 1
asi	 1
nstr	 1
nth	 1
lgeme	 1
ek-	 1
rsie_	 1
_"Hy'	 1
-fra	 1
rsie	 1
saam	 1
ootj	 1
solu	 1
onre	 1
n-fr	 1
ngek	 1
gde	 1
arr	 1
esk	 1
mor	 1
kry_	 1
m."_	 1
_skad	 1
nsent	 1
-mo	 1
hei	 1
verm	 1
jou	 1
ist	 1
rupsi	 1
nse	 1
mal_	 1
vange	 1
_oud	 1
_jou_	 1
_enge	 1
mheid	 1
leng_	 1
_mi	 1
_hele	 1
i_	 1
_ly	 1
P	 1
spoel	 1
ng'_	 1
erfon	 1
gat	 1
ltj	 1
oodsn	 1
"Mi	 1
gemaa	 1
lags	 1
eins	 1
'n-fr	 1
roues	 1
algem	 1
plis	 1
anl	 1
rlief	 1
nlik	 1
elpro	 1
eraa	 1
Joh	 1
week	 1
_her	 1
_raam	 1
-mos-	 1
eloop	 1
lek	 1
ans	 1
_fee,	 1
ppeni	 1
liks	 1
jare_	 1
_bede	 1
nvou	 1
pan	 1
aardi	 1
_"Ni	 1
mmet	 1
afwen	 1
ans-	 1
entra	 1
lank	 1
err	 1
kg	 1
rasie	 1
ee,	 1
_per	 1
star	 1
gewee	 1
_"Mid	 1
hande	 1
emeen	 1
ieter	 1
bese	 1
tla	 1
rup	 1
esmee	 1
Ju	 1
skad	 1
Twe	 1
s-gep	 1
ge.	 1
oét	 1
ppe	 1
tuig_	 1
seder	 1
stru	 1
_Gr	 1
_seu	 1
rtoe	 1
gel_	 1
eers	 1
tte	 1
bet	 1
_ree	 1
soe	 1
otji	 1
_drie	 1
bruik	 1
_warm	 1
root	 1
ele_	 1
ades_	 1
iskr	 1
e"	 1
iet.	 1
-Af	 1
n,_	 1
igers	 1
oe,	 1
gmerr	 1
n-e	 1
ot.	 1
aart	 1
ryf_	 1
Lat	 1
ses	 1
ikan	 1
isies	 1
hele	 1
ehoo	 1
ortge	 1
dagen	 1
klik_	 1
eleef	 1
_korr	 1
_G	 1
nnig	 1
eknoo	 1
t-m	 1
orbee	 1
tie_	 1
uut	 1
eer._	 1
"Twe	 1
oortg	 1
ydel	 1
gebeu	 1
res	 1
erig	 1
ils	 1
golw	 1
_Ser	 1
edel	 1
_ding	 1
ie..	 1
rmo	 1
tel._	 1
ou._	 1
_nik	 1
vui	 1
_Bl	 1
waad_	 1
gme	 1
Honib	 1
orn	 1
ts-h	 1
utiel	 1
Skie	 1
ltema	 1
gd	 1
_V	 1
DO	 1
_gol	 1
gde,"	 1
lat.	 1
_mis_	 1
_ew	 1
errie	 1
in.	 1
simp	 1
spo	 1
Weke	 1
_Pie	 1
ielik	 1
kompl	 1
gekno	 1
ywoon	 1
ndba	 1
gehoo	 1
nk,_	 1
oen_	 1
ndoen	 1
_Ama	 1
_sê_	 1
erdom	 1
e...	 1
_sko	 1
oha	 1
rlik	 1
lams	 1
vank	 1
ods	 1
_heel	 1
eede	 1
ptes_	 1
itg	 1
dagv	 1
kwaa	 1
inter	 1
oedvl	 1
tot_	 1
spel.	 1
_iet	 1
es._	 1
raan	 1
eenst	 1
ing'_	 1
weer	 1
wyn	 1
nthou	 1
saamh	 1
rdom_	 1
steek	 1
klim.	 1
nis	 1
y'	 1
us_	 1
orde	 1
leid	 1
_simp	 1
_trad	 1
_boon	 1
merr	 1
ewe".	 1
heen	 1
rle_	 1
teeds	 1
ekke_	 1
yf_	 1
rtge	 1
_sal_	 1
bso	 1
_Aren	 1
Johan	 1
eg_	 1
_Gri	 1
agtie	 1
rats-	 1
ankli	 1
nne._	 1
dri	 1
orm_	 1
estem	 1
nvaar	 1
vorm	 1
r-	 1
orent	 1
rou_	 1
besef	 1
mensd	 1
avr	 1
_makl	 1
nig,_	 1
ebeu	 1
era	 1
tarri	 1
ohan	 1
Ongeh	 1
ang,	 1
yn_	 1
nsop	 1
oeë	 1
deka	 1
bloe	 1
_wyt	 1
_"Dis	 1
vankl	 1
we"._	 1
koeë	 1
selfs	 1
e....	 1
_sor	 1
iept	 1
gera	 1
_gl	 1
ekk	 1
gemee	 1
og-'	 1
geë	 1
_pad_	 1
oeke_	 1
_soek	 1
et."	 1
eite'	 1
rtdie	 1
aande	 1
"T	 1
kste_	 1
happ	 1
soek_	 1
_DOO	 1
_lat.	 1
ykb	 1
per	 1
hr	 1
r-en	 1
uitge	 1
_har	 1
_geho	 1
haal	 1
Da	 1
hele_	 1
_sti	 1
stil	 1
maats	 1
oet,	 1
,"_	 1
kant_	 1
honde	 1
_tra	 1
ie!"_	 1
kste	 1
etek	 1
bed_	 1
watt	 1
vuil	 1
ét	 1
nneem	 1
iep	 1
orrup	 1
arme	 1
lw	 1
rmer	 1
penin	 1
kade_	 1
perse	 1
_onre	 1
inge_	 1
lein	 1
Amand	 1
voud	 1
uur_	 1
rvan_	 1
ese	 1
nd".	 1
kke,_	 1
de,"	 1
_all	 1
endb	 1
alf	 1
noop	 1
_wees	 1
eter	 1
ogg	 1
ereke	 1
rby	 1
mine	 1
yker_	 1
s-h	 1
gv	 1
ewe"	 1
_rooi	 1
ne._	 1
adisi	 1
e..	 1
ruk_	 1
idi	 1
pel.	 1
Julle	 1
aak.	 1
ëet_	 1
_sit	 1
_herf	 1
gsdee	 1
kryf	 1
_Al	 1
drie_	 1
oues	 1
_late	 1
naf	 1
rooi_	 1
_Eie_	 1
rdin	 1
Ch	 1
md_	 1
e!"	 1
fee	 1
Blykb	 1
gtien	 1
_gesm	 1
env	 1
ompl	 1
vore	 1
uig_	 1
ardi	 1
slik	 1
sim	 1
het-m	 1
aso	 1
g-	 1
Nie	 1
mplis	 1
atter	 1
gelo	 1
_Onge	 1
To	 1
rste	 1
tilsi	 1
_binn	 1
eval_	 1
kle	 1
ide_	 1
_vree	 1
somm	 1
jar	 1
volg	 1
-'	 1
voudi	 1
sluit	 1
eïndr	 1
's_	 1
mens_	 1
alle_	 1
rto	 1
lrig_	 1
skryf	 1
uik	 1
eerg	 1
voorb	 1
erdwy	 1
gesa	 1
verli	 1
orn_	 1
fv	 1
de,"_	 1
raakg	 1
ry_	 1
ideli	 1
kwaad	 1
_Toe	 1
"Hy's	 1
gesla	 1
orte	 1
epu	 1
_oude	 1
p.	 1
etji	 1
gsde	 1
_Horn	 1
_meer	 1
meen	 1
ekn	 1
_groo	 1
_spel	 1
yt._	 1
lus	 1
nog-	 1
kie	 1
Tw	 1
vre	 1
doods	 1
sdom_	 1
uik.	 1
sê:	 1
eun	 1
_kra	 1
esig_	 1
eskr	 1
esig	 1
esme	 1
gewon	 1
vaar,	 1
att	 1
ekomm	 1
ugde	 1
__	 1
fve	 1
druk	 1
nog-'	 1
dsnik	 1
oh	 1
_Oo	 1
en-e	 1
_Wat_	 1
lmal	 1
_navr	 1
m."	 1
_lê_	 1
dvl	 1
leef_	 1
nkan	 1
ikaaa	 1
_gek	 1
Serf	 1
-'n-	 1
ertu	 1
verby	 1
_daar	 1
lwend	 1
telpr	 1
_woor	 1
ante	 1
trad	 1
taf	 1
_Ch	 1
eëlga	 1
sê_	 1
_af_	 1
olw	 1
nke_	 1
rlo	 1
lpros	 1
kor	 1
_sou_	 1
_"Hy	 1
app	 1
otjie	 1
eer,_	 1
lief	 1
lamsb	 1
_Me	 1
rtdi	 1
onk	 1
is.	 1
hoe_	 1
ndo	 1
-A	 1
Skoo	 1
_war	 1
brei	 1
gesig	 1
enin	 1
eloo	 1
_Piet	 1
kt	 1
elrig	 1
gli	 1
_Moe	 1
_rase	 1
_reed	 1
odsni	 1
_Honi	 1
wees	 1
_bei	 1
stand	 1
meen,	 1
es.	 1
_jare	 1
ink,	 1
radi	 1
leng	 1
tter_	 1
lykb	 1
raam.	 1
u,	 1
asiek	 1
_gekn	 1
ersen	 1
keisa	 1
nto	 1
_ky	 1
tarr	 1
lykba	 1
pad_	 1
lewe_	 1
taal	 1
_jo	 1
it?"	 1
disie	 1
adis	 1
rste?	 1
elfs	 1
sie,	 1
eelt	 1
rloo	 1
k-w	 1
deel	 1
roent	 1
_"Tw	 1
_sê:	 1
_reg	 1
lgend	 1
psie	 1
s-in-	 1
weed	 1
oorhe	 1
nier	 1
_tr	 1
wyt.	 1
gega	 1
_bi	 1
insp	 1
Vr	 1
nlike	 1
appen	 1
orm	 1
msbo	 1
s."_	 1
_somm	 1
ouder	 1
_"Nie	 1
ensta	 1
gin._	 1
-in	 1
gema	 1
rwar	 1
des_	 1
oopte	 1
Man	 1
oeke	 1
eursi	 1
ib	 1
emd	 1
ake_	 1
os-	 1
vrae_	 1
enhon	 1
_Koo	 1
onse	 1
gou	 1
slike	 1
_lyd	 1
'ha	 1
mmetj	 1
bru	 1
mos	 1
lydi	 1
teke	 1
av	 1
Griet	 1
tien	 1
erlie	 1
_geë	 1
absol	 1
loedv	 1
nreg	 1
_nav	 1
oopt	 1
ek.	 1
atie_	 1
onop	 1
lad	 1
_og	 1
ndbaa	 1
kaa	 1
akgel	 1
'happ	 1
rtelp	 1
_verb	 1
_tyde	 1
engel	 1
_saak	 1
_Weke	 1
DOOD_	 1
ams	 1
_Die	 1
skrim	 1
rtuig	 1
ste?"	 1
db	 1
yding	 1
uur	 1
ning'	 1
gebed	 1
wyn_	 1
m,	 1
_Mee	 1
nka	 1
rikan	 1
wels	 1
OD_	 1
slus_	 1
eemd	 1
_verw	 1
tdag	 1
epubl	 1
_woo	 1
rasi	 1
graag	 1
mensl	 1
beide	 1
tei	 1
pel._	 1
imine	 1
hant	 1
gerig	 1
ers.	 1
anlik	 1
eek._	 1
ykba	 1
rase	 1
nis_	 1
Oorl	 1
_alm	 1
nkli	 1
reek	 1
oent	 1
et-mo	 1
radis	 1
"Dis_	 1
-ge	 1
disk	 1
sme	 1
eelte	 1
arsel	 1
bywoo	 1
kyk_	 1
_"Ek	 1
fra	 1
lim.	 1
Onge	 1
smee	 1
_Joh	 1
nsen	 1
_kons	 1
olge	 1
ge._	 1
_ant	 1
Oor	 1
eidel	 1
otaa	 1
_gele	 1
aard	 1
poel_	 1
sal	 1
ang,_	 1
_lam	 1
nag	 1
_Ski	 1
_uitg	 1
_gesl	 1
by._	 1
vrot_	 1
melk_	 1
rot_	 1
ebrei	 1
d",_	 1
ëlg	 1
sag	 1
Honi	 1
ewon	 1
lsit	 1
_neem	 1
sag_	 1
Jull	 1
sieka	 1
_was.	 1
nge._	 1
ball_	 1
Serfo	 1
_Am	 1
eld_	 1
Dit_	 1
ontei	 1
kte	 1
eie	 1
ëet	 1
eug	 1
and,	 1
enst	 1
kw	 1
teek.	 1
t?"_	 1
kom._	 1
_nag	 1
ekke	 1
ros	 1
anvan	 1
riet.	 1
aakg	 1
_sede	 1
_Hor	 1
vraa	 1
Aren	 1
_"T	 1
-gep	 1
moed_	 1
fwend	 1
orde_	 1
e,"_	 1
egske	 1
tho	 1
rein	 1
_Pi	 1
lgen	 1
sbou	 1
_pad	 1
_"Twe	 1
merri	 1
ngel_	 1
hante	 1
_noo	 1
n:_	 1
_onr	 1
mos-	 1
rmer,	 1
rooi	 1
publ	 1
te?"	 1
_L	 1
mpe	 1
ankl	 1
erger	 1
_vinn	 1
ydi	 1
two	 1
mmer_	 1
anh	 1
te'	 1
orbe	 1
druk_	 1
gvaa	 1
elp	 1
oel	 1
edvl	 1
mhe	 1
riste	 1
onsen	 1
er-en	 1
d",	 1
erlik	 1
aanne	 1
yt.	 1
winte	 1
boud_	 1
ommet	 1
_Wys	 1
aam._	 1
daar	 1
dersk	 1
iks.	 1
aamh	 1
ud_	 1
hoors	 1
likst	 1
uk_	 1
enw	 1
Tweed	 1
rtel.	 1
rdwy	 1
ts_	 1
_onaf	 1
_hee	 1
dige	 1
od",	 1
half	 1
uld	 1
uitg	 1
"Jul	 1
staf	 1
raam	 1
lk	 1
klim	 1
araan	 1
og-	 1
Ei	 1
amhei	 1
manli	 1
ehoor	 1
rsel	 1
ywo	 1
-ek-w	 1
dit?"	 1
_oor_	 1
eslu	 1
fw	 1
tgeg	 1
lekke	 1
_Wa	 1
one	 1
e?	 1
_gem	 1
lr	 1
_span	 1
inni	 1
udig.	 1
kge	 1
Ser	 1
gsk	 1
aaans	 1
ydin	 1
t."_	 1
konse	 1
lui	 1
lma	 1
rti	 1
_hoe	 1
kom."	 1
ntho	 1
dertd	 1
_aann	 1
nafw	 1
gesie	 1
alfv	 1
_onka	 1
vrou.	 1
eens	 1
beel	 1
ets_	 1
ies	 1
gele	 1
tladi	 1
e?"	 1
teenw	 1
limla	 1
Hor	 1
ngebr	 1
alma	 1
sten_	 1
spoe	 1
anho	 1
arms_	 1
mpa	 1
aaraa	 1
marte	 1
luite	 1
-w	 1
fvert	 1
_egs	 1
gske	 1
oed_	 1
eef_	 1
heel	 1
om."_	 1
we".	 1
's	 1
rsaam	 1
lyk_	 1
ou,	 1
gegaa	 1
_ontl	 1
ns-g	 1
een,_	 1
rimi	 1
rae	 1
sdee	 1
stan	 1
tar	 1
isie,	 1
ase	 1
ebrui	 1
spann	 1
tils	 1
ngeri	 1
-Afr	 1
rhe	 1
poel	 1
_ewe	 1
te?	 1
warm	 1
te?"_	 1
epub	 1
_seun	 1
en,	 1
annee	 1
_sal	 1
ermoe	 1
_beu	 1
hals	 1
breek	 1
n:	 1
hris	 1
doeke	 1
erwa	 1
iml	 1
_jou	 1
ose	 1
ouest	 1
am.	 1
Pi	 1
maal_	 1
rms_	 1
_kee	 1
luut	 1
kee	 1
elee	 1
arvan	 1
We	 1
binne	 1
inspo	 1
seun_	 1
G	 1
nwoo	 1
`	 1
oorb	 1
aarto	 1
idin	 1
amp	 1
"Nie_	 1
_agti	 1
"Dit	 1
ets	 1
itges	 1
blise	 1
tes	 1
rnis	 1
emaak	 1
_erg	 1
_'hap	 1
_Oor	 1
Kootj	 1
byw	 1
ug	 1
-m	 1
_vou_	 1
groe	 1
te'_	 1
Ong	 1
ste_	 1
ê:_	 1
ite'_	 1
rou.	 1
im.	 1
_moé	 1
elte	 1
avra	 1
amhe	 1
denke	 1
rui	 1
_sed	 1
_kw	 1
'n-f	 1
afwe	 1
nhond	 1
lê_	 1
onaf	 1
ebed_	 1
de,	 1
da_	 1
rs."	 1
aad_	 1
wens	 1
iekam	 1
_agt	 1
oorsa	 1
erfs_	 1
onib	 1
skade	 1
_kyk_	 1
reu	 1
_saa	 1
_lydi	 1
...._	 1
nikk	 1
orl	 1
uitda	 1
t-	 1
_vou	 1
kn	 1
akge	 1
foute	 1
nstan	 1
lsit_	 1
ie!"	 1
All	 1
korru	 1
held,	 1
klei	 1
Chri	 1
alsta	 1
struk	 1
_koe	 1
nk.	 1
_vol	 1
ndruk	 1
rv	 1
gewe_	 1
ap	 1
_golw	 1
bete	 1
ip	 1
elfs_	 1
bs	 1
Meer	 1
L	 1
rimin	 1
y's	 1
_T	 1
_Moed	 1
den	 1
_Se	 1
adin	 1
nsdom	 1
gol	 1
_geëe	 1
upsi	 1
atst	 1
nd"._	 1
oot.	 1
opte_	 1
len	 1
Vreug	 1
doen_	 1
heid_	 1
iet."	 1
ortg	 1
vlek	 1
ngeh	 1
_Ong	 1
binn	 1
ordig	 1
mer,_	 1
nier_	 1
eede_	 1
etjie	 1
elike	 1
eslui	 1
verb	 1
won	 1
iball	 1
hap	 1
rtu	 1
_beur	 1
_kry	 1
dit?	 1
teek	 1
_weer	 1
aklik	 1
sten	 1
edert	 1
ky	 1
Oo	 1
taal_	 1
ê:	 1
psie_	 1
_klim	 1
eenh	 1
rlen	 1
Skool	 1
beid	 1
eem,	 1
lein_	 1
anres	 1
sent_	 1
les	 1
sdom	 1
imla	 1
os-in	 1
ampe_	 1
lsi	 1
bly.	 1
hom._	 1
eeld_	 1
é	 1
ng,_	 1
are_	 1
saak_	 1
am._	 1
egaa	 1
ertd	 1
_teen	 1
_"Jul	 1
ard.	 1
lik.	 1
tuig	 1
erw	 1
Henso	 1
ohan_	 1
dbaar	 1
ek-w	 1
erse	 1
eïn	 1
aars	 1
dink.	 1
oël	 1
_boo	 1
-en-	 1
abs	 1
disi	 1
kgelo	 1
rukte	 1
sou_	 1
`n	 1
sed	 1
_eie	 1
reed	 1
suur_	 1
_melk	 1
odsn	 1
_manl	 1
_voël	 1
ood",	 1
ikk	 1
egti	 1
rleng	 1
ink,_	 1
ensli	 1
otj	 1
lan	 1
gers_	 1
_graa	 1
koeël	 1
saak	 1
welr	 1
one_	 1
_sou	 1
rni	 1
kaaa	 1
Die	 1
La	 1
un_	 1
alfve	 1
ndru	 1
_gewe	 1
at._	 1
-ek-	 1
aando	 1
lfver	 1
_Ar	 1
hare,	 1
-he	 1
_wip_	 1
kuld_	 1
raak_	 1
_arme	 1
voert	 1
ys	 1
gekom	 1
_Jo	 1
rig._	 1
mh	 1
inne.	 1
et."_	 1
"Dit_	 1
aanh	 1
ntei	 1
lgem	 1
_gere	 1
ardin	 1
niks	 1
rfo	 1
_asof	 1
truk	 1
sli	 1
mpli	 1
woon:	 1
udi	 1
arse	 1
lydin	 1
gva	 1
in-Af	 1
on:_	 1
ertdi	 1
idda	 1
ten_	 1
ma_	 1
ëlga	 1
ig,	 1
keel	 1
bsol	 1
ke,_	 1
omp	 1
rdig	 1
elri	 1
_ryk_	 1
elr	 1
_Dat_	 1
iets	 1
kra	 1
eptes	 1
lfve	 1
'fei	 1
aans	 1
nikke	 1
uest	 1
ood"	 1
_onk	 1
_stee	 1
Moe	 1
e?"_	 1
dig._	 1
antee	 1
'h	 1
vl	 1
_"Ju	 1
ontho	 1
skeid	 1
reemd	 1
mar	 1
ndoe	 1
soluu	 1
beï	 1
envou	 1
isk	 1
atte	 1
ublis	 1
uderd	 1
_ond	 1
teurs	 1
entr	 1
keis	 1
groo	 1
_gou_	 1
alge	 1
_bet	 1
fonte	 1
t,	 1
regti	 1
iks._	 1
lgat_	 1
frat	 1
Hen	 1
eerge	 1
erwar	 1
ne_	 1
Ons_	 1
"Jy	 1
ntr	 1
erig.	 1
bou	 1
arv	 1
somme	 1
sop_	 1
agv	 1
bloed	 1
Aman	 1
kwa	 1
e!_	 1
g-'	 1
dd	 1
blom	 1
_sku	 1
oeël	 1
eemd_	 1
geko	 1
_hant	 1
orb	 1
vuil_	 1
_val_	 1
_glim	 1
nhou,	 1
_ska	 1
lm	 1
_Eie	 1
_vre	 1
gesk	 1
els_	 1
kyk	 1
_To	 1
tek	 1
verw	 1
rn_	 1
eugd	 1
_Joha	 1
iets_	 1
_mee	 1
vu	 1
edeli	 1
_vu	 1
nd"	 1
ak._	 1
'feit	 1
ek._	 1
_ag	 1
_Wek	 1
roses	 1
leide	 1
sof_	 1
mani	 1
ntoe_	 1
_gra	 1
rtoe_	 1
envo	 1
OOD_	 1
kere	 1
iste	 1
tl	 1
aaan	 1
"N	 1
n,	 1
e'	 1
_niks	 1
DOO	 1
toe,_	 1
erb	 1
nderd	 1
_'fei	 1
_Vreu	 1
Dis	 1
ues	 1
p._	 1
manie	 1
hond	 1
rw	 1
in-	 1
einsp	 1
ïndru	 1
d"._	 1
niba	 1
fon	 1
_bin	 1
eenwo	 1
spar	 1
teken	 1
rvan	 1
nvoud	 1
uite_	 1
eenho	 1
sort	 1
sede	 1
imi	 1
dek	 1
_bek	 1
-was-	 1
_vasg	 1
tu	 1
kaaan	 1
vraag	 1
anda_	 1
ladi	 1
oé	 1
ddag_	 1
u.	 1
_Sko	 1
,"	 1
mis_	 1
Mo	 1
are,_	 1
tgega	 1
gge	 1
n-ek	 1
asen	 1
olu	 1
otaal	 1
eer-e	 1
egin.	 1
brein	 1
gedi	 1
ntlad	 1
s-i	 1
dekad	 1
_geh	 1
onth	 1
ubl	 1
e'_	 1
agme	 1
armer	 1
-g	 1
"H	 1
iger	 1
erd_	 1
pl	 1
gesme	 1
_jar	 1
frats	 1
geste	 1
_is._	 1
"Ek_	 1
neem,	 1
Mani	 1
tiel.	 1
ne.	 1
sou	 1
een,	 1
_eer	 1
elei	 1
eslag	 1
_vrae	 1
waart	 1
als	 1
t-mos	 1
_keel	 1
loe	 1
"Twee	 1
spel	 1
_dit?	 1
im._	 1
Die_	 1
_fou	 1
verle	 1
ugd	 1
nl	 1
eweet	 1
ente,	 1
s-ge	 1
gvaar	 1
-'n	 1
_Da	 1
blis	 1
ief	 1
ét_	 1
_abs	 1
_Are	 1
sbo	 1
..._	 1
vang,	 1
alle	 1
_lank	 1
gebru	 1
leef	 1
_bloe	 1
_Vre	 1
ebeur	 1
ikst	 1
rups	 1
kryf_	 1
lom	 1
ineer	 1
alm	 1
kanre	 1
ggen	 1
ees._	 1
ortee	 1
_klei	 1
lik._	 1
reg_	 1
agend	 1
ab	 1
rdwyn	 1
mer_	 1
neem_	 1
eisak	 1
_blyk	 1
n-ek-	 1
sentr	 1
agm	 1
ore_	 1
_Afri	 1
ls_	 1
_dr	 1
"Jull	 1
end".	 1
_wan	 1
out	 1
nib	 1
n-Afr	 1
e"._	 1
ukt	 1
oses_	 1
oëlt	 1
rsen	 1
enwo	 1
_wy	 1
twoo	 1
derdo	 1
inst	 1
_Serf	 1
-in-	 1
erfo	 1
_byw	 1
nge.	 1
ppen	 1
k-	 1
asie	 1
ong	 1
oorh	 1
ieli	 1
ryke	 1
_ke	 1
rrie.	 1
font	 1
mos-i	 1
ude	 1
oute_	 1
egsk	 1
d".	 1
inee	 1
alg	 1
"Tw	 1
uil	 1
reug	 1
_vrot	 1
voorh	 1
rtd	 1
kuld	 1
et-m	 1
tradi	 1
hou,_	 1
sef_	 1
erm	 1
Wat	 1
erek	 1
t-mo	 1
_dek	 1
ke,	 1
_Bly	 1
reken	 1
lfv	 1
_gli	 1
_mel	 1
olwen	 1
Later	 1
els	 1
araa	 1
ruik	 1
rist	 1
sni	 1
udig	 1
ursi	 1
kteur	 1
_Skie	 1
ou.	 1
twoor	 1
wint	 1
lagsd	 1
_lams	 1
_lan	 1
vrou_	 1
mart	 1
_C	 1
_eers	 1
ëe	 1
Jo	 1
ers."	 1
dien_	 1
ts-	 1
orru	 1
tand	 1
aatst	 1
dage	 1
iding	 1
pers	 1
nso	 1
vaard	 1
po	 1
uder	 1
ati	 1
teer,	 1
makl	 1
tgest	 1
isten	 1
heid	 1
idel	 1
_hou	 1
erby	 1
_Ei	 1
Wys	 1
jou_	 1
lomm	 1
verwa	 1
r-e	 1
rend	 1
ept	 1
elpr	 1
yker	 1
lstar	 1
_som	 1
luit	 1
ilsi	 1
bede	 1
_sien	 1
_aanh	 1
eter_	 1
yt	 1
nsli	 1
_egsk	 1
esien	 1
aanho	 1
en-	 1
tw	 1
maan	 1
_Dat	 1
anne	 1
ns-	 1
nstru	 1
rtg	 1
isa	 1
