_	 1240
e	 447
t	 277
n	 243
i	 231
a	 218
o	 204
s	 200
r	 188
h	 142
e_	 128
d	 117
c	 102
_t	 97
he	 88
l	 87
th	 81
m	 78
f	 76
_a	 74
u	 74
_th	 71
s_	 69
the	 66
p	 64
he_	 63
er	 62
_the	 60
in	 58
d_	 55
en	 54
_i	 53
_o	 53
y	 52
on	 52
re	 52
_the_	 51
the_	 51
,	 50
,_	 50
b	 48
g	 46
n_	 46
an	 45
v	 43
t_	 42
w	 41
nd	 40
es	 40
ti	 39
y_	 37
_in	 35
of	 34
of_	 34
_of_	 34
_of	 34
f_	 34
_w	 33
nt	 33
me	 32
io	 32
ed	 32
de	 31
ve	 31
_an	 29
at	 29
r_	 29
_p	 29
and	 28
nd_	 28
ion	 28
ns	 27
_and_	 27
it	 27
_and	 27
T	 27
and_	 27
ar	 26
se	 26
st	 25
is	 23
or	 22
ic	 22
._	 22
.	 22
_m	 22
ent	 22
_b	 22
ed_	 21
ea	 21
ha	 21
o_	 21
_d	 21
to	 21
_s	 21
be	 20
le	 20
te	 20
_c	 20
ie	 19
_to	 19
_f	 19
to_	 19
on_	 19
ci	 19
_T	 19
_to_	 18
in_	 18
al	 18
ng	 17
er_	 17
ct	 17
hi	 17
men	 17
tio	 17
ty	 17
_e	 17
A	 16
ou	 16
ra	 16
ce	 16
_de	 16
tion	 16
ec	 16
_h	 16
as	 15
ts	 15
ri	 15
ro	 15
s,	 15
_r	 15
s,_	 15
nc	 15
es_	 15
pe	 15
ion_	 14
rt	 14
pr	 14
pa	 14
E	 14
a_	 14
ss	 14
co	 14
em	 13
g_	 13
_a_	 13
l_	 13
li	 13
_co	 13
_Th	 13
_in_	 13
ng_	 13
Th	 13
_re	 13
_A	 12
ta	 12
di	 12
we	 12
ch	 12
re_	 12
il	 12
ment	 12
ver	 12
ac	 12
ing	 12
_n	 11
ve_	 11
ons	 11
_be	 11
_g	 11
is_	 11
ma	 11
ing_	 11
art	 11
_The	 11
The	 11
ad	 11
ne	 11
us	 11
O	 11
na	 10
ere	 10
_The_	 10
tr	 10
part	 10
_it	 10
nf	 10
rs	 10
_wh	 10
wh	 10
par	 10
si	 10
at_	 10
ns_	 10
The_	 10
by	 9
ll	 9
go	 9
_we	 9
_by_	 9
_ha	 9
her	 9
tion_	 9
se_	 9
et	 9
it_	 9
by_	 9
un	 9
res	 9
S	 9
der	 9
ue	 9
_pr	 9
ov	 9
_pa	 9
ess	 9
_by	 9
su	 9
ati	 9
ir	 8
_pro	 8
_ma	 8
ove	 8
hat	 8
thi	 8
_v	 8
ni	 8
_as	 8
wi	 8
ent_	 8
ty_	 8
av	 8
ei	 8
_wi	 8
pro	 8
be_	 8
fo	 8
ies	 8
nt_	 8
iv	 8
ab	 8
ee	 8
bl	 8
k	 7
ot	 7
as_	 7
ens	 7
ons_	 7
sion	 7
ern	 7
N	 7
ll_	 7
j	 7
os	 7
ies_	 7
_hav	 7
ive	 7
I	 7
_go	 7
fl	 7
her_	 7
st_	 7
mo	 7
_fo	 7
atio	 7
h_	 7
so	 7
ers	 7
_l	 7
_as_	 7
over	 7
_it_	 7
rea	 7
e,_	 7
_me	 7
era	 7
per	 7
fe	 7
s._	 7
ur	 7
e,	 7
cr	 7
ation	 7
hav	 7
hic	 7
nts	 7
s.	 7
sio	 7
ce_	 7
_on	 7
rn	 7
cti	 7
_be_	 7
mp	 7
op	 7
nment	 6
_int	 6
om	 6
_su	 6
_le	 6
ho	 6
tie	 6
rnmen	 6
hat_	 6
le_	 6
_part	 6
vernm	 6
al_	 6
x	 6
vi	 6
_gov	 6
ted	 6
on,	 6
ub	 6
ber	 6
nce	 6
str	 6
ties	 6
_gove	 6
uen	 6
eas	 6
ts._	 6
int	 6
rnm	 6
_is	 6
ave	 6
est	 6
con	 6
enc	 6
n,_	 6
ts.	 6
nfl	 6
sed_	 6
ex	 6
nmen	 6
gov	 6
nme	 6
ernm	 6
_is_	 6
ia	 6
cre	 6
have	 6
for	 6
vern	 6
ctio	 6
overn	 6
or_	 6
gover	 6
ion,_	 6
R	 6
rnme	 6
ly_	 6
ut	 6
nm	 6
en_	 6
ect	 6
am	 6
ch_	 6
sed	 6
ly	 6
ep	 6
_have	 6
on,_	 6
n,	 6
tu	 6
ict	 6
_con	 6
ernme	 6
_par	 6
ion,	 6
ions	 6
gove	 6
iet	 5
_inf	 5
qu	 5
eg	 5
fr	 5
ir_	 5
nce_	 5
ments	 5
T_	 5
nat	 5
ich_	 5
va	 5
ev	 5
e._	 5
ted_	 5
lic	 5
_he	 5
end	 5
sti	 5
el	 5
inf	 5
ich	 5
_whi	 5
_un	 5
rc	 5
me_	 5
mbe	 5
nde	 5
ill	 5
rs_	 5
wer	 5
heir	 5
com	 5
H	 5
ter	 5
thei	 5
;_	 5
;	 5
ge	 5
uti	 5
ther	 5
_tha	 5
ag	 5
their	 5
sse	 5
his	 5
hei	 5
hich_	 5
_infl	 5
im	 5
_at	 5
uc	 5
inc	 5
hich	 5
ity	 5
r,	 5
_on_	 5
_for	 5
ls	 5
_thei	 5
whi	 5
reas	 5
_whic	 5
_ex	 5
ry	 5
_or	 5
_di	 5
tha	 5
his_	 5
d,	 5
gr	 5
ts_	 5
mber	 5
r,_	 5
_mo	 5
gi	 5
ions_	 5
ous	 5
e.	 5
infl	 5
ns,	 5
eir	 5
ave_	 5
eir_	 5
lu	 5
d,_	 5
heir_	 5
abl	 5
ction	 5
ties_	 5
ig	 5
ree	 5
F	 5
sa	 5
mem	 5
which	 5
have_	 5
_u	 5
_nat	 5
whic	 5
_na	 5
ure	 5
mb	 5
eve	 5
nte	 5
ew	 5
ents	 5
po	 5
q	 5
ns,_	 5
AT	 4
mi	 4
c_	 4
crea	 4
nflu	 4
that_	 4
la	 4
od	 4
um	 4
ety	 4
inte	 4
tt	 4
oper	 4
_TH	 4
_thi	 4
_mem	 4
ope	 4
ES	 4
luen	 4
act	 4
ul	 4
_dep	 4
ers_	 4
_inte	 4
_prop	 4
ary_	 4
oth	 4
fed	 4
will_	 4
ed,	 4
yo	 4
ame	 4
ic_	 4
y,_	 4
sion_	 4
_pe	 4
this	 4
_po	 4
fa	 4
ai	 4
membe	 4
_dec	 4
conf	 4
creas	 4
rease	 4
this_	 4
_that	 4
ob	 4
rat	 4
ise	 4
ade	 4
ere_	 4
incre	 4
onf	 4
TH	 4
_will	 4
des	 4
nti	 4
pu	 4
ain	 4
nter	 4
embe	 4
able_	 4
ld	 4
influ	 4
cie	 4
rie	 4
nts.	 4
ary	 4
fu	 4
_vi	 4
eder	 4
C	 4
ncrea	 4
ncr	 4
ol	 4
cu	 4
er,	 4
pri	 4
ind	 4
nflue	 4
lue	 4
P	 4
dep	 4
_her	 4
ans	 4
ore	 4
thin	 4
memb	 4
flue	 4
nio	 4
dis	 4
inter	 4
er,_	 4
_her_	 4
that	 4
dec	 4
ay	 4
incr	 4
mm	 4
dera	 4
ry_	 4
_inc	 4
mmen	 4
_dis	 4
tic	 4
_this	 4
nst	 4
ead	 4
ease	 4
are	 4
ins	 4
hen	 4
rest	 4
_wil	 4
ame_	 4
ecti	 4
emb	 4
fede	 4
_sa	 4
sh	 4
wil	 4
will	 4
ive_	 4
U	 4
ase	 4
sta	 4
sen	 4
_incr	 4
ede	 4
gre	 4
ncre	 4
are_	 4
nion	 4
_conf	 4
able	 4
fluen	 4
ever	 4
nts._	 4
_or_	 4
ble_	 4
rop	 4
ble	 4
prop	 4
flu	 4
ment_	 4
y,	 4
_U	 4
_com	 4
edera	 4
rm	 4
hin	 4
ate	 4
oun	 4
_en	 4
ssi	 4
ember	 4
ong	 4
ill_	 4
tro	 4
ed,_	 4
mme	 4
feder	 4
iety	 4
n.	 3
ess_	 3
wo	 3
ron	 3
jo	 3
oul	 3
_des	 3
mph	 3
ran	 3
Union	 3
rty_	 3
nar	 3
pp	 3
IO	 3
yra	 3
ld_	 3
ance	 3
yran	 3
nion,	 3
ene	 3
ces	 3
ajor	 3
publi	 3
wa	 3
vie	 3
_vie	 3
ity_	 3
would	 3
_nati	 3
ution	 3
ence	 3
_wou	 3
sions	 3
othe	 3
stitu	 3
ded	 3
tiv	 3
itu	 3
ime	 3
_mos	 3
_most	 3
ubli	 3
din	 3
rabl	 3
she	 3
blic	 3
_majo	 3
anc	 3
ests	 3
N_	 3
soc	 3
tive	 3
were	 3
ommen	 3
ori	 3
rit	 3
erest	 3
ous_	 3
_S	 3
_maj	 3
lo	 3
ua	 3
tut	 3
comm	 3
natio	 3
tutio	 3
ther_	 3
tly	 3
cin	 3
orit	 3
ER	 3
_fe	 3
_va	 3
t,_	 3
V	 3
ten	 3
prope	 3
most	 3
roper	 3
kin	 3
ves	 3
fact	 3
_tyr	 3
OF	 3
hin_	 3
cing	 3
rtie	 3
nge	 3
ssio	 3
ema	 3
_were	 3
with	 3
_with	 3
tim	 3
ents_	 3
artie	 3
appe	 3
und	 3
ION	 3
ant	 3
Unio	 3
woul	 3
rab	 3
ans,_	 3
_wo	 3
_ob	 3
other	 3
_so	 3
were_	 3
ever_	 3
view	 3
soci	 3
thin_	 3
_at_	 3
jori	 3
ectio	 3
AT_	 3
_al	 3
ould	 3
form	 3
ithin	 3
ty,	 3
rta	 3
ace	 3
_othe	 3
_ki	 3
_ot	 3
_ne	 3
pea	 3
bli	 3
_res	 3
oc	 3
pub	 3
m_	 3
_ins	 3
ndi	 3
eci	 3
_Unio	 3
_OF_	 3
riv	 3
ver_	 3
comme	 3
_tyra	 3
ct_	 3
wou	 3
time	 3
riet	 3
most_	 3
ph	 3
majo	 3
mor	 3
tyra	 3
ert	 3
rity	 3
rty	 3
_woul	 3
es,	 3
tere	 3
uence	 3
ppe	 3
ajori	 3
_fr	 3
tte	 3
bet	 3
_ty	 3
omme	 3
major	 3
sp	 3
ki	 3
eal	 3
ION_	 3
eig	 3
_sub	 3
ajo	 3
ious	 3
us_	 3
_are	 3
ithi	 3
E_	 3
Un	 3
_fa	 3
tyr	 3
tur	 3
nati	 3
ublic	 3
_wit	 3
yr	 3
mit	 3
OF_	 3
_sh	 3
tuti	 3
isi	 3
_Uni	 3
ss_	 3
enti	 3
war	 3
ust	 3
ority	 3
ost_	 3
aj	 3
ture	 3
_wer	 3
uent	 3
rties	 3
app	 3
wit	 3
eres	 3
M	 3
ON	 3
_O	 3
oci	 3
iou	 3
ith	 3
cis	 3
orm	 3
mos	 3
rope	 3
tyran	 3
ssion	 3
nts_	 3
emp	 3
iew	 3
sts	 3
F_	 3
cia	 3
ON_	 3
fus	 3
teres	 3
du	 3
gu	 3
publ	 3
we_	 3
ans,	 3
pt	 3
ff	 3
uld	 3
als_	 3
titu	 3
eq	 3
one	 3
ence_	 3
rti	 3
_ar	 3
ned	 3
withi	 3
_OF	 3
then	 3
rd	 3
_kin	 3
ituti	 3
parti	 3
_we_	 3
jorit	 3
fac	 3
n._	 3
sent	 3
ap	 3
L	 3
ien	 3
_k	 3
es,_	 3
utio	 3
_are_	 3
ves_	 3
uf	 3
ici	 3
nu	 3
Uni	 3
ms	 3
nci	 3
luenc	 3
itut	 3
jor	 3
_memb	 3
tit	 3
ost	 3
_Un	 3
arti	 3
t,	 3
stit	 3
_oth	 3
ty,_	 3
duc	 3
titut	 3
equ	 3
rests	 3
ca	 3
tl	 3
ues	 3
ial	 3
cing_	 3
omm	 3
uenc	 3
ubl	 3
ntere	 3
pl	 3
ef	 3
_ci	 3
tions	 3
als	 3
maj	 3
_ad	 3
_view	 3
ls_	 3
ean	 3
tly_	 3
rable	 3
sub	 3
_lea	 2
what	 2
ircu	 2
ues,_	 2
sess	 2
rtmen	 2
dy_	 2
_Ath	 2
ents.	 2
ende	 2
vere	 2
nary	 2
epr	 2
Am	 2
erat	 2
bmi	 2
nded	 2
ens_	 2
RESER	 2
ong_	 2
cisi	 2
_ap	 2
lec	 2
hed	 2
ris	 2
_fac	 2
_THE	 2
ntia	 2
_more	 2
demag	 2
ews_	 2
iews_	 2
ctly_	 2
umsta	 2
uar	 2
ain_	 2
elec	 2
facti	 2
_refu	 2
umst	 2
_te	 2
tial	 2
tion,	 2
ecisi	 2
ora	 2
ors	 2
gogu	 2
you	 2
PR	 2
Ath	 2
ded_	 2
no	 2
rdi	 2
RV	 2
lict	 2
epa	 2
erty	 2
_you	 2
ral_	 2
_cou	 2
_subm	 2
rised	 2
on.	 2
legi	 2
decis	 2
age	 2
artme	 2
_var	 2
tanc	 2
deci	 2
van	 2
eader	 2
hict	 2
ose_	 2
egree	 2
ened_	 2
_uni	 2
ts,_	 2
tem	 2
cty	 2
who	 2
rive	 2
spec	 2
rei	 2
_gr	 2
adv	 2
nt,_	 2
PRESE	 2
ta,	 2
nfli	 2
mit_	 2
nal_	 2
W	 2
ts,	 2
endi	 2
pre	 2
ced	 2
ease_	 2
onfed	 2
tai	 2
mpr	 2
ity,_	 2
cts	 2
rov	 2
fi	 2
fused	 2
_she_	 2
tric	 2
mago	 2
_bee	 2
ated	 2
gio	 2
mst	 2
abe	 2
_se	 2
temp	 2
ndin	 2
rant	 2
_ab	 2
THAT_	 2
epar	 2
ives_	 2
uff	 2
_abe	 2
ric	 2
ised_	 2
tial_	 2
rtm	 2
our	 2
its	 2
ociet	 2
hou	 2
isio	 2
TI	 2
lic_	 2
iz	 2
gn	 2
_its	 2
stri	 2
_abet	 2
eral_	 2
_sam	 2
mstan	 2
eals_	 2
ree._	 2
_foun	 2
ecis	 2
ari	 2
ws_	 2
een	 2
ad_	 2
nse_	 2
kind	 2
orab	 2
rme	 2
actio	 2
suf	 2
bers	 2
used_	 2
bst	 2
_inst	 2
ign	 2
che	 2
nding	 2
if	 2
refus	 2
RE	 2
rati	 2
requ	 2
more_	 2
_yo	 2
ee._	 2
fou	 2
mpri	 2
_weak	 2
alo	 2
prov	 2
mbers	 2
_deci	 2
tyon	 2
hey_	 2
tac	 2
eans,	 2
_wea	 2
hos	 2
more	 2
ader	 2
_cons	 2
ives	 2
decre	 2
ubmi	 2
efu	 2
nflic	 2
_bo	 2
lea	 2
nfe	 2
poss	 2
uld_	 2
stro	 2
onfe	 2
fuse	 2
req	 2
tted_	 2
_P	 2
aw	 2
_same	 2
EC	 2
ent,_	 2
tment	 2
_str	 2
_no	 2
_ind	 2
_Athe	 2
ven	 2
less	 2
pen	 2
comp	 2
iti	 2
_rep	 2
ach	 2
dv	 2
_less	 2
SER	 2
ense	 2
arie	 2
lat	 2
ee.	 2
_appe	 2
xe	 2
SERV	 2
_Amp	 2
acti	 2
oper_	 2
mu	 2
eac	 2
_been	 2
tance	 2
_THAT	 2
_mor	 2
ral	 2
lig	 2
ity,	 2
rcums	 2
rs,_	 2
ature	 2
nsi	 2
_cir	 2
mphi	 2
onst	 2
lit	 2
ser	 2
_depa	 2
essi	 2
_am	 2
_ho	 2
ders_	 2
Athe	 2
oo	 2
_TO_	 2
ree.	 2
yon	 2
rta,_	 2
TIO	 2
mad	 2
partm	 2
flict	 2
tyo	 2
cisio	 2
coun	 2
msta	 2
they_	 2
stanc	 2
tive_	 2
ians	 2
oni	 2
posse	 2
nal	 2
hose	 2
may	 2
mea	 2
sses	 2
_comp	 2
ogues	 2
efuse	 2
icty	 2
spe	 2
ppea	 2
ta,_	 2
_suff	 2
_kind	 2
z	 2
_elec	 2
r;	 2
frequ	 2
ders	 2
reig	 2
up	 2
agogu	 2
iety_	 2
RES	 2
ews	 2
RESE	 2
ues,	 2
nary_	 2
eased	 2
rise	 2
pris	 2
ecre	 2
THAT	 2
riety	 2
iews	 2
made	 2
sam	 2
HA	 2
ised	 2
atur	 2
ws	 2
O_	 2
tme	 2
nfede	 2
artm	 2
bo	 2
cree	 2
_made	 2
ze	 2
ased_	 2
_TO	 2
tan	 2
an_	 2
rta,	 2
_mad	 2
_fact	 2
nse	 2
_THE_	 2
abet	 2
depa	 2
_suf	 2
phic	 2
dl	 2
lect	 2
use	 2
degr	 2
_y	 2
estr	 2
ure_	 2
a,_	 2
views	 2
rep	 2
og	 2
_per	 2
cess	 2
nder	 2
qua	 2
ey_	 2
ums	 2
_pos	 2
epart	 2
deg	 2
Co	 2
eque	 2
_natu	 2
per_	 2
t._	 2
tain_	 2
_les	 2
ses	 2
_who	 2
assi	 2
_G	 2
hens	 2
cums	 2
menci	 2
sessi	 2
_bod	 2
compr	 2
ERV	 2
ils	 2
ubm	 2
_ref	 2
_circ	 2
_Co	 2
uce	 2
var	 2
ppeal	 2
vari	 2
circ	 2
ali	 2
blic_	 2
nt,	 2
_el	 2
ntial	 2
mphic	 2
ance_	 2
foun	 2
prise	 2
eade	 2
encin	 2
zed	 2
ciety	 2
rity_	 2
gues	 2
ssess	 2
THA	 2
all	 2
At	 2
ese	 2
_wa	 2
red	 2
_soci	 2
SE	 2
ogu	 2
bee	 2
_endi	 2
ound	 2
ants	 2
art_	 2
part_	 2
bm	 2
ding_	 2
cy_	 2
rse	 2
ett	 2
_dema	 2
essio	 2
tted	 2
depar	 2
cha	 2
arta	 2
THE_	 2
bod	 2
ssen	 2
epu	 2
d.	 2
they	 2
_end	 2
fli	 2
ile	 2
tat	 2
att	 2
Sp	 2
_ti	 2
weak	 2
wea	 2
_tim	 2
bette	 2
je	 2
erati	 2
ctly	 2
_she	 2
pec	 2
been_	 2
ubmit	 2
rtme	 2
egi	 2
reque	 2
_war	 2
osses	 2
enci	 2
eans	 2
ious_	 2
rs,	 2
_Spa	 2
_fede	 2
dem	 2
Spa	 2
nta	 2
ase_	 2
ould_	 2
r;_	 2
ago	 2
dema	 2
ize	 2
ened	 2
ety_	 2
mag	 2
ctyo	 2
abett	 2
ized	 2
esp	 2
ESER	 2
gue	 2
_for_	 2
D	 2
_At	 2
ESERV	 2
ized_	 2
exe	 2
_wha	 2
eak	 2
ey	 2
ecree	 2
Con	 2
circu	 2
_pub	 2
HAT	 2
zed_	 2
_fed	 2
freq	 2
ciet	 2
_dem	 2
mpris	 2
ision	 2
gog	 2
_PR	 2
Amph	 2
TO_	 2
deral	 2
lead	 2
_Sp	 2
ple	 2
_aw	 2
_coun	 2
_Am	 2
_what	 2
ard	 2
ense_	 2
etted	 2
yrant	 2
ise_	 2
leg	 2
ictyo	 2
peal	 2
_j	 2
tho	 2
ian	 2
phi	 2
fre	 2
cou	 2
_THA	 2
cir	 2
same_	 2
TION	 2
irc	 2
ogue	 2
atu	 2
suff	 2
oss	 2
Spar	 2
ment,	 2
_time	 2
_one	 2
senti	 2
k_	 2
emag	 2
tain	 2
hens_	 2
lecti	 2
_W	 2
erty_	 2
_Spar	 2
arta,	 2
_lead	 2
Amp	 2
emago	 2
confe	 2
rants	 2
tm	 2
equen	 2
decr	 2
gues,	 2
erc	 2
que	 2
leade	 2
stan	 2
ompr	 2
rong	 2
bett	 2
nsti	 2
hey	 2
ref	 2
cumst	 2
pos	 2
ratio	 2
ose	 2
ay_	 2
_form	 2
agog	 2
G	 2
_degr	 2
endin	 2
eals	 2
hose_	 2
hen_	 2
THE	 2
trict	 2
rict	 2
ariet	 2
eign	 2
_decr	 2
_tho	 2
gree	 2
unde	 2
_st	 2
same	 2
natur	 2
tra	 2
ncing	 2
PRE	 2
ial_	 2
degre	 2
ru	 2
_Amph	 2
nfed	 2
bs	 2
icia	 2
ass	 2
ding	 2
nsu	 2
thens	 2
bmit	 2
_fre	 2
les	 2
TO	 2
eo	 2
for_	 2
osse	 2
erse	 2
entia	 2
tri	 2
refu	 2
quen	 2
ette	 2
_prov	 2
egr	 2
ncin	 2
_poss	 2
one_	 2
HAT_	 2
appea	 2
_may	 2
cree.	 2
_they	 2
ent,	 2
_deg	 2
gogue	 2
_exe	 2
ecr	 2
elect	 2
magog	 2
bmit_	 2
tmen	 2
flic	 2
natu	 2
omp	 2
HE	 2
do	 2
mer	 2
stric	 2
rt_	 2
varie	 2
ensi	 2
peals	 2
ges	 2
ne_	 2
used	 2
ctyon	 2
ntr	 2
ated_	 2
_PRES	 2
t.	 2
ompri	 2
quent	 2
VE	 2
_Con	 2
orabl	 2
esse	 2
_not	 2
wha	 2
_att	 2
ele	 2
ased	 2
_mu	 2
_freq	 2
eral	 2
ju	 2
ndl	 2
onsti	 2
ants.	 2
_comm	 2
found	 2
tia	 2
ESE	 2
uni	 2
_mea	 2
_M	 2
HE_	 2
een_	 2
gh	 2
_ele	 2
egre	 2
rcu	 2
subm	 2
ica	 2
parta	 2
cum	 2
ace_	 2
cons	 2
dy	 2
_fou	 2
ocie	 2
submi	 2
on._	 2
d._	 2
cy	 2
menc	 2
efus	 2
Amphi	 2
pera	 2
duce	 2
_soc	 2
Athen	 2
reign	 2
ircum	 2
a,	 2
_pu	 2
nstit	 2
ore_	 2
dic	 2
she_	 2
_publ	 2
tron	 2
inst	 2
aders	 2
PRES	 2
_app	 2
been	 2
TION_	 2
cit	 2
Spart	 2
_vari	 2
ak	 2
_C	 2
ned_	 2
_ch	 2
hicty	 2
not	 2
mmenc	 2
_PRE	 2
socie	 2
rcum	 2
ctl	 2
phict	 2
_adv	 2
nds_	 1
illu	 1
tage	 1
uceme	 1
ita	 1
ple._	 1
spoi	 1
you_	 1
ewe	 1
jec	 1
ke	 1
nece	 1
serv	 1
numb	 1
resp	 1
tate	 1
ent.	 1
super	 1
rmer_	 1
ndica	 1
_UN	 1
RNME	 1
pab	 1
sors	 1
favor	 1
_cha	 1
_WILL	 1
edon	 1
isl	 1
id	 1
arc	 1
LL	 1
Whils	 1
rchy_	 1
rcis	 1
opera	 1
ucin	 1
UNI	 1
arde	 1
cesso	 1
nju	 1
ountr	 1
pabl	 1
made_	 1
rate	 1
vora	 1
tache	 1
cts._	 1
_when	 1
eligi	 1
WIL	 1
_rat	 1
cite_	 1
FOR	 1
opri	 1
ustra	 1
roy	 1
ishe	 1
_inju	 1
nli	 1
edon.	 1
mpl	 1
suffr	 1
sser	 1
ntl	 1
abili	 1
xten	 1
nifor	 1
nene	 1
provi	 1
sla	 1
ur.	 1
wron	 1
exec	 1
sensi	 1
rnal_	 1
ion._	 1
ide	 1
cemen	 1
_into	 1
vals_	 1
favo	 1
_nev	 1
even	 1
sac	 1
_cer	 1
lread	 1
tinc	 1
ENT_	 1
ST_	 1
asur	 1
eks	 1
dly_	 1
alp	 1
_Abbe	 1
ncils	 1
reven	 1
gest	 1
PEC	 1
rru	 1
ssent	 1
nufa	 1
_AD	 1
_nec	 1
phat	 1
_repr	 1
hing_	 1
DOPTI	 1
GO	 1
UN	 1
gisl	 1
ngr	 1
_see	 1
ercen	 1
sci	 1
uci	 1
reve	 1
veigl	 1
exerc	 1
hatev	 1
iffe	 1
stic	 1
ente	 1
eance	 1
SPE	 1
isse	 1
OR	 1
_.	 1
_es	 1
ins,	 1
ees_	 1
rent	 1
ilo	 1
ople,	 1
_ADO	 1
Mi	 1
red_	 1
betra	 1
_am_	 1
erta	 1
war,	 1
old_	 1
acl	 1
_A_	 1
Bu	 1
_spe	 1
erve_	 1
ts;	 1
LEAS	 1
narc	 1
ar,	 1
iety.	 1
_rest	 1
PECI	 1
_an_	 1
me,_	 1
xp	 1
TY_	 1
Const	 1
nted	 1
ds_	 1
rnal	 1
es?_	 1
tru	 1
cio	 1
eser	 1
xande	 1
_had_	 1
usion	 1
rates	 1
_libe	 1
_SPEC	 1
ADOP	 1
chec	 1
rupt	 1
_q	 1
lict_	 1
igi	 1
rob	 1
tiona	 1
oniz	 1
eem	 1
_Mil	 1
usne	 1
wer,	 1
mend	 1
ull_	 1
formi	 1
ilegi	 1
res?	 1
ila	 1
egisl	 1
fusio	 1
puti	 1
rte	 1
y.	 1
ented	 1
ve,_	 1
avora	 1
rev	 1
lot,_	 1
unsoc	 1
uous	 1
ays	 1
siv	 1
hae	 1
eces	 1
elf;	 1
pass	 1
_gro	 1
_ens	 1
ime,	 1
ordin	 1
tes_	 1
ache	 1
ffer	 1
trum	 1
veig	 1
asu	 1
ial,_	 1
ormer	 1
itie	 1
iffer	 1
RVE	 1
_pl	 1
_But	 1
_prob	 1
cor	 1
_NEC	 1
ce,	 1
eigl	 1
ure._	 1
ongr	 1
ERVE_	 1
NT_	 1
CESS	 1
inv	 1
rotec	 1
all_	 1
hec	 1
igh	 1
eore	 1
DOP	 1
_act_	 1
_AFF	 1
_citi	 1
nif	 1
ck_	 1
_gi	 1
sues_	 1
erci	 1
ES_	 1
_havi	 1
dvant	 1
oves	 1
_pre	 1
arter	 1
tever	 1
fici	 1
nges	 1
rve_	 1
ordi	 1
num	 1
OPTI	 1
e;	 1
royin	 1
don.	 1
ifo	 1
_sac	 1
_wise	 1
gar	 1
self	 1
fewe	 1
_peac	 1
VA	 1
mong	 1
_body	 1
ar;_	 1
ngea	 1
nqu	 1
ecess	 1
ree,_	 1
cure	 1
AS	 1
veng	 1
erive	 1
ssimi	 1
aean	 1
hing	 1
ustr	 1
memo	 1
AST	 1
sm	 1
atron	 1
late	 1
cious	 1
ils,	 1
der,_	 1
akene	 1
endly	 1
tors,	 1
orr	 1
pat	 1
die	 1
Ma	 1
oan	 1
_ea	 1
cam	 1
groan	 1
ides_	 1
jud	 1
thou	 1
rrup	 1
smemb	 1
its_	 1
nces	 1
dva	 1
_veng	 1
lly	 1
_Had	 1
gard	 1
_rec	 1
dist	 1
EAS	 1
_goo	 1
cts_	 1
_one_	 1
anufa	 1
ument	 1
verse	 1
opti	 1
_WIL	 1
esser	 1
Milot	 1
_Tha	 1
slat	 1
_equ	 1
speci	 1
lize	 1
_But_	 1
ls,	 1
re,	 1
ians,	 1
eck_	 1
must_	 1
const	 1
odu	 1
citie	 1
rac	 1
ined	 1
vorab	 1
han_	 1
ber,_	 1
entl	 1
tende	 1
NIO	 1
_Gre	 1
ges,	 1
Ach	 1
nquis	 1
esent	 1
dese	 1
betr	 1
lst_	 1
disse	 1
xecu	 1
anin	 1
xecut	 1
ould,	 1
utive	 1
never	 1
dve	 1
lve	 1
ibe	 1
RD	 1
nuou	 1
forme	 1
acril	 1
instr	 1
ve,	 1
SPECI	 1
uch,_	 1
NECES	 1
nscio	 1
obj	 1
lity,	 1
have,	 1
_amon	 1
ow	 1
ety,	 1
_dest	 1
sues	 1
_alie	 1
pla	 1
ncy	 1
gion	 1
beca	 1
en.	 1
ned,	 1
ropr	 1
_powe	 1
priet	 1
wrong	 1
icien	 1
indi	 1
_fu	 1
pecti	 1
fri	 1
ures?	 1
_memo	 1
don._	 1
ensio	 1
may_	 1
_rega	 1
itat	 1
_redu	 1
atev	 1
_Acha	 1
Gre	 1
cedon	 1
nv	 1
nsup	 1
ghten	 1
ics_	 1
nsta	 1
_dese	 1
flame	 1
whe	 1
pti	 1
ece	 1
cedo	 1
iew,_	 1
alone	 1
nds	 1
awed	 1
ESSI	 1
ms_	 1
enge	 1
certa	 1
de_	 1
_ado	 1
hil	 1
ty.	 1
each_	 1
erfec	 1
those	 1
ttemp	 1
ERNM	 1
liz	 1
lics_	 1
ained	 1
infli	 1
ITY_	 1
_H	 1
tab	 1
say	 1
Mace	 1
_This	 1
tativ	 1
sacr	 1
_peop	 1
CIES_	 1
ety.	 1
tives	 1
_der	 1
onal	 1
iar	 1
bbe	 1
ors,_	 1
ecame	 1
bbe_	 1
rym	 1
arte	 1
intr	 1
wise	 1
rove	 1
rod	 1
ivals	 1
_alr	 1
ou_	 1
says_	 1
orme	 1
ducem	 1
nize	 1
_corr	 1
_jud	 1
nsoc	 1
sary	 1
men.	 1
rega	 1
subs	 1
_sha	 1
tempt	 1
vo	 1
gro	 1
ME	 1
ntime	 1
iol	 1
enlig	 1
gnt	 1
VATIO	 1
ched	 1
venge	 1
wer_	 1
ilot	 1
under	 1
cle_	 1
ym	 1
ts;_	 1
firs	 1
OVE	 1
eli	 1
_Abb	 1
hati	 1
ake	 1
_wron	 1
onic_	 1
ved	 1
SSI	 1
_Whil	 1
anta	 1
nder_	 1
gitat	 1
union	 1
vide	 1
liber	 1
gean	 1
optio	 1
ine	 1
aced	 1
came_	 1
wel	 1
rom_	 1
stab	 1
h,_	 1
_too	 1
ensue	 1
obs	 1
unifo	 1
merce	 1
UNIO	 1
ably_	 1
troni	 1
reat_	 1
ather	 1
_AT_	 1
SP	 1
snes	 1
ESSIT	 1
ona	 1
great	 1
ffici	 1
than	 1
succ	 1
hatic	 1
just	 1
ur_	 1
Thi	 1
ances	 1
ingen	 1
ood_	 1
lam	 1
PTI	 1
ak_	 1
disin	 1
qui	 1
ncy_	 1
rchy	 1
_new	 1
ade_	 1
stra	 1
_ope	 1
w,_	 1
forei	 1
ee,_	 1
estro	 1
ter,	 1
DOPT	 1
EA	 1
patr	 1
rom	 1
here_	 1
_obta	 1
_unde	 1
cle	 1
_Mi	 1
rst_	 1
anq	 1
OVERN	 1
peopl	 1
shal	 1
roan	 1
nion_	 1
ains	 1
enuou	 1
ae	 1
heor	 1
tray	 1
exand	 1
itici	 1
cer	 1
came	 1
_ext	 1
icti	 1
_pow	 1
ntly	 1
_sen	 1
citi	 1
sure	 1
perty	 1
ther;	 1
cian	 1
hten	 1
vid	 1
hils	 1
_LEA	 1
uenti	 1
?_	 1
pecie	 1
new	 1
prese	 1
w,	 1
nic_	 1
uced_	 1
ECI	 1
cture	 1
PE	 1
deriv	 1
xec	 1
_rem	 1
ot,	 1
nn	 1
pal	 1
RN	 1
_SP	 1
ally	 1
RNMEN	 1
ocia	 1
epre	 1
VER	 1
mong_	 1
_whe	 1
your	 1
oba	 1
rdina	 1
hy	 1
emen	 1
essa	 1
her;_	 1
ilst	 1
_GOVE	 1
ful	 1
oret	 1
depri	 1
le,	 1
mende	 1
erf	 1
poil	 1
_ali	 1
emor	 1
nct_	 1
nces_	 1
reli	 1
sn	 1
shed	 1
view,	 1
ld,_	 1
nded.	 1
riend	 1
attem	 1
gen	 1
gua	 1
ning	 1
lve_	 1
sc	 1
body_	 1
ay,	 1
btain	 1
nsc	 1
upte	 1
nder,	 1
irst	 1
ADOPT	 1
entim	 1
sol	 1
empt	 1
ranny	 1
from	 1
re,_	 1
SI	 1
vers	 1
troyi	 1
opert	 1
era_	 1
strat	 1
opt	 1
onfli	 1
rna	 1
bab	 1
ativ	 1
wise_	 1
nuous	 1
exa	 1
ason	 1
ople	 1
fir	 1
nligh	 1
iment	 1
respe	 1
ilot,	 1
mphat	 1
had	 1
inge	 1
eop	 1
ATIO	 1
_That	 1
igion	 1
_wis	 1
ERN	 1
ade;	 1
l,_	 1
_cure	 1
uishe	 1
_palp	 1
cs	 1
llust	 1
ticia	 1
acy	 1
uardi	 1
prob	 1
much	 1
ERVA	 1
giou	 1
ronge	 1
ys_	 1
est_	 1
induc	 1
_pers	 1
nufac	 1
left	 1
ning_	 1
erabl	 1
eek	 1
ft	 1
lst	 1
rovid	 1
_AT	 1
subst	 1
fect	 1
uo	 1
Theor	 1
destr	 1
mora	 1
eso	 1
ertai	 1
der_	 1
_qua	 1
means	 1
chai	 1
bi	 1
hea	 1
hold_	 1
depr	 1
untr	 1
NION	 1
niz	 1
ega	 1
ached	 1
_say	 1
This	 1
unc	 1
rded	 1
upera	 1
rcise	 1
nized	 1
ility	 1
tyons	 1
VE_	 1
into	 1
ilate	 1
good	 1
vio	 1
iety,	 1
w_	 1
_equa	 1
llus	 1
cil	 1
stac	 1
am_	 1
ESS	 1
quis	 1
Congr	 1
hough	 1
whate	 1
NME	 1
bject	 1
_ri	 1
ndly	 1
Gr	 1
full_	 1
rmen	 1
odies	 1
dency	 1
pts	 1
ILL	 1
bjec	 1
ugh_	 1
Cons	 1
lati	 1
cs_	 1
_firs	 1
_awar	 1
olve	 1
insup	 1
dinar	 1
_king	 1
_prev	 1
mity	 1
adva	 1
epres	 1
tacle	 1
ut_	 1
repub	 1
iousn	 1
ody_	 1
liti	 1
enary	 1
_awe	 1
singe	 1
_esse	 1
timen	 1
agita	 1
ongre	 1
lame_	 1
jus	 1
Alex	 1
btai	 1
rese	 1
ot_	 1
esen	 1
yrann	 1
_pol	 1
ned,_	 1
ufact	 1
immen	 1
emph	 1
FFOR	 1
_qu	 1
hain	 1
udici	 1
ilers	 1
oile	 1
mus	 1
athe	 1
actur	 1
tabil	 1
sne	 1
made;	 1
ade;_	 1
eat	 1
ealo	 1
cat	 1
_mer	 1
Ac	 1
palpa	 1
ds	 1
_era_	 1
_rath	 1
_flam	 1
sts;_	 1
shed_	 1
genuo	 1
emai	 1
ains,	 1
iary_	 1
ects_	 1
fectl	 1
ndly_	 1
SITY	 1
_obs	 1
simi	 1
IES_	 1
ngest	 1
kinds	 1
age.	 1
uld,_	 1
ssary	 1
ttach	 1
AFF	 1
ull	 1
iss	 1
_NE	 1
icat	 1
SITY_	 1
unf	 1
_obj	 1
OPTIO	 1
fer	 1
ewer_	 1
RVAT	 1
I_	 1
ffe	 1
lf	 1
recom	 1
_oper	 1
_it._	 1
ave,	 1
plac	 1
aeans	 1
teve	 1
ers,	 1
ntrym	 1
gling	 1
rter,	 1
uish	 1
RNM	 1
ctur	 1
_adve	 1
eigli	 1
blics	 1
esso	 1
icie	 1
cial,	 1
olen	 1
itse	 1
ces_	 1
_it.	 1
rived	 1
_obst	 1
eserv	 1
ATION	 1
ndle	 1
ictl	 1
aken	 1
cts.	 1
enu	 1
ons,_	 1
lated	 1
vanq	 1
execu	 1
rment	 1
xerc	 1
erna	 1
xc	 1
ently	 1
ld,	 1
had_	 1
ons,	 1
eri	 1
_ess	 1
cils	 1
eople	 1
_Ma	 1
essor	 1
one,	 1
irst_	 1
nted,	 1
bb	 1
NMENT	 1
ADO	 1
rdian	 1
dici	 1
rce	 1
RVATI	 1
ne,	 1
lous,	 1
_tend	 1
D_	 1
ril	 1
arty	 1
_emp	 1
pts,_	 1
upt	 1
uld,	 1
ovi	 1
_ana	 1
rfec	 1
_pla	 1
rr	 1
robab	 1
tabi	 1
eti	 1
ucing	 1
ffere	 1
reti	 1
sts.	 1
_war,	 1
_pea	 1
_awa	 1
_inj	 1
houg	 1
jealo	 1
ngenu	 1
cally	 1
emo	 1
tray_	 1
ann	 1
rum	 1
trat	 1
_hap	 1
pte	 1
ling	 1
_red	 1
rume	 1
ote	 1
emain	 1
lone	 1
exan	 1
uch	 1
_I	 1
_sent	 1
ined,	 1
_ever	 1
latio	 1
_alo	 1
well	 1
dvers	 1
morab	 1
ty._	 1
htene	 1
milat	 1
_eq	 1
frie	 1
As_	 1
obje	 1
_new_	 1
pen_	 1
inct_	 1
racy	 1
pres	 1
Maced	 1
litic	 1
legis	 1
_riva	 1
invei	 1
nuf	 1
goo	 1
redu	 1
bers,	 1
_WI	 1
_Ach	 1
stabi	 1
ntag	 1
_imm	 1
_van	 1
bert	 1
umen	 1
ilat	 1
confl	 1
_well	 1
ad.	 1
groa	 1
ite_	 1
avi	 1
rymen	 1
_ful	 1
sor	 1
reaso	 1
eeks,	 1
eput	 1
bers_	 1
resol	 1
gl	 1
SERVE	 1
give	 1
_war;	 1
eason	 1
_Had_	 1
_cor	 1
injus	 1
mmend	 1
vin	 1
nsive	 1
ek	 1
eopl	 1
lie	 1
erce	 1
rity,	 1
frage	 1
val	 1
man	 1
tice	 1
cies_	 1
bta	 1
sts,_	 1
ba	 1
tica	 1
tures	 1
rees	 1
OV	 1
hall	 1
atta	 1
resen	 1
ture_	 1
lf;_	 1
uper	 1
alon	 1
lized	 1
olent	 1
ages,	 1
IL	 1
ercis	 1
cenar	 1
trodu	 1
_stri	 1
repr	 1
regar	 1
uali	 1
vanqu	 1
_NECE	 1
happe	 1
indu	 1
_unio	 1
tecti	 1
oanin	 1
h,	 1
kindl	 1
bili	 1
lp	 1
ism	 1
ecie	 1
ili	 1
ad._	 1
_GOV	 1
indl	 1
event	 1
unif	 1
duci	 1
cl	 1
_er	 1
eca	 1
er;	 1
_Alex	 1
nfr	 1
king	 1
ects	 1
prie	 1
rileg	 1
rot	 1
rmit	 1
our._	 1
ness	 1
onsci	 1
ighte	 1
anqui	 1
Al	 1
thoug	 1
elf;_	 1
eto	 1
_obje	 1
too	 1
_obt	 1
udic	 1
our.	 1
gnti	 1
_reso	 1
FORD	 1
unso	 1
actu	 1
vides	 1
hy_	 1
lpab	 1
_che	 1
eriv	 1
onge	 1
prive	 1
kenen	 1
cils,	 1
_then	 1
polit	 1
ce,_	 1
ving	 1
cies	 1
cut	 1
lent	 1
Theo	 1
confu	 1
gree,	 1
cena	 1
utie	 1
ers,_	 1
socia	 1
perab	 1
_deri	 1
yonic	 1
seve	 1
enene	 1
ead.	 1
educ	 1
adop	 1
ieto	 1
hilst	 1
ECESS	 1
ures	 1
peo	 1
ssens	 1
uffic	 1
arty_	 1
haean	 1
ees	 1
mmens	 1
njus	 1
ilst_	 1
lone_	 1
mple	 1
mpt	 1
_seem	 1
solv	 1
ware_	 1
poile	 1
yoni	 1
und_	 1
sts._	 1
ally_	 1
ffrag	 1
ress	 1
obab	 1
despo	 1
es?	 1
powe	 1
eks,	 1
supe	 1
Had	 1
age._	 1
aea	 1
_thos	 1
_Ha	 1
her;	 1
perfe	 1
ffra	 1
gea	 1
ecies	 1
ived,	 1
rst	 1
_beca	 1
eft_	 1
cien	 1
ar,_	 1
otec	 1
odi	 1
heore	 1
GOV	 1
LEAST	 1
son	 1
tern	 1
frag	 1
_noth	 1
cal	 1
igli	 1
B	 1
Wh	 1
tious	 1
avin	 1
nstr	 1
ced_	 1
ree,	 1
umb	 1
CIE	 1
_Cong	 1
preve	 1
nded_	 1
_num	 1
dica	 1
nsoci	 1
ests.	 1
eor	 1
_hol	 1
ken	 1
_nece	 1
ereig	 1
ist	 1
poi	 1
prot	 1
strum	 1
etic	 1
_alre	 1
ST	 1
_il	 1
war;	 1
ealou	 1
tin	 1
lust	 1
obt	 1
may,_	 1
Whi	 1
_itse	 1
meas	 1
gion,	 1
ensiv	 1
ety._	 1
avor	 1
dif	 1
hed,	 1
lrea	 1
alie	 1
ans_	 1
acr	 1
nfus	 1
ny	 1
hour.	 1
iolen	 1
feren	 1
_mean	 1
_atte	 1
obta	 1
_temp	 1
oyin	 1
ecu	 1
justi	 1
NMEN	 1
_your	 1
VAT	 1
_head	 1
ugh	 1
upe	 1
untry	 1
alien	 1
onfus	 1
prote	 1
atr	 1
imil	 1
roves	 1
ny_	 1
ubsti	 1
espo	 1
imm	 1
ks	 1
NI	 1
_cert	 1
_may,	 1
nsue	 1
merc	 1
alpa	 1
ligio	 1
nev	 1
perf	 1
tsel	 1
_full	 1
rcen	 1
ee,	 1
olit	 1
arded	 1
_fla	 1
nin	 1
berm	 1
jeal	 1
CI	 1
ice	 1
indic	 1
lot	 1
s?	 1
hol	 1
_vanq	 1
rup	 1
ber_	 1
_sp	 1
mean	 1
_Ac	 1
consc	 1
nct	 1
EAST_	 1
ge.	 1
ryme	 1
ymen.	 1
chy	 1
egio	 1
_UNIO	 1
stroy	 1
stru	 1
SS	 1
_Gr	 1
edu	 1
_dism	 1
cial	 1
ubs	 1
manuf	 1
new_	 1
_numb	 1
agi	 1
essar	 1
alous	 1
gives	 1
_agi	 1
ntly_	 1
much,	 1
place	 1
ays_	 1
etor	 1
inve	 1
_eac	 1
lpa	 1
de;	 1
repre	 1
iary	 1
ndic	 1
mity_	 1
corru	 1
ciar	 1
s;_	 1
serve	 1
ies._	 1
berty	 1
Had_	 1
eks,_	 1
spect	 1
_gu	 1
acle	 1
S_	 1
But_	 1
frien	 1
ative	 1
dina	 1
ave,_	 1
ell_	 1
isme	 1
AF	 1
ple,_	 1
iendl	 1
ests,	 1
_je	 1
inju	 1
ended	 1
check	 1
xa	 1
expen	 1
templ	 1
ency_	 1
al,_	 1
there	 1
relig	 1
sts,	 1
DO	 1
advan	 1
nsiv	 1
ent._	 1
mpts	 1
Achae	 1
guard	 1
adver	 1
grees	 1
spo	 1
cen	 1
ions,	 1
empl	 1
ignti	 1
dism	 1
left_	 1
war;_	 1
quart	 1
ure,_	 1
tice,	 1
ntro	 1
anny_	 1
rictl	 1
enar	 1
iole	 1
atica	 1
ted,_	 1
stron	 1
sors_	 1
denc	 1
_poli	 1
rival	 1
peop	 1
_groa	 1
espe	 1
few	 1
eeks	 1
judi	 1
rages	 1
form_	 1
es._	 1
alou	 1
usti	 1
us,_	 1
om_	 1
fla	 1
_giv	 1
crile	 1
heck_	 1
_Ab	 1
succe	 1
utiv	 1
dvan	 1
lot,	 1
pol	 1
ustic	 1
aine	 1
icts.	 1
ymen	 1
dop	 1
cure_	 1
ra_	 1
_exte	 1
rter	 1
time_	 1
orm_	 1
ECIE	 1
icall	 1
ple,	 1
epri	 1
Tha	 1
roni	 1
_quar	 1
hai	 1
sar	 1
_left	 1
alr	 1
gis	 1
ho_	 1
oiler	 1
heo	 1
MENT_	 1
upted	 1
erab	 1
trym	 1
xpen	 1
bably	 1
_hold	 1
rse_	 1
anny	 1
ption	 1
mber,	 1
cri	 1
_sacr	 1
uties	 1
othi	 1
_much	 1
rong_	 1
eme	 1
archy	 1
rmi	 1
Y	 1
gress	 1
ving_	 1
erac	 1
cise_	 1
_fav	 1
rage	 1
lien	 1
antag	 1
garde	 1
your_	 1
_N	 1
opl	 1
derat	 1
_indu	 1
oying	 1
xcit	 1
iva	 1
suffi	 1
_ass	 1
happ	 1
le._	 1
numbe	 1
eck	 1
_Theo	 1
uis	 1
lien_	 1
erse_	 1
educi	 1
fewer	 1
rem	 1
bsta	 1
RVA	 1
awa	 1
_ensu	 1
prev	 1
_had	 1
ietor	 1
measu	 1
rive_	 1
xcite	 1
one,_	 1
act_	 1
power	 1
becam	 1
ck	 1
ictly	 1
old	 1
manu	 1
orrup	 1
icts	 1
odie	 1
rmer	 1
bstit	 1
perse	 1
ks,	 1
dicia	 1
lef	 1
lity	 1
bodi	 1
_._	 1
erent	 1
_its_	 1
Ab	 1
not_	 1
_ce	 1
unio	 1
_shal	 1
diff	 1
_AFFO	 1
WILL	 1
don	 1
sue	 1
wr	 1
ous,_	 1
ecuti	 1
_Al	 1
_op	 1
grea	 1
ntie	 1
rdin	 1
tens	 1
essen	 1
hate	 1
nfrie	 1
_thou	 1
cise	 1
nstab	 1
rve	 1
nened	 1
ITY	 1
ardi	 1
sim	 1
aso	 1
As	 1
ice,	 1
ui	 1
ch,	 1
disti	 1
_pass	 1
CIES	 1
ricti	 1
call	 1
emora	 1
_illu	 1
_indi	 1
putie	 1
epriv	 1
rtai	 1
_ord	 1
exci	 1
_dif	 1
_ra	 1
ling_	 1
war,_	 1
unded	 1
IT	 1
tened	 1
sness	 1
inds	 1
acy_	 1
otect	 1
ormi	 1
men._	 1
imme	 1
_imme	 1
han	 1
_fro	 1
ena	 1
ander	 1
_suc	 1
_resp	 1
ERVE	 1
yons	 1
_LE	 1
rci	 1
bsti	 1
senta	 1
erfe	 1
objec	 1
ghte	 1
espoi	 1
ud	 1
lus	 1
mens	 1
rile	 1
yi	 1
adopt	 1
_viol	 1
perat	 1
A_	 1
ibert	 1
_perf	 1
FO	 1
al,	 1
iend	 1
rmity	 1
ch,_	 1
genu	 1
Ha	 1
_patr	 1
guar	 1
ably	 1
ardia	 1
lers_	 1
__	 1
_prot	 1
ell	 1
AST_	 1
anuf	 1
_must	 1
IES	 1
er;_	 1
tensi	 1
ks,_	 1
dly	 1
awar	 1
WI	 1
when_	 1
main	 1
L_	 1
tene	 1
_fl	 1
ngean	 1
uns	 1
me,	 1
ileg	 1
ligh	 1
pha	 1
ctive	 1
ood	 1
onsc	 1
pense	 1
lers	 1
ew,	 1
ensu	 1
ctiv	 1
arch	 1
ernal	 1
ered_	 1
rodu	 1
ucce	 1
alre	 1
ictio	 1
eady_	 1
hal	 1
_vio	 1
ower	 1
OVER	 1
igl	 1
ord	 1
assim	 1
s?_	 1
derac	 1
gli	 1
_Milo	 1
pect	 1
anu	 1
bly	 1
rf	 1
e;_	 1
ucces	 1
exp	 1
es.	 1
uou	 1
xte	 1
That	 1
cuti	 1
elig	 1
ted,	 1
ead._	 1
ray_	 1
ECE	 1
maine	 1
nto	 1
f;_	 1
dle_	 1
wer,_	 1
havin	 1
tic_	 1
itic	 1
_Wh	 1
AFFO	 1
ersev	 1
cce	 1
yme	 1
_uns	 1
_GO	 1
ion.	 1
rath	 1
inj	 1
nsues	 1
ole	 1
ages	 1
ntage	 1
_reg	 1
_succ	 1
_li	 1
esolv	 1
inct	 1
ware	 1
ntry	 1
appen	 1
enuo	 1
ctiou	 1
eputi	 1
nsio	 1
acri	 1
obsta	 1
r.	 1
troy	 1
prove	 1
ousn	 1
njust	 1
ECIES	 1
stin	 1
s;	 1
en._	 1
des_	 1
ib	 1
nden	 1
rde	 1
quish	 1
pow	 1
overe	 1
ina	 1
uarte	 1
llu	 1
_emph	 1
xpens	 1
ady	 1
weake	 1
peac	 1
Milo	 1
sive_	 1
ors,	 1
FFORD	 1
rel	 1
libe	 1
oves_	 1
tiou	 1
than_	 1
_eve	 1
deput	 1
our_	 1
MENT	 1
uard	 1
usn	 1
onal_	 1
_ten	 1
_leg	 1
re._	 1
neve	 1
ues_	 1
atic	 1
mon	 1
iew,	 1
sive	 1
_wel	 1
_alon	 1
lin	 1
ment.	 1
oil	 1
oa	 1
dians	 1
_dist	 1
This_	 1
reat	 1
nen	 1
epubl	 1
lame	 1
vant	 1
te_	 1
SSIT	 1
dver	 1
unfri	 1
pable	 1
_bodi	 1
vals	 1
cc	 1
ntrod	 1
reek	 1
u_	 1
ure,	 1
us,	 1
Mac	 1
sme	 1
ors_	 1
_unfr	 1
git	 1
igio	 1
nifo	 1
rec	 1
ectiv	 1
ates	 1
lre	 1
sover	 1
fra	 1
mpha	 1
Abbe	 1
unfr	 1
lace_	 1
NEC	 1
eignt	 1
tacl	 1
phati	 1
asons	 1
ge._	 1
ewer	 1
seems	 1
verei	 1
oi	 1
ime,_	 1
deri	 1
ins,_	 1
ectly	 1
erei	 1
less_	 1
ndenc	 1
aware	 1
LE	 1
adve	 1
ducin	 1
rien	 1
lv	 1
xt	 1
sacri	 1
ound_	 1
sing	 1
roba	 1
tend	 1
gest_	 1
tect	 1
FORD_	 1
whose	 1
oug	 1
abil	 1
cces	 1
dicat	 1
acle_	 1
_give	 1
icati	 1
entat	 1
NION_	 1
pts,	 1
ities	 1
sove	 1
viol	 1
dopt	 1
imila	 1
reduc	 1
_cit	 1
ngen	 1
_not_	 1
yin	 1
ht	 1
ssim	 1
TY	 1
ous,	 1
ians_	 1
ded.	 1
dian	 1
gntie	 1
NECE	 1
cril	 1
dies_	 1
awe	 1
istin	 1
corr	 1
vor	 1
lly_	 1
chaea	 1
_good	 1
onize	 1
cite	 1
iona	 1
_adop	 1
obst	 1
sever	 1
_L	 1
_tem	 1
memor	 1
ched,	 1
count	 1
_gre	 1
each	 1
usio	 1
ORD_	 1
etra	 1
uch,	 1
nveig	 1
ptio	 1
emple	 1
ualiz	 1
dia	 1
unci	 1
_Ale	 1
esol	 1
scio	 1
ges,_	 1
indle	 1
ems_	 1
_pat	 1
_Bu	 1
iciar	 1
_desp	 1
bilit	 1
ar;	 1
full	 1
ed.	 1
_wr	 1
_enli	 1
abi	 1
disme	 1
imen	 1
ERNME	 1
nduce	 1
ered	 1
equa	 1
_merc	 1
retic	 1
espec	 1
ower,	 1
unt	 1
nfu	 1
heck	 1
sts;	 1
agit	 1
ish	 1
lr	 1
bil	 1
lf;	 1
dest	 1
eace_	 1
_UNI	 1
from_	 1
ress_	 1
alize	 1
_enl	 1
LL_	 1
GOVER	 1
Acha	 1
obtai	 1
SSITY	 1
tyoni	 1
_favo	 1
RD_	 1
_im	 1
ew,_	 1
sur	 1
VERN	 1
among	 1
IE	 1
attac	 1
_fi	 1
fore	 1
well_	 1
_plac	 1
issen	 1
ounc	 1
_rema	 1
ght	 1
tev	 1
ical	 1
ntati	 1
ngres	 1
Ale	 1
light	 1
mberm	 1
sons_	 1
enl	 1
tec	 1
_inve	 1
ga	 1
cians	 1
exer	 1
oreig	 1
ndu	 1
restr	 1
_sove	 1
ial,	 1
_diss	 1
glin	 1
iff	 1
ffi	 1
_chec	 1
ateve	 1
thos	 1
tage.	 1
_Thi	 1
terna	 1
eat_	 1
ple.	 1
_one,	 1
_unso	 1
nfri	 1
fere	 1
tach	 1
roniz	 1
oo_	 1
ign_	 1
diffe	 1
ucc	 1
_each	 1
EAST	 1
_AF	 1
endl	 1
owe	 1
easu	 1
then_	 1
egar	 1
epub	 1
enta	 1
_jea	 1
ough	 1
ems	 1
tical	 1
ciou	 1
lustr	 1
judic	 1
passi	 1
enli	 1
nes	 1
evere	 1
opr	 1
xerci	 1
_exci	 1
gh_	 1
ntat	 1
_depr	 1
vanta	 1
tself	 1
tryme	 1
sure,	 1
rfect	 1
reeks	 1
_cur	 1
pert	 1
counc	 1
diss	 1
edo	 1
_As	 1
weak_	 1
eoret	 1
nto_	 1
_lef	 1
ft_	 1
ligi	 1
estri	 1
asure	 1
tes	 1
ests;	 1
That_	 1
ug	 1
ATI	 1
amon	 1
tta	 1
NM	 1
inar	 1
cur	 1
legio	 1
racy_	 1
nic	 1
jea	 1
wed_	 1
OPT	 1
ates_	 1
_lib	 1
_betr	 1
ttac	 1
_amo	 1
_guar	 1
sov	 1
geanc	 1
VERNM	 1
ovide	 1
ved,	 1
ext	 1
AD	 1
GOVE	 1
_may_	 1
eems_	 1
ccess	 1
ne,_	 1
tse	 1
depu	 1
hold	 1
alpab	 1
xand	 1
rfe	 1
dies	 1
lesse	 1
_As_	 1
head.	 1
nuo	 1
ight	 1
_ordi	 1
rent_	 1
sons	 1
bec	 1
hour	 1
_riv	 1
ach_	 1
egard	 1
excit	 1
ict_	 1
ecom	 1
_you_	 1
bj	 1
rv	 1
_LEAS	 1
usnes	 1
here	 1
rsev	 1
_ther	 1
uentl	 1
eems	 1
wed	 1
stice	 1
lexan	 1
too_	 1
den	 1
ffic	 1
ies.	 1
olv	 1
stacl	 1
rieto	 1
egis	 1
xci	 1
_hea	 1
slati	 1
chain	 1
ufac	 1
len	 1
solve	 1
ded._	 1
_Whi	 1
insta	 1
mple.	 1
_happ	 1
_too_	 1
orei	 1
_exer	 1
_atta	 1
ient	 1
ngre	 1
_grea	 1
put	 1
ency	 1
_rea	 1
wis	 1
hap	 1
nqui	 1
onic	 1
FFO	 1
havi	 1
ur._	 1
_Mace	 1
ceme	 1
_man	 1
ssa	 1
ectl	 1
ject	 1
mense	 1
propr	 1
_unf	 1
_insu	 1
ety,_	 1
pted	 1
chy_	 1
desp	 1
nsci	 1
_anar	 1
rseve	 1
rded_	 1
eft	 1
_reco	 1
ved,_	 1
remai	 1
ties.	 1
ot,_	 1
uffr	 1
uced	 1
rumen	 1
uart	 1
_cu	 1
oli	 1
isin	 1
ande	 1
xpe	 1
disi	 1
must	 1
ttem	 1
cem	 1
body	 1
But	 1
_act	 1
onfl	 1
_ac	 1
_diff	 1
_awed	 1
nq	 1
_Cons	 1
sha	 1
anqu	 1
iglin	 1
eady	 1
uffi	 1
isti	 1
vei	 1
fic	 1
res?_	 1
eace	 1
king_	 1
lib	 1
_pas	 1
elf	 1
ani	 1
nsupe	 1
_muc	 1
Y_	 1
MEN	 1
uncil	 1
giv	 1
lous	 1
sary_	 1
onges	 1
nj	 1
hed,_	 1
_exc	 1
ys	 1
fro	 1
ffr	 1
ived	 1
_rel	 1
_subs	 1
ls,_	 1
od_	 1
ado	 1
ssar	 1
RVE_	 1
PTIO	 1
CES	 1
r._	 1
obabl	 1
bly_	 1
ousne	 1
nve	 1
etray	 1
Cong	 1
ready	 1
ath	 1
nt._	 1
_inv	 1
udi	 1
WILL_	 1
nny_	 1
suc	 1
l,	 1
_nu	 1
Greek	 1
dopti	 1
ics	 1
_expe	 1
who_	 1
etr	 1
eracy	 1
oyi	 1
tinct	 1
lou	 1
poli	 1
_stro	 1
_ADOP	 1
says	 1
rdia	 1
VATI	 1
ils,_	 1
trod	 1
lon	 1
_B	 1
flam	 1
ished	 1
_says	 1
berme	 1
noth	 1
neces	 1
chae	 1
atte	 1
eak_	 1
bstac	 1
fec	 1
ying_	 1
cient	 1
equal	 1
_chai	 1
ndle_	 1
_bec	 1
FF	 1
ite	 1
smem	 1
wro	 1
_intr	 1
ounci	 1
roani	 1
into_	 1
_bet	 1
f;	 1
proba	 1
sens	 1
ual	 1
Gree	 1
irs	 1
ren	 1
EN	 1
usi	 1
ising	 1
vent	 1
yons_	 1
ENT	 1
when	 1
ady_	 1
exte	 1
deser	 1
acedo	 1
eign_	 1
itsel	 1
rathe	 1
iber	 1
easur	 1
_hour	 1
mai	 1
lics	 1
_from	 1
_than	 1
etic_	 1
rovi	 1
PTION	 1
amo	 1
nlig	 1
priv	 1
rm_	 1
shall	 1
ILL_	 1
_exec	 1
kene	 1
gious	 1
_peo	 1
onfu	 1
eanc	 1
nec	 1
hall_	 1
ien_	 1
rtain	 1
quali	 1
_ag	 1
uffra	 1
_fir	 1
reg	 1
time,	 1
mila	 1
sev	 1
_pal	 1
le.	 1
engea	 1
riva	 1
sser_	 1
hte	 1
AFFOR	 1
gisla	 1
ropri	 1
ture.	 1
_unif	 1
pas	 1
rag	 1
ORD	 1
tated	 1
Mil	 1
sel	 1
ter,_	 1
tors	 1
nties	 1
_adva	 1
simil	 1
sso	 1
_und	 1
Abbe_	 1
anarc	 1
_ev	 1
ufa	 1
ciary	 1
insu	 1
ocial	 1
ume	 1
stinc	 1
ness_	 1
LEA	 1
duced	 1
bt	 1
rees_	 1
_gua	 1
ctu	 1
tor	 1
ime_	 1
imi	 1
ermen	 1
ssors	 1
cutiv	 1
sup	 1
NE	 1
ntern	 1
nfusi	 1
gita	 1
spoil	 1
_reas	 1
ssor	 1
_jeal	 1
hains	 1
awed_	 1
nt.	 1
oreti	 1
ovid	 1
oliti	 1
lex	 1
isla	 1
vente	 1
anar	 1
ice,_	 1
what_	 1
_spec	 1
_disi	 1
trate	 1
CE	 1
inary	 1
_Mac	 1
_who_	 1
nvei	 1
nsion	 1
_mus	 1
ismem	 1
_ju	 1
SPEC	 1
ncil	 1
try	 1
re.	 1
lexa	 1
ying	 1
ure.	 1
quar	 1
islat	 1
ody	 1
oy	 1
ician	 1
ECES	 1
read	 1
aliz	 1
rcena	 1
nny	 1
empha	 1
eng	 1
Whil	 1
mil	 1
oduc	 1
enen	 1
olve_	 1
umbe	 1
sciou	 1
ret	 1
nl	 1
ecam	 1
ERVAT	 1
_few	 1
rema	 1
eren	 1
rupte	 1
_em	 1
der,	 1
exc	 1
nduc	 1
bodie	 1
see	 1
gn_	 1
ional	 1
tici	 1
peace	 1
tati	 1
uent_	 1
ray	 1
PECIE	 1
eake	 1
reco	 1
_sov	 1
luent	 1
NT	 1
cert	 1
_reli	 1
_legi	 1
hed_	 1
ntim	 1
erve	 1
licts	 1
tag	 1
trume	 1
good_	 1
catio	 1
ana	 1
roa	 1
egiou	 1
rann	 1
it._	 1
_assi	 1
iler	 1
mer_	 1
bje	 1
ount	 1
may,	 1
_depu	 1
_ill	 1
ormit	 1
SERVA	 1
_wro	 1
ifor	 1
iform	 1
ubst	 1
exten	 1
enden	 1
ecomm	 1
_ven	 1
ecut	 1
ay,_	 1
rch	 1
seem	 1
oprie	 1
tion.	 1
_SPE	 1
ppen	 1
_whos	 1
_meas	 1
jects	 1
trong	 1
ust_	 1
self;	 1
vered	 1
erv	 1
etors	 1
viole	 1
easo	 1
inds_	 1
ival	 1
OP	 1
ler	 1
_neve	 1
ignt	 1
assio	 1
rote	 1
y._	 1
CESSI	 1
alrea	 1
_fore	 1
itate	 1
peci	 1
_ve	 1
erm	 1
lpabl	 1
_I_	 1
ough_	 1
xer	 1
avo	 1
uous_	 1
patro	 1
repu	 1
Abb	 1
xtens	 1
ient_	 1
factu	 1
_exp	 1
_era	 1
ppen_	 1
cessa	 1
UNION	 1
erme	 1
PT	 1
le,_	 1
SIT	 1
Alexa	 1
ounde	 1
ilit	 1
pens	 1
illus	 1
cati	 1
_repu	 1
head	 1
atro	 1
umber	 1
de;_	 1
intro	 1
oduce	 1
_Gree	 1
?	 1
sin	 1
ucem	 1
aning	 1
rrupt	 1
sl	 1
orru	 1
ber,	 1
ew_	 1
oani	 1
thing	 1
eaken	 1
pers	 1
nso	 1
ed._	 1
ement	 1
_fewe	 1
_judi	 1
roduc	 1
empts	 1
it.	 1
othin	 1
whos	 1
_hou	 1
_manu	 1
fusi	 1
lac	 1
expe	 1
narch	 1
reso	 1
_agit	 1
gres	 1
nothi	 1
palp	 1
royi	 1
party	 1
lent_	 1
eco	 1
muc	 1
fav	 1
dle	 1
mber_	 1
qual	 1
mpts,	 1
ides	 1
haea	 1
ser_	 1
babl	 1
xan	 1
lace	 1
pted_	 1
aving	 1
first	 1
nstru	 1
ficie	 1
