_	 1826
e	 479
a	 421
y	 341
n	 314
h	 302
r	 282
o	 262
s	 244
i	 209
l	 171
g	 156
y_	 150
n_	 137
t	 130
d	 125
m	 95
_a	 93
sh	 92
ee	 88
h_	 84
yn	 82
e_	 81
gh	 81
_s	 79
ag	 78
c	 78
r_	 75
oo	 73
ey	 72
agh	 70
s_	 68
_d	 64
ey_	 59
yn_	 59
_e	 59
u	 56
as	 55
a_	 55
he	 54
in	 49
'	 49
_m	 49
v	 47
oi	 47
_as	 46
_sh	 46
er	 46
ee_	 46
_c	 46
_y	 45
_v	 44
ar	 43
gh_	 43
ch	 41
agh_	 41
_r	 41
yr	 41
,	 40
_t	 39
,_	 39
ll	 38
as_	 38
_n	 38
_as_	 38
t_	 38
ny	 37
re	 37
hi	 36
ay	 36
dy	 36
b	 35
le	 35
k	 34
en	 34
nn	 33
er_	 33
is	 32
ha	 32
ne	 32
an	 31
_f	 31
ea	 31
f	 31
_ch	 31
oa	 30
ish	 30
ra	 29
rr	 29
_l	 29
_g	 29
ro	 29
_b	 28
_dy	 27
l_	 27
ht	 27
in_	 27
dy_	 26
la	 26
rt	 26
d_	 26
_er	 26
_dy_	 26
j	 25
_ny	 25
.	 25
._	 24
_y_	 24
ny_	 24
_ny_	 24
aa	 24
_er_	 23
sh_	 23
ei	 23
me	 22
ie	 22
ooi	 22
_j	 22
al	 21
ho	 20
ish_	 20
ri	 20
ia	 20
shi	 20
mee	 20
"	 20
_h	 20
il	 19
-	 19
o_	 19
my	 19
eh	 19
'n	 19
_do	 18
'n_	 18
_shi	 18
_o	 18
lle	 18
m_	 18
_me	 18
mee_	 18
do	 18
_mee	 18
she	 17
el	 17
tr	 17
_ay	 17
yr_	 17
on	 17
ty	 17
ys	 17
rt_	 17
ayn	 17
p	 16
_ro	 16
g_	 16
_mee_	 16
che	 16
w	 16
_tr	 16
ley	 16
or	 15
ta	 15
ym	 15
ill	 15
_my	 15
C	 15
ie_	 15
_she	 15
ns	 15
hen	 15
ar_	 15
ght	 15
oo_	 15
oar	 15
ss	 15
_ayn	 14
ayr	 14
_doo	 14
ni	 14
doo	 14
es	 14
ur	 14
hey	 14
en_	 14
_yn	 14
ree	 14
_ag	 14
oy	 14
ooa	 14
na	 13
gg	 13
ooy	 13
yrt	 13
'e	 13
vo	 13
tyn	 13
w_	 13
da	 13
mo	 13
_agh	 13
aght	 13
ooar	 13
ck	 13
lley	 13
_yn_	 13
_da	 13
oil	 13
te	 13
ow	 12
_row	 12
sht	 12
ae	 12
ow_	 12
hu	 12
yns	 12
row	 12
so	 12
nagh	 12
eh_	 12
_row_	 12
ym_	 12
_je	 12
row_	 12
je	 12
ry	 12
_vo	 12
nag	 12
nni	 12
ad	 12
ve	 12
_ve	 12
shin	 11
ney	 11
va	 11
_va	 11
hey_	 11
_ta	 11
ys_	 11
ley_	 11
ht_	 11
_"	 11
at	 11
_che	 11
oin	 11
ille	 11
_ayns	 11
ha_	 11
E	 11
eea	 11
aa_	 11
_k	 11
ed	 11
hee	 11
hin	 11
eay	 11
ayns	 11
id	 10
shin_	 10
_shen	 10
ois	 10
V	 10
io	 10
ai	 10
hin_	 10
_agh_	 10
ayns_	 10
_fo	 10
_so	 10
ge	 10
ann	 10
yns_	 10
tyn_	 10
arr	 10
rey	 10
_V	 10
_la	 10
lley_	 10
sy	 10
ma	 10
shen	 10
u_	 10
_E	 10
k_	 10
fo	 10
moo	 10
ass	 10
oill	 10
_shin	 10
ns_	 10
_C	 10
v'	 9
ris	 9
eg	 9
yl	 9
rish	 9
roo	 9
ney_	 9
_fe	 9
hoo	 9
ic	 9
lag	 9
tey	 9
illey	 9
rey_	 9
li	 9
v'e	 9
n,_	 9
tey_	 9
_v'	 9
ra_	 9
_oo	 9
_tra	 9
yrt_	 9
fe	 9
lh	 9
_v'e	 9
hur	 9
ooin	 9
ooar_	 9
sho	 9
_lh	 9
tra	 9
_'	 9
ne_	 9
eer	 9
oish	 9
dd	 9
oar_	 9
n,	 9
nagh_	 9
ick	 9
enn	 9
_cha	 8
'eh_	 8
lagh	 8
voish	 8
nyn_	 8
_ma	 8
al_	 8
ad_	 8
hy	 8
ree_	 8
magh	 8
se	 8
ghe	 8
ba	 8
h'	 8
rish_	 8
_sho	 8
a'n_	 8
vois	 8
ki	 8
'eh	 8
Va	 8
nyn	 8
_ba	 8
voi	 8
cha	 8
_voi	 8
mag	 8
oish_	 8
dyn	 8
a'	 8
!	 8
it	 8
eer_	 8
oie	 8
oille	 8
am	 8
_Va	 8
lan	 8
st	 8
ig	 8
_vois	 8
co	 8
a'n	 8
ir	 7
rri	 7
ght_	 7
A	 7
oie_	 7
v'eh	 7
va_	 7
dooi	 7
t'	 7
_va_	 7
_mag	 7
myr_	 7
_ri	 7
hie	 7
nnin	 7
rroo	 7
hag	 7
rre	 7
magh_	 7
!_	 7
un	 7
ol	 7
ees	 7
edd	 7
an_	 7
_magh	 7
_v'eh	 7
nin	 7
au	 7
ooill	 7
ayrt	 7
myr	 7
_ass	 7
mm	 7
Ch	 7
ui	 7
dyn_	 7
ss_	 7
hl	 7
oor	 7
h'n_	 7
art	 7
nee	 7
shen_	 7
ec	 7
ragh	 7
v'eh_	 7
_ec	 7
R	 7
de	 7
hen_	 7
gi	 7
_mo	 7
lla	 7
_T	 7
_t'	 7
ooil	 7
_dooi	 7
_cha_	 7
rro	 7
el_	 7
T	 7
rag	 7
nne	 7
_re	 7
nny	 7
h'n	 7
cha_	 7
lee	 7
"_	 7
ke	 6
_ooi	 6
od	 6
ene	 6
eh'	 6
_R	 6
ja	 6
_jeh'	 6
aght_	 6
ll_	 6
_gr	 6
roo_	 6
iar	 6
jeh'n	 6
y-	 6
eu	 6
dooy	 6
eh'n_	 6
_mooa	 6
_myr	 6
_lhi	 6
anni	 6
H	 6
annin	 6
it_	 6
lhi	 6
aghe	 6
ass_	 6
_myr_	 6
id_	 6
jeh'	 6
ghey	 6
_fee	 6
im	 6
_gh	 6
err	 6
_jeh	 6
_dooy	 6
_G	 6
mooar	 6
yn,_	 6
jeh	 6
ta_	 6
onn	 6
fee	 6
mooa	 6
_co	 6
S	 6
yn,	 6
_moo	 6
Cha	 6
ooyl	 6
gr	 6
_ta_	 6
dooin	 6
nney	 6
ga	 6
rroo_	 6
esh	 6
rd_	 6
rd	 6
G	 6
_ooil	 6
_p	 6
sha	 6
ly	 6
aghey	 6
eayr	 6
oll	 6
oyl	 6
nney_	 6
eh'n	 6
_ad	 6
chl	 6
eayrt	 6
n.	 5
vel	 5
oyr	 5
_baa	 5
_Ca	 5
_sc	 5
syn	 5
oyl_	 5
_ji	 5
no	 5
_sm	 5
_baat	 5
_eh	 5
tree	 5
ck_	 5
sm	 5
orr	 5
ane	 5
ji	 5
_'sy	 5
_A	 5
_H	 5
ooyr	 5
_chl	 5
syn_	 5
_S	 5
lo	 5
di	 5
h,_	 5
shag	 5
ur_	 5
baa	 5
ddy	 5
_ja	 5
h.	 5
t,_	 5
sc	 5
hagh	 5
yl_	 5
be	 5
tra_	 5
hty	 5
gy	 5
ddyn_	 5
'sy	 5
_Van	 5
ddyn	 5
soo	 5
Ca	 5
ain	 5
tre	 5
vel_	 5
_Vann	 5
_vel	 5
-h	 5
_tra_	 5
oay	 5
hid	 5
ooyl_	 5
_be	 5
h,	 5
_ki	 5
_ne	 5
ick_	 5
ghey_	 5
th	 5
pa	 5
Vann	 5
baat	 5
e,_	 5
eig	 5
gey_	 5
hoh	 5
inag	 5
_shoh	 5
htyn_	 5
Vanni	 5
ell	 5
oh	 5
e,	 5
M	 5
oayr	 5
_or	 5
hyn	 5
ina	 5
eddy	 5
urt_	 5
isht	 5
_feer	 5
gey	 5
's	 5
urt	 5
eddyn	 5
agg	 5
n._	 5
L	 5
feer	 5
inagh	 5
oal	 5
Van	 5
_'s	 5
t,	 5
_orr	 5
hyn_	 5
sa	 5
hte	 5
hie_	 5
_M	 5
aat	 5
ate	 5
_vel_	 5
_ke	 5
ean	 5
feer_	 5
_ass_	 5
htyn	 5
shoh	 5
ech	 4
shoo	 4
har	 4
_eche	 4
aghyn	 4
_cho	 4
eesh	 4
gha	 4
shey	 4
_ry	 4
henn	 4
-c	 4
_"C	 4
go	 4
iag	 4
_choo	 4
daa	 4
_shic	 4
noo	 4
din	 4
esa	 4
ou	 4
br	 4
smo	 4
Cha_	 4
elle	 4
ione	 4
eeu	 4
haghe	 4
lyn	 4
_sha	 4
_daa	 4
aes	 4
uir	 4
esht	 4
esar_	 4
_he	 4
esar	 4
_Caes	 4
kia	 4
Caes	 4
aghy	 4
ry-	 4
een	 4
oyrt	 4
laa	 4
t'a	 4
chee	 4
eis	 4
_ha	 4
_eh_	 4
_go	 4
eag	 4
_pe	 4
_ae	 4
eche	 4
shick	 4
fa	 4
_bo	 4
shagh	 4
atey_	 4
am_	 4
_ee	 4
pen	 4
ink	 4
harr	 4
aate	 4
aesa	 4
hooy	 4
dooyr	 4
hick	 4
oyrt_	 4
ooie	 4
hurt	 4
_red	 4
shic	 4
_laa	 4
gl	 4
ghyn_	 4
Caesa	 4
rin	 4
rrin	 4
rys	 4
ghyn	 4
baate	 4
cho	 4
'a	 4
_chee	 4
ghy	 4
chey	 4
bo	 4
sy_	 4
raa	 4
_pene	 4
_my_	 4
_ad_	 4
hei	 4
Ra	 4
_smoo	 4
echey	 4
daa_	 4
_fy	 4
aatey	 4
_ell	 4
atey	 4
hia	 4
aesar	 4
nk	 4
lyn_	 4
_ry-	 4
_el	 4
llee	 4
eg_	 4
llan	 4
sar	 4
_fa	 4
smoo	 4
_Cae	 4
all	 4
eeu_	 4
red	 4
_da_	 4
hla	 4
cre	 4
_tree	 4
ghte	 4
eish	 4
eu_	 4
_Ch	 4
_ech	 4
rry	 4
_ris	 4
cr	 4
h._	 4
_li	 4
roi	 4
sht_	 4
-ch	 4
lei	 4
_smo	 4
_daa_	 4
are	 4
rrey	 4
eeag	 4
fy	 4
lagh_	 4
_L	 4
on_	 4
pene	 4
one	 4
iagh	 4
_tre	 4
hoi	 4
_pen	 4
lan_	 4
hic	 4
da_	 4
ooyrt	 4
eagh	 4
chu	 4
ky	 4
arroo	 4
one_	 4
_t'a	 4
aghte	 4
irr	 4
hooyl	 4
ione_	 4
sar_	 4
ion	 4
_rish	 4
coo	 4
pe	 4
jia	 4
_ee_	 4
tree_	 4
_na	 4
_laa_	 4
my_	 4
rrey_	 4
Cae	 4
"C	 4
_jia	 4
eeagh	 4
lee_	 4
arro	 4
choo	 4
hurt_	 4
ooie_	 4
laa_	 4
heay	 3
va'n_	 3
raght	 3
_shee	 3
fys	 3
arri	 3
eesht	 3
chla	 3
hio	 3
by	 3
hym	 3
voo	 3
ias	 3
c_	 3
goll	 3
ht,	 3
_ca	 3
aeg	 3
ggy	 3
_Ell	 3
t'ad_	 3
iea	 3
shoh_	 3
uirr	 3
ggey_	 3
chur	 3
etl	 3
hicky	 3
nno	 3
hooi	 3
_Tr	 3
shey_	 3
nnic	 3
_gi	 3
fod	 3
aink_	 3
nnin_	 3
_son	 3
inn	 3
oare	 3
kyr	 3
lhia	 3
nin_	 3
fock	 3
chio	 3
Tr	 3
nick_	 3
rhym	 3
aill	 3
aink	 3
_soo	 3
inne	 3
ou_	 3
ayrt_	 3
anno	 3
ng	 3
_br	 3
onni	 3
rhym_	 3
hoh_	 3
ine	 3
geay	 3
ast	 3
_kea	 3
_ei	 3
_Go	 3
ooinn	 3
hione	 3
igg	 3
Lu	 3
_Ella	 3
gle	 3
y,_	 3
_oor	 3
_rhym	 3
oin_	 3
_va'n	 3
yrty	 3
_son_	 3
nsh	 3
onnic	 3
aelg	 3
shooy	 3
tyn,_	 3
oll_	 3
oayrd	 3
tee	 3
rhy	 3
slei	 3
_va'	 3
_Cha	 3
_nee	 3
part	 3
hea	 3
foc	 3
_voo	 3
_rh	 3
reeu_	 3
ayrd	 3
aag	 3
tyn,	 3
oarey	 3
lg_	 3
lg	 3
ghty	 3
_elle	 3
mmy	 3
_cl	 3
_eis	 3
rg	 3
kea	 3
chey_	 3
bra	 3
ock	 3
rh	 3
se_	 3
fys_	 3
nn_	 3
et	 3
_nagh	 3
_ho	 3
ash	 3
vooar	 3
_lhia	 3
vooa	 3
_'sy_	 3
_fock	 3
reeu	 3
_fod	 3
ayrty	 3
gra	 3
va'	 3
unn	 3
iass	 3
_goll	 3
kiart	 3
y-c	 3
htey_	 3
uy	 3
sht,	 3
_My	 3
'sy_	 3
creeu	 3
boa	 3
laghy	 3
_chu	 3
_Ta	 3
cl	 3
Myr_	 3
elley	 3
_shoo	 3
_Ta_	 3
oc	 3
_lio	 3
sle	 3
yll	 3
inney	 3
cu	 3
_rhy	 3
_Myr	 3
_eish	 3
cheer	 3
agh._	 3
gea	 3
cree	 3
son	 3
chion	 3
ph	 3
_Ho	 3
B	 3
agh.	 3
_bun	 3
sty	 3
'ee	 3
phu	 3
_Y	 3
ickyr	 3
iart_	 3
rty	 3
a,_	 3
noo_	 3
imm	 3
og	 3
keayr	 3
tla	 3
kiar	 3
ail	 3
_de	 3
sey	 3
e"	 3
gh._	 3
chooi	 3
icky	 3
henn_	 3
_Myr_	 3
cky	 3
_gol	 3
Ellan	 3
oinne	 3
heer	 3
Y	 3
_kiar	 3
kl	 3
fockl	 3
'ad_	 3
aelg_	 3
_Ra	 3
ooare	 3
_sle	 3
_El	 3
_redd	 3
_lagh	 3
_D	 3
Ho	 3
art_	 3
gh.	 3
Go	 3
rrish	 3
rris	 3
urr	 3
yss	 3
_hie_	 3
_ra	 3
imme	 3
keay	 3
gga	 3
ckyr	 3
_hi	 3
nnoo	 3
_foc	 3
_bu	 3
chi	 3
_O	 3
nnick	 3
_vooa	 3
_hie	 3
ht,_	 3
_kia	 3
Ella	 3
eau	 3
D	 3
nnoo_	 3
_shag	 3
Ta	 3
or_	 3
phur	 3
arey	 3
_fys	 3
par	 3
ayrd_	 3
hym_	 3
_nag	 3
Ell	 3
ian	 3
erre	 3
ael	 3
ink_	 3
'ad	 3
t'ad	 3
oor_	 3
llan_	 3
ghtyn	 3
y-ch	 3
lio	 3
_th	 3
heer_	 3
_roi	 3
nick	 3
sht,_	 3
son_	 3
_ge	 3
ih	 3
yrd_	 3
ieau	 3
rrin_	 3
nic	 3
reddy	 3
phurt	 3
htey	 3
oinn	 3
eisht	 3
ap	 3
gol	 3
ey,	 3
_coo	 3
_fys_	 3
iy	 3
ockl	 3
My	 3
eagh_	 3
chur_	 3
un_	 3
shid	 3
eiy	 3
_keay	 3
_B	 3
shee	 3
_hen	 3
rin_	 3
hion	 3
oh_	 3
eean	 3
ggey	 3
_tro	 3
ca	 3
_gra	 3
tl	 3
y,	 3
yrtyn	 3
egg	 3
_t'ad	 3
ane_	 3
gge	 3
ooin_	 3
_u	 3
_sl	 3
Myr	 3
_aeg	 3
Ta_	 3
iaght	 3
ckl	 3
_boa	 3
eih	 3
elg	 3
annoo	 3
ag_	 3
bu	 3
va'n	 3
_aght	 3
rtyn	 3
_en	 3
a,	 3
hur_	 3
bun	 3
_lag	 3
etla	 3
_enn	 3
nk_	 3
El	 3
_slei	 3
iart	 3
isht,	 3
tro	 3
yrd	 3
llee_	 3
ey,_	 3
mme	 3
sl	 3
us	 3
_chur	 3
elg_	 3
redd	 3
nee_	 3
enn_	 3
io_	 3
O	 3
_soor	 2
esht_	 2
jan	 2
mi	 2
gra_	 2
Tra_	 2
Hon	 2
aeg_	 2
oilsh	 2
'ee_	 2
anyn	 2
boayr	 2
myc	 2
-ha	 2
rphu	 2
_shey	 2
nnyn	 2
"Ch	 2
gei	 2
leih_	 2
_jiar	 2
_lesh	 2
scree	 2
ran	 2
aagh	 2
_Va_	 2
onnyn	 2
ed_	 2
atyn_	 2
_ram	 2
hed	 2
kyr_	 2
ammy	 2
soor	 2
dsyn_	 2
um	 2
ygeay	 2
_chea	 2
ees_	 2
ain_	 2
e'n	 2
trog	 2
blee	 2
hooie	 2
cooi	 2
_veg	 2
hedd	 2
mmee	 2
tt	 2
htee_	 2
ggit	 2
_enny	 2
ddey_	 2
lenni	 2
roie	 2
y.	 2
Tra	 2
_K	 2
o-h	 2
Ga	 2
eeal	 2
"ap	 2
tym	 2
_hu	 2
ygea	 2
_ec_	 2
_--_	 2
dr	 2
_dou	 2
sk	 2
k,_	 2
lane_	 2
isht_	 2
ilsh	 2
orrym	 2
_le	 2
lly	 2
yc	 2
ene,_	 2
_thi	 2
lane	 2
rei	 2
rog	 2
ley.	 2
dey_	 2
anagh	 2
rys_	 2
_ain	 2
ue_	 2
iam_	 2
_ain_	 2
_ram_	 2
lli	 2
_jean	 2
aue_	 2
_lane	 2
enni	 2
ul	 2
janno	 2
"Cha	 2
ey!	 2
ley._	 2
en.	 2
_fu	 2
_jias	 2
rt-	 2
le_	 2
-etl	 2
_gin	 2
aggl	 2
mych	 2
_Odi	 2
nina	 2
-hoi	 2
v'ee	 2
apar	 2
thie	 2
tragh	 2
ychio	 2
oys	 2
igga	 2
_bra	 2
ashty	 2
anyn_	 2
_der	 2
rym	 2
ychi	 2
tlan	 2
_se	 2
trogg	 2
kimme	 2
hlas	 2
re'n	 2
'syn	 2
_Lu	 2
rit	 2
trag	 2
regg	 2
_nel_	 2
"Cha_	 2
_gy	 2
rogg	 2
_to	 2
ua	 2
_Bo	 2
ggl	 2
ec_	 2
Eis	 2
nel_	 2
euish	 2
_Gae	 2
ee,_	 2
jean	 2
_euis	 2
da'	 2
ckyr_	 2
_'syn	 2
liagh	 2
adsy	 2
orri	 2
_dau	 2
rrys	 2
odde	 2
chen	 2
ard_	 2
_ye	 2
eayn	 2
_lhe	 2
pal	 2
ass,_	 2
shty	 2
htee	 2
dooys	 2
dau	 2
_myc	 2
cuir	 2
ra,	 2
gyr	 2
iyrt	 2
sh,	 2
gin	 2
euis	 2
etlan	 2
_erso	 2
_-	 2
ooid_	 2
fodd	 2
da'n	 2
ram	 2
urrys	 2
any	 2
heim	 2
hat	 2
_Hon	 2
ey!_	 2
gal	 2
h-	 2
_da'n	 2
ey._	 2
lea	 2
bi	 2
derr	 2
mmee_	 2
jias	 2
rym_	 2
jee	 2
ald	 2
_Yee	 2
_Goa	 2
_P	 2
hee_	 2
_"Ch	 2
_gle	 2
Goal_	 2
st_	 2
_ers	 2
-etla	 2
reggy	 2
art-	 2
_soil	 2
ven	 2
iana	 2
uirre	 2
aby	 2
ayre	 2
jarro	 2
smooi	 2
hain	 2
ob	 2
ys._	 2
'syn_	 2
dsy	 2
_yeig	 2
apa	 2
ds	 2
ddi	 2
ish,	 2
_hain	 2
ta'n_	 2
thi	 2
atyn	 2
erso	 2
o-	 2
moo_	 2
_gha	 2
ull	 2
ckle	 2
nnit_	 2
_Goal	 2
jann	 2
_dou_	 2
orrin	 2
hon	 2
_w	 2
ant	 2
uish	 2
Yeea	 2
nym	 2
_e_	 2
re'	 2
yry	 2
_rie	 2
iyrt_	 2
_aeg_	 2
ne,	 2
jiass	 2
_"Cha	 2
Raby	 2
ieau_	 2
dhe	 2
ss,_	 2
ish,_	 2
din_	 2
ynn	 2
--_	 2
ssy	 2
_lo	 2
loayr	 2
oggit	 2
glen	 2
-e	 2
las	 2
ye	 2
gys	 2
oree	 2
by_	 2
erag	 2
ry-ch	 2
ddey	 2
rso	 2
_loay	 2
eragh	 2
ld	 2
ragh_	 2
ton	 2
jarr	 2
hlash	 2
-et	 2
ers	 2
nnyn_	 2
hoig	 2
hurry	 2
mygea	 2
Goa	 2
yg	 2
geiyr	 2
ghtee	 2
rie	 2
_mych	 2
_harr	 2
_'e	 2
oore	 2
eiyr	 2
reen	 2
ersoo	 2
orry	 2
kimm	 2
fu	 2
Yeeag	 2
aney	 2
mooi	 2
leih	 2
amm	 2
ggit_	 2
nees	 2
mee,_	 2
ennit	 2
n!	 2
hurr	 2
scr	 2
e'n_	 2
_jee	 2
eggyr	 2
_F	 2
jiarg	 2
_beg	 2
_Gael	 2
Eish	 2
_Eis	 2
re'n_	 2
-_	 2
_ym	 2
ggyr	 2
--	 2
Yee	 2
_Ha	 2
erri	 2
art-h	 2
_ga	 2
ads	 2
erphu	 2
Odin	 2
rs	 2
ist	 2
nse	 2
yge	 2
apart	 2
hid_	 2
ven_	 2
P	 2
nym_	 2
_ble	 2
ninag	 2
eig_	 2
_trag	 2
_jarr	 2
ayn,	 2
ooid	 2
Honni	 2
ggi	 2
_myge	 2
iarg	 2
_jan	 2
ee,	 2
cui	 2
Honn	 2
soore	 2
nnym_	 2
loa	 2
dey	 2
ghtey	 2
rph	 2
kim	 2
onny	 2
ore	 2
agha	 2
t._	 2
_les	 2
Gaelg	 2
shen.	 2
jiar	 2
rphur	 2
oig	 2
oina	 2
loo_	 2
shtyn	 2
hen._	 2
_ven_	 2
eal	 2
yrey_	 2
riea	 2
roggi	 2
leean	 2
ils	 2
ram_	 2
eit	 2
scre	 2
_nees	 2
_Eish	 2
ey.	 2
ryn_	 2
"apa	 2
ghan	 2
yeig	 2
nnys	 2
hiam_	 2
alyn_	 2
_Honn	 2
nis	 2
y'	 2
loo	 2
hai	 2
_mee,	 2
aldy	 2
era	 2
aym_	 2
dsyn	 2
K	 2
ych	 2
_gl	 2
eih_	 2
in!	 2
soi	 2
_cooi	 2
rieau	 2
uis	 2
lesh	 2
_roie	 2
hr	 2
s,	 2
_soi	 2
_har	 2
oid_	 2
eant	 2
_ry-c	 2
myg	 2
eb	 2
unnys	 2
aldyn	 2
lhie	 2
aue	 2
ls	 2
ggal	 2
arg	 2
rsooy	 2
_da'	 2
ayrey	 2
neen	 2
ogg	 2
eb_	 2
_Ye	 2
car	 2
Od	 2
_myg	 2
oigg	 2
_--	 2
_tonn	 2
keea	 2
rsoo	 2
hta	 2
As	 2
kle	 2
jar	 2
_fodd	 2
t-h	 2
geayr	 2
eim	 2
beg	 2
_gra_	 2
s._	 2
han	 2
sey_	 2
_"a	 2
yi	 2
neesh	 2
_riea	 2
chlas	 2
att	 2
Ha	 2
_sco	 2
ooree	 2
unny	 2
_Tra_	 2
hiam	 2
eui	 2
ys.	 2
ymm	 2
eau_	 2
veg	 2
eyn_	 2
odd	 2
lenn	 2
mychi	 2
_yi	 2
ooina	 2
_ai	 2
rt-h	 2
part-	 2
errey	 2
ayn,_	 2
ldy	 2
nit	 2
_orri	 2
raa_	 2
soil	 2
oinee	 2
ta'n	 2
esh_	 2
nit_	 2
_thie	 2
ryn	 2
r.	 2
immee	 2
git_	 2
pene,	 2
geiy	 2
en._	 2
_loa	 2
_adsy	 2
naght	 2
aly	 2
adsyn	 2
_wh	 2
heea	 2
nys	 2
lin	 2
_geiy	 2
_derr	 2
yei	 2
to	 2
hees	 2
_Od	 2
llagh	 2
der	 2
sh,_	 2
_ard	 2
dde	 2
git	 2
pal_	 2
ue	 2
harri	 2
liag	 2
wh	 2
cheay	 2
sleih	 2
ockle	 2
ard	 2
_"ap	 2
ianag	 2
_ads	 2
Rab	 2
_ard_	 2
ddin	 2
_trog	 2
leea	 2
eggy	 2
"a	 2
oddey	 2
_nel	 2
b_	 2
Ei	 2
fodde	 2
_oor_	 2
rp	 2
aty	 2
oigga	 2
ene,	 2
_ar	 2
dou	 2
dh	 2
aghan	 2
ih_	 2
asht	 2
erp	 2
derre	 2
si	 2
lhe	 2
_bun_	 2
lhiam	 2
_jea	 2
Bo	 2
_"apa	 2
yeig_	 2
y!_	 2
cuirr	 2
kee	 2
_As	 2
_gei	 2
v'ee_	 2
_sk	 2
ug	 2
shid_	 2
jea	 2
oal_	 2
lash	 2
s,_	 2
_st	 2
dou_	 2
eddin	 2
ne,_	 2
boay	 2
iam	 2
t-	 2
_lhie	 2
_eu	 2
iyr	 2
_hai	 2
_ton	 2
tonn	 2
da'n_	 2
bleea	 2
s.	 2
len	 2
haink	 2
Odi	 2
oine	 2
_bl	 2
_h-	 2
_Ga	 2
_ta'	 2
_ymm	 2
k,	 2
_blee	 2
les	 2
sco	 2
sooyl	 2
myge	 2
eo	 2
_ta'n	 2
mooin	 2
_cu	 2
chea	 2
mee,	 2
_eui	 2
aal	 2
tonny	 2
_boay	 2
_jann	 2
eyn	 2
hen.	 2
anag	 2
tee_	 2
lu	 2
oggi	 2
od_	 2
rree_	 2
ayn_	 2
r._	 2
yrey	 2
Gae	 2
l,	 2
_aym	 2
irre	 2
nnina	 2
ene_	 2
ble	 2
the	 2
Eisht	 2
rree	 2
gys_	 2
arris	 2
arey_	 2
oils	 2
llag	 2
lin_	 2
ennym	 2
erph	 2
nnit	 2
t.	 2
loay	 2
rrym_	 2
rrym	 2
eddi	 2
F	 2
_chen	 2
-ho	 2
lasht	 2
_ed	 2
_v'ee	 2
y!	 2
reg	 2
ele	 2
es_	 2
yn._	 2
Goal	 2
e'	 2
rra	 2
illee	 2
ng_	 2
chenn	 2
enny	 2
een_	 2
ra,_	 2
hoigg	 2
_orry	 2
ta'	 2
ig_	 2
Va_	 2
_jar	 2
soils	 2
smoo_	 2
Ye	 2
_scre	 2
goll_	 2
_Odin	 2
iggal	 2
_scr	 2
ria	 2
oree_	 2
ooys	 2
alle	 2
oinag	 2
aym	 2
glenn	 2
_Yeea	 2
alyn	 2
tag	 2
eiyrt	 2
ana	 2
ab	 2
_shid	 2
lia	 2
_ven	 2
_dr	 2
nnym	 2
pene_	 2
nt	 2
ldyn	 2
_chla	 2
urry	 2
Gael	 2
ry-c	 2
inee	 2
lsh	 2
yre	 2
ss,	 2
y._	 2
bl	 2
_aym_	 2
au_	 2
"apar	 2
aghty	 2
_lan	 2
_car	 2
bun_	 2
nel	 2
sooy	 2
_lu	 2
_yei	 2
_Ei	 2
rtyn_	 2
yn.	 2
_Tra	 2
lt	 2
oid	 2
_glen	 2
ass,	 2
erro	 1
lheea	 1
Nish_	 1
stym_	 1
dooie	 1
eih'n	 1
jees	 1
nnee	 1
oaill	 1
eau!_	 1
ellee	 1
bodj	 1
rit_	 1
ldyn_	 1
Odin_	 1
lho	 1
coraa	 1
_Pu	 1
llys	 1
ghedd	 1
mrit!	 1
_ol	 1
_cour	 1
bay	 1
sv	 1
ck,	 1
Scre	 1
rgag	 1
nhee	 1
)._	 1
Ap	 1
jeeag	 1
ass-	 1
ily_	 1
tagg	 1
traa	 1
_Ec_	 1
_oar	 1
vees_	 1
ayll_	 1
ron	 1
_gaa	 1
gull	 1
lught	 1
Daa	 1
'gi	 1
jo	 1
_gri	 1
oonag	 1
_St	 1
hied.	 1
y-chi	 1
rragh	 1
ayne	 1
lloo	 1
_veg_	 1
messe	 1
uanis	 1
ttym	 1
oayrt	 1
aggy	 1
anty	 1
Me	 1
l-	 1
gloo_	 1
Chatr	 1
yssyn	 1
dagh	 1
roy	 1
att,_	 1
pp	 1
hatre	 1
ben_	 1
haght	 1
_hur	 1
Cashi	 1
yrys	 1
?")	 1
ong_	 1
bio_	 1
chlo	 1
t'ish	 1
ashin	 1
_CH	 1
"Weat	 1
'g	 1
yra	 1
yd_	 1
_dty_	 1
nd	 1
ide	 1
rk	 1
"._	 1
hille	 1
obi	 1
fo-	 1
scu	 1
ndhei	 1
Mee_	 1
dj	 1
scuir	 1
urg	 1
ickry	 1
hong_	 1
naim	 1
dyn._	 1
_mie	 1
ltatt	 1
_hoo	 1
qu	 1
yrit_	 1
obbr	 1
moil_	 1
gins	 1
hro	 1
brae	 1
_daue	 1
Kiano	 1
uaagh	 1
fr	 1
m,_	 1
soll	 1
heay_	 1
_tam	 1
hagg	 1
adyn_	 1
uss_	 1
_sey	 1
attym	 1
s-etl	 1
_Vo	 1
ooyll	 1
_su	 1
jyn	 1
helle	 1
irr.	 1
iarge	 1
_jagh	 1
Fe	 1
hane	 1
red_	 1
Tron	 1
iooa	 1
'ayn	 1
imoi	 1
?")._	 1
sheeb	 1
enyn_	 1
ging_	 1
bal	 1
nin!_	 1
_oa	 1
hra	 1
_aa	 1
aaley	 1
_boal	 1
drap	 1
iori	 1
id,_	 1
ssym	 1
ry-h	 1
vie	 1
_kim	 1
ora	 1
lleer	 1
_rio	 1
h'In	 1
_b'e	 1
chel	 1
_fo_	 1
adyn	 1
scoil	 1
ied._	 1
_yan	 1
_oory	 1
_Chat	 1
_q	 1
She	 1
krys	 1
Rag	 1
".	 1
lea_	 1
m._	 1
aer	 1
ull_	 1
iu_	 1
b'ee	 1
_ghag	 1
eah	 1
-chi	 1
_un_	 1
ishy	 1
keead	 1
rt-ha	 1
ttym,	 1
ey?")	 1
rte	 1
h-et	 1
eney	 1
nty	 1
t'ou	 1
_Boa	 1
ays	 1
_whaa	 1
_Re	 1
hae	 1
sym_	 1
din!"	 1
ellan	 1
gaghe	 1
_gro	 1
hallo	 1
edyr_	 1
appal	 1
aegid	 1
y?"	 1
odee_	 1
cor	 1
hli	 1
_my-	 1
rlag	 1
_oie	 1
gia	 1
voay	 1
neyn_	 1
_dag	 1
roin	 1
e!	 1
rthei	 1
_roy	 1
illi	 1
ben	 1
rrina	 1
_cla	 1
igh	 1
_Ooi	 1
leity	 1
suim	 1
Apar	 1
asty	 1
_veg,	 1
hoon	 1
arthe	 1
_Eele	 1
_ske	 1
sh."	 1
suimo	 1
oatyn	 1
ll-	 1
ilshe	 1
Ee	 1
_jei	 1
au!	 1
-hal	 1
_Dy_	 1
henge	 1
Cum	 1
amri	 1
_cou	 1
gar	 1
_bal	 1
_soll	 1
_Aer	 1
aalin	 1
hied	 1
."_	 1
_Qu	 1
_Ni	 1
doil	 1
CH	 1
_olk_	 1
_Dy	 1
hael	 1
_ni	 1
obbra	 1
myl	 1
oyri	 1
Luani	 1
She_	 1
rr_	 1
Kea	 1
edyr	 1
_Laa_	 1
hug	 1
vrey_	 1
mpal_	 1
shia	 1
ond	 1
ckle_	 1
'In	 1
oai	 1
_Cha_	 1
_Gh	 1
t-hat	 1
ose_	 1
heean	 1
Ma	 1
Em	 1
honn	 1
bodja	 1
nish,	 1
_Boer	 1
llan,	 1
nagh,	 1
sheea	 1
N	 1
_foas	 1
_Cas	 1
dregg	 1
aley_	 1
gal_	 1
ory	 1
-Ear	 1
boal	 1
rt-hi	 1
beign	 1
-hate	 1
eep	 1
svi	 1
yrit	 1
fud	 1
heil	 1
etlag	 1
D'y	 1
!"_	 1
_chel	 1
eep"_	 1
ymmod	 1
roie_	 1
Chidh	 1
oalla	 1
wick	 1
oris	 1
re,	 1
jiu	 1
oort	 1
_fir-	 1
_ymmy	 1
ck,_	 1
_Daa	 1
Hooar	 1
han_	 1
Emily	 1
hiny	 1
ene._	 1
reo	 1
rgey	 1
whaa	 1
hill	 1
aerph	 1
nhee_	 1
hatr	 1
oagha	 1
fir-c	 1
Lunn	 1
oraa	 1
gglo	 1
W	 1
cre'	 1
oish,	 1
um_	 1
gho	 1
pi	 1
moi	 1
ayssa	 1
jer	 1
e._	 1
nnyra	 1
t'i	 1
raew_	 1
ide"	 1
mmys_	 1
_She	 1
_Eel	 1
-hoig	 1
scoi	 1
_lurg	 1
urg_	 1
thur	 1
oe	 1
leig	 1
_kio	 1
Eo	 1
Cr	 1
cheil	 1
ireen	 1
aille	 1
hrooi	 1
ondh	 1
ollys	 1
Agh	 1
jag	 1
_raa	 1
o-hoi	 1
_t'i	 1
ht._	 1
fi	 1
fol	 1
oory	 1
mpal	 1
_She_	 1
sht.	 1
_usht	 1
inyn_	 1
vog	 1
einey	 1
coi	 1
dyr	 1
alta	 1
"Apa	 1
Ste	 1
ghag	 1
_kion	 1
shyn_	 1
Asp	 1
deine	 1
arrag	 1
iooar	 1
daun	 1
rl	 1
sleit	 1
agh,_	 1
whe	 1
Scree	 1
_t'ou	 1
oera	 1
spick	 1
Te	 1
_gria	 1
_bee	 1
ren_	 1
hieyn	 1
_rees	 1
ie!	 1
fud_	 1
bin_	 1
_monn	 1
enge	 1
husty	 1
_ker	 1
gaase	 1
_aggl	 1
-chla	 1
_"Lu	 1
_lho	 1
hil	 1
Aer	 1
myd	 1
hoh.	 1
b'e	 1
wick_	 1
Son_	 1
ynsh	 1
eity	 1
shenn	 1
Ear	 1
enyn	 1
greie	 1
lhias	 1
nnysv	 1
braew	 1
ruy_	 1
'm	 1
ghar	 1
arte	 1
_s'gi	 1
uyoo	 1
doi	 1
_hurr	 1
geayn	 1
gyryn	 1
hle	 1
ioara	 1
_Er	 1
_cli	 1
hoil	 1
reene	 1
djal	 1
idhe	 1
ort	 1
Skian	 1
y?	 1
ry-ho	 1
voa	 1
_Daag	 1
os	 1
_Phur	 1
yragh	 1
gro	 1
ori	 1
hey'n	 1
aar	 1
egge	 1
ghed	 1
ghey'	 1
ched	 1
_Man	 1
tatt	 1
beig	 1
arga	 1
oam	 1
Dy_	 1
our	 1
ll-ri	 1
ey-ma	 1
rys.	 1
ienyn	 1
garro	 1
rge	 1
te".	 1
eney!	 1
sui	 1
drapp	 1
jyn,	 1
assym	 1
_By	 1
-hat	 1
dein	 1
_"Lus	 1
stey_	 1
_Fjo	 1
coil	 1
jerr	 1
iald	 1
lshey	 1
oilly	 1
_vall	 1
_et	 1
heayn	 1
falle	 1
ve_	 1
eane	 1
ather	 1
Ni	 1
oarla	 1
gn	 1
g._	 1
sti	 1
kio	 1
girro	 1
antyn	 1
lanyn	 1
parth	 1
_gra,	 1
'Ra	 1
ona	 1
_shia	 1
ustym	 1
nhe	 1
_fynn	 1
hey!_	 1
ppal_	 1
_'n	 1
yney_	 1
yd	 1
_aal	 1
Robi	 1
iagh_	 1
gagh	 1
_troo	 1
-E	 1
fo-ha	 1
aad	 1
raie	 1
_gys	 1
ferr	 1
_ched	 1
oylla	 1
yiarr	 1
oald	 1
onag	 1
oys._	 1
Hanne	 1
nnys_	 1
_sme	 1
yssid	 1
dee	 1
char	 1
Va'n	 1
eele	 1
_ghla	 1
tagh_	 1
ialdy	 1
ieny	 1
bio	 1
raie_	 1
cle	 1
yrny	 1
fed	 1
Yn	 1
Fjor	 1
-ghe	 1
ney!_	 1
'girr	 1
_goa	 1
ckley	 1
_(C	 1
_edy	 1
",	 1
uy_	 1
Lerwi	 1
-rish	 1
neen_	 1
_Agh	 1
_doo_	 1
amy	 1
dag	 1
liooa	 1
illin	 1
lk_	 1
_Phu	 1
vi	 1
ggle_	 1
htag	 1
rny	 1
shtey	 1
eityn	 1
ther_	 1
_by_	 1
-hall	 1
taale	 1
hid,	 1
pum	 1
uish_	 1
yo	 1
iarri	 1
fod_	 1
heeah	 1
_Stee	 1
nnag	 1
hid,_	 1
foas	 1
vees	 1
he",_	 1
nk,	 1
troo	 1
reoag	 1
veih	 1
_ya	 1
_sham	 1
y'n	 1
-ghed	 1
_hene	 1
_scui	 1
roish	 1
urree	 1
I	 1
htagh	 1
Sc	 1
cre'n	 1
'yll	 1
_hoi	 1
ign	 1
charr	 1
_agg	 1
llin	 1
_un	 1
fui	 1
ayney	 1
d"_	 1
Aerph	 1
mie	 1
rt,_	 1
_whe	 1
gra,_	 1
dheim	 1
_fagg	 1
start	 1
lare,	 1
_'R	 1
vogh	 1
_bio_	 1
"S	 1
ailli	 1
groi	 1
aste	 1
_ghea	 1
rla	 1
eead	 1
_clie	 1
."	 1
Son	 1
_aer	 1
leay	 1
_Goll	 1
vee	 1
aki	 1
lag_	 1
cooat	 1
_kynn	 1
eayss	 1
nod	 1
oall	 1
dre	 1
dreg	 1
Chid	 1
_Ash	 1
_vee	 1
spi	 1
doa	 1
lhied	 1
eigh_	 1
_jer	 1
faggy	 1
lhei	 1
braar	 1
id"	 1
aew_	 1
_thur	 1
yrt,_	 1
_fol	 1
agh,	 1
are,	 1
umpa	 1
ashi	 1
_val	 1
oon	 1
tyr_	 1
rt,	 1
bbr	 1
hey!	 1
_gar	 1
ntyn	 1
_Hoo	 1
sol	 1
Ag	 1
_daun	 1
astyr	 1
clie	 1
valle	 1
_ella	 1
Le	 1
her	 1
"Lu	 1
re,_	 1
oh._	 1
_smes	 1
_D'y	 1
_hug	 1
gyn_	 1
Skia	 1
_lur	 1
garr	 1
hamyr	 1
eathe	 1
Ki	 1
_'er	 1
_skim	 1
_assy	 1
llea	 1
fir	 1
dty	 1
_Agh_	 1
aran	 1
Insh	 1
_fo-	 1
kerro	 1
haelg	 1
_doal	 1
mmylt	 1
tiag	 1
lioa	 1
-chu	 1
ggle	 1
ppal	 1
clagh	 1
_'Ra	 1
kin	 1
l,_	 1
lleay	 1
_oarl	 1
ioar	 1
uss	 1
In	 1
ghr	 1
naim_	 1
ayrny	 1
ghra	 1
_so-h	 1
_Eoi	 1
rey,	 1
aby'	 1
chlia	 1
ieyn_	 1
ioo	 1
kin_	 1
_"_	 1
Dy	 1
oght_	 1
_'eai	 1
cur_	 1
S'	 1
eim.	 1
rthe	 1
ill,	 1
jalyn	 1
aggle	 1
_scu	 1
_qua	 1
eimm	 1
aase_	 1
oll-	 1
ll,"	 1
obb	 1
ied	 1
rryss	 1
_fyn	 1
aul	 1
_Asp	 1
aatyn	 1
erris	 1
eid"	 1
shyn	 1
r-chu	 1
_star	 1
gyry	 1
fal	 1
so-	 1
cour	 1
t'e	 1
hooa	 1
enna	 1
oo!_	 1
egid_	 1
eyr	 1
_bag	 1
tal	 1
_h-et	 1
anoor	 1
ill,"	 1
_henn	 1
Ash	 1
cla	 1
her_	 1
ineen	 1
_Son_	 1
_no	 1
ggyr_	 1
sym	 1
_"Apa	 1
t-ha	 1
traie	 1
_feed	 1
_cr	 1
ley-m	 1
y'n_	 1
akin	 1
Lun	 1
'I	 1
grian	 1
eish_	 1
ngey_	 1
nge	 1
akin_	 1
ort.	 1
iass,	 1
monne	 1
_fak	 1
ghan_	 1
tt,	 1
(C	 1
_car_	 1
oist_	 1
unnin	 1
_skee	 1
ggatt	 1
lioo	 1
'is	 1
g.	 1
illyn	 1
(Cha	 1
lieau	 1
Lunni	 1
eese_	 1
_livr	 1
nshey	 1
rrei	 1
iggey	 1
_gyn_	 1
hagge	 1
_braa	 1
Mee	 1
shu	 1
lloo_	 1
ish."	 1
mr	 1
_"S'	 1
_ferr	 1
Ar	 1
goll-	 1
eieny	 1
Wea	 1
'ish_	 1
_qu	 1
eese	 1
my-ch	 1
t-hi	 1
harro	 1
ley,_	 1
Lerw	 1
athe	 1
esht.	 1
oh,_	 1
_"Ap	 1
eat	 1
en,_	 1
rappa	 1
lhig	 1
ht.	 1
"Cre'	 1
_Raby	 1
ysv	 1
Ve	 1
ella	 1
eille	 1
ide"_	 1
tiagh	 1
kynn	 1
sagh_	 1
"Cum	 1
_asty	 1
dra	 1
kyry	 1
_Nish	 1
eine	 1
eeah_	 1
Pur	 1
harre	 1
_lau	 1
jean_	 1
_h'	 1
oer	 1
mylt	 1
eayll	 1
'gir	 1
oill_	 1
tlany	 1
_"Wea	 1
uyo	 1
_dra	 1
_mie_	 1
glo	 1
ullal	 1
Vooa	 1
brag	 1
ayn._	 1
reien	 1
Goll_	 1
de"_	 1
Q	 1
by'._	 1
fer	 1
_ve_	 1
ayn.	 1
_Mee_	 1
h-Ea	 1
_kimm	 1
eeit_	 1
fynn	 1
S'ma	 1
riagh	 1
fedd	 1
Apa	 1
S'may	 1
eos	 1
odja	 1
eyrvo	 1
_Ag	 1
nuyoo	 1
rane	 1
in!"_	 1
arre	 1
_Ru	 1
ir-c	 1
Aspic	 1
au!_	 1
'ish	 1
alley	 1
ooat	 1
yrys_	 1
Laa	 1
Ski	 1
tty	 1
eley.	 1
ant_	 1
fea,_	 1
usty	 1
eill	 1
ll-r	 1
odj	 1
umpal	 1
nna	 1
shoon	 1
iau	 1
eiy_	 1
_am	 1
cai	 1
ooryn	 1
_Ma	 1
hooar	 1
_Veei	 1
heim.	 1
_ob	 1
stia	 1
bb	 1
_Radi	 1
_(Cha	 1
thei	 1
aghta	 1
Kia	 1
_fall	 1
uirk_	 1
Luss	 1
rgagh	 1
"L	 1
ityn,	 1
Teiy	 1
pu	 1
_fa_	 1
_Tron	 1
y-ghe	 1
shuy	 1
_hr	 1
_dagh	 1
_sire	 1
oo!	 1
_ghr	 1
oym_	 1
heeb_	 1
ysvie	 1
oast	 1
_gial	 1
monn	 1
lurg	 1
ther	 1
haag	 1
ara	 1
cleig	 1
Emil	 1
livr	 1
gh,	 1
it!	 1
hlo	 1
jy	 1
Emi	 1
gh,_	 1
Arr	 1
nshid	 1
chle	 1
cooy	 1
_"S'm	 1
_Quir	 1
bria	 1
l-ris	 1
_Ler	 1
hlag	 1
in._	 1
_traa	 1
_fea,	 1
_yish	 1
Boe	 1
orro	 1
l,"_	 1
uaa	 1
_whee	 1
neen,	 1
_taa	 1
l-ri	 1
lley,	 1
_aegi	 1
fa_	 1
_h-e	 1
heid"	 1
Kian	 1
carr	 1
eid	 1
kr	 1
yoo	 1
shte	 1
ooine	 1
ley?"	 1
bunny	 1
whee	 1
hoona	 1
llo	 1
chooy	 1
Lus	 1
_shil	 1
Vee	 1
oh,	 1
_Chi	 1
kion	 1
oght	 1
dt	 1
",_	 1
rtey	 1
ickr	 1
dee_	 1
sid	 1
ey?"	 1
lau	 1
enney	 1
Raby'	 1
errei	 1
oort.	 1
_cor	 1
ry-g	 1
whaag	 1
_vei	 1
ianoo	 1
_ayn,	 1
Rad	 1
eayl	 1
_ren_	 1
mily_	 1
bei	 1
fak	 1
lie	 1
val	 1
h."	 1
trai	 1
rond	 1
_ben_	 1
ein	 1
b'eeu	 1
rees	 1
-ris	 1
may	 1
uirk	 1
hall	 1
_Emi	 1
coa	 1
gheay	 1
Scr	 1
hey,	 1
yri	 1
iass-	 1
'Ins	 1
eed	 1
thu	 1
h'I	 1
ah	 1
rane_	 1
bayrn	 1
an,	 1
nist	 1
laue	 1
ley-	 1
tym,	 1
_Le	 1
eel	 1
_tamm	 1
So	 1
_sta	 1
eck,	 1
Tro	 1
_Rad	 1
ie!_	 1
eid"_	 1
aull_	 1
braa	 1
_ghoi	 1
_Keay	 1
jiu_	 1
fag	 1
rran	 1
ll,	 1
eerag	 1
_La	 1
ferri	 1
_bria	 1
rth	 1
livre	 1
ymmy	 1
shoh,	 1
sse	 1
_clag	 1
_bay	 1
shuyr	 1
'eeu	 1
skee	 1
mylt_	 1
_Ghae	 1
bbra	 1
daue_	 1
scoo	 1
_nhe	 1
o-ho	 1
nnin,	 1
_naim	 1
_tagg	 1
_cre'	 1
oyrit	 1
in,_	 1
mess	 1
huyr	 1
chee_	 1
_Ste	 1
e"_	 1
irree	 1
hiey	 1
_"W	 1
nsee_	 1
roym	 1
tagh	 1
Ae	 1
lheim	 1
Daag	 1
_hro	 1
noor	 1
Boer	 1
llal	 1
ssid	 1
rit!	 1
ssym_	 1
mes	 1
eeany	 1
_nee_	 1
_oi	 1
mayre	 1
rg_	 1
_Teiy	 1
-hi	 1
my-c	 1
heese	 1
_lugh	 1
_Hann	 1
lan,	 1
Nis	 1
Boald	 1
ishyn	 1
styr	 1
yrt,	 1
_fal	 1
doill	 1
llin_	 1
neyn	 1
loi	 1
sir	 1
stiag	 1
heimm	 1
coam	 1
oi_	 1
lal	 1
dhe",	 1
"Wea	 1
iree	 1
arey,	 1
ymmyd	 1
hra,_	 1
_geay	 1
foll	 1
e".	 1
'R	 1
arla	 1
_"Cr	 1
_'ne	 1
alj	 1
HA	 1
tlagh	 1
aill,	 1
ey'n_	 1
_hoig	 1
_fag	 1
_groi	 1
tam	 1
_Yn	 1
te"	 1
_Emil	 1
lley.	 1
nshe	 1
_cle	 1
leer	 1
_Fee	 1
_liv	 1
ran_	 1
t'o	 1
eose	 1
!"	 1
Haink	 1
Fee	 1
aerp	 1
groin	 1
_So	 1
ast_	 1
Laa_	 1
hoh,_	 1
lsha	 1
Voo	 1
_mast	 1
ior	 1
ti	 1
eai	 1
ske	 1
djaly	 1
ckly	 1
_sy	 1
insh_	 1
Boera	 1
_thu	 1
Oois	 1
bin	 1
Chag	 1
faki	 1
g,	 1
_hooa	 1
_dein	 1
Manni	 1
oie!	 1
_urre	 1
aljyn	 1
Eel	 1
lioar	 1
daue	 1
'nee	 1
olk_	 1
_(Ch	 1
_taal	 1
id,	 1
_Gol	 1
atre	 1
_Han	 1
_Chid	 1
dio	 1
_ry-h	 1
_Rob	 1
shid,	 1
vr	 1
ealyn	 1
rrane	 1
ug_	 1
he",	 1
_Robi	 1
igh_	 1
Arran	 1
dty_	 1
eaill	 1
eeney	 1
Va'n_	 1
heeb	 1
chloi	 1
see_	 1
hene.	 1
hiass	 1
_mi	 1
hlia	 1
iey	 1
i_	 1
_Mann	 1
ddin_	 1
_'nee	 1
"Cu	 1
_lug	 1
Quirk	 1
tamm	 1
_honn	 1
y?")	 1
lany	 1
lesh_	 1
gaa	 1
gat	 1
aljy	 1
lhee	 1
y-ma	 1
ssag	 1
Keayr	 1
yanno	 1
auns	 1
foast	 1
mmys	 1
_cora	 1
_quaa	 1
_Hai	 1
o-ha	 1
eit_	 1
rvoa	 1
ste	 1
'eai	 1
ey'n	 1
eimme	 1
_Ke	 1
gal,	 1
Ren_	 1
de"	 1
gid	 1
aale	 1
im_	 1
shiny	 1
gid_	 1
ugh	 1
atr	 1
_rio_	 1
_heng	 1
aim	 1
Cum_	 1
cheb_	 1
iarga	 1
_suim	 1
_dty	 1
")	 1
fyn	 1
Ler	 1
star	 1
_Fj	 1
oalt	 1
Ec_	 1
arrey	 1
Hain	 1
oys.	 1
bagh	 1
dauns	 1
_fedd	 1
By_	 1
hate"	 1
ynsee	 1
ep"_	 1
h-e	 1
hidh	 1
nysvi	 1
_h'I	 1
_Kia	 1
ggys	 1
_Vooa	 1
qua	 1
edy	 1
_ur	 1
oie!_	 1
amyr_	 1
_Va'n	 1
_fr	 1
nnyr	 1
n!_	 1
_ree	 1
aynsh	 1
oist	 1
unsey	 1
y-ho	 1
_garr	 1
yan	 1
roie!	 1
_nh	 1
_ayre	 1
_etla	 1
_Q	 1
hroo	 1
bri	 1
oerag	 1
chlea	 1
ddin!	 1
raad_	 1
aie	 1
s-e	 1
jerri	 1
_obb	 1
_Ve	 1
ggys_	 1
n!"	 1
_ben	 1
treen	 1
Pu	 1
sp	 1
ivr	 1
higg	 1
_seo	 1
eath	 1
Luss_	 1
rgey_	 1
-r	 1
_Aerp	 1
_begg	 1
nnin!	 1
hlar	 1
oryn	 1
hig	 1
_gu	 1
ynne	 1
")._	 1
sagh	 1
ynse	 1
kley-	 1
_bod	 1
mmyd	 1
yssi	 1
_cail	 1
y-gh	 1
-gh	 1
eigh	 1
yann	 1
mast	 1
smess	 1
enne	 1
-che	 1
_my-c	 1
ockly	 1
ckr	 1
ynshi	 1
orish	 1
leit	 1
ump	 1
anis	 1
al,_	 1
_si	 1
Mann	 1
ynny	 1
in.	 1
o-hal	 1
_Asho	 1
ngey	 1
begge	 1
_pum	 1
_ski	 1
aie_	 1
nk,_	 1
mmyd_	 1
Goll	 1
ah_	 1
balj	 1
uyr	 1
Cu	 1
heill	 1
_ush	 1
d"	 1
nod_	 1
essey	 1
h-E	 1
uani	 1
hamy	 1
Ru	 1
lhie_	 1
ali	 1
klyn_	 1
Er_	 1
_dys_	 1
_balj	 1
ylt	 1
htal_	 1
_ru	 1
hene	 1
ity	 1
lshe	 1
hide	 1
stey	 1
Cre'	 1
he_	 1
_Va'	 1
mys_	 1
r-	 1
odjal	 1
hus	 1
_lhee	 1
goa	 1
shag_	 1
ep"	 1
Nish	 1
eal_	 1
hell	 1
ckrys	 1
alloo	 1
ham	 1
Ea	 1
eg,_	 1
_s'g	 1
_Ae	 1
ano	 1
_'er_	 1
rwick	 1
_s'	 1
aas	 1
teep"	 1
rtey_	 1
_N	 1
_Em	 1
ragh.	 1
eays	 1
foa	 1
'neen	 1
kry	 1
_bunn	 1
olk	 1
S'm	 1
fagg	 1
_"We	 1
eck	 1
insh	 1
_goai	 1
onagh	 1
skimm	 1
_coa	 1
goail	 1
ar._	 1
giald	 1
nsey_	 1
hloie	 1
nyr	 1
Da	 1
'Insh	 1
_sti	 1
t'eh_	 1
_kerr	 1
aagh.	 1
Runn	 1
,"_	 1
so-ho	 1
nnee_	 1
kyn	 1
llyn	 1
feed_	 1
CHA	 1
tyr	 1
mmey_	 1
llyss	 1
rys._	 1
rr.	 1
_nyn	 1
dys_	 1
_dei	 1
arr_	 1
_h'In	 1
lt_	 1
rtyn,	 1
y-h	 1
ntyn_	 1
_t'e	 1
ese	 1
Cre'n	 1
nh	 1
Ooist	 1
bee	 1
?").	 1
irk_	 1
_oie_	 1
_Ee	 1
o!	 1
ghla	 1
_ayr	 1
ne._	 1
_Pur	 1
freoa	 1
cail	 1
ljyn	 1
mmyl	 1
Feeag	 1
engey	 1
Cas	 1
Eoine	 1
illy	 1
oink	 1
_err	 1
boall	 1
hate	 1
t'ou_	 1
yiar	 1
nysv	 1
wi	 1
ss-et	 1
eh,_	 1
he"	 1
nnagh	 1
_nish	 1
by'.	 1
irk	 1
Gha	 1
mod	 1
").	 1
lior	 1
_phur	 1
reesh	 1
jord_	 1
ammyl	 1
ssey_	 1
"Ap	 1
_olk	 1
riag	 1
my-	 1
nsh_	 1
_tag	 1
ih'n	 1
_yis	 1
rio	 1
"S'm	 1
uaag	 1
an,_	 1
briag	 1
moil	 1
_cur_	 1
nin!	 1
styn,	 1
ir-ch	 1
_us	 1
_gys_	 1
ghl	 1
amyr	 1
Earra	 1
sooil	 1
chey!	 1
tlan_	 1
onne	 1
pick_	 1
oym	 1
modee	 1
rina	 1
_aali	 1
oaty	 1
krys_	 1
pumpa	 1
s'	 1
bod	 1
_ruy_	 1
baght	 1
-hid	 1
ooyri	 1
_rois	 1
d.	 1
seyr	 1
ud	 1
_ghar	 1
Fjord	 1
rio_	 1
eay_	 1
mily	 1
vre	 1
ggal_	 1
_vees	 1
_Laa	 1
hey,_	 1
A_	 1
yoo_	 1
ust	 1
kione	 1
huy	 1
hiau	 1
_chli	 1
eant_	 1
eesh_	 1
al,	 1
"We	 1
yia	 1
Eoi	 1
tat	 1
reish	 1
Robin	 1
fir-	 1
din._	 1
_gins	 1
gatt,	 1
Han	 1
_jiu_	 1
Vo	 1
iu	 1
ryssy	 1
ey'	 1
Veeit	 1
_Oo	 1
eeane	 1
ljyn,	 1
tart	 1
bag	 1
_char	 1
_Gha	 1
beg_	 1
orroo	 1
Chi	 1
_regg	 1
inyn	 1
_Boe	 1
rois	 1
pick	 1
_Runn	 1
tatty	 1
ea,	 1
aun	 1
uns	 1
oail	 1
Boal	 1
reie	 1
folli	 1
eck,_	 1
adio	 1
eggey	 1
Daag_	 1
riana	 1
_b'	 1
_amm	 1
Trond	 1
yisha	 1
raew	 1
dio_	 1
Ragg	 1
egi	 1
skim	 1
'ou_	 1
ir-	 1
app	 1
_phu	 1
eene	 1
odee	 1
_ghra	 1
Phu	 1
Purt_	 1
_Me	 1
'Raby	 1
Sh	 1
hal	 1
lug	 1
"Lus	 1
_Run	 1
ord	 1
_nuyo	 1
t'ayn	 1
ollia	 1
iny	 1
_coam	 1
oink,	 1
_bei	 1
lhong	 1
_jeig	 1
ty_	 1
eelee	 1
ink,	 1
lshag	 1
cli	 1
_ph	 1
mie_	 1
_yann	 1
immey	 1
dei	 1
rga	 1
eah_	 1
smes	 1
"Cum_	 1
Ashoo	 1
-ma	 1
_ky	 1
rrag	 1
Chat	 1
eei	 1
taal	 1
gra,	 1
lyssi	 1
jaly	 1
_bagh	 1
_hees	 1
_edyr	 1
eim._	 1
_seos	 1
hiaul	 1
Cre	 1
ggal,	 1
_reg	 1
fo-h	 1
hoill	 1
_hug_	 1
_eck,	 1
ase_	 1
_ymmo	 1
_Sh	 1
nish	 1
_bi	 1
eoa	 1
t!_	 1
shiau	 1
erwi	 1
roor	 1
Run	 1
Raby_	 1
yrnyn	 1
mmod	 1
oamr	 1
_faki	 1
_cooa	 1
ooys_	 1
Ke	 1
_mon	 1
Man	 1
_cheb	 1
y-chl	 1
_freo	 1
_doi	 1
lar	 1
aney_	 1
nin,_	 1
mys	 1
ckry	 1
_vog	 1
_Ragg	 1
ljy	 1
ady	 1
kiana	 1
ityn	 1
id"_	 1
y'.	 1
_Son	 1
tarte	 1
rai	 1
ing_	 1
roo!	 1
ynnyr	 1
sheel	 1
eg,	 1
_wha	 1
ndh	 1
_gia	 1
our_	 1
n!"_	 1
tym_	 1
ea,_	 1
haney	 1
mon	 1
gyn	 1
ead	 1
hidhe	 1
_Hain	 1
uirr.	 1
Qui	 1
_Ph	 1
ylla	 1
ghagh	 1
atty	 1
klyn	 1
m,	 1
D'	 1
_Mee	 1
oara	 1
sooi	 1
_seyr	 1
Steep	 1
_mas	 1
_fed	 1
vall	 1
Veei	 1
aaty	 1
"A	 1
eih'	 1
oll-r	 1
hag_	 1
dyr_	 1
ire	 1
oar.	 1
_roym	 1
gir	 1
coamr	 1
henne	 1
Gh	 1
'ma	 1
_Scre	 1
sme	 1
uish.	 1
_Rag	 1
yllag	 1
_beg_	 1
ss-e	 1
ins	 1
y-che	 1
rt.	 1
_aerp	 1
roink	 1
lliag	 1
arge	 1
imo	 1
'i	 1
ioa	 1
gyr_	 1
_Ski	 1
_cai	 1
reoa	 1
irrey	 1
gloo	 1
'._	 1
mrit	 1
ghtag	 1
yrvoa	 1
o!_	 1
iney	 1
eoagh	 1
sag	 1
-mag	 1
beea	 1
_nod	 1
taggl	 1
ist_	 1
obin	 1
_h-Ea	 1
e",	 1
t'ay	 1
alt	 1
aneyn	 1
-Ea	 1
eie	 1
Radio	 1
eau!	 1
tt,_	 1
rey,_	 1
y-g	 1
_t'eh	 1
yish	 1
Aspi	 1
chedd	 1
uan	 1
hug_	 1
fall	 1
unse	 1
dys	 1
r-c	 1
gu	 1
Eeley	 1
jei	 1
rvo	 1
uim	 1
aagh_	 1
nsee	 1
jal	 1
bayr	 1
'ea	 1
ley,	 1
_gyn	 1
-magh	 1
fre	 1
cou	 1
igge	 1
_trai	 1
_Ro	 1
cooin	 1
urre	 1
_bio	 1
agga	 1
h-Ear	 1
_laue	 1
d,	 1
p"	 1
_lioa	 1
_bayr	 1
leays	 1
sid_	 1
rooi	 1
yryn	 1
g,_	 1
Rob	 1
beeal	 1
ily	 1
rr._	 1
_By_	 1
hlag_	 1
ean_	 1
aggat	 1
_fud	 1
clei	 1
_gre	 1
hoi_	 1
lurg_	 1
ney!	 1
baaty	 1
liori	 1
Earr	 1
_ammy	 1
ale	 1
ud_	 1
ltat	 1
fuirr	 1
mmode	 1
rt._	 1
_ayn_	 1
ieau!	 1
tammy	 1
ivrey	 1
_gul	 1
ayrt,	 1
ry-gh	 1
y-mag	 1
din!	 1
HA_	 1
ed.	 1
_Cash	 1
_hee	 1
(	 1
uyr_	 1
ig._	 1
Teiy_	 1
_Ren	 1
lk	 1
nuy	 1
dhei	 1
ginsh	 1
'eeu_	 1
chust	 1
_hon	 1
_t'is	 1
_dt	 1
rroo!	 1
chei	 1
aunse	 1
styn	 1
ghane	 1
ayr_	 1
ivre	 1
_cre	 1
"Apar	 1
inee_	 1
eanty	 1
sire	 1
ush	 1
eil	 1
liv	 1
grei	 1
jord	 1
goai	 1
eeb	 1
oraa_	 1
nys_	 1
oys_	 1
loie	 1
heele	 1
_edd	 1
hlea_	 1
hloi	 1
_fi	 1
kyrys	 1
Eoin	 1
iarr	 1
adio_	 1
eed_	 1
ruy	 1
oalta	 1
mpa	 1
ih'n_	 1
_nyn_	 1
allea	 1
coill	 1
fea	 1
jeig	 1
llia	 1
_bodj	 1
b'	 1
_Sk	 1
nshi	 1
ndhe	 1
heel	 1
styr_	 1
hlare	 1
lj	 1
hickr	 1
s'gi	 1
bbrag	 1
(Cha_	 1
gal,_	 1
mey_	 1
'eail	 1
ldyn.	 1
lan,_	 1
_eh,_	 1
raad	 1
een,_	 1
cliea	 1
rae	 1
tar	 1
_CHA	 1
gaas	 1
ase	 1
ign_	 1
roym_	 1
myd_	 1
iano	 1
_(	 1
thurr	 1
_kyn	 1
amr	 1
mey	 1
Fjo	 1
thiey	 1
ylle	 1
en,	 1
annee	 1
appa	 1
_t'o	 1
liea	 1
hlea	 1
chlag	 1
alin_	 1
ose	 1
arth	 1
_vogh	 1
ughty	 1
_Qui	 1
_eddi	 1
_shu	 1
ay_	 1
_kee	 1
elee_	 1
lta	 1
ulla	 1
elee	 1
aim_	 1
iy_	 1
We	 1
chli	 1
dja	 1
in!_	 1
'mayr	 1
_cur	 1
arra	 1
ggloo	 1
nai	 1
ym,	 1
-hoi_	 1
_beig	 1
_Lua	 1
_ayn.	 1
_Tro	 1
Feea	 1
ly_	 1
mmo	 1
-m	 1
_urr	 1
ig.	 1
_fuir	 1
so-h	 1
fynny	 1
im.	 1
sta	 1
cur	 1
kian	 1
tym,_	 1
eoag	 1
ski	 1
-chio	 1
by'	 1
eign	 1
_Rab	 1
Er	 1
eeady	 1
"Cr	 1
t'eh	 1
ysvi	 1
oas	 1
solly	 1
eeah	 1
eeal_	 1
_lhon	 1
_Oois	 1
ya	 1
artey	 1
rwic	 1
aad_	 1
_cui	 1
argey	 1
eley	 1
taa	 1
shil	 1
raar	 1
_dreg	 1
ort._	 1
_cuir	 1
Hann	 1
arl	 1
ssey	 1
"Cre	 1
uimoi	 1
aag_	 1
te"._	 1
_fer	 1
scooy	 1
fakin	 1
oyll	 1
ru	 1
unni	 1
_jerr	 1
freo	 1
mmey	 1
svie	 1
rv	 1
_Purt	 1
_Er_	 1
fo_	 1
hong	 1
eayn_	 1
Purt	 1
'o	 1
oast_	 1
Chagg	 1
_"Cu	 1
_bri	 1
t-hid	 1
lley?	 1
_yia	 1
shamy	 1
rapp	 1
_clei	 1
fuir	 1
_eh,	 1
gre	 1
_Fe	 1
scui	 1
ode	 1
_gaas	 1
_eck	 1
Gol	 1
car_	 1
t!	 1
_fud_	 1
ggyry	 1
'ou	 1
amrit	 1
_orro	 1
seose	 1
y-m	 1
veg,	 1
Phur	 1
feed	 1
ondhe	 1
dyn.	 1
allo	 1
_foa	 1
chell	 1
llyn_	 1
Luan	 1
ss-	 1
ayrn	 1
Weath	 1
_fo-h	 1
_fre	 1
oat	 1
iaul	 1
ien	 1
e.	 1
hoh,	 1
Oo	 1
gri	 1
gag	 1
hide"	 1
yryn_	 1
?"	 1
irro	 1
ssa	 1
heb_	 1
heayl	 1
roor_	 1
_raad	 1
oag	 1
aggey	 1
din.	 1
lhigg	 1
Aerp	 1
yne	 1
'ne	 1
ssid_	 1
ey-m	 1
in,	 1
-ri	 1
_lhei	 1
Yn_	 1
Hoo	 1
_Voo	 1
atree	 1
cooyr	 1
arlag	 1
magh.	 1
ese_	 1
hias	 1
heddi	 1
vrey	 1
yll_	 1
ghea	 1
erw	 1
y'._	 1
_Lerw	 1
Sk	 1
Phurt	 1
kly	 1
eig._	 1
leigh	 1
carr_	 1
vie_	 1
clag	 1
argag	 1
p"_	 1
Fj	 1
_fui	 1
Hooa	 1
ssyn_	 1
_fod_	 1
eig.	 1
m.	 1
ayl	 1
anoo	 1
ink,_	 1
ghra,	 1
aew	 1
_Fjor	 1
gatt	 1
ing	 1
sham	 1
eady	 1
ppa	 1
stym	 1
"Luss	 1
gria	 1
rian	 1
vei	 1
'ylle	 1
_Luan	 1
Ins	 1
_sooi	 1
veih'	 1
_jag	 1
oarl	 1
La	 1
ym,_	 1
Lua	 1
eep"	 1
ani	 1
Hai	 1
Agh_	 1
veg_	 1
_fea	 1
oh.	 1
theid	 1
'.	 1
nu	 1
_sol	 1
ayss	 1
ging	 1
uimo	 1
D'yll	 1
oryn_	 1
_ast	 1
eshta	 1
_Ar	 1
_sy_	 1
irr._	 1
eeit	 1
rap	 1
_yns	 1
nyra	 1
ghoil	 1
_"S	 1
aby_	 1
CHA_	 1
quaa	 1
_"Cre	 1
_obbr	 1
shoh.	 1
Re	 1
Va'	 1
hra,	 1
d,_	 1
ooaty	 1
llal_	 1
Qu	 1
ghoi	 1
-chei	 1
leera	 1
_dys	 1
_carr	 1
_hroo	 1
ath	 1
arrin	 1
yllee	 1
traa_	 1
_so-	 1
allag	 1
rnyn_	 1
hliag	 1
aggys	 1
sh."_	 1
keeal	 1
eayne	 1
nin,	 1
_nu	 1
_'ea	 1
aull	 1
-hide	 1
ied.	 1
jor	 1
s'gir	 1
gulla	 1
Ec	 1
aby'.	 1
_sir	 1
_doil	 1
_brae	 1
sht._	 1
aley	 1
iass_	 1
agglo	 1
).	 1
whees	 1
nisty	 1
s-et	 1
nt_	 1
_Te	 1
eeant	 1
shy	 1
ess	 1
jagh_	 1
ea_	 1
"S'	 1
Ghael	 1
raar_	 1
Ren	 1
uyoo_	 1
_'Rab	 1
chus	 1
hust	 1
astey	 1
_lioo	 1
_Aspi	 1
ylt_	 1
imoil	 1
heng	 1
bunn	 1
gharr	 1
_Arra	 1
seos	 1
ate"	 1
_Lunn	 1
jeant	 1
_h-E	 1
_dre	 1
Radi	 1
_yiar	 1
ker	 1
in!"	 1
ren	 1
_shuy	 1
ilsha	 1
caill	 1
ep	 1
rooid	 1
eny	 1
Arra	 1
ggat	 1
yssa	 1
)	 1
ih'	 1
_"Cum	 1
eign_	 1
nuyo	 1
Keay	 1
_t'ay	 1
e!_	 1
_veih	 1
rinag	 1
ghlar	 1
obin_	 1
_ren	 1
olli	 1
u!_	 1
wic	 1
anist	 1
yrvo	 1
-chus	 1
skeea	 1
reis	 1
_ghe	 1
mode	 1
raghe	 1
onney	 1
_ass,	 1
ish.	 1
cklyn	 1
'yl	 1
eien	 1
esse	 1
s-	 1
'ay	 1
_Tei	 1
ll,"_	 1
wha	 1
_fir	 1
_Nis	 1
_nod_	 1
'may	 1
ioris	 1
_gho	 1
rrys.	 1
-Earr	 1
_"A	 1
rishy	 1
agge	 1
hinyn	 1
_scoo	 1
rondh	 1
adi	 1
egid	 1
feddy	 1
aar_	 1
_Sc	 1
Vooar	 1
hey'	 1
nyrag	 1
hel	 1
ial	 1
Apart	 1
"S'ma	 1
roo!_	 1
rw	 1
h."_	 1
istyn	 1
cooa	 1
oamri	 1
nsey	 1
'er	 1
_"L	 1
eh,	 1
jees_	 1
iaull	 1
seo	 1
tia	 1
_D'	 1
_enna	 1
quaag	 1
kerr	 1
cour_	 1
_CHA_	 1
il_	 1
'er_	 1
eanyn	 1
_nis	 1
eaghy	 1
oaldy	 1
doalt	 1
y?").	 1
altat	 1
Ooi	 1
honni	 1
siree	 1
alla	 1
ooys.	 1
ey-	 1
ate".	 1
,"	 1
are,_	 1
thie_	 1
rn	 1
_Eoin	 1
_gea	 1
shtal	 1
Weat	 1
l,"	 1
ayll	 1
_Arr	 1
shta	 1
_jees	 1
_Lun	 1
lyss	 1
higge	 1
htal	 1
_stia	 1
"W	 1
yrv	 1
'Rab	 1
tlag	 1
heesh	 1
gul	 1
huyr_	 1
-g	 1
h-etl	 1
gial	 1
l-r	 1
yssag	 1
eealy	 1
loie_	 1
rit!_	 1
u!	 1
irroo	 1
haa	 1
ne.	 1
een,	 1
eng	 1
_Yn_	 1
mil	 1
olly	 1
Ro	 1
oagh	 1
Boa	 1
_by	 1
_ruy	 1
_beea	 1
ckyry	 1
it!_	 1
h'Ins	 1
s'g	 1
ishag	 1
im._	 1
t'is	 1
aali	 1
lal_	 1
_etl	 1
att,	 1
eyrv	 1
_red_	 1
jeea	 1
_jeea	 1
_Da	 1
_lhig	 1
seyrv	 1
see	 1
iv	 1
gn_	 1
usht	 1
hooid	 1
d._	 1
Quir	 1
jeig.	 1
ammys	 1
y-hoi	 1
cooie	 1
cheb	 1
yrag	 1
_Skia	 1
ryss	 1
gle_	 1
kley	 1
doal	 1
doo_	 1
ushte	 1
troor	 1
jyn,_	 1
svie_	 1
mas	 1
St	 1
haagh	 1
rreis	 1
ssi	 1
ssyn	 1
shill	 1
fea,	 1
Eele	 1
Asho	 1
_scoi	 1
_pu	 1
_Chag	 1
Ragga	 1
isty	 1
eadyn	 1
oar._	 1
iney_	 1
ar.	 1
_ynse	 1
maste	 1
sh.	 1
lhon	 1
yssy	 1
begg	 1
eail	 1
_Kian	 1
e"._	 1
lare	 1
assy	 1
ene.	 1
ooar.	 1
yis	 1
Runny	 1
errin	 1
teep	 1
_Feea	 1
ymmo	 1
eera	 1
_Boal	 1
_erre	 1
ong	 1
eaney	 1
rvoay	 1
_sui	 1
reen_	 1
oil_	 1
oayr_	 1
girr	 1
eose_	 1
dagh_	 1
ennag	 1
laue_	 1
-chl	 1
_Ki	 1
pump	 1
Stee	 1
rk_	 1
_D'yl	 1
D'yl	 1
spic	 1
aran_	 1
_grei	 1
_foll	 1
ynney	 1
_Ec	 1
cora	 1
pic	 1
ogh	 1
rlagh	 1
idh	 1
Cash	 1
yney	 1
_b'ee	 1
'ayn,	 1
_chlo	 1
ghta	 1
ak	 1
_nhee	 1
eany	 1
tal_	 1
oona	 1
mri	 1
isha	 1
voght	 1
_chle	 1
ord_	 1
erwic	 1
ill_	 1
lagha	 1
_ging	 1
eeb_	 1
ass-e	 1
shey,	 1
Inshe	 1
_jiu	 1
kynne	 1
_pump	 1
(Ch	 1
Ghae	 1
noort	 1
?	 1
ealy	 1
ey?	 1
Tei	 1
kle_	 1
_lior	 1
r-ch	 1
lys	 1
ssagh	 1
ew	 1
baljy	 1
_keea	 1
erroo	 1
'y	 1
ew_	 1
veg,_	 1
idhe"	 1
aegi	 1
su	 1
_ry-g	 1
ed._	 1
_nuy	 1
_Scr	 1
lugh	 1
jagh	 1
_Eo	 1
_Ren_	 1
heid	 1
q	 1
_doa	 1
mp	 1
ught	 1
heddy	 1
_Kea	 1
alin	 1
oaran	 1
Odin.	 1
ieyn	 1
aase	 1
yrn	 1
Ph	 1
voayr	 1
e",_	 1
ley?	 1
lur	 1
mayr	 1
_ghl	 1
hoh._	 1
heb	 1
_drap	 1
dhe"	 1
bragh	 1
_nai	 1
By	 1
_gull	 1
rnyn	 1
anne	 1
_Hooa	 1
rwi	 1
_Vee	 1
lesht	 1
