_	 1444
e	 461
n	 250
t	 222
a	 180
i	 178
r	 171
o	 170
n_	 137
s	 118
t_	 117
d	 112
e_	 103
l	 102
en	 91
k	 75
g	 75
er	 75
m	 69
y	 66
en_	 65
u	 57
j	 56
r_	 54
h	 54
_d	 53
w	 48
z	 45
ie	 43
b	 41
et	 40
_h	 40
f	 39
p	 38
in	 38
er_	 36
_m	 36
de	 36
_w	 35
st	 34
an	 33
te	 33
s_	 32
_i	 31
_o	 31
.	 31
._	 30
v	 30
et_	 30
_z	 30
_b	 29
_s	 28
,	 27
,_	 27
y_	 26
_k	 26
oe	 25
ge	 25
at	 25
_g	 25
_v	 25
_e	 25
re	 25
ee	 25
_t	 24
ne	 24
ar	 23
_n	 23
el	 23
'	 23
ke	 22
k_	 22
in_	 22
de_	 21
yn	 21
an_	 21
me	 20
l_	 20
he	 20
it	 20
g_	 19
oo	 19
is	 19
ij	 19
aa	 19
je	 19
d_	 18
_de	 18
at_	 18
or	 17
_he	 17
da	 17
ol	 17
_da	 17
_en_	 16
't_	 16
_de_	 16
_D	 16
't	 16
D	 16
_'	 16
c	 16
_en	 16
nd	 15
_'t_	 15
_H	 15
st_	 15
_f	 15
H	 15
_a	 15
ze	 15
le	 15
J	 15
_'t	 15
op	 15
æ	 14
yn_	 14
on	 14
_J	 14
eg	 13
ou	 13
ch	 13
_l	 13
_in	 13
_me	 13
te_	 13
a_	 13
ll	 12
la	 12
wa	 12
va	 12
as	 12
m_	 12
ti	 12
es	 12
M	 12
_M	 12
om	 11
tt	 11
di	 11
_va	 11
p_	 11
ri	 11
tte	 11
_wa	 11
_op	 11
ar_	 11
_in_	 11
al	 11
rt	 10
ng	 10
be	 10
lle	 10
it_	 10
li	 10
wi	 10
ma	 10
ei	 10
der	 10
_j	 10
_ge	 10
el_	 10
ve	 10
_u	 10
f_	 10
_het_	 9
_te	 9
N	 9
_ma	 9
W	 9
He	 9
aar	 9
I	 9
nn	 9
V	 9
ter	 9
het	 9
_I	 9
_ne	 9
ha	 9
_He	 9
_V	 9
_N	 9
het_	 9
_het	 9
u_	 9
_W	 9
ien	 9
ne_	 9
eer	 9
nne	 9
no	 8
van	 8
ho	 8
le_	 8
tj	 8
_dat	 8
we	 8
sch	 8
jen	 8
?_	 8
_ha	 8
sc	 8
;_	 8
;	 8
ier	 8
il	 8
_van	 8
ea	 8
dat	 8
uw	 8
op_	 8
_dat_	 8
og	 8
ro	 8
is_	 8
lle_	 8
ui	 8
ij_	 8
ko	 8
_di	 8
_wi	 8
gt	 8
_p	 8
ed	 8
_te_	 8
j_	 8
?	 8
dat_	 8
zy	 7
mi	 7
by	 7
wo	 7
jo	 7
ta	 7
wat_	 7
eu	 7
ijn	 7
ae	 7
_wat_	 7
gen	 7
of	 7
_za	 7
hi	 7
ek	 7
!_	 7
_wat	 7
jn	 7
B	 7
ie_	 7
ken	 7
i_	 7
nne_	 7
est	 7
za	 7
nk	 7
_oo	 7
E	 7
fe	 7
or_	 7
wat	 7
_E	 7
!	 7
net	 7
_zy	 7
_T	 7
zi	 7
van_	 7
_van_	 7
_B	 7
oll	 7
ren	 7
T	 7
ss	 7
_by	 7
_ve	 7
af	 6
iet	 6
em	 6
No	 6
tie	 6
ere	 6
ji	 6
fi	 6
ren_	 6
vo	 6
dan	 6
_fe	 6
De	 6
_ze	 6
wie	 6
nde	 6
tr	 6
est_	 6
der_	 6
_no	 6
_dan	 6
en,_	 6
oer	 6
se	 6
_wo	 6
zyn	 6
_be	 6
_zyn	 6
olle	 6
ik_	 6
rs	 6
ist	 6
ert	 6
Hee	 6
_mi	 6
_op_	 6
nder	 6
ni	 6
n,_	 6
_Hee	 6
e,_	 6
_No	 6
men	 6
je_	 6
zen	 6
_net_	 6
ud	 6
oor	 6
_net	 6
e,	 6
ns	 6
_O	 6
gt_	 6
ry	 6
Heer	 6
_zi	 6
ik	 6
net_	 6
_ko	 6
my	 6
_dan_	 6
ijn_	 6
zyn_	 6
en,	 6
rd	 6
_st	 6
ver	 6
_zyn_	 6
lan	 6
do	 6
_De	 6
_ie	 6
ter_	 6
ig	 6
dan_	 6
ien_	 6
n,	 6
jn_	 6
us	 6
_Heer	 6
O	 6
n.	 5
_Myn_	 5
and	 5
ene	 5
_sc	 5
Myn_	 5
_gi	 5
inn	 5
wol	 5
_gr	 5
inne	 5
ou_	 5
ra	 5
gen_	 5
_S	 5
al_	 5
ast	 5
_by_	 5
re_	 5
:_	 5
olle_	 5
nke	 5
ten	 5
_ver	 5
nge	 5
mo	 5
ken_	 5
:	 5
pr	 5
rg	 5
_my	 5
lit	 5
of_	 5
_ho	 5
rr	 5
rre	 5
by_	 5
_al	 5
ld	 5
ers	 5
_My	 5
_of_	 5
sse	 5
_is	 5
_ik_	 5
ste	 5
_y	 5
_sp	 5
t._	 5
sp	 5
men_	 5
_G	 5
_la	 5
om_	 5
_r	 5
_ik	 5
Myn	 5
_sch	 5
S	 5
ey	 5
fin	 5
ke_	 5
_vo	 5
'_	 5
_L	 5
gr	 5
_of	 5
ga	 5
rd_	 5
G	 5
ut	 5
gi	 5
n._	 5
ru	 5
L	 5
My	 5
ing	 5
iet_	 5
_Myn	 5
ten_	 5
rt_	 5
_wol	 5
t.	 5
ê	 5
pe	 5
_ien	 5
ete	 5
_ke	 5
lt	 5
tter	 4
ot	 4
pp	 4
_do	 4
as_	 4
_Z	 4
_dij	 4
met	 4
_ji	 4
mei	 4
Ma	 4
_we	 4
pre	 4
e._	 4
_wie	 4
en.	 4
er.	 4
_fin_	 4
_ui	 4
sti	 4
yd	 4
ze_	 4
eel_	 4
een	 4
_oor	 4
t,_	 4
_mar	 4
ft	 4
bi	 4
_P	 4
_ee	 4
_fo	 4
wy	 4
_ien_	 4
Heer_	 4
_Ma	 4
bb	 4
hoe	 4
_mar_	 4
jie	 4
kr	 4
met_	 4
eel	 4
_ki	 4
ieu	 4
nie	 4
_Ji	 4
_my_	 4
P	 4
uwe	 4
Der_	 4
ppe	 4
ey_	 4
ki	 4
Ji	 4
_mei	 4
Da	 4
gel	 4
ls	 4
ka	 4
_is_	 4
jen_	 4
fin_	 4
ge_	 4
dij	 4
za_	 4
_hi	 4
ur	 4
onk	 4
er._	 4
r.	 4
en._	 4
_kr	 4
_fin	 4
_ken	 4
to	 4
opp	 4
dde	 4
Der	 4
eer_	 4
joe	 4
oor_	 4
lk	 4
z_	 4
fo	 4
_fi	 4
si	 4
oe_	 4
den	 4
_Der_	 4
tje	 4
_bl	 4
ad	 4
e.	 4
_Der	 4
am	 4
ege	 4
ei_	 4
r._	 4
_yn	 4
mar	 4
oppe	 4
t,	 4
ree	 4
Z	 4
dd	 4
mar_	 4
aar_	 4
og_	 4
ef	 4
_Da	 4
oeg	 4
my_	 4
bl	 4
_za_	 4
yt	 4
_We	 3
dy_	 3
na	 3
tjo	 3
ieuw	 3
egt	 3
ris	 3
cus	 3
_uw	 3
fest	 3
ens	 3
Wy	 3
_R	 3
Jk	 3
ja	 3
aer	 3
zo	 3
_K	 3
ticus	 3
go	 3
fes	 3
icus	 3
_Pol	 3
_ni	 3
daa	 3
ond	 3
_gen	 3
Polit	 3
_een_	 3
æk_	 3
scho	 3
tjoe	 3
_Ko	 3
vol	 3
urjen	 3
Ko	 3
ev	 3
A	 3
_Po	 3
dde_	 3
_dij_	 3
br	 3
lês_	 3
_wy_	 3
Tj	 3
tte_	 3
_A	 3
_er_	 3
_een	 3
bbe	 3
_Jk	 3
os	 3
_daa	 3
nder_	 3
_dy	 3
_Bo	 3
_niet	 3
az_	 3
Po	 3
_Jk_	 3
Sc	 3
_ja	 3
min	 3
Pol	 3
hy	 3
zil	 3
_go	 3
az	 3
oon	 3
Jk_	 3
_ta	 3
En	 3
_wu	 3
ai	 3
_bo	 3
_æ	 3
ied	 3
Gr	 3
iti	 3
ic	 3
liti	 3
_az	 3
lê	 3
Ve	 3
Di	 3
_Di	 3
Iu	 3
str	 3
_Iurj	 3
_om_	 3
se_	 3
_kl	 3
_lês	 3
_lê	 3
euwe	 3
litic	 3
niet	 3
_fes	 3
so	 3
ier_	 3
ooi	 3
_Tj	 3
rie	 3
ag	 3
_oppe	 3
_Wy	 3
rin	 3
_er	 3
bli	 3
rg_	 3
cho	 3
ês	 3
cu	 3
_hab	 3
_Iur	 3
bo	 3
uit	 3
_Ho	 3
o_	 3
rj	 3
err	 3
olit	 3
_fest	 3
Poli	 3
_Gr	 3
_Ve	 3
egt_	 3
_bj	 3
land	 3
eit	 3
Va	 3
_si	 3
oet	 3
icu	 3
eg_	 3
iticu	 3
_met_	 3
_bli	 3
oege	 3
En_	 3
_tj	 3
K	 3
kl	 3
Iurj	 3
uis	 3
_mei_	 3
ker_	 3
mm	 3
euw	 3
_as	 3
Ho	 3
_dy_	 3
ett	 3
Iurje	 3
s._	 3
ander	 3
uit_	 3
gru	 3
_met	 3
_ti	 3
oek	 3
_daar	 3
_az_	 3
_hem_	 3
ert_	 3
chi	 3
_nie	 3
ord	 3
tic	 3
tter_	 3
_Sch	 3
itic	 3
_li	 3
Sch	 3
_tr	 3
_bi	 3
_Iu	 3
sje	 3
uwe_	 3
oa	 3
oi	 3
dij_	 3
sse_	 3
ist_	 3
_lês_	 3
onke	 3
ty	 3
_Ro	 3
urj	 3
d,	 3
erre	 3
we_	 3
daar	 3
ud_	 3
mei_	 3
ticu	 3
ez	 3
_En_	 3
_oor_	 3
aan	 3
tel	 3
hem	 3
R	 3
Bo	 3
_Poli	 3
We	 3
_scho	 3
ft_	 3
_mo	 3
rje	 3
_opp	 3
bj	 3
_æk_	 3
ass	 3
s.	 3
rre_	 3
_Va	 3
lyk	 3
oli	 3
ande	 3
ette	 3
_æk	 3
Jn	 3
_En	 3
_Jo	 3
ly	 3
d,_	 3
inne_	 3
wu	 3
Iur	 3
wud	 3
hab	 3
æk	 3
eren_	 3
ker	 3
_hem	 3
af_	 3
urje	 3
_tro	 3
wy_	 3
wier	 3
ieuwe	 3
sa	 3
_Sc	 3
em_	 3
ns_	 3
ng_	 3
il_	 3
een_	 3
rjen	 3
oliti	 3
kom	 3
ig_	 3
fest_	 3
Ro	 3
dy	 3
eren	 3
sj	 3
yk	 3
_ken_	 3
ab	 3
_om	 3
_zil	 3
ês_	 3
_wy	 3
eve	 3
vaa	 3
ord_	 3
tro	 3
els	 3
_lan	 3
Jo	 3
mme	 3
lês	 3
hem_	 3
stie	 3
_gru	 3
_wud	 3
tje_	 3
inne,	 2
Kom_	 2
ech	 2
zen_	 2
Ia	 2
chip	 2
ir	 2
trog_	 2
oos	 2
ota	 2
d;_	 2
iene	 2
oze	 2
at,	 2
erl	 2
Me	 2
ens_	 2
zeg	 2
yd_	 2
ld_	 2
_wier	 2
_vr	 2
ooit_	 2
pil	 2
_Hy	 2
_Za_	 2
_wud_	 2
isse	 2
den_	 2
_.	 2
_Vo	 2
trog	 2
kar	 2
æe	 2
kke	 2
otari	 2
ynne_	 2
Wel	 2
_vers	 2
Kom	 2
_ry	 2
_sm	 2
_pl	 2
Gro	 2
asse	 2
ar?	 2
_Jonk	 2
Tjea	 2
dr	 2
_ynn	 2
mat	 2
drea	 2
k,_	 2
lyke	 2
_hje	 2
sm	 2
_zij	 2
icus.	 2
dk	 2
zij	 2
die	 2
ank	 2
Nota	 2
_af	 2
_Boer	 2
spree	 2
_geve	 2
rog	 2
_Het_	 2
erg	 2
noo	 2
endor	 2
_Roz	 2
gere	 2
otar	 2
_Gro	 2
din	 2
pi	 2
jer	 2
bjort	 2
Jonk	 2
ozen	 2
'e	 2
klea	 2
tze	 2
hoerr	 2
An	 2
oud	 2
_mey_	 2
oete	 2
_gin	 2
Vaa	 2
rl	 2
_bee	 2
Ianke	 2
_wol_	 2
recht	 2
_Wel	 2
pe_	 2
veel_	 2
_der	 2
_zo	 2
Tjead	 2
Jonke	 2
ort	 2
omen_	 2
habb	 2
sjen_	 2
Dan_	 2
lo	 2
_to	 2
end	 2
wae	 2
geve	 2
_Dij	 2
_sjen	 2
stra	 2
_oon_	 2
wier_	 2
zet	 2
uu	 2
Nou_	 2
dor	 2
ari	 2
lk_	 2
laa	 2
d;	 2
_ynne	 2
che	 2
_gie	 2
nne,_	 2
oit	 2
Ly	 2
ndre	 2
cus._	 2
aste	 2
schoe	 2
vee	 2
erd	 2
dre	 2
_vee	 2
spi	 2
gin	 2
nker	 2
ts	 2
lij	 2
vers	 2
tyd	 2
orp	 2
inge	 2
agt	 2
ome	 2
kin	 2
ster	 2
_oon	 2
_po	 2
_kle	 2
eek	 2
gin_	 2
oon_	 2
lea	 2
obb	 2
ega	 2
ber	 2
rs_	 2
haf	 2
ol_	 2
mt_	 2
aw	 2
w_	 2
_ka	 2
grut	 2
tal	 2
_ri	 2
Het	 2
oed	 2
pen	 2
_Nou_	 2
ndr	 2
tten	 2
_rydd	 2
oit_	 2
euwe_	 2
mij	 2
ob	 2
gaan	 2
eas_	 2
_Jon	 2
ier._	 2
_An	 2
_Nota	 2
_mey	 2
pree	 2
vaar	 2
And	 2
ade	 2
ogt_	 2
iss	 2
choe	 2
erst	 2
erre_	 2
_Hol	 2
_D'_	 2
_Kom_	 2
arre	 2
_uit	 2
_zegt	 2
oof	 2
Andre	 2
zendo	 2
_Of	 2
ang	 2
_bjor	 2
stie_	 2
endo	 2
habbe	 2
Ver	 2
yke_	 2
_Iank	 2
ne,	 2
ndrea	 2
_so	 2
ydde_	 2
Jn_	 2
onder	 2
ynn	 2
ryd	 2
_Dan	 2
oz	 2
Dat	 2
ye	 2
ette_	 2
oppe_	 2
Boe	 2
ijk	 2
gie	 2
_Ia	 2
rech	 2
r!_	 2
ip_	 2
Ian	 2
_zeg	 2
_wij	 2
lie	 2
_tjoe	 2
man	 2
eas	 2
_gev	 2
ba	 2
ein	 2
itt	 2
tz	 2
yke	 2
ogt	 2
_lang	 2
Het_	 2
_bar	 2
echt	 2
jead	 2
r;	 2
us._	 2
er;	 2
choer	 2
goe	 2
tten_	 2
mt	 2
C	 2
_habb	 2
_bjo	 2
blie	 2
Boer	 2
Iank	 2
Rozen	 2
Wy_	 2
_F	 2
_mijn	 2
-_	 2
_so_	 2
_uit_	 2
edk	 2
hoer	 2
ast_	 2
veel	 2
rst	 2
-	 2
raa	 2
ydde	 2
_ga	 2
ind	 2
rea	 2
omen	 2
_goe	 2
n?	 2
pa	 2
_der_	 2
_vaa	 2
vr	 2
ug_	 2
arr	 2
r!	 2
Roze	 2
spr	 2
_wij_	 2
gaa	 2
gat	 2
zijn_	 2
im	 2
_Kom	 2
rjen.	 2
_mat	 2
ndorp	 2
_tjo	 2
dreas	 2
au	 2
Jie	 2
_al_	 2
_zil_	 2
uis_	 2
cus.	 2
ar?_	 2
sjen	 2
ild	 2
yni	 2
aart	 2
_And	 2
oft	 2
tie_	 2
ynne	 2
zegt_	 2
_sa_	 2
_Andr	 2
gd	 2
at,_	 2
r?_	 2
_hj	 2
spil	 2
Hy	 2
utt	 2
man_	 2
bjo	 2
lae	 2
ooft	 2
sa_	 2
abb	 2
bar	 2
ha_	 2
_grut	 2
Wel_	 2
n?_	 2
onker	 2
aart_	 2
hip	 2
ortt	 2
onde	 2
hje	 2
Jon	 2
_ger	 2
ein_	 2
ekk	 2
_Vaa	 2
_ba	 2
hip_	 2
a._	 2
kry	 2
olk	 2
rydd	 2
rydde	 2
Hol	 2
_sti	 2
_Nou	 2
ydd	 2
_for	 2
iene_	 2
_El	 2
utte	 2
nou	 2
_dog	 2
zegt	 2
_._	 2
arg	 2
bee	 2
eter	 2
zend	 2
_spi	 2
art_	 2
_veel	 2
Za_	 2
jen.	 2
_Dan_	 2
kan	 2
aer_	 2
wij_	 2
_Het	 2
_Schi	 2
eze	 2
Holl	 2
To	 2
kle	 2
reas	 2
_spr	 2
_Ly	 2
dog	 2
wud_	 2
p.	 2
d.	 2
oerr	 2
so_	 2
_stie	 2
Vo	 2
er;_	 2
_jie	 2
_Boe	 2
for	 2
_Me	 2
De_	 2
_men	 2
ndo	 2
_yn_	 2
kt	 2
_Roze	 2
Andr	 2
_gin_	 2
gs	 2
_Ba	 2
r;_	 2
t!_	 2
_hy	 2
ilt	 2
ppe_	 2
_sj	 2
bjor	 2
_Tje	 2
_Wel_	 2
ing_	 2
art	 2
_ryd	 2
daar_	 2
ead	 2
D'	 2
reek	 2
jen._	 2
rec	 2
ins	 2
hjer	 2
_sij	 2
du	 2
ekke	 2
ht	 2
lieuw	 2
rtt	 2
ekt	 2
_noo	 2
_trog	 2
n:_	 2
æs	 2
_sa	 2
on_	 2
a.	 2
oerre	 2
anke	 2
Om_	 2
_Tjea	 2
D'_	 2
ec	 2
rp	 2
ortte	 2
Dij_	 2
_hoe	 2
_uis	 2
mijn_	 2
ies	 2
taris	 2
aris	 2
_Za	 2
_zijn	 2
mey_	 2
tar	 2
_Om_	 2
spre	 2
mey	 2
Dan	 2
abbe	 2
_u_	 2
hj	 2
n:	 2
ger	 2
jort	 2
lyke_	 2
jortt	 2
_kin	 2
ug	 2
_lit	 2
Tje	 2
jea	 2
ok	 2
_ze_	 2
_mij	 2
_pa	 2
tari	 2
rut	 2
ne,_	 2
tra	 2
_nou	 2
_vol	 2
kel	 2
ip	 2
ding	 2
_sje	 2
gev	 2
nge_	 2
t!	 2
ooit	 2
kk	 2
_kry	 2
blieu	 2
k,	 2
ææ	 2
itte	 2
_Ian	 2
eeg	 2
roe	 2
læ	 2
egen	 2
nz	 2
rog_	 2
_Om	 2
_gen_	 2
us.	 2
nu	 2
Ba	 2
Nou	 2
Of	 2
_gere	 2
ndor	 2
ozend	 2
_klea	 2
_nu	 2
jor	 2
_Wy_	 2
ene_	 2
uk	 2
nt_	 2
ost	 2
_on	 2
Not	 2
uke	 2
Dij	 2
preek	 2
tyd_	 2
_ha_	 2
F	 2
_De_	 2
reekt	 2
_Not	 2
_Dij_	 2
_To	 2
lang	 2
reg	 2
iste	 2
es_	 2
_hjer	 2
ju	 2
p._	 2
zil_	 2
Roz	 2
'er	 2
uw_	 2
_D'	 2
'er_	 2
eekt	 2
tu	 2
mijn	 2
_Ge	 2
cht	 2
nne,	 2
zijn	 2
_spil	 2
erd_	 2
pl	 2
_wae	 2
fen	 2
Om	 2
lieu	 2
dorp	 2
ier.	 2
aat	 2
_na	 2
arg_	 2
niet_	 2
_blie	 2
utter	 2
ls_	 2
out	 2
r?	 2
Ge	 2
sij	 2
_Holl	 2
nt	 2
nk_	 2
El	 2
Schi	 2
rtte	 2
ude	 2
_Ver	 2
chip_	 2
ak	 2
â	 2
Notar	 2
_C	 2
reas_	 2
jk	 2
wol_	 2
_men_	 2
nker_	 2
po	 2
_Jn	 2
_spre	 2
_min	 2
eter_	 2
wij	 2
_Jie	 2
_Dat	 2
Za	 2
j'	 1
_Mey	 1
nds_	 1
tte:	 1
Jng	 1
reune	 1
_Gene	 1
prec	 1
_voe	 1
ef!	 1
oedk	 1
ergd	 1
Brug_	 1
roonj	 1
pt_	 1
_poo	 1
_Brug	 1
_kist	 1
afko	 1
vel	 1
_Hymm	 1
alyke	 1
tery_	 1
_opr	 1
elle_	 1
toeg	 1
_hy_	 1
_Jied	 1
ye_	 1
aef;_	 1
ead!_	 1
allij	 1
kla	 1
_lai	 1
ef;_	 1
ekt_	 1
voo	 1
ron	 1
_gaa	 1
_Maa	 1
grue	 1
atj	 1
_gri	 1
volk	 1
ezet	 1
Volk	 1
heel_	 1
_Pri	 1
ind;_	 1
eur	 1
raal_	 1
tre_	 1
koo	 1
_asse	 1
broe	 1
Joos	 1
giste	 1
Dat_	 1
onj	 1
hev	 1
Make	 1
_je_	 1
_plez	 1
isses	 1
_nei_	 1
nd,_	 1
_ple	 1
ed_	 1
_he_	 1
ear	 1
stjo	 1
sla	 1
d!	 1
ela	 1
rk	 1
joek	 1
_Grou	 1
wt	 1
igd.	 1
_Noe	 1
rouw	 1
kedd	 1
_liæ	 1
uws	 1
elt	 1
ssch	 1
rsta	 1
eat._	 1
rtal	 1
_Elk_	 1
lde	 1
imme_	 1
_Ca	 1
_blok	 1
_mie	 1
wamen	 1
IJn_	 1
ao	 1
lok,_	 1
wyn.	 1
_Wrâ	 1
beet	 1
od	 1
Wee	 1
ijd	 1
_smou	 1
ppen.	 1
_jon	 1
dinge	 1
op,_	 1
_karr	 1
fj	 1
isze	 1
ney	 1
ooi_	 1
nera	 1
togt	 1
et.	 1
zett	 1
rug	 1
gels	 1
oonj	 1
rren	 1
tsje_	 1
_onmo	 1
Fe	 1
Mi	 1
enet	 1
him_	 1
erta	 1
ylle_	 1
rre._	 1
tus	 1
ngst	 1
uisse	 1
lkome	 1
_oa	 1
_aa	 1
ytze	 1
_vore	 1
læge_	 1
It_	 1
fkoms	 1
Hy_	 1
myt_	 1
patj	 1
ds_	 1
inze	 1
ytt	 1
_Mins	 1
hik	 1
ors	 1
oer.	 1
Bou	 1
Li	 1
eune	 1
ris_	 1
E._	 1
an?	 1
ute	 1
voor_	 1
_Opre	 1
eurin	 1
_Ik	 1
agt!_	 1
yf,	 1
koade	 1
Vreu	 1
iæ	 1
_Nææ	 1
agen_	 1
m._	 1
fioe	 1
ead!	 1
irig_	 1
_Tr	 1
rstra	 1
uwt	 1
kenn	 1
aarg_	 1
Lyt	 1
_uus_	 1
_Fre	 1
emin	 1
egatt	 1
ltuu	 1
disze	 1
Ond	 1
voll	 1
pass	 1
tjoe_	 1
jead_	 1
poo	 1
holl	 1
nu_	 1
_Baar	 1
_alty	 1
lland	 1
Toutj	 1
ijnn	 1
rb	 1
cheve	 1
kriet	 1
voege	 1
oekke	 1
Minsk	 1
rdi	 1
_E._	 1
vaak	 1
dien	 1
atje_	 1
amen_	 1
waez	 1
Tryn	 1
tv	 1
volle	 1
esc	 1
merk	 1
ltuug	 1
eer;_	 1
ben	 1
ybren	 1
oren	 1
_koom	 1
Vor_	 1
_wei	 1
_op._	 1
ffin	 1
yte	 1
_bem	 1
gat!	 1
_fjui	 1
derl	 1
air!_	 1
Læef	 1
_uiss	 1
_vra	 1
vree	 1
sijn	 1
jimm	 1
_uwe	 1
_ris_	 1
rttet	 1
na_	 1
_fel;	 1
_dou	 1
itsj	 1
kelaa	 1
sk	 1
uke?_	 1
rken,	 1
Jiedk	 1
ister	 1
_Ni	 1
_Vaas	 1
ek,	 1
_weeg	 1
_bees	 1
anz	 1
eekt_	 1
agen	 1
dijn	 1
_koad	 1
age	 1
plæ	 1
eud	 1
fju	 1
_gou	 1
_var	 1
ke?	 1
tland	 1
kkels	 1
ustr	 1
oell	 1
us?	 1
vare	 1
kedde	 1
dens	 1
som	 1
Wr	 1
weeg	 1
_Verv	 1
was_	 1
Ik	 1
tjen_	 1
_pro	 1
lkand	 1
_hab_	 1
pat	 1
neti	 1
emt_	 1
akel	 1
Do	 1
ogely	 1
aan_	 1
_weg_	 1
r't	 1
_ea	 1
ery_	 1
Zee_	 1
_le	 1
hes	 1
goud	 1
kan_	 1
tææn_	 1
ytz	 1
wyn._	 1
_Cas	 1
Vaast	 1
Onde	 1
rland	 1
estie	 1
uet_	 1
eer!	 1
outj	 1
_zy_	 1
stel	 1
aef	 1
kwam	 1
vande	 1
egen_	 1
_meen	 1
zal_	 1
_dog_	 1
kela	 1
ussc	 1
a!	 1
auke	 1
oomen	 1
esri	 1
yl	 1
eete	 1
kon:_	 1
egeg	 1
_op.	 1
telei	 1
_uwt	 1
isz	 1
hair	 1
_toe	 1
an'_	 1
olg	 1
ren,_	 1
emt	 1
eyni	 1
looft	 1
geb	 1
aast,	 1
obbi	 1
_za!_	 1
aldi	 1
hest_	 1
eekt.	 1
alka	 1
aast	 1
ild_	 1
raaf_	 1
Baarg	 1
rug_	 1
bij	 1
niet.	 1
weeg?	 1
wein_	 1
_Op	 1
indie	 1
tog	 1
uug_	 1
_boet	 1
am:	 1
ou;_	 1
nooit	 1
zjen_	 1
lli	 1
nske	 1
lange	 1
zille	 1
stjoe	 1
uug	 1
_eerl	 1
ôn	 1
ul	 1
_uws	 1
ymme	 1
Uit	 1
Tr	 1
ioe	 1
ske_	 1
_rinn	 1
_mal	 1
roo	 1
ooft_	 1
jieu	 1
bij_	 1
awi	 1
_kryt	 1
ato,_	 1
doek	 1
_woll	 1
_wor	 1
indi	 1
ed;_	 1
haft_	 1
_kri	 1
blijd	 1
bes	 1
icus?	 1
Nææ	 1
fol	 1
_Vor	 1
smyt_	 1
ney_	 1
ra._	 1
r't_	 1
oek,_	 1
_Of_	 1
ja?	 1
udd	 1
smo	 1
_komt	 1
_hyn	 1
inske	 1
and,_	 1
Sjoe	 1
_Wr	 1
reæt_	 1
_hæer	 1
lezi	 1
_uwt_	 1
is._	 1
gehee	 1
Te	 1
wols	 1
Vade	 1
_Pr	 1
stond	 1
_Br	 1
dkeur	 1
_Nieu	 1
_Noem	 1
aan'	 1
unen_	 1
nds	 1
karre	 1
Opre	 1
jieud	 1
_kan	 1
digd.	 1
eagen	 1
ppet	 1
mst	 1
aai	 1
minn	 1
aet_	 1
elle	 1
troon	 1
_Wae	 1
_Sche	 1
md	 1
fel	 1
nze	 1
gen.	 1
nooi	 1
ook	 1
alkan	 1
_my,	 1
eed,_	 1
daar?	 1
Erfen	 1
fei	 1
folle	 1
hâst_	 1
mal	 1
bbe_	 1
_vert	 1
_Alle	 1
smou	 1
tlan	 1
rod	 1
_dit_	 1
g?_	 1
preg	 1
_jiel	 1
ook_	 1
_Er	 1
_gehe	 1
fjui	 1
mme_	 1
Sjoeg	 1
ers_	 1
_br	 1
hâ	 1
uiri	 1
eheel	 1
ala	 1
plæg	 1
uig	 1
_ing	 1
rega	 1
_Tog	 1
jde	 1
_ver_	 1
_Vol	 1
_hâ	 1
egen.	 1
_ytte	 1
ymmel	 1
æst.	 1
Men	 1
edka	 1
fges	 1
woll	 1
_Joos	 1
ffing	 1
atten	 1
elyk_	 1
oek,	 1
boete	 1
bbe.	 1
ekkel	 1
evel_	 1
nen_	 1
eve_	 1
aderl	 1
anke.	 1
auk	 1
ym	 1
Zy	 1
_Fen	 1
klean	 1
tig_	 1
laat,	 1
ake	 1
d.-_	 1
its	 1
Uitl	 1
rge	 1
nd,	 1
_rin	 1
insk	 1
uir	 1
fk	 1
styf,	 1
uigtj	 1
_nei	 1
alaat	 1
_Freg	 1
ek,_	 1
ryten	 1
ruit_	 1
_Groe	 1
gerec	 1
hou	 1
_styf	 1
iel	 1
hik_	 1
chri	 1
_jild	 1
zon	 1
_beet	 1
hri	 1
Holle	 1
ve_	 1
lka	 1
oafk	 1
ris;	 1
Ni	 1
_litt	 1
isze_	 1
_Vr	 1
Hoof	 1
æef	 1
gever	 1
voren	 1
rjen?	 1
just	 1
eits	 1
ingen	 1
ehee	 1
yten	 1
ken,	 1
lam	 1
_troo	 1
ak_	 1
gehe	 1
hinne	 1
koom	 1
nga	 1
ies_	 1
Gedu	 1
hyngs	 1
Frega	 1
ade_	 1
wiet	 1
neat	 1
zot	 1
oert	 1
ogs_	 1
ulden	 1
laar_	 1
_ney_	 1
onds	 1
eit:	 1
rly	 1
malk	 1
ssc	 1
_Mi	 1
je,_	 1
Nass	 1
ris;_	 1
ou;	 1
Jin	 1
poot,	 1
omd	 1
schen	 1
ytte_	 1
kno	 1
æfdef	 1
en:_	 1
ed,	 1
wee	 1
dke	 1
aij	 1
_wie_	 1
woo	 1
der.	 1
_jaa	 1
ênt_	 1
ws_	 1
chyl	 1
lear	 1
ijnne	 1
ige_	 1
Robbe	 1
bige	 1
ad_	 1
ulde	 1
Jnge	 1
ield	 1
_E.	 1
ame	 1
_vor	 1
istig	 1
Sjo	 1
troo	 1
nei	 1
_nooi	 1
_kn	 1
Offin	 1
chen	 1
æer	 1
æst._	 1
râd.	 1
nsto	 1
y,_	 1
org	 1
_kie	 1
gelyk	 1
auw_	 1
tier	 1
_ja?_	 1
_word	 1
spyel	 1
ouden	 1
weg_	 1
ot,	 1
mst_	 1
itze	 1
kri	 1
agt!	 1
wiers	 1
_weyn	 1
sijke	 1
mie	 1
rken	 1
if	 1
goud_	 1
bemi	 1
koe	 1
die_	 1
him	 1
eg?	 1
ner	 1
feni	 1
Vre	 1
stig_	 1
onsên	 1
kt.	 1
enis	 1
ato,	 1
Js	 1
emi	 1
tussc	 1
rla	 1
moel	 1
ên	 1
emen	 1
_It_	 1
_pop,	 1
oord	 1
woor	 1
_Wee	 1
_Erf	 1
_wols	 1
_smy	 1
egel_	 1
justr	 1
lok	 1
le,	 1
_lam.	 1
_kan_	 1
litt	 1
_doek	 1
Nieuw	 1
wiste	 1
nob	 1
on:	 1
oegel	 1
ld,_	 1
finga	 1
rber	 1
eag	 1
rre.	 1
ieud	 1
grut_	 1
me_	 1
gier	 1
_ijn	 1
goed	 1
_-	 1
On	 1
jim	 1
_fol	 1
op._	 1
itte:	 1
eeg_	 1
foar	 1
tery	 1
lschi	 1
gawi	 1
ouke	 1
ram	 1
nsên	 1
_man_	 1
_Hoo	 1
togt_	 1
maos	 1
_Bru	 1
_pe	 1
igtj	 1
Zy_	 1
scha	 1
her	 1
_voeg	 1
_ae	 1
aez	 1
Robb	 1
raaf	 1
_mao	 1
oer_	 1
_eage	 1
io	 1
_'er	 1
reæ	 1
fioer	 1
ader	 1
Fenet	 1
jaan_	 1
geu	 1
_Dou_	 1
reeg	 1
_oett	 1
gelsi	 1
nomd_	 1
_moel	 1
keuri	 1
_ook	 1
geg	 1
_nomd	 1
_wis	 1
Jild,	 1
stj	 1
dit_	 1
den,	 1
aat_	 1
eere	 1
ang_	 1
jert	 1
orp._	 1
Maar_	 1
l,_	 1
uri	 1
ef;	 1
en?	 1
uss	 1
n'	 1
Swyn.	 1
to,	 1
_gel	 1
be.	 1
aet	 1
rig_	 1
oppen	 1
ezier	 1
iek	 1
Groe	 1
seere	 1
_zje	 1
Wou	 1
_lanz	 1
kin_	 1
bolle	 1
rke	 1
_was	 1
ris.	 1
Graa	 1
kkel	 1
lande	 1
aaije	 1
onsê	 1
slae	 1
poot	 1
ill	 1
âst_	 1
_it	 1
nobbi	 1
_ist	 1
râ	 1
tvaa	 1
Bouke	 1
ssche	 1
æef!_	 1
ensto	 1
aar?_	 1
ses_	 1
_voo	 1
zond	 1
telje	 1
rôn	 1
auke,	 1
nder.	 1
op.	 1
rlyke	 1
htva	 1
d'_	 1
Jinze	 1
ht_	 1
sauw	 1
ald	 1
giet_	 1
ogel	 1
Caste	 1
_afg	 1
arre.	 1
_Maar	 1
aak_	 1
æg	 1
gely	 1
ange_	 1
etter	 1
liæfd	 1
_Mak	 1
Mast	 1
klear	 1
_Fene	 1
hrif	 1
am_	 1
_næs	 1
_Vor_	 1
eude_	 1
_goe_	 1
_str	 1
oade	 1
_onde	 1
Togt	 1
yna	 1
ngst_	 1
vaart	 1
aenst	 1
fel;_	 1
meit	 1
rtie	 1
_ind	 1
_bete	 1
tien_	 1
pet	 1
_nea	 1
rtter	 1
_kwa	 1
jaa	 1
Cons	 1
yzo	 1
ons	 1
dui	 1
_doe	 1
barre	 1
Nassa	 1
_iede	 1
nke.	 1
ryte	 1
tjoek	 1
assau	 1
hie	 1
reed,	 1
_Baa	 1
_Tou	 1
mis	 1
ink	 1
teren	 1
awier	 1
zitt	 1
_Uit	 1
Elk	 1
_wief	 1
herbe	 1
jong	 1
oge	 1
ut_	 1
oude	 1
ioer	 1
brui	 1
lg_	 1
Sw	 1
honke	 1
_tal	 1
erma	 1
jus	 1
iekke	 1
ot_	 1
lg	 1
esen	 1
Boere	 1
klae	 1
ebr	 1
_siss	 1
hyll	 1
big	 1
_Die_	 1
edde	 1
_IJn_	 1
_Weer	 1
tuug_	 1
_zal	 1
joekk	 1
eg?_	 1
_Dou	 1
_foar	 1
dijn_	 1
Alle	 1
Jied	 1
kist_	 1
eat	 1
Mar_	 1
mist	 1
erman	 1
æst	 1
_mer	 1
Dato,	 1
tel_	 1
_Uitl	 1
mat,	 1
verg	 1
boet	 1
zette	 1
chtv	 1
Tji	 1
kon:	 1
oms	 1
ds	 1
ke.	 1
stere	 1
ke?_	 1
zagt_	 1
wit_	 1
noos	 1
sis	 1
Be	 1
_mis	 1
_zot	 1
lpt	 1
m:_	 1
æn	 1
_Opr	 1
erso	 1
ford_	 1
zy_	 1
efio	 1
ogs	 1
_ij	 1
rsom	 1
utje	 1
_nae	 1
elje	 1
_hâs	 1
kies	 1
êr	 1
ijk_	 1
_Sw	 1
ere_	 1
lanz	 1
_krod	 1
_krie	 1
_mor	 1
sze	 1
aft	 1
eerd	 1
dig	 1
nom	 1
Noem	 1
hest	 1
ronk_	 1
ai_	 1
ijden	 1
fel;	 1
_Erfe	 1
oord_	 1
_Tjie	 1
oud_	 1
onk_	 1
byn	 1
_dogs	 1
mmel_	 1
_brui	 1
rgd_	 1
sje_	 1
uigt	 1
pet_	 1
voeg	 1
_hes	 1
erti	 1
geloo	 1
ebroe	 1
zje	 1
_Togt	 1
ronk	 1
_dou_	 1
ers,	 1
ldi	 1
hon	 1
_Ze	 1
mind	 1
_lai_	 1
_ta.	 1
oere	 1
_fj	 1
_malk	 1
_Bes	 1
rs,_	 1
komt	 1
jaw	 1
osten	 1
_næ	 1
riene	 1
ld,	 1
Joost	 1
Hui	 1
_kinn	 1
hast	 1
yna_	 1
lden	 1
krod	 1
eeter	 1
ngel	 1
Groet	 1
oesr	 1
_spy	 1
mogel	 1
Ca	 1
uze	 1
egaan	 1
d!_	 1
ders_	 1
Mar	 1
ierst	 1
afk	 1
mmel	 1
Fen	 1
Jier	 1
schi	 1
my,_	 1
rberg	 1
ie'_	 1
yf,_	 1
bbi	 1
jawo	 1
ouw	 1
igd	 1
Op	 1
smouz	 1
dkeu	 1
_grie	 1
Waer	 1
waer_	 1
we,	 1
eti	 1
zens	 1
ngels	 1
tre	 1
oedke	 1
weyni	 1
_Jinz	 1
fen_	 1
Nooi	 1
j'er	 1
oute	 1
Mak	 1
gtje	 1
Volk_	 1
vel_	 1
_Off	 1
_Lit_	 1
_kies	 1
ener	 1
Alle_	 1
_Vaar	 1
wist	 1
am:_	 1
_hei	 1
Elts	 1
ttet_	 1
eæt	 1
dê	 1
ke._	 1
_sty	 1
beest	 1
taat_	 1
lle,_	 1
_maos	 1
iert	 1
kke_	 1
_Ond	 1
_zwie	 1
krod_	 1
_oet	 1
Dato	 1
raal	 1
Swy	 1
_Hy_	 1
ssauw	 1
iri	 1
_byna	 1
æerd_	 1
lje	 1
krie	 1
pen_	 1
honk	 1
_Swyn	 1
Wa	 1
uke?	 1
geu_	 1
_wa_	 1
voor	 1
rso	 1
_merk	 1
oft._	 1
mien	 1
elje,	 1
_Js_	 1
tjoer	 1
gez	 1
eæ	 1
ton	 1
Boer.	 1
at.	 1
kop	 1
varen	 1
bert	 1
_mist	 1
_Ik_	 1
Vee	 1
_wey	 1
_aaij	 1
_Vad	 1
_zot_	 1
kro	 1
meits	 1
râd._	 1
eken_	 1
ast,	 1
knobb	 1
land,	 1
zit	 1
Nææ_	 1
_ek_	 1
haf_	 1
air	 1
aaij	 1
byna	 1
_liæf	 1
_nou;	 1
nal	 1
næst.	 1
Grouw	 1
regt	 1
alli	 1
tyf	 1
we,_	 1
iltj	 1
_Jnge	 1
er!_	 1
def	 1
_mat_	 1
_stææ	 1
oot,_	 1
_zagt	 1
zete	 1
_All	 1
lean_	 1
rô	 1
Wo	 1
lpt_	 1
Erfe	 1
E.	 1
_as_	 1
ierta	 1
ldin	 1
ring_	 1
noege	 1
Tog	 1
oes	 1
chi_	 1
sses	 1
rta	 1
uter	 1
_verr	 1
kist	 1
rbe	 1
evel	 1
_'e	 1
kryt	 1
eed	 1
_pen_	 1
_dul	 1
itel_	 1
elaa	 1
Bauk	 1
Pri	 1
_jil	 1
uke,	 1
yelt	 1
_zal_	 1
_gis	 1
elsi	 1
Bauke	 1
byzo	 1
jen:	 1
agt_	 1
Vaart	 1
ijen:	 1
rift_	 1
lp	 1
_Lam	 1
Sche	 1
yf	 1
hab_	 1
zjen	 1
betel	 1
_La	 1
ndie	 1
mooi	 1
un	 1
ders	 1
best	 1
d.-	 1
en:	 1
efioe	 1
sênt_	 1
_pron	 1
Ged	 1
t:_	 1
tuu	 1
omt	 1
ift_	 1
Al	 1
hair!	 1
_kro	 1
ille.	 1
minne	 1
euri	 1
eder	 1
it:	 1
æss	 1
_Joo	 1
passe	 1
nobb	 1
echt_	 1
lijk_	 1
uden	 1
tra.	 1
erg_	 1
hy_	 1
elo	 1
enis_	 1
onge	 1
_ist_	 1
fing	 1
_Wrâd	 1
sses_	 1
æt	 1
blij	 1
tuss	 1
elpt_	 1
ndi	 1
barg	 1
læss	 1
ynig	 1
o,	 1
hoes	 1
wudde	 1
_it_	 1
_wit_	 1
oade_	 1
eken	 1
ustre	 1
aan?	 1
ers,_	 1
yll	 1
Noo	 1
Weerd	 1
lam._	 1
litte	 1
kels_	 1
rtuss	 1
lijk	 1
_ijnn	 1
bbert	 1
oi_	 1
rue	 1
Heit_	 1
Zee	 1
gst	 1
Wrâ	 1
_gist	 1
Wyb	 1
ees	 1
_bij_	 1
foll	 1
lts_	 1
nut	 1
_aldi	 1
Mey_	 1
itla	 1
ver_	 1
Noemt	 1
_haf_	 1
foar_	 1
oete_	 1
oors	 1
Lam	 1
aren	 1
oft.	 1
_byn	 1
_Nass	 1
greæt	 1
nston	 1
esch	 1
_nou_	 1
ief_	 1
ws	 1
æf	 1
ouk	 1
jiel	 1
Fr	 1
oot	 1
zw	 1
Joo	 1
bop	 1
ertus	 1
lden,	 1
æge	 1
edd	 1
ters,	 1
hjert	 1
ren,	 1
Vol	 1
Mas	 1
_hik_	 1
bren_	 1
_j'	 1
jon	 1
waer	 1
Bru	 1
schyl	 1
_Tji	 1
elsch	 1
riet	 1
waeze	 1
ytte	 1
nog_	 1
mat_	 1
ske	 1
ije	 1
mel	 1
_stj	 1
grutt	 1
teg	 1
âd	 1
disz	 1
bin	 1
_sla	 1
_Do	 1
_Volk	 1
_jaan	 1
gst_	 1
bro	 1
zie	 1
tzens	 1
_boe	 1
olk_	 1
_schr	 1
gd.	 1
schy	 1
rren,	 1
ingez	 1
_duld	 1
_alli	 1
_Tryn	 1
astel	 1
erly	 1
_Rob	 1
sty	 1
oeken	 1
Heit	 1
It	 1
yeltu	 1
mor	 1
ely	 1
has	 1
giet	 1
_lett	 1
aeze	 1
olg_	 1
_stjo	 1
ttery	 1
_hol	 1
hei	 1
_Vade	 1
anz_	 1
iedka	 1
Wae	 1
schr	 1
Off	 1
laef;	 1
jnne	 1
yz	 1
tin	 1
Næ	 1
_Wou	 1
_geno	 1
joe_	 1
udden	 1
htv	 1
olla	 1
ltj	 1
to,_	 1
Togt_	 1
_Bou	 1
_wee	 1
it:_	 1
Gener	 1
vert	 1
a?_	 1
tiek	 1
olle,	 1
ra.	 1
plez	 1
eraa	 1
_her	 1
yel	 1
eit_	 1
_Ged	 1
_Make	 1
âd.	 1
gt!_	 1
æfd	 1
Graaf	 1
op,	 1
_j'er	 1
rp._	 1
_ied	 1
stææn	 1
ezi	 1
im_	 1
aardi	 1
_him_	 1
nig_	 1
_bis	 1
Nas	 1
_bij	 1
tite	 1
mmet	 1
Mey	 1
ragt	 1
st.	 1
.-_	 1
imm	 1
fdefi	 1
srie	 1
taly	 1
joer	 1
itel	 1
laer	 1
_sijk	 1
ieude	 1
nae	 1
uirig	 1
s?	 1
hol	 1
Veel	 1
tere	 1
tla	 1
ekt.	 1
stig	 1
oekk	 1
une	 1
ezen,	 1
egat	 1
chy	 1
kome	 1
f,	 1
_Veel	 1
_Zee	 1
p,_	 1
blok,	 1
_Mas	 1
gel_	 1
ef_	 1
edu	 1
merke	 1
iese	 1
gaan'	 1
tææ	 1
bet	 1
nzen_	 1
nutte	 1
word_	 1
rift	 1
_ty	 1
ore	 1
plezi	 1
komst	 1
hi_	 1
fd	 1
smyt	 1
_blo	 1
aer;	 1
lje,_	 1
_koa	 1
iekk	 1
pop	 1
boll	 1
Co	 1
iers	 1
_tyd_	 1
ææ_	 1
_hyng	 1
_afge	 1
_holl	 1
cht_	 1
iet.	 1
Tjies	 1
broek	 1
kels	 1
Bes	 1
omme	 1
_Wyb	 1
iltje	 1
aost	 1
_zett	 1
_uwe_	 1
help	 1
_Lyn	 1
aer;_	 1
ses	 1
loof	 1
_ben	 1
rye	 1
uke,_	 1
_Mar	 1
keu	 1
sijk	 1
ioer_	 1
s;_	 1
_mat,	 1
ins_	 1
tied	 1
_vaak	 1
tvaar	 1
_Næ	 1
Prin	 1
_him	 1
edkeu	 1
sê	 1
Veel_	 1
ouw_	 1
tier.	 1
ille	 1
_Dato	 1
onge_	 1
afge	 1
kt_	 1
dden_	 1
_It	 1
ie'	 1
ram_	 1
rvol	 1
_ding	 1
zitte	 1
rouw_	 1
nou_	 1
ruet_	 1
enne	 1
_je	 1
eynig	 1
awoor	 1
ab_	 1
n'_	 1
Hymm	 1
dêr'	 1
bbige	 1
jild_	 1
_mien	 1
_Co	 1
_Bauk	 1
_tjie	 1
nala	 1
Maste	 1
_zitt	 1
elsc	 1
Nieu	 1
rlan	 1
ryn_	 1
dogs_	 1
_Na	 1
_Jier	 1
smy	 1
litz	 1
gtjen	 1
wei	 1
var	 1
_oaf	 1
_Cast	 1
an?_	 1
Jinz	 1
spilt	 1
ok_	 1
_hel	 1
dis	 1
kwame	 1
gt!	 1
Woute	 1
_Prin	 1
lsin	 1
tet_	 1
uus_	 1
min_	 1
uiss	 1
_giet	 1
tsje	 1
wyn	 1
gd.-	 1
dens_	 1
uus	 1
nis	 1
oome	 1
rôn_	 1
vand	 1
erber	 1
us_	 1
jnne_	 1
kis	 1
IJ	 1
ekke_	 1
pop,_	 1
efi	 1
erstr	 1
loo	 1
rgeu	 1
llan	 1
bren	 1
atje	 1
ôn_	 1
Tjie	 1
elsin	 1
malka	 1
he_	 1
dert	 1
_Bau	 1
_zoe	 1
lding	 1
krye	 1
_wol,	 1
æn_	 1
ltu	 1
hai	 1
Schip	 1
nders	 1
_kop_	 1
_feil	 1
fkom	 1
_Onde	 1
_iene	 1
gis	 1
ho_	 1
_zwi	 1
era	 1
spil_	 1
_meit	 1
_vare	 1
eet	 1
ouzen	 1
oonje	 1
Læe	 1
rgeu_	 1
_Kop	 1
word	 1
dit	 1
Elt	 1
rif	 1
asse_	 1
rou	 1
r'	 1
nog	 1
nomd	 1
eme	 1
gruet	 1
_'er_	 1
rsomm	 1
rutt	 1
hoed_	 1
Is_	 1
vergd	 1
eduir	 1
alaa	 1
zag	 1
_uws_	 1
aas	 1
Vaar	 1
rut_	 1
_Te_	 1
aft_	 1
_togt	 1
_schy	 1
everg	 1
_bopp	 1
foa	 1
stra.	 1
ebro	 1
defio	 1
gat!_	 1
chaft	 1
_barg	 1
_ass	 1
mao	 1
le._	 1
kinne	 1
toege	 1
esti	 1
berg	 1
hrift	 1
_eag	 1
moell	 1
ijke	 1
elein	 1
hr	 1
onje_	 1
iede	 1
_geb	 1
s,	 1
_wein	 1
iste_	 1
regt_	 1
sz	 1
ssau	 1
litze	 1
dkar	 1
dorp_	 1
_bes	 1
ngawi	 1
eunen	 1
eb	 1
eage	 1
_goud	 1
chon	 1
esen_	 1
tram_	 1
wiet_	 1
giere	 1
_Hoof	 1
_Gra	 1
_j'e	 1
nutt	 1
lt_	 1
all	 1
roek	 1
_slae	 1
chev	 1
styf	 1
l;_	 1
âst	 1
lein	 1
êr't_	 1
_gaan	 1
riet_	 1
_Noo	 1
tink_	 1
zwiet	 1
elaar	 1
ese	 1
_zoe_	 1
heit	 1
_all	 1
ja?_	 1
hæer	 1
_wit	 1
m:	 1
bjus	 1
âs	 1
ynig_	 1
dkar_	 1
ear?	 1
_Fr	 1
_tji	 1
talyk	 1
obbig	 1
ta_	 1
lijde	 1
ppet_	 1
neme	 1
pronk	 1
juig	 1
Te_	 1
_nut	 1
bert_	 1
ols_	 1
_Al	 1
Cas	 1
tyf,	 1
ston	 1
barr	 1
_moe	 1
joeg	 1
_Zy	 1
onken	 1
md_	 1
ding_	 1
_noos	 1
nou;	 1
te:_	 1
lko	 1
ato	 1
vore	 1
ardi	 1
der._	 1
aster	 1
_Gedu	 1
kiese	 1
zeten	 1
Nie	 1
_gat!	 1
gelo	 1
enoeg	 1
Best	 1
Gedui	 1
Maar	 1
sto	 1
berg_	 1
_binn	 1
_pass	 1
men,_	 1
Wybre	 1
_indi	 1
hast_	 1
_vree	 1
_rô	 1
lai_	 1
somm	 1
Noe	 1
volg	 1
obbe	 1
_du	 1
fjuig	 1
cha	 1
euwe,	 1
_hie_	 1
_toeg	 1
ef!_	 1
_barr	 1
_kon	 1
zoe	 1
ytze_	 1
ngen_	 1
_nog_	 1
Gra	 1
ry_	 1
jier	 1
stre_	 1
Try	 1
jil	 1
imme	 1
ield_	 1
sin_	 1
Baar	 1
Hooft	 1
_minn	 1
st,_	 1
oeter	 1
jies	 1
lle._	 1
_rôn	 1
ford	 1
meen	 1
tjie	 1
eno	 1
nemen	 1
laat	 1
_Læ	 1
p,	 1
kie	 1
vre	 1
lle.	 1
_jawo	 1
joert	 1
aaf	 1
aije	 1
eun	 1
tjen	 1
ust	 1
rig	 1
_ney	 1
rfeni	 1
mouz	 1
plæge	 1
Na	 1
_Elts	 1
ryt	 1
_Lyt	 1
goe_	 1
_tink	 1
rstr	 1
att	 1
ost_	 1
ieder	 1
eude	 1
oost_	 1
at!_	 1
_Sj	 1
__	 1
koad	 1
sênt	 1
er!	 1
ardig	 1
ell	 1
houde	 1
patje	 1
prech	 1
yk_	 1
_opre	 1
gtj	 1
naet	 1
hevel	 1
alyk	 1
taat	 1
byz	 1
itz	 1
rdigd	 1
onmog	 1
st._	 1
genoe	 1
cus?_	 1
_bemi	 1
onje	 1
ngaw	 1
iæfd	 1
igt	 1
_bist	 1
sauw_	 1
_litz	 1
_zw	 1
Wrâd	 1
Verm	 1
Baa	 1
yngst	 1
ymm	 1
ertu	 1
ol,_	 1
hæ	 1
eu_	 1
roet	 1
oem	 1
Consê	 1
_af_	 1
nke_	 1
_dis	 1
aaf_	 1
Huis_	 1
_Læef	 1
lkan	 1
zen,_	 1
awie	 1
lezie	 1
gd_	 1
wit	 1
lai	 1
erec	 1
_volk	 1
wame	 1
ent_	 1
is.	 1
Tou	 1
nken	 1
laer;	 1
yt_	 1
lok,	 1
eloo	 1
_Jil	 1
s?_	 1
gesch	 1
_kis	 1
_hast	 1
j'e	 1
ezie	 1
sche	 1
orp_	 1
zels	 1
rf	 1
rs,	 1
eer;	 1
meen,	 1
elj	 1
at!	 1
oad	 1
jk_	 1
_hoed	 1
liæ	 1
chrif	 1
_ris	 1
f;_	 1
oelle	 1
uwe,	 1
_or	 1
jild	 1
_jo	 1
dertu	 1
dka	 1
gaw	 1
pye	 1
.-	 1
_jim	 1
ols	 1
Vreun	 1
_waer	 1
_min_	 1
erke	 1
zoe_	 1
sri	 1
chr	 1
gega	 1
_jier	 1
_hie	 1
_uu	 1
Vr	 1
ery	 1
aan?_	 1
_Hui	 1
zens_	 1
_has	 1
hyn	 1
mient	 1
ryn	 1
nzen	 1
eest	 1
iesen	 1
lean	 1
benem	 1
bis	 1
nig	 1
_nog	 1
Grou	 1
Wrâd.	 1
_hin	 1
nalaa	 1
udde	 1
_fju	 1
rma	 1
_dêr	 1
eke	 1
s;	 1
g?	 1
_aen	 1
oeke	 1
blok	 1
_kwam	 1
_dêr'	 1
_næst	 1
_sijn	 1
wor	 1
_Mey_	 1
_Hu	 1
et._	 1
_Zee_	 1
bene	 1
chtva	 1
_zel	 1
gou	 1
_Wybr	 1
Lytze	 1
bru	 1
morge	 1
_zjen	 1
_for_	 1
_Lit	 1
aly	 1
fdef	 1
_Huis	 1
Fre	 1
Hymme	 1
_vand	 1
tien	 1
Ze	 1
an'	 1
_naet	 1
rp.	 1
koa	 1
koms	 1
nsê	 1
Br	 1
aldin	 1
nst	 1
oegeg	 1
âd._	 1
_oafk	 1
Vader	 1
_poot	 1
pen.	 1
uters	 1
re._	 1
nsk	 1
lje,	 1
nea	 1
bopp	 1
Con	 1
yng	 1
opre	 1
_morg	 1
akela	 1
_Die	 1
oeg_	 1
kryte	 1
_disz	 1
_herb	 1
tsj	 1
lei	 1
lette	 1
grie	 1
ndert	 1
erk	 1
Lyni	 1
omt_	 1
_smo	 1
_Nas	 1
_fen	 1
nen	 1
arre_	 1
_Hei	 1
best_	 1
_hinn	 1
aal_	 1
lez	 1
_moo	 1
hyng	 1
_ta._	 1
ooft.	 1
nis_	 1
_houd	 1
Læ	 1
rstaa	 1
nd_	 1
_waez	 1
obber	 1
Besti	 1
edke	 1
jield	 1
oere_	 1
kande	 1
are	 1
ors_	 1
stæ	 1
_ook_	 1
wol,	 1
erken	 1
_grue	 1
_weg	 1
hen	 1
omst_	 1
tied;	 1
næ	 1
_sis	 1
ent	 1
ster_	 1
urin	 1
_læss	 1
_knob	 1
fde	 1
aard	 1
oesri	 1
_Kop_	 1
ngeze	 1
ue	 1
nje	 1
st,	 1
_lam	 1
rp_	 1
a!_	 1
e:_	 1
be._	 1
rien	 1
blo	 1
zier	 1
ple	 1
gatte	 1
_smyt	 1
neraa	 1
pen._	 1
duiri	 1
my,	 1
escha	 1
eilt	 1
etel	 1
inga	 1
greæ	 1
iæfde	 1
gd.-_	 1
ynie_	 1
êr'	 1
edkar	 1
tææn	 1
_my,_	 1
a?	 1
je,	 1
orge	 1
esrie	 1
alt	 1
inzen	 1
jawoo	 1
_kin_	 1
eld_	 1
_tit	 1
ard	 1
læsse	 1
sseer	 1
verti	 1
eeg?_	 1
onds_	 1
and,	 1
kenne	 1
bol	 1
enst	 1
kw	 1
is;_	 1
krye_	 1
jden	 1
uz	 1
ngen	 1
sijn_	 1
zwie	 1
enera	 1
ris._	 1
cus?	 1
_Waer	 1
mooi_	 1
gen._	 1
rvo	 1
_hæ	 1
jer_	 1
_zag	 1
_Mar_	 1
aef;	 1
_d'	 1
mind;	 1
_teg	 1
_zet	 1
eeg?	 1
vor	 1
barg_	 1
nske_	 1
moe	 1
dêr't	 1
pro	 1
assee	 1
eest_	 1
wief	 1
æerd	 1
ige	 1
Kop_	 1
elpt	 1
Rob	 1
Jan	 1
f!_	 1
abbe.	 1
pyel	 1
was	 1
ean_	 1
ersom	 1
_wudd	 1
tond	 1
_Offi	 1
elp	 1
oel	 1
Lyn	 1
_gre	 1
ink_	 1
zier_	 1
_aai	 1
roete	 1
_byzo	 1
Cast	 1
jker_	 1
æef!	 1
nmoge	 1
ommet	 1
_ta_	 1
aris.	 1
ææn_	 1
stre	 1
eloof	 1
_On	 1
nd;	 1
b_	 1
pt	 1
_pat	 1
tji	 1
_nala	 1
sisse	 1
læg	 1
beete	 1
be_	 1
eni	 1
ff	 1
Verma	 1
chaf	 1
ts_	 1
sze_	 1
Heer!	 1
ead_	 1
mouze	 1
uld	 1
ied;	 1
_pr	 1
vreeg	 1
eerl	 1
lsc	 1
_gat	 1
lsin_	 1
ngs	 1
_ked	 1
_patj	 1
_jong	 1
jert_	 1
_Men_	 1
utj	 1
os_	 1
joeg_	 1
kar_	 1
_Hym	 1
alty	 1
_help	 1
etie	 1
lts	 1
_Wa	 1
e?	 1
Huis	 1
_kar	 1
outer	 1
_bol	 1
hylle	 1
wein	 1
el;_	 1
ezete	 1
verre	 1
wudd	 1
_klae	 1
_gelo	 1
Schi_	 1
rti	 1
te:	 1
enoe	 1
nken_	 1
_oors	 1
afkom	 1
spye	 1
lle,	 1
eil	 1
let	 1
telj	 1
Of_	 1
Schev	 1
_ald	 1
komt_	 1
_vrag	 1
inz	 1
_neat	 1
houd	 1
rvolg	 1
ange	 1
lanz_	 1
sten_	 1
_die_	 1
eltuu	 1
srie'	 1
_za!	 1
mee	 1
stææ	 1
fio	 1
_bju	 1
juigt	 1
morg	 1
irig	 1
zal	 1
nem	 1
lsch	 1
_was_	 1
bber	 1
tegen	 1
_-_	 1
_yt	 1
oed_	 1
dou	 1
heel	 1
geze	 1
anke_	 1
lj	 1
pregt	 1
mou	 1
karr	 1
eer!_	 1
eld	 1
_nom	 1
nsênt	 1
_voll	 1
_hâst	 1
stram	 1
bruit	 1
dul	 1
lyk_	 1
_din	 1
ffi	 1
lang_	 1
gegaa	 1
nke._	 1
_tyd	 1
eat.	 1
_goed	 1
een,_	 1
aarg	 1
wey	 1
U	 1
_blij	 1
helpt	 1
verr	 1
_gier	 1
Holla	 1
rins_	 1
aren_	 1
ek_	 1
_zels	 1
_Jild	 1
uet	 1
_uus	 1
_dit	 1
zot_	 1
ylle	 1
ft.	 1
ouz	 1
roon	 1
rlyk	 1
lkom	 1
_IJ	 1
_Wout	 1
duld	 1
eh	 1
æsse_	 1
omd_	 1
_die	 1
jdens	 1
hæe	 1
doeke	 1
noe	 1
Prins	 1
_Nooi	 1
am.	 1
Lam:_	 1
defi	 1
eerd_	 1
siss	 1
opr	 1
ekt._	 1
amen	 1
altyd	 1
moo	 1
reeg_	 1
ring	 1
oemt_	 1
binne	 1
olkom	 1
Dou_	 1
laef	 1
læs	 1
echtv	 1
sen_	 1
_Best	 1
yngs	 1
Weer	 1
_hik	 1
nmo	 1
hen_	 1
kon	 1
eeren	 1
dden	 1
ltyd	 1
oft_	 1
Pr	 1
ste_	 1
sta	 1
Vervo	 1
_Nææ_	 1
Oprec	 1
rui	 1
_pen	 1
abbe_	 1
Er	 1
afg	 1
_kw	 1
zelsc	 1
ô	 1
Lam:	 1
s,_	 1
en?_	 1
ta._	 1
awoo	 1
Nooit	 1
Vor	 1
Gen	 1
sr	 1
dou_	 1
ragt!	 1
enem	 1
py	 1
taa	 1
_tog	 1
jke	 1
reu	 1
nm	 1
Verv	 1
zagt	 1
oost	 1
bist_	 1
rfe	 1
iedk	 1
_hoes	 1
Ui	 1
ergd_	 1
tig	 1
volg_	 1
uring	 1
kn	 1
chonk	 1
zen,	 1
All	 1
elyk	 1
sen	 1
bbig	 1
bemin	 1
rman	 1
aezen	 1
eitsj	 1
_koe	 1
_læs	 1
rv	 1
_hai	 1
haft	 1
Erf	 1
bist	 1
_Jan	 1
bete	 1
duir	 1
lla	 1
lam.	 1
kand	 1
llij	 1
ede	 1
_fel	 1
_gebr	 1
tva	 1
herb	 1
u;	 1
alk	 1
Maa	 1
tiekk	 1
wolle	 1
byzon	 1
_inge	 1
ir!	 1
isse_	 1
ir!_	 1
jies_	 1
_nal	 1
ta.	 1
volko	 1
gre	 1
_Verm	 1
eder_	 1
_kop	 1
ehe	 1
_Fe	 1
reæt	 1
ynie	 1
dog_	 1
nd;_	 1
oot,	 1
staat	 1
hoesr	 1
hjer_	 1
kop_	 1
_kon:	 1
etien	 1
binn	 1
_bop	 1
æfde	 1
Fene	 1
_foa	 1
ient	 1
uwe,_	 1
koome	 1
_ford	 1
Hym	 1
Læef!	 1
laar	 1
wis	 1
chen_	 1
rtu	 1
eæt_	 1
oom	 1
uwt_	 1
tuug	 1
sten	 1
gri	 1
woord	 1
mmet_	 1
êr't	 1
pron	 1
ee_	 1
maost	 1
lein_	 1
reun	 1
_man	 1
ssa	 1
komen	 1
ndien	 1
oegen	 1
seer	 1
pil_	 1
gs_	 1
lsi	 1
ok,	 1
neat.	 1
itl	 1
_byz	 1
_kla	 1
_Sjoe	 1
rtal_	 1
oste	 1
râd	 1
aens	 1
heve	 1
Hoo	 1
am._	 1
doe	 1
egaa	 1
_Jan_	 1
ot,_	 1
for_	 1
Brug	 1
wief_	 1
_jimm	 1
_Is_	 1
koe_	 1
enne_	 1
_koe_	 1
awo	 1
ude_	 1
ruet	 1
_krye	 1
dêr	 1
tæ	 1
_kedd	 1
den,_	 1
rman_	 1
reed	 1
jonge	 1
_kno	 1
netie	 1
m.	 1
_d'_	 1
aal	 1
el;	 1
yb	 1
ersta	 1
edui	 1
_Cons	 1
gatt	 1
moge	 1
isti	 1
opreg	 1
_bene	 1
ieren	 1
Wout	 1
Vad	 1
ever	 1
ertie	 1
_Li	 1
_taly	 1
_pas	 1
tram	 1
_Nie	 1
_Lytz	 1
Die	 1
La	 1
_Min	 1
nou;_	 1
bbe._	 1
_IJn	 1
dogs	 1
aan'_	 1
_Ui	 1
Bau	 1
dulde	 1
Makel	 1
at._	 1
jen?_	 1
_boll	 1
zel	 1
geve_	 1
Men_	 1
eyn	 1
kt._	 1
aat,	 1
geree	 1
weyn	 1
_ast	 1
nj	 1
ift	 1
digd	 1
_tege	 1
ttet	 1
chyll	 1
_rôn_	 1
ms	 1
_zj	 1
utje_	 1
emen,	 1
verso	 1
_Js	 1
hinn	 1
piltj	 1
igd.-	 1
roek,	 1
byna_	 1
ltyd_	 1
_or_	 1
toe	 1
od_	 1
gesc	 1
Hu	 1
gawie	 1
ervo	 1
_Mast	 1
egega	 1
regat	 1
ltje	 1
ijker	 1
nei_	 1
sên	 1
boppe	 1
goedk	 1
emind	 1
l,	 1
unen	 1
on:_	 1
tege	 1
Tout	 1
Gene	 1
_dê	 1
voe	 1
Min	 1
_best	 1
ke,_	 1
rdig	 1
keur	 1
mer	 1
_Dat_	 1
ezen	 1
Elts_	 1
læge	 1
næst	 1
uzen	 1
eneti	 1
_Jn_	 1
tit	 1
æt_	 1
æge_	 1
_Te	 1
nz_	 1
_Gen	 1
rfen	 1
_Tout	 1
oos_	 1
jaan	 1
_dijn	 1
ybre	 1
ild,	 1
d'	 1
ed;	 1
jnn	 1
atte	 1
wt_	 1
_ond	 1
_Zy_	 1
ite	 1
zonde	 1
fg	 1
itsje	 1
_bet	 1
_tin	 1
jen:_	 1
f;	 1
ertal	 1
aris;	 1
edde_	 1
_ytt	 1
ngez	 1
fko	 1
_tite	 1
ges	 1
zill	 1
somme	 1
rod_	 1
Heer;	 1
mog	 1
Dou	 1
uden_	 1
kwa	 1
za!_	 1
vragt	 1
Onder	 1
dorp.	 1
hâs	 1
jiert	 1
holle	 1
men,	 1
feil	 1
_haf	 1
e?_	 1
eltu	 1
Jier.	 1
sau	 1
_vre	 1
lett	 1
els_	 1
egel	 1
_hair	 1
gebro	 1
_mee	 1
_Con	 1
næs	 1
_onm	 1
ast,_	 1
spy	 1
_Elk	 1
derla	 1
fenis	 1
ingaw	 1
ilt_	 1
wol,_	 1
_stra	 1
le.	 1
tink	 1
_fei	 1
rtier	 1
_jaw	 1
tl	 1
oar_	 1
ele	 1
_zill	 1
_nutt	 1
yn._	 1
ussch	 1
ters	 1
o,_	 1
oren_	 1
pas	 1
Vaas	 1
e'	 1
rag	 1
y,	 1
tte:_	 1
eraal	 1
auw	 1
hel	 1
oemt	 1
erb	 1
Tryn_	 1
outje	 1
us?_	 1
ææn	 1
_Vreu	 1
ete_	 1
ked	 1
noeg	 1
hæerd	 1
f!	 1
Wybr	 1
erech	 1
gist	 1
_U	 1
hee	 1
iæf	 1
ollan	 1
_fen_	 1
erbe	 1
Kop	 1
_bin	 1
bju	 1
rinn	 1
_læ	 1
uzen_	 1
oaf	 1
jead!	 1
hie_	 1
IJn	 1
erren	 1
onm	 1
ind;	 1
bre	 1
Lynie	 1
ad!	 1
ad!_	 1
itten	 1
fgesc	 1
_Ja	 1
æ_	 1
_Try	 1
tet	 1
bjust	 1
omm	 1
_Elt	 1
oett	 1
weg	 1
Jil	 1
rm	 1
_kom	 1
rye_	 1
etelj	 1
tonds	 1
t:	 1
mat,_	 1
lijd	 1
ok,_	 1
aos	 1
zj	 1
Waer_	 1
wie_	 1
aoste	 1
_geh	 1
_sl	 1
hyl	 1
assa	 1
eneme	 1
e'_	 1
jimme	 1
mel_	 1
_Be	 1
schip	 1
gaan?	 1
oar	 1
_Is	 1
nie_	 1
feilt	 1
_let	 1
hin	 1
tyf,_	 1
naet_	 1
ervol	 1
re.	 1
_hæe	 1
vrag	 1
eree	 1
aak	 1
e:	 1
oafko	 1
itlan	 1
eten_	 1
een,	 1
afges	 1
_eer	 1
elei	 1
oors_	 1
_vaar	 1
_ast_	 1
_Swy	 1
ênt	 1
iet._	 1
vra	 1
_Heit	 1
_Jin	 1
tzen	 1
Die_	 1
Sj	 1
ken,_	 1
_nu_	 1
knob	 1
_bru	 1
oette	 1
ief	 1
pilt	 1
is;	 1
_greæ	 1
f,_	 1
ruit	 1
see	 1
titel	 1
_Sjo	 1
rie'_	 1
rgd	 1
d._	 1
Freg	 1
klaer	 1
eerly	 1
_spye	 1
tra._	 1
yzon	 1
ybr	 1
omst	 1
onmo	 1
ouze	 1
_Vre	 1
Hei	 1
Lit	 1
stele	 1
Jild	 1
staa	 1
fge	 1
_Jng	 1
schon	 1
erla	 1
_Lam:	 1
ltje_	 1
geno	 1
myt	 1
Bouk	 1
llijk	 1
aar?	 1
vaak_	 1
za!	 1
_ja?	 1
bem	 1
_alt	 1
jui	 1
Swyn	 1
liæf	 1
Elk_	 1
ild,_	 1
_mooi	 1
_Robb	 1
uws_	 1
aat,_	 1
tele	 1
_ho_	 1
ppen	 1
æsse	 1
j'er_	 1
_heit	 1
ong	 1
Is	 1
itzen	 1
ear?_	 1
boe	 1
Opr	 1
ean	 1
enn	 1
lty	 1
erv	 1
and_	 1
yzond	 1
olko	 1
schri	 1
bige_	 1
bees	 1
gebr	 1
_foll	 1
ereed	 1
rtus	 1
_uis_	 1
misti	 1
erm	 1
jker	 1
_plæg	 1
rins	 1
Ja	 1
nje_	 1
Ik_	 1
tal_	 1
ke,	 1
_bjus	 1
Uitla	 1
eilt_	 1
ient_	 1
kinn	 1
wam	 1
_Læe	 1
le,_	 1
orp.	 1
_stæ	 1
wa_	 1
erlyk	 1
_Bouk	 1
yten_	 1
jen?	 1
ied;_	 1
rie'	 1
_ek	 1
ft._	 1
_tied	 1
land_	 1
_voor	 1
Offi	 1
lear?	 1
sin	 1
hoed	 1
ed,_	 1
_koo	 1
ouke?	 1
oert_	 1
_plæ	 1
Jngel	 1
sl	 1
_zit	 1
_kenn	 1
Mins	 1
dien_	 1
Js_	 1
air!	 1
nmog	 1
_aens	 1
iere	 1
ssee	 1
zwi	 1
schaf	 1
ijen	 1
vaard	 1
oer._	 1
eten	 1
tze_	 1
igtje	 1
Jan_	 1
_Wo	 1
_oe	 1
_hou	 1
aijen	 1
htvaa	 1
l;	 1
pop,	 1
_tie	 1
verst	 1
noos_	 1
slaef	 1
Lytz	 1
heit:	 1
aen	 1
orgeu	 1
Lit_	 1
jd	 1
wols_	 1
grien	 1
u;_	 1
erlan	 1
yn.	 1
_Men	 1
_pop	 1
_hest	 1
_wist	 1
_Lyni	 1
tjieu	 1
gezet	 1
oppet	 1
eed,	 1
rutte	 1
eit:_	 1
stiek	 1
ijde	 1
geh	 1
esr	 1
hâst	 1
rinne	 1
pyelt	 1
_Vee	 1
_Graa	 1
ol,	 1
