_	 1184
?	 581
¤	 258
?_	 170
¢	 162
þ	 145
õ	 144
-	 132
ø	 131
÷	 116
ù	 97
¨	 82
ö	 81
_ù	 74
_ö	 73
ü	 68
?¤	 66
_?	 64
î	 63
õ_	 62
¤?	 55
??	 54
¢_	 54
ª	 53
ý	 50
_ü	 48
ó	 47
û	 46
_ý	 46
¥	 45
ê	 45
_¤	 44
÷?	 43
þ?	 40
ö?	 39
_-	 35
î_	 34
ø_	 34
¤_	 33
_ö?	 33
ò	 32
¤¢	 31
ú	 31
ñ	 31
ù?	 31
>	 31
_¢	 30
_ø	 29
-¨	 29
ð	 29
_ø_	 28
¤¢_	 28
ý?	 27
Y	 27
?õ	 27
ô	 27
_ù?	 26
_ñ	 26
?¢	 25
_ý?	 24
¯	 24
¨?	 24
¢÷	 24
??_	 23
_¥	 23
S	 23
?¨	 23
_??	 22
ì	 22
þõ	 22
?þ	 22
¤ø	 22
¥?	 21
ü÷	 21
?û	 21
õ?	 21
-_	 21
?-	 21
ñ?	 20
¢¤	 20
?¤_	 20
ä	 20
_¤¢	 20
_ô	 20
ù?_	 18
û_	 18
_¤¢_	 18
öþ	 18
_S	 17
¡	 17
þ?_	 17
_öþ	 17
ø¤	 17
.	 17
_¥?	 17
¨_	 17
¤ê	 16
ê_	 16
þó	 16
_ù?_	 16
¨?_	 16
_ñ?	 16
ª_	 16
¤?_	 16
þ¢	 15
ý¤	 15
,	 15
üõ	 15
ã	 15
÷_	 15
*	 15
_ü÷	 15
_.	 14
?¤?	 14
_ý¤	 14
-?	 14
ý?û	 14
ùî	 14
_öø	 14
¤þ	 14
öø	 14
-¨?	 14
?î	 13
_ùî	 13
_ý?û	 13
þ¤	 13
ùî_	 13
÷?_	 13
ü÷?	 13
þõ_	 13
?ú	 12
*_	 12
óþ	 12
>_	 12
ð_	 12
ù¢	 12
¢?	 12
ó?	 12
_??_	 12
¤-	 12
¤ê_	 12
_ùî_	 12
?÷	 12
_ü÷?	 12
ª?	 11
?ø	 11
-ª	 11
?¢_	 11
-ê	 11
¢þ	 11
ì_	 11
_¢÷	 11
¤ú	 11
ø?	 11
¥?_	 10
þóþõ	 10
þóþõ_	 10
ñ?¨	 10
_-?	 10
þóþ	 10
óþõ	 10
-¨?_	 10
óþõ_	 10
_?¤	 10
ü-	 10
_¥?_	 10
_ö?¤	 10
þ?¤	 10
ö?¤	 10
øª	 10
_¤?	 9
©	 9
ªî	 9
¯_	 9
øõ	 9
?¯	 9
øþ	 9
®	 9
öþ?	 9
_ù¢	 9
ä?	 9
þ÷	 9
_ü-	 9
???	 9
ø÷	 9
Y_	 9
ªî_	 8
¨õ	 8
õ¤	 8
_öøþ	 8
øþóþõ	 8
S¤	 8
øþó	 8
öøþóþ	 8
:	 8
¤õ	 8
öøþ	 8
÷î	 8
_öøþó	 8
öþ?_	 8
?¨_	 8
¯?	 8
øþóþ	 8
_©	 8
¢õ	 8
ûù	 8
õ?_	 8
¥ø	 8
öøþó	 8
_öþ?	 8
?¤?_	 7
_¤ø	 7
à	 7
¤ò¢	 7
÷¤	 7
¢ø	 7
¢¤ø	 7
?ûù	 7
-õ	 7
_S¤	 7
?-¨	 7
¤?î	 7
üð	 7
÷?õ	 7
û¤	 7
^	 7
Yõ	 7
?î_	 7
ö?þ	 7
?ì	 7
ò¢	 7
§	 7
¤þ?	 7
¤ò¢_	 7
f	 7
ò¢_	 7
?¤þ	 7
.-	 7
>÷	 7
_öþ?_	 7
_üõ	 7
¤?¢	 7
Yõ_	 7
ê¤	 7
¤>	 7
_.-	 7
_?¤_	 7
¤ò	 7
î¤	 7
S¤ò¢	 6
î?	 6
_ý?ûù	 6
?¥	 6
¤øª	 6
-ª?¢	 6
¤ª	 6
?¤¢	 6
-þ	 6
ù¤	 6
ý?¤	 6
_üð	 6
¤øªî	 6
ø?_	 6
-êð	 6
_ñ?¨	 6
¤¯	 6
_-¨	 6
üõ_	 6
øõ_	 6
¯?_	 6
ôþ	 6
¬	 6
ª?¢	 6
ù÷	 6
:-	 6
S¤ò	 6
¥ø¤	 6
õó	 6
?¡	 6
_ö?þ	 6
øªî	 6
/	 6
þ*	 6
?þ?	 6
.¢	 6
S¤ò¢_	 6
¡_	 6
-ª?	 6
¤ð	 6
õª	 6
?,	 6
ø¤_	 6
þ?¤_	 6
-î	 6
êð	 6
ý?ûù	 6
ä?_	 6
÷þ	 6
¢÷?	 6
_ü-ª	 5
õ>	 5
_S¤ò	 5
_ñþ	 5
?¤þ?_	 5
_?ú	 5
¤øªî_	 5
_?,	 5
¤ø?	 5
_S¤ò¢	 5
ð÷	 5
_ü÷?õ	 5
è	 5
ö?¤þ	 5
¨¤	 5
êð_	 5
???_	 5
?ó	 5
ö?¤þ?	 5
¤ø¤	 5
_,	 5
þ¢¤	 5
ö?-	 5
_.¢	 5
úª	 5
_ý?¤	 5
ñþ	 5
_ù-	 5
:-ê	 5
:-êð	 5
¢¤?	 5
üð÷	 5
-¤	 5
ù÷?	 5
ú-	 5
ø-	 5
_.-¨	 5
¤þ?_	 5
ùõ	 5
ùþ	 5
ý?¤?	 5
ú?	 5
¤úª	 5
-êð_	 5
:-êð_	 5
öþ¢	 5
^_	 5
/?	 5
_¤øª	 5
§þ	 5
ð¢	 5
_¤øªî	 5
õû	 5
.-¨	 5
?^	 5
¨ø	 5
?¤þ?	 5
øªî_	 5
ôò	 5
¨?¤	 5
?ð	 5
?ì_	 5
ù-	 5
?-_	 5
õ-	 5
?¤¢_	 5
?õ¤	 5
_ö?¤þ	 5
_öþ¢	 5
ü÷?õ	 5
S?	 5
ü-ª	 5
?ö	 5
¢>	 4
ò¯	 4
?¨?	 4
î¤ª	 4
_á	 4
©¤	 4
á	 4
¤?õ	 4
òä	 4
þ¢¤ø	 4
_ö?-	 4
ò?	 4
,?	 4
_ý?¤?	 4
ý¤?	 4
¤ø¤ê	 4
.-¨?_	 4
_ô?	 4
?>	 4
?õ-	 4
_ôòä?	 4
¢¤ø¤	 4
ò¯?_	 4
_öþ¢¤	 4
¤?þ	 4
_?û	 4
_©¤	 4
ùõ?	 4
¤¯_	 4
s	 4
?¨õ	 4
_¢¤	 4
õ?¤	 4
ó?¯	 4
_ôòä	 4
?ó?¯	 4
óõ	 4
?õ_	 4
?û_	 4
Sô	 4
_ôþ	 4
_ù¤	 4
_üð÷	 4
ù?ð	 4
òä?	 4
þ¢¤ø¤	 4
öþ¢¤ø	 4
¤??	 4
-õ_	 4
öþ¢¤	 4
òä?_	 4
ò¨	 4
_§	 4
f?	 4
?÷?	 4
øó	 4
_ôò	 4
ò¯?	 4
ø¤ê_	 4
þ*_	 4
ù¢¤	 4
?ó?¯_	 4
ë	 4
-ê¤	 4
ó?¯_	 4
-î¤ª	 4
?-¨?	 4
/?_	 4
ô>	 4
?û¤	 4
_ô?õ	 4
¢¤ø¤ê	 4
?¢÷	 4
õò	 4
?ê	 4
¤¨	 4
õ?÷	 4
-î¤	 4
¢õ_	 4
ú?_	 4
_é	 4
÷û	 4
ö?-¨	 4
ô?õ	 4
.-¨?	 4
ñ?¨_	 4
,_	 4
_s	 4
¢?¢	 4
?ü	 4
ô?	 4
_-¨?	 4
ý¢	 4
¤ª_	 4
ä_	 4
¢ª	 4
_.-¨?	 4
õû_	 4
ôòä	 4
?>÷	 4
?õ?	 4
û?	 4
¬_	 4
ôòä?	 4
é	 4
ã-	 4
÷?¤	 4
ø¢	 4
÷ø	 4
¤ø¤ê_	 4
?ó?	 4
?¯_	 4
¢ª_	 4
÷¢	 4
_ý¢	 4
_ë	 4
-÷	 4
¥?¨	 4
¤õ_	 4
?õ?_	 4
ôòä?_	 4
÷¨	 4
óø	 4
¤-¨	 4
Y¤	 4
??¤	 4
ø¤ê	 4
?¤ú-_	 3
¤?-	 3
_ý¤øú	 3
õ-_	 3
ª?û_	 3
_ù?÷	 3
¥ø¤_	 3
_ý¤?	 3
ý¤øú	 3
ù-¨	 3
üõª?	 3
þ÷_	 3
ö?-¨?	 3
ø÷?	 3
ü-ªî_	 3
_-?ä	 3
úõ>	 3
?¢÷_	 3
ð÷û¤	 3
úõ>§	 3
ù¢?	 3
üõª	 3
úªõ	 3
þóø	 3
ê¤ð	 3
ù÷?þ	 3
î¤ª_	 3
õª?û_	 3
§þ?¤_	 3
?¤>	 3
-ê¤ð_	 3
¤ø?_	 3
_-þ	 3
ø¡	 3
ª?¢_	 3
,?_	 3
_???	 3
-ê¤ð	 3
¤?î_	 3
õò¨	 3
õª?û	 3
õ>§	 3
ü÷?õ¤	 3
¨ð_	 3
üð÷û	 3
_ùõ	 3
_ý¤ø	 3
_ö-	 3
_ñY	 3
?õª	 3
¤-¨ð_	 3
_?-	 3
f??	 3
ý?û¤	 3
_ù?ð	 3
ö?¤ú-	 3
í	 3
ªþ	 3
?Y	 3
-¨ð_	 3
ý¤øúõ	 3
ªõ	 3
ó?_	 3
ñY	 3
õø	 3
>÷*_	 3
öø÷	 3
÷?þ	 3
?¤?¢	 3
ù¤?õª	 3
_ý?ú	 3
ì÷	 3
?ä	 3
_ù¤?õ	 3
¤ä	 3
-?ä	 3
>§þ	 3
¢¤õ_	 3
>÷*	 3
?ð¢	 3
ð¢?¢	 3
ù¤?õ	 3
üþ	 3
_í	 3
¤ð_	 3
¤úªõû	 3
ú÷	 3
ö-_	 3
êü	 3
ý¤ø	 3
¤úªõ	 3
?¤ä	 3
ð÷û¤ê	 3
_ö?¤ú	 3
ð÷û	 3
ý¤ú	 3
_ñ?¨_	 3
?¢õ	 3
¤øúõ>	 3
_üõò¨	 3
?^_	 3
÷û¤ê	 3
-ªî	 3
_ý?û¤	 3
õ>§þ	 3
?û¤?î	 3
?ð¢?¢	 3
?þõ	 3
¢÷_	 3
¤®	 3
õ¥	 3
þî	 3
÷¥	 3
¤ú-_	 3
-ª?¢_	 3
_-¨?_	 3
Y¤¯_	 3
þ¤_	 3
üõò¨	 3
?ø¡	 3
÷?õ¤	 3
÷*	 3
?ú÷	 3
÷¤ê	 3
ý?ú	 3
ùõ?÷	 3
û¢	 3
????_	 3
_ý¤úª	 3
ú-_	 3
_üð÷û	 3
ê¤ð_	 3
÷û¤ê_	 3
¥þ	 3
ö-	 3
?û¤?	 3
øúõ>	 3
_¢ø	 3
ð¢?¢_	 3
_¢þ	 3
õó?	 3
?ã	 3
ùø	 3
>õ	 3
÷?ø	 3
ý?¤?_	 3
_¢¤?	 3
÷*_	 3
üð÷û¤	 3
õª?	 3
ö?þ?	 3
¤î	 3
ù?õ	 3
ªù	 3
û¤ê	 3
ü-ªî	 3
õä	 3
ù¤?	 3
úõ	 3
f??_	 3
øú	 3
_ü-ªî	 3
_ùø	 3
øì	 3
¤?õª	 3
Y¤¯	 3
û¤?	 3
ý¤úªõ	 3
¢ø?	 3
?¤ê	 3
ö?¤ú	 3
?ö?	 3
÷þõ	 3
_ùõ?	 3
????	 3
¢÷ø	 3
¢>_	 3
úªõû	 3
ù¨	 3
_ù-¨	 3
ª?û	 3
û¤ê_	 3
ý¤úª	 3
þ÷?	 3
-¨ð	 3
_ö?-¨	 3
¢ø?_	 3
÷î_	 3
óã	 3
üþ?	 3
÷ª	 3
??-	 3
ý?û¤?	 3
_ùþ	 3
¢?¢_	 3
¤¨_	 3
úõ>§þ	 3
_ù¤?	 3
üõò¨?	 3
÷û¤	 3
_üõò	 3
¢õ?	 3
þ¢_	 3
øúõ>§	 3
ù?ð¢	 3
?þ÷	 3
ãõ	 3
ö¢	 3
þ¤?	 3
þ÷?_	 3
?ª	 3
?f	 3
ù?÷	 3
?ð¢?	 3
_¢õ	 3
ò¨?	 3
¤-¨ð	 3
øúõ	 3
õä_	 3
¤øú	 3
üõò	 3
¤ú-	 3
¢û	 3
¢÷?_	 3
ô>÷	 3
-î¤ª_	 3
?¤ú-	 3
¢¤õ	 3
_ý¤ú	 3
¨ð	 3
ð¢?	 3
_-ª	 3
ªõû	 3
?¤ú	 3
÷?¤?	 3
ì?	 3
_ù?ð¢	 3
>§	 3
_ö-_	 3
ù?ð¢?	 3
-ªî_	 3
§þ?	 3
üó	 3
üõª?û	 3
þ¨	 3
¤>_	 3
¥?¨_	 3
¤øúõ	 3
§þ?¤	 3
¤?¢_	 3
ü?	 3
_öø÷	 3
¢¤î	 3
û¤?î	 3
õò¨?	 3
_Sö?	 2
êü÷îù	 2
ñ?ê	 2
ò?î	 2
_ý?ú-	 2
ø÷_	 2
øóþ	 2
ªõû_	 2
?þ÷?_	 2
?ñ	 2
¤?þó	 2
ý¤>	 2
??¡	 2
öø÷?	 2
ô?õ?_	 2
þõ?	 2
¢û?ø¡	 2
öøõ	 2
ëøìY	 2
_éó	 2
_,f	 2
_?ú÷?	 2
:ü	 2
ø®	 2
¤??_	 2
?-¨?¤	 2
_Sö	 2
õ>_	 2
úì	 2
ªü	 2
?¢ú?_	 2
¢ú?	 2
îùªþ¤	 2
þ?ó?	 2
?ú-î	 2
_¢ø?_	 2
>÷¨ê¤	 2
_¢÷-	 2
ñ?¢	 2
©¤-¨	 2
-?¯	 2
îþ	 2
¤?¤	 2
îùªþ	 2
¢ã?_	 2
áò¯	 2
¤ü	 2
ô¢¤õ	 2
ôàä	 2
_ù¢ª_	 2
ó¨õ	 2
¤>õ	 2
?äò	 2
ü÷ê	 2
ñ¤	 2
÷¨ê¤ü	 2
þ¤ø	 2
_.ù	 2
ìY_	 2
÷îù	 2
_.¢÷	 2
_S?f	 2
_ù¨¨	 2
ù-¨*_	 2
ñ?¢õ	 2
ûñ?¨	 2
??-¤?	 2
_???_	 2
öî¨	 2
¤õ?	 2
¢þóø	 2
ù-¨*	 2
þû	 2
_¢õ?¤	 2
êYõ	 2
úY	 2
ù¢÷	 2
?.	 2
ê¤üõª	 2
øêY	 2
è?_	 2
¢õ?¤	 2
-¡	 2
ç	 2
ã-_	 2
þóø-	 2
_¤?-	 2
üð¢	 2
_ù-ê	 2
ö?÷?	 2
þó¢	 2
?-¤?	 2
ûù?	 2
_©þ	 2
êü÷	 2
ªüõ_	 2
_ñþ¤	 2
¤û_	 2
_üð¢÷	 2
óã-	 2
_ù÷?	 2
þª	 2
_-?¯	 2
-¨?¤	 2
¯??-¤	 2
_ôþ¢	 2
?ù	 2
ý¤-	 2
ù-ê	 2
ö?¨?	 2
_ò	 2
?ú>_	 2
÷?>÷	 2
õ?÷¥ø	 2
¤ì	 2
óêü÷î	 2
?¯??-	 2
.¢÷	 2
?f??_	 2
_ôà	 2
üY	 2
ûù÷	 2
óø-	 2
?þ¨?	 2
?f?	 2
¤?¥	 2
ä?._	 2
üð÷¤	 2
_ý?ûñ	 2
õù	 2
ä?.	 2
öî¨õ	 2
úY¤¯	 2
_¤?-î	 2
¡¤	 2
ê¯	 2
ã?_	 2
ñYõ	 2
_ñ?¨S	 2
??ñ?¨	 2
÷¤ê_	 2
?^/?	 2
ñ?ì	 2
îùª	 2
¨þ÷_	 2
þî?	 2
÷?õó	 2
òì	 2
þóø-_	 2
ó¢_	 2
_üþ?	 2
-ã÷¬	 2
¢¤ø?	 2
_à	 2
?ú÷?_	 2
¢þõ	 2
_ý¤>õ	 2
øêYõ	 2
õ¤¢_	 2
_üY	 2
¨õù	 2
Y?¤	 2
?-¨?_	 2
S?f	 2
ñ?¨õ	 2
þ¤ø?	 2
¨÷	 2
¤þ*_	 2
??ñ	 2
÷÷	 2
÷ò	 2
ü-ª?	 2
ö?õ	 2
ª?¢ú?	 2
úY¤	 2
ý¥	 2
_-ª?	 2
?ñ?¨	 2
-îû_	 2
äò	 2
þ¨?	 2
?¤þ*	 2
ø÷î	 2
ëóã	 2
ú-î	 2
õ¤ú	 2
ê¤üõ	 2
?ú-î¤	 2
ìY	 2
_ñYõ	 2
ö?þõ	 2
?è	 2
¤úì	 2
?þ÷?	 2
àä	 2
_ö?¨	 2
_ù¢÷	 2
¥¤?_	 2
ùø¤ð	 2
?-¤	 2
>Y	 2
?è?_	 2
öî	 2
¤>õ_	 2
öøõ?¤	 2
_:ü	 2
??ó?	 2
ùª	 2
?®	 2
??-¤	 2
??ó	 2
õªSô>	 2
ü-ã	 2
?õ¤¢_	 2
_üþ	 2
?þóþõ	 2
ôà	 2
ø÷?ì	 2
ô¢¤	 2
Y?	 2
Y-	 2
?¨õ?	 2
_ù-ê¤	 2
?-îû	 2
î¨õ	 2
õþ	 2
õ¤úì	 2
_-?äò	 2
?úY	 2
õ?¤¢_	 2
_.ù÷	 2
_?þ	 2
_f	 2
¢÷øª_	 2
ô¢	 2
_¢û?	 2
?ê¯?	 2
ò?î_	 2
þ¢þ	 2
®_	 2
¢¤î_	 2
_ôàä?	 2
¢þ¢	 2
û?ø	 2
_sóêü	 2
¨:	 2
?¨?_	 2
:ü÷	 2
¢û?	 2
õó¨õ	 2
_-î	 2
_öî¨õ	 2
öøõ?	 2
-¨¤	 2
øî	 2
êYõ_	 2
ù¢¤ø?	 2
óã-õ	 2
÷¨ê	 2
-ò	 2
¨*_	 2
S??	 2
ªS	 2
þ¢>	 2
_üó	 2
¤þ¢	 2
þ?¤¢_	 2
?¢ú?	 2
¤?-î	 2
_ù?õ	 2
?>÷¨ê	 2
ùªþ¤	 2
÷?õ¤ú	 2
_ôø	 2
ú-î¤	 2
ü÷?¤	 2
àä?.	 2
äò¯?	 2
¤¢?	 2
óø-_	 2
óõ_	 2
àä?	 2
_öøõ	 2
àøêY	 2
_ëóã	 2
óã-õ_	 2
ù¨¨øõ	 2
_?^_	 2
_?¢	 2
¢ã?	 2
øêYõ_	 2
ñ?¨:-	 2
_ñ?ê¯	 2
?ú÷?	 2
_:ü÷ê	 2
_ôþ¢þ	 2
ê¨	 2
_¢þóø	 2
¢øªüõ	 2
õøó	 2
÷?>	 2
S???	 2
ñþó	 2
?õªS	 2
_íþ	 2
îû	 2
_??^	 2
?õ¤úì	 2
_ùõ?÷	 2
_ô?õ-	 2
?Y_	 2
_ö?¨?	 2
?¬_	 2
ûñ	 2
?ì?	 2
_?,,	 2
_ñ?ê	 2
¥_	 2
?òì	 2
þû_	 2
_ñ?ì_	 2
?ê¯?_	 2
?¯?	 2
¤>?_	 2
òì÷?	 2
_§þ	 2
?õ¤ú	 2
ü÷?>	 2
_àø	 2
äò¯?_	 2
._	 2
-¨*_	 2
?¤>?	 2
-?äò¯	 2
?-îû_	 2
,f	 2
ü-ã÷	 2
¢÷÷	 2
>§þ?¤	 2
¥¤	 2
ê¤ü	 2
_ëøì	 2
_ñYõ_	 2
-÷ò	 2
_?¢÷	 2
_ö?þõ	 2
_Sü	 2
>§þ?	 2
.ù	 2
Sö	 2
-¨÷?¢	 2
øõ?¤	 2
ó¢	 2
??ñ?	 2
-îû	 2
>÷¨ê	 2
?ò	 2
ù÷?þ?	 2
?ñ?	 2
©¥	 2
_S?	 2
¨øõ	 2
ñþ¤	 2
¨S???	 2
ôþ¢þ	 2
?¢õ_	 2
?¤õ	 2
þó¢_	 2
_ö?÷	 2
¤üõ	 2
?ú>	 2
è_	 2
ùªþ¤_	 2
ªüõ	 2
_ù¨¨ø	 2
_ö?þ?	 2
_ü-ª?	 2
êü÷î	 2
?òì÷	 2
_-ª?¢	 2
-??	 2
?ê¯	 2
-?¯?	 2
?¨S	 2
õ?÷¥	 2
ú>	 2
þ¥	 2
î?¤	 2
÷îùª	 2
>õ_	 2
¥¤?	 2
÷¥ø	 2
ìø	 2
-¤?_	 2
f/	 2
_¤?î	 2
>?_	 2
ô?õ-_	 2
>÷¨	 2
¤ê¨_	 2
_ý¤>	 2
ù?õ_	 2
÷¥ø¤_	 2
?¨:-	 2
sóê	 2
ö??	 2
ó¨	 2
üð÷¤ê	 2
÷?¢_	 2
÷¬	 2
¤üõª?	 2
úªõû_	 2
_¥ø	 2
ù¨¨	 2
-¨÷	 2
_ùó	 2
?¤þ*_	 2
_:ü÷	 2
ñ?¨S?	 2
¥þõ	 2
¨¨øõ	 2
¢øª	 2
õ?¤¢	 2
¯??-	 2
-¨þ÷_	 2
ëó	 2
ã?	 2
.ù÷?	 2
ñþ¤ø	 2
_ñþó	 2
ù?÷ª	 2
_ëóã-	 2
áò¯?_	 2
ô¢¤õ_	 2
Sô>÷	 2
_öø÷?	 2
÷¤?	 2
ý?ú-	 2
?¨?¤	 2
¨þ	 2
_öøõ?	 2
?¨õ?_	 2
ñ?¨õ?	 2
?÷¥ø	 2
÷îùªþ	 2
÷-	 2
-ø	 2
_¢û?ø	 2
sóêü÷	 2
ì÷?	 2
ö??ó	 2
þ?¤¢	 2
÷?¨	 2
?f??	 2
øõ?	 2
©þ	 2
øªüõ	 2
ú>_	 2
¤?õªS	 2
_ö?÷?	 2
ñYõ_	 2
¤þ*	 2
_,?	 2
_ùø¤	 2
ùø¤	 2
õó¨	 2
.ù÷?þ	 2
ñþ¤ø?	 2
?úY¤	 2
_ý¤-	 2
?¨S?	 2
ûù¢	 2
¤-õ	 2
_-?¯?	 2
øªüõ_	 2
?^/?_	 2
_áò	 2
þ¤ø?_	 2
?úY¤¯	 2
¤üõª	 2
_¢?	 2
þ?*_	 2
¨*	 2
öø÷?ì	 2
?¨ø	 2
_?_	 2
Sü	 2
?þ?¤	 2
?÷¥ø¤	 2
S?f?	 2
ôø	 2
¢¤?þó	 2
¤î_	 2
?-î	 2
õ¤úì_	 2
ð÷¤ê_	 2
_?ú÷	 2
_ëøìY	 2
óê	 2
ø¢÷	 2
ñþó¢	 2
_só	 2
?ø÷	 2
óêü	 2
öþõ	 2
íþ	 2
þ¨?_	 2
_ü÷?¨	 2
?õ¤¢	 2
_sóê	 2
_ö¢	 2
®Y	 2
?þ?¤_	 2
_ñ?ì	 2
_ôàä	 2
ëóã-	 2
_ñþ¤ø	 2
¥?è	 2
¤>?	 2
ã÷	 2
îù	 2
¢þ?	 2
ö?÷	 2
ô>÷*_	 2
?¬	 2
ñ?¨S	 2
áò¯?	 2
:ü÷ê_	 2
÷¨ê¤	 2
?ª¤	 2
_ü÷?>	 2
ü÷î	 2
¤û	 2
ªSô	 2
_.ù÷?	 2
S?f??	 2
ö??ó?	 2
ù¢¤ø	 2
ªþ¤	 2
àøêYõ	 2
ñ?ê¯?	 2
¨¨ø	 2
.ù÷	 2
î?-_	 2
_¢÷?	 2
só	 2
?ûù¢	 2
?þó	 2
?ûù¢¤	 2
?¤>?_	 2
_:	 2
ö?¨	 2
÷?¢	 2
_¥þ	 2
ü?_	 2
?-¤?_	 2
ªùþ	 2
?þû_	 2
¢ã	 2
?÷¥	 2
Sö?	 2
õªS	 2
ý¤?þ	 2
-¨÷?	 2
_ñ?¢	 2
÷?>÷¨	 2
¢÷-	 2
ú÷?	 2
ü÷?¨	 2
?äò¯	 2
ý¤>õ	 2
¡?	 2
_ëø	 2
_áò¯	 2
¢?þ÷?	 2
¨þ÷	 2
¨ê¤ü	 2
?þ¨	 2
÷??	 2
_¢ø?	 2
?¨:	 2
ûñ?	 2
¨¨	 2
ý?ú-î	 2
?÷ª	 2
îû_	 2
_¢¤?þ	 2
÷ê_	 2
ûñ?¨:	 2
_??ñ	 2
-¨þ	 2
÷?ì	 2
¢õ?¤¢	 2
_Sô	 2
ö?þõ_	 2
:ü÷ê	 2
_?¢÷_	 2
ðþ	 2
ëøì	 2
-¨*	 2
ê¯?	 2
ý?ûù¢	 2
?¨S??	 2
_-î¤ª	 2
òì÷	 2
¢÷¤	 2
Sô>	 2
?ûñ?¨	 2
ôþ¢	 2
?*	 2
?þõ_	 2
©¤-	 2
¡õ	 2
ê¨_	 2
¨õ_	 2
¨ê¤	 2
ö?þ?ó	 2
_©¤-	 2
?õó	 2
ù¢ª_	 2
î¨	 2
_áò¯?	 2
ñþó¢_	 2
¨÷?	 2
_ñ?¢õ	 2
¢øªü	 2
ëóã-õ	 2
_ñþó¢	 2
_ö?õ	 2
¨øõ_	 2
?¤ê_	 2
_¤ê	 2
éó	 2
ª?¢ú	 2
^/	 2
_?^	 2
^/?	 2
ø÷?ì_	 2
ñ?ê¯	 2
?¢ú	 2
õò¨?_	 2
û?ø¡	 2
ô>÷*	 2
_©¤-¨	 2
úY¤¯_	 2
-ã	 2
_-¤	 2
?,/	 2
øªü	 2
ð÷¤	 2
ëø	 2
¨÷?¢	 2
?õªSô	 2
õ?¤þ*	 2
ªSô>÷	 2
?>÷¨	 2
,/	 2
_ý¥	 2
^/?_	 2
ûù¢¤	 2
î?-	 2
õ¤¢	 2
ªþ¤_	 2
¨:-êð	 2
_S¢	 2
õ?¤þ	 2
÷ê	 2
ü÷?>÷	 2
ùªþ	 2
_?,/	 2
_?-_	 2
_¥?è?	 2
¢þóø-	 2
¤ê¨	 2
_??ñ?	 2
S????	 2
ã÷¬	 2
ü÷ê_	 2
?ûñ	 2
ö?ª¤	 2
þ?ó	 2
ëøìY_	 2
?î?	 2
¤?-îû	 2
ùó	 2
®?	 2
ê¯?_	 2
ñ?¨:	 2
ê÷	 2
õªSô	 2
÷ª_	 2
_ù÷	 2
£	 2
ü-ª?¢	 2
ôàä?.	 2
¨:-ê	 2
??^	 2
¤õ?_	 2
?þ¨?_	 2
úì_	 2
¡÷	 2
¥?è?_	 2
ñ?¢õ_	 2
è?	 2
??¤?	 2
¥û_	 2
üð¢÷	 2
>?	 2
-ä	 2
¢?þ	 2
ô?õ-	 2
ý?ûñ?	 2
?äò¯?	 2
÷¥ø¤	 2
àø	 2
?þóþ	 2
-?¯??	 2
ã-õ_	 2
¨S?	 2
¨S	 2
??ó?¯	 2
_f?	 2
¨:-	 2
ú-î¤ª	 2
¨¤?	 2
_àøê	 2
õ>§þ?	 2
-ã÷	 2
_öî¨	 2
øª_	 2
ô?õ?	 2
ª¤	 2
ý?ûñ	 2
þ?*	 2
äò¯	 2
ø¤ð	 2
?ú-	 2
?ù¤	 2
_¥ø¤	 2
¥?è?	 2
àä?._	 2
?û?	 2
_ù¢¤	 2
ð¢÷	 2
©¤-¨ð	 2
?è?	 2
ù¨¨ø	 2
¡õ_	 2
?^/	 2
?ûñ?	 2
-ª?¢ú	 2
ý¤>õ_	 2
¨ê¤üõ	 2
¤?þóþ	 2
?þû	 2
?îþ	 2
?._	 2
þ?ó?¯	 2
_ý¤?þ	 2
?ûù÷	 2
¨ê	 2
_ô?õ?	 2
ôàä?	 2
_¢þó	 2
¡÷_	 2
_ù?÷ª	 2
-¤?	 2
¥û	 2
?òì÷?	 2
ü-ã÷¬	 2
þ??	 2
_¥?è	 2
÷?ì_	 2
_ù¨	 2
Sô>÷*	 2
_öî	 2
_.¢þ	 2
¢?þ÷	 2
?¯??	 2
¢þó	 2
_¢÷ø	 2
ö?ª	 2
_üð¢	 2
óêü÷	 2
?,,	 2
ú÷?_	 2
®Y_	 2
_ù-¨*	 2
÷øª_	 2
_S?f?	 2
ã-õ	 2
_öþõ	 2
øìY	 2
þ_	 2
¨S??	 2
¨õ?_	 2
øìY_	 2
ñ?ì_	 2
¨õ?	 2
?õ-_	 2
ù¢ª	 2
_ëó	 2
ùõ?÷¥	 2
àøê	 2
ù-ê¤	 2
.¢þ	 2
êY	 2
ð÷¤ê	 2
?þ?ó?	 2
ü÷îù	 2
_ùø¤ð	 2
_¢õ?	 2
?þ?ó	 2
÷þ?	 2
ªSô>	 2
÷?þ?¤	 2
áò	 2
¢ú	 2
÷?þ?	 2
¨÷?¢_	 2
¨¨øõ_	 2
¤úì_	 2
¢ú?_	 2
ü÷îùª	 2
?¨:-ê	 2
,,	 2
-¨þ÷	 2
¯??	 2
_ù¢ª	 2
÷øª	 2
øõ?¤þ	 2
sóêü	 2
S¢	 2
¢¤?þ	 2
?*_	 2
_¢û	 2
_-ò	 2
_ù¢?	 2
ø-_	 2
¢-	 2
ò¨?_	 2
-?äò	 2
¢û?ø	 2
_àøêY	 2
õó?_	 2
õ¢	 2
þ¢>_	 2
f/?	 2
¢÷øª	 2
_-î¤	 2
øê	 2
î?,?_	 1
_ôø¢	 1
?-÷ò	 1
ãîõ¤-	 1
ú?þ¢	 1
þî¤	 1
?¯¡	 1
þ¤û_	 1
÷¨¤?	 1
?î-¡	 1
¤?¢¤	 1
ö¨Y_	 1
-¨¤úª	 1
¥õ	 1
,f/?	 1
¤?úà	 1
_Sö??	 1
ðüõ	 1
ö?-??	 1
_S¢¢>	 1
ý¢þ	 1
-ù¢?	 1
_öþ?¤	 1
¢?ê	 1
Yø	 1
õ?õ?	 1
üþ?ú	 1
÷-êð	 1
ü÷¨	 1
?ú÷þ	 1
_,f/?	 1
-ã÷¬ý	 1
ê÷_	 1
-¨?¤_	 1
ñ¤?	 1
ø?¯õ	 1
_-÷	 1
ðü	 1
ôþ¦	 1
?¤¡	 1
¢¤ø?¤	 1
?þ?*_	 1
ø¢÷?	 1
÷?¤?_	 1
_?úû	 1
?-?	 1
-¨û	 1
ù¢÷þ	 1
¥?ü	 1
ðø	 1
ù?>	 1
?¡¢ø	 1
¨ôþ¦¤	 1
òþ¯ã-	 1
ì??¨õ	 1
¢þ¢>_	 1
(ù	 1
°þ¤?	 1
ô¤>	 1
õú	 1
.-ª?	 1
õ÷_	 1
¢ó?ô	 1
-òþ	 1
¢¤?ù	 1
_¢÷øª	 1
þ¥ø-	 1
ûò?î_	 1
¨?ü	 1
_í¤?	 1
ð¥õ	 1
ôò¨ò?	 1
>õ¥	 1
¤-ªþ?	 1
_-¤ø	 1
òþ	 1
ö?î?	 1
?¥ð_	 1
ôû¢	 1
òî	 1
¤?öþ?	 1
?¤¯	 1
þõøó	 1
ê÷¤þè	 1
?óøî	 1
¢÷û	 1
_ô>	 1
?,,^	 1
û¥ø	 1
¨¤ú	 1
?ø-üõ	 1
_Sü÷	 1
¬ý?	 1
î?S?	 1
_¤-õø	 1
¤??¡	 1
õùõ	 1
/,_	 1
¤¯ý?	 1
?ûùõ?	 1
¨?¤?	 1
¤þ?õ-	 1
òõ_	 1
¯þ?¤ª	 1
?¥ä	 1
-øõ	 1
_ý?ù¤	 1
_?û?¤	 1
ù÷þ¥	 1
ó?ø	 1
?¢-þ÷	 1
?>÷?_	 1
ãìø	 1
öø?ãõ	 1
¢ù	 1
üêã®_	 1
¤?î¢¤	 1
í¤?	 1
÷þõø	 1
?õ¤£	 1
ý?¤_	 1
ö¤	 1
)_	 1
ùõ?¢?	 1
¤?-_	 1
¢÷þ?_	 1
-¨¢_	 1
_??^_	 1
àYó	 1
ø?¡©	 1
ó?ô>	 1
¤?¢÷	 1
ä:-	 1
ó?øôò	 1
ù?¯¡_	 1
®?¤	 1
÷ò*	 1
_ö?ú>	 1
¤-¤	 1
¡¤??	 1
S¢¢>	 1
õòèø	 1
¤-ú?	 1
ãì	 1
®¤_	 1
_ý¤?¢	 1
/?üþ	 1
þõøó?	 1
_f??	 1
¤õä_	 1
÷þ?_	 1
¢øã¨ô	 1
£?ö	 1
?õ÷	 1
?ù¤ú	 1
_üû	 1
ð¥	 1
ö?ø®¤	 1
_ñþ?	 1
_ôøîY	 1
_?-¨?	 1
ý?ù¤¯	 1
-¨?ü	 1
ù¢?¢	 1
óäü	 1
¤-õøó	 1
ùî?¤_	 1
¢Yø_	 1
_s¤	 1
üê	 1
þ¢ó	 1
÷?õ¤¢	 1
¤ð,_	 1
_Sô¢	 1
ñþ?¨	 1
÷¢õ_	 1
¢þ?¤	 1
ø®¤	 1
þ¤?-_	 1
¤-ù¢	 1
Sü÷?¤	 1
_©þ*_	 1
¯þ?	 1
¥ø¤õ?	 1
?ê-	 1
_f?^	 1
ùøì_	 1
_-¢Y	 1
Y:-êð	 1
_-ä	 1
_öþõó	 1
¥ø¤þ¢	 1
ù?¤	 1
.-ª?¢	 1
ú÷þ	 1
òø¬Yõ	 1
?¨ø÷_	 1
s¤?	 1
??¯	 1
÷þõ¥_	 1
?->Y-	 1
?õó?	 1
?®ì	 1
_©¥	 1
-ªú?þ	 1
?®ê	 1
.¢þ?¤	 1
÷ªù¨_	 1
_ñY?¤	 1
¤?¥û_	 1
õþª	 1
¤þ¢õ	 1
§þ¤û	 1
??¡-	 1
þ¤û	 1
-üõ_	 1
?¤?ý?	 1
óþî	 1
_ý¥¤?	 1
û?ø¡÷	 1
þ¤?¢	 1
ùóó	 1
?ø®¤	 1
áø÷	 1
_ö¤þ	 1
þõ¤	 1
_??¬	 1
øîYõ_	 1
?üõ	 1
èø	 1
êä	 1
?-¨ø	 1
?ö¢¤	 1
¢÷-êð	 1
_ö?þç	 1
.¢¤î_	 1
¨¢	 1
ê?	 1
ªø¤	 1
_¤¢?	 1
óøîñ	 1
ý¢øã¨	 1
ü®?¤	 1
ø¤-*_	 1
S¤ª	 1
?ø¡÷_	 1
÷¥?¨	 1
-þìê	 1
?õþ?	 1
¢þõúê	 1
?êü?_	 1
_ôû¢	 1
îóõä	 1
_ö??	 1
_ù¢¤-	 1
_¢-	 1
¥?:	 1
_üY?¤	 1
ø¢¬	 1
¤¯ý	 1
¤??¤?	 1
?õ¥	 1
-¡¤	 1
þõû_	 1
¡?ª_	 1
¯¡	 1
-Y	 1
þ¢ó?ô	 1
?-ä	 1
-¨ø	 1
_¤¢ý¤	 1
-?õ¢	 1
þõ¥_	 1
¢÷îü	 1
_ö¢ø?	 1
?ù¤¯ì	 1
_?ø÷>	 1
õ¤ø	 1
_?úþ¤	 1
_«	 1
÷ûS¤	 1
¢÷??	 1
?¡õ_	 1
ö¤þ	 1
üó?ã	 1
ä¤¨_	 1
¤úª_	 1
?¥>	 1
_¤??	 1
àYó_	 1
þ¤õ?	 1
¤ø¢¬	 1
¤?¢÷?	 1
§õ_	 1
?¤??_	 1
_¢÷¤	 1
ø?¡©¥	 1
¤?¥û	 1
_ö?¥	 1
ó-¡	 1
÷?õó?	 1
î¤ªù	 1
-?à	 1
þª?	 1
ù¢?õ?	 1
î¤õ-_	 1
_Sô¢¤	 1
ôþY¤.	 1
?õ:-ª	 1
÷ò-?	 1
_éó?¡	 1
¢¢	 1
¢¤?¢_	 1
¢¬_	 1
_ýø	 1
?)_	 1
?¤¢?¬	 1
-?ì?	 1
üY?	 1
_üð÷¤	 1
??¤?ý	 1
¤?¢ê¤	 1
_öø?ã	 1
ýò?î	 1
?ãõ	 1
¢¢>õ¥	 1
_òõ_	 1
þ¦¤_	 1
òø¬	 1
ö?¤ê	 1
-êðüõ	 1
ìê	 1
_ö¢þ¨	 1
ù?÷?_	 1
_ù÷?ø	 1
ôþ¤?¢	 1
÷¨¤	 1
¤?ý	 1
_¤ø¢¬	 1
¬ý?ûò	 1
?ø¡¤	 1
¤-¨?	 1
_öþ÷?	 1
øþ÷þõ	 1
ø¬Yõ	 1
ó?ö?	 1
þìê	 1
?-÷	 1
ä:-ê	 1
?ãîõ	 1
ö?þç¯	 1
õ?¢	 1
_¢÷¢	 1
_áø	 1
¤-÷î	 1
¨ôþ	 1
-¢Yø_	 1
_ù¢÷¤	 1
î¤ªùþ	 1
þªø¤	 1
-ªþ?_	 1
ô>Y	 1
ùì?	 1
,,?_	 1
_-òþ	 1
sY	 1
êü?	 1
?äø	 1
¢÷¨¤	 1
:-ª?	 1
ü÷ø	 1
ý?ì?	 1
þ¥ø-¨	 1
ñ?÷	 1
ø?¨õ	 1
¨¤??	 1
ù¢þ	 1
?¤?¢ê	 1
?¤ª_	 1
Y¤.¢ª	 1
¡¢ø¤_	 1
_©þ?	 1
÷îª_	 1
õ?õ?_	 1
?¢õ?	 1
÷ò-	 1
üY?¤>	 1
õ¥ø¤	 1
ûù¢¤ø	 1
_§þ¤	 1
õù?_	 1
??¤ä	 1
¥çõ_	 1
_¢÷?ø	 1
_ü-¨¤	 1
òèø	 1
_¢øª	 1
??®	 1
ù÷þ	 1
úû¢	 1
«¡?ª_	 1
¤-¤þ	 1
ì?¤õ	 1
-?þû	 1
ü-¨	 1
þ¤>_	 1
?¥ê?	 1
ôû¢¥	 1
þ?¤ª_	 1
,/,	 1
ªø¤-*	 1
?¤>_	 1
?:-	 1
_¤ò¢_	 1
÷þ¥û_	 1
?-¨¢	 1
-î¤ªù	 1
¤¡	 1
-þ¤	 1
_ü-ã÷	 1
_?þ¨	 1
_ø¢	 1
óþ*	 1
ö¤þ?	 1
_ü÷?¤	 1
þ?¤ª	 1
?ª¤¨_	 1
òî_	 1
¤ö	 1
ùóó?ö	 1
>ü	 1
?ö?_	 1
-÷?_	 1
úû¢_	 1
_?õ:-	 1
§þþ¤	 1
_.-ª	 1
_-¨÷?	 1
ü?ø¡	 1
õ:-	 1
úê_	 1
û¥	 1
_?ãîõ	 1
ý¥?¨	 1
S¢øªü	 1
_-¢	 1
¢÷ø¤	 1
¤õ-_	 1
-ªú	 1
õòè	 1
¢?õ	 1
?¡¢ø¤	 1
®¤	 1
_?û¥ø	 1
?÷?ø>	 1
ù?÷ªù	 1
>üð÷	 1
¤ðù	 1
¢¤?_	 1
?S?-÷	 1
_ñ¤-	 1
_S¢¢	 1
¢÷¥	 1
ðþ?	 1
¤þ?¤_	 1
þãìø	 1
_üû¢	 1
?ì?¤	 1
ü÷?¤?	 1
¢¬	 1
õ?>	 1
õ?¥	 1
¯¨	 1
?ãõ_	 1
òèø_	 1
¤-÷	 1
ª¤øª	 1
¢þ¢_	 1
?¨¤??	 1
¤ì÷_	 1
(ù?	 1
¢>õ	 1
éì	 1
??¤ä?	 1
_íþ*	 1
?¤?¤¢	 1
_¢÷-ê	 1
ø>üð÷	 1
_ôþ-_	 1
ö?ð¥õ	 1
_ý?û_	 1
¢÷î	 1
Y-õ?õ	 1
_.¢þ?	 1
þª?Y	 1
ùóó?	 1
þ?£è_	 1
_S¤ª?	 1
_öø÷î	 1
ê÷¤þ	 1
_?óø	 1
_ù¢?¢	 1
¨ò?-	 1
÷-ê	 1
_,f_	 1
÷þõ¥	 1
_©¤ê	 1
Sö??ó	 1
?¢ã?_	 1
þªø¤-	 1
ùì??¨	 1
¤?¢õ	 1
¡©¥?¨	 1
-¨¤ú	 1
éó?¡õ	 1
,?)	 1
î-¡¤¢	 1
_¤®?	 1
-þ÷	 1
îª_	 1
ôþY¤	 1
þ¯ã-_	 1
õ¥ø¤?	 1
??¯¨	 1
-õø	 1
ý¢ã?	 1
_ý¢ã?	 1
??¤_	 1
_?ò	 1
-þ¢>	 1
øªî¤	 1
,^_	 1
_-?àY	 1
-õ?õ	 1
©þ?¥ê	 1
ýò?î_	 1
ªú?þ¢	 1
þ¢õ_	 1
?¢¤?	 1
þ??®	 1
îõ¤	 1
ü-ê	 1
óäüó?	 1
¯ã	 1
÷¢_	 1
ù?÷ª_	 1
?¢õ?÷	 1
÷î?-_	 1
¨ò?->	 1
ò*	 1
¥?þ÷	 1
ûùì??	 1
?¢ã?	 1
ù¤ú?_	 1
-òø	 1
??ò	 1
?¤?öþ	 1
ªî¤¢	 1
ä?¨	 1
øõóû-	 1
_-¤®Y	 1
?>÷*	 1
_(ù	 1
_¢¤õ	 1
Y?¤_	 1
S¤þ?	 1
.¢þõ	 1
-õ?	 1
_ô>Y_	 1
_(ù?	 1
¤õ-	 1
_¥ø¤þ	 1
_¤ðþ¢	 1
¨?¤ä	 1
¤þ¢õ_	 1
ø¡¤	 1
ã÷¬_	 1
ò¨ò?-	 1
_ô¢	 1
_öþ÷	 1
ü÷þõ¡	 1
ôøî	 1
_ò?ì_	 1
_ù?õ¤	 1
ªú	 1
ê¤ö	 1
¤.	 1
¤?÷î	 1
¥?ü÷	 1
ðþ¢_	 1
_ýò?î	 1
¨õùõû	 1
Sô¢¤õ	 1
¤à÷	 1
üóã	 1
§?	 1
ùã	 1
-¤þ	 1
ùþî	 1
ù-¨÷	 1
?®ê_	 1
ý?¤?ö	 1
þ÷þ	 1
ù¤¯	 1
¤¢?¤	 1
_üóõ_	 1
ùì	 1
íþ_	 1
_ñ??÷	 1
÷¢þõ	 1
ó?ã	 1
_ö?ð¥	 1
S¤þ	 1
?î?S?	 1
÷ªù	 1
ó?øô	 1
>Y-	 1
_-ä¤¨	 1
_©¥¤?	 1
?÷¢	 1
-þ¤þ¢	 1
ø¤?	 1
_.-ª?	 1
þìêø	 1
_ý¤þ	 1
ôþ-_	 1
õ?÷_	 1
ðøó	 1
¢¤øõ_	 1
_üõþ	 1
ì÷?¤?	 1
¥ç	 1
¤ä:-ê	 1
ì?_	 1
üêã	 1
îü	 1
¤ä:	 1
-ú?_	 1
þì	 1
_-õ¨_	 1
¢?-ä	 1
_¥ç	 1
?¤?¢õ	 1
¡©¥	 1
_ö?î?	 1
_ý¢>	 1
þ¢þ¢_	 1
ù¢÷¤?	 1
¢¢>	 1
ò¨??	 1
?î-¡¤	 1
þõ¥	 1
_?úû¢	 1
ø÷>	 1
þ¥û	 1
ö?-¨¤	 1
ìêø	 1
üõþªø	 1
¤þðø	 1
_¤?¤	 1
üó?ã-	 1
_üõþª	 1
_üóãõ	 1
-¢	 1
*õó?_	 1
-?î	 1
÷-¨û_	 1
ù¢÷þ?	 1
ûù?ð	 1
_??¤	 1
¢?ê-¨	 1
î¢	 1
ó?ã-_	 1
_á?ø	 1
û-þ¤	 1
_ý¢ã	 1
_ù¢þ	 1
-¨?ö	 1
_ü÷þõ	 1
¨¤úª_	 1
?î¢	 1
_¥?ü	 1
ö?-?	 1
¢ø¤_	 1
¢÷¢þ	 1
_ù÷?þ	 1
?ûùõ	 1
ðþ¢	 1
¤?¡_	 1
¤þè_	 1
ü-ê÷¤	 1
¥ø÷_	 1
¤?¤¢_	 1
¤?îþ*	 1
_-òþ¯	 1
-¤®Y_	 1
_ñ?Y	 1
î¢¤	 1
ó¨õùõ	 1
¢÷-¨û	 1
¢ý¤?	 1
.-¨þ	 1
áø÷õ	 1
¯þ	 1
?þ¤	 1
õ¥ø	 1
¥>	 1
þç¯	 1
_¤?ú	 1
¢¤_	 1
Yø_	 1
-õøóþ	 1
_-òø¬	 1
-ú?	 1
_üõª	 1
öø?ã	 1
î¤õ-	 1
ù¢?¢÷	 1
-ù¢	 1
_§õ	 1
êã	 1
÷?¨¤	 1
ñY?	 1
?f/?ü	 1
ùþª?	 1
_ö?ð	 1
_°þ¤?	 1
ùø¤ðù	 1
_-Y-	 1
õ?¢?-	 1
ó?ö?ø	 1
_Sü-ã	 1
þóäü	 1
¯õ_	 1
ý¤?¢¤	 1
(ù?õ_	 1
õùõû	 1
ò*-øó	 1
ôû¢¥ø	 1
¥ø-	 1
-ê÷¤þ	 1
ñ?÷?	 1
ý¥¤	 1
ö?¤êä	 1
ü÷??	 1
/,	 1
Sü-ã÷	 1
ý?ûùì	 1
¥ð_	 1
?þç¯	 1
¤?¢ê	 1
_??¬_	 1
?ø>üð	 1
_ý¥?¨	 1
_?õ	 1
ì÷?_	 1
ê¤¯ý	 1
_ö?¥þ	 1
þ?¨	 1
÷¤þè_	 1
*õó?	 1
¢÷¤-	 1
?Y:-ê	 1
õþªø	 1
Y?¤>	 1
¢õYõ_	 1
-øó	 1
-?þ	 1
¤?¥ð	 1
óãõò	 1
?S?	 1
úþ¤	 1
ó>	 1
õ¥?¨	 1
¥þõ?-	 1
-¤ø¤	 1
ðüõ_	 1
¤¯ý?¤	 1
ý?ú÷	 1
¥?þ÷¢	 1
?ûùì?	 1
?ý?-¨	 1
¨?¤_	 1
©¤?¥	 1
?¤¨	 1
ô>÷¤ê	 1
÷÷þ?	 1
?àYó	 1
?ø¡¤?	 1
¨õùõ	 1
?öþ	 1
¤ì_	 1
.¢¤	 1
ý?¤?¤	 1
Sü-	 1
?ø¡÷	 1
?õó¨	 1
þ¢õ	 1
_ôþ-	 1
ê-¨?	 1
_¤ø®Y	 1
ùãõ>_	 1
òõ	 1
©¥¤	 1
ûò	 1
¢>õ¥ø	 1
¤£?ö	 1
êä¥	 1
¤¢?¬	 1
S?-÷ò	 1
ò-?	 1
îþ*_	 1
_ù¢?ê	 1
Sô¢	 1
ó?ö	 1
÷¤-	 1
S¢øª	 1
ù÷?þõ	 1
þªø	 1
¢÷??þ	 1
_íþ_	 1
¥î¤õ-	 1
¡-÷?	 1
?õ¤£?	 1
_,?)_	 1
?ñ?¨õ	 1
_ö?ö¢	 1
>õ¥ø	 1
û¤úªù	 1
¢ó?ô>	 1
ùóõ>	 1
ø¤õ?_	 1
îñ¤?	 1
_üõ?	 1
?ª_	 1
?£	 1
_¥î¤õ	 1
?õþ?_	 1
_,_	 1
©¥¤?	 1
_ù?÷?	 1
>üð	 1
_ù¤ì	 1
û¤ú	 1
?øõ_	 1
÷?¨?	 1
¨¤_	 1
-*	 1
ð,_	 1
ñY?¤	 1
?õ¢¡	 1
þ??_	 1
?õ:-	 1
ø¤ð,_	 1
þ¤-ª	 1
ø®¤_	 1
¥î	 1
?-ä?¨	 1
î¨õ_	 1
÷¢¤ø	 1
¢÷¢	 1
?ý?	 1
?üþ?£	 1
-þ¢>_	 1
_ôû¢¥	 1
_©þ*	 1
-ä?¨	 1
ý¢ø	 1
?ðþ?	 1
ù¤ú	 1
.¢¤î	 1
-þãì	 1
ø®Y	 1
?öþ?_	 1
ûù÷þ¥	 1
û¢÷?õ	 1
þ?úY	 1
÷¢õ	 1
ç¯_	 1
¨??	 1
¨?ö?	 1
ý¥¤?	 1
-÷ò-	 1
üóõ_	 1
_ü¯þ	 1
?¢ê	 1
_§?¨	 1
÷¢¤	 1
úê	 1
_f??_	 1
ø¤õ	 1
_ü÷¨	 1
_,f/	 1
_ö¤	 1
¤ê÷_	 1
¤ø¢¬_	 1
ø>ü	 1
¬ý	 1
¢¥ø÷_	 1
°þ¤?-	 1
êã®_	 1
¥?õ÷	 1
¥>_	 1
ù¨_	 1
,/?	 1
úà?	 1
-¨?¤ä	 1
ü®?	 1
_ý¢ø	 1
?û?¤	 1
?øõ	 1
-þ÷_	 1
ùãõ>	 1
¢÷÷þ?	 1
?ûò?	 1
ý¤?þ?	 1
çõ	 1
¦	 1
¤ªùþ	 1
ü®	 1
ôþ¦¤_	 1
_-ä¤	 1
_©¤?	 1
¨ø¤	 1
õò¨??	 1
î¤õ	 1
ø-¨	 1
éó?	 1
ù÷?ø	 1
÷?ø>ü	 1
¬Yõ_	 1
óþî?	 1
_éó-	 1
ø¡÷_	 1
¢þ¨	 1
_-?¤¢	 1
î¤¢	 1
þõ?-	 1
ùòî	 1
à÷_	 1
§?¨?¤	 1
?ê-¨	 1
¥çõ	 1
_í¤?÷	 1
ü®?¤?	 1
îþ*	 1
_?ó	 1
÷?¤õä	 1
÷÷îª	 1
÷îª	 1
þ¦¤	 1
?-??	 1
?¤¡_	 1
_ùî?¤	 1
©÷	 1
®?Y_	 1
_?,/?	 1
õ?÷¤	 1
°	 1
f/?_	 1
û¢¥	 1
¨¢_	 1
¢þõ?	 1
_ô¢¤	 1
üóõ	 1
ü-ê÷	 1
¨ô	 1
??¤?¢	 1
¤®?	 1
_¥?þ	 1
ùì??	 1
õY	 1
Sôþ	 1
-??¤?	 1
õõ	 1
_¥?¢	 1
ñ¤-÷	 1
?¤?¢÷	 1
_Sü÷?	 1
÷?¨¤?	 1
?¢ê¤¯	 1
ã¨ô	 1
þ??®ì	 1
¤?î¢	 1
???¡-	 1
?,/?	 1
ý?¥>_	 1
?ª¤øª	 1
*ø_	 1
î-	 1
¢?-ä?	 1
ü÷¨_	 1
ùþª	 1
¢?øõ_	 1
_ù?>	 1
_ü÷?ú	 1
_°þ	 1
-¡õ_	 1
þè	 1
_ô¤>	 1
?¡-÷	 1
?ø-ü	 1
ö?ª¤¨	 1
-óõ	 1
?¡©¥?	 1
_ý¢þ	 1
?ø¡_	 1
ý¤-ú?	 1
s¤	 1
ý?û?®	 1
û¤?î_	 1
éó?¡	 1
¢÷?ø	 1
¥ø¤þ	 1
ø-¨¡÷	 1
ªùþª	 1
-?þû_	 1
-¢Y	 1
ûS¤ò	 1
¦¤_	 1
-õ¨	 1
_ü?ø¡	 1
_ü?	 1
ö?ú>	 1
_?¤¯	 1
¢÷÷þ	 1
¤ì÷	 1
?ãîõ¤	 1
¤ø®Y	 1
ü¯þ?	 1
_-?äø	 1
¥þ?	 1
_¤à÷_	 1
?¢?-ä	 1
ì?¤õ_	 1
?,/?_	 1
÷ûS¤ò	 1
_¤ê¨	 1
*ø	 1
_ùþ¢û	 1
?ü÷ø÷	 1
_éìø	 1
öþ?¤¢	 1
_ü-?	 1
¨?¤?_	 1
S?-	 1
-÷ò-?	 1
_?f/	 1
¤þðøó	 1
¢¥	 1
-ê÷	 1
_¥þ?_	 1
óó?	 1
>ø	 1
þî¤-	 1
?äø?¯	 1
êøõ_	 1
¥?õ	 1
-¨û_	 1
-*_	 1
õ?>÷?	 1
_-÷ò	 1
÷?ø¢÷	 1
óãõ	 1
£è	 1
øó>ø	 1
_¢÷?_	 1
÷?õ¥	 1
ý¥¤?_	 1
.¢÷??	 1
ö?ú>_	 1
ñþ?¨ø	 1
øîY	 1
?¤êä¥	 1
¤-ù	 1
÷>	 1
?¯õ	 1
?-¨ø¤	 1
f?^/?	 1
ãî	 1
ü÷?õó	 1
¤-õø	 1
_üõª?	 1
¢÷¢þõ	 1
¡?_	 1
á?ø	 1
?àYó_	 1
òì÷?¤	 1
üû¢÷?	 1
_ü®	 1
óþî?,	 1
¤ªùþ?	 1
û?®	 1
þ¤?-	 1
ø¢ù?	 1
÷þ¥	 1
á?ø÷?	 1
þóä	 1
_«¡	 1
øô	 1
ø¤þ¢_	 1
ê¤¯	 1
?ø>ü	 1
îñ¤	 1
¤®Y	 1
÷>_	 1
¢÷ø¤_	 1
¢¤?ù¤	 1
Sü÷?	 1
_¥çõ	 1
õóû-þ	 1
-÷î_	 1
õ?¢?	 1
úªùþª	 1
¤¢ý	 1
_^	 1
¢¤-¨	 1
_ùóó	 1
_-???	 1
ê¤¯ý?	 1
?úà?_	 1
¤?ý?	 1
_üY¤	 1
¢þ¨¤_	 1
¢¤ø?_	 1
¤êä¥	 1
õ÷	 1
_¢÷-¨	 1
îóõä_	 1
?û¥ø	 1
Y-õ	 1
þõ¡	 1
¤-¨?_	 1
?-þìê	 1
ôøîY	 1
?üþ	 1
ó?ô>÷	 1
ùþî¤	 1
¢÷÷î	 1
-ã÷¬_	 1
S¢¢	 1
õþ?	 1
¨??òì	 1
¤ªù	 1
ý¤?î	 1
ùòî_	 1
ø?¡	 1
??¬_	 1
¤?úà?	 1
«¡?	 1
_¤?î?	 1
þ?¤>	 1
¢¥ø÷	 1
þõúê_	 1
_Sôþ¤	 1
ý?ûùõ	 1
ôþ¦¤	 1
ø¤ðù	 1
øôò¨	 1
ý?ì?_	 1
þõ?>÷	 1
_ò?ì	 1
¤?þ¨	 1
?¢÷?_	 1
_ü¯þ?	 1
®ì_	 1
-?î_	 1
ò*-	 1
¤-ú?_	 1
?ö?þ	 1
_¥î	 1
¨õù?_	 1
¨?¤¨_	 1
û?®ê_	 1
_¥î¤	 1
þ÷¢¤	 1
êä¥_	 1
ø¤®_	 1
?f/	 1
_ö?î	 1
ãîõ¤	 1
-??¤	 1
ø¬Yõ_	 1
_¢÷¨¤	 1
õ¤ø?¡	 1
¢þõú	 1
¢÷¥?¨	 1
ñ¤?î_	 1
_ü®?¤	 1
¡©¥?	 1
ø?¤ê_	 1
ø¤-*	 1
_?þ¨?	 1
_«¡?ª	 1
?->	 1
¥þõ_	 1
©¥?¨_	 1
?-þ	 1
÷¤-ù	 1
ôò¨	 1
¥?ü÷ø	 1
ã®_	 1
øóþî?	 1
§þþ	 1
øóþî	 1
õúê	 1
?¯¡_	 1
ö?¤?¢	 1
?¨õ_	 1
?¡õ	 1
¥?¢	 1
_?ã	 1
?¡_	 1
öþõó¨	 1
_á?	 1
_ü-ê	 1
ð¢÷¥?	 1
þõúê	 1
¢?-	 1
øì_	 1
õùõû_	 1
õ¤û	 1
¨?ö	 1
úþ¤?õ	 1
ð¢÷÷î	 1
î?¤?	 1
¢ý¤?î	 1
üð¢÷÷	 1
-¨ø¤_	 1
ù¤¯ì	 1
÷?ú>_	 1
_-?¤	 1
þY¤.	 1
üõø	 1
-?àYó	 1
?¤??	 1
ü-¨¤¢	 1
þðøó	 1
_¤¢?¤	 1
ãìøõ_	 1
¯ý?¤?	 1
¤þ¥ø	 1
Y¤.¢	 1
ôû	 1
¢÷þ	 1
¤?þ?	 1
¢÷¨	 1
÷÷þ?ü	 1
ì÷_	 1
îóõ	 1
öø?	 1
ø?ã	 1
?üþ?	 1
ùõû	 1
?û?®	 1
¤£	 1
_ñ?õ_	 1
õ?õ	 1
÷-êðü	 1
¡?ª	 1
?-ä?	 1
äø?¯õ	 1
_©÷?	 1
óþ*ø_	 1
¤?ý?-	 1
¤þ¢_	 1
_¥?¢ã	 1
ê÷¤	 1
äø?¯	 1
÷þõøó	 1
ø÷î?	 1
÷-¨	 1
ðøó>ø	 1
û¤?î¢	 1
_.-ê¤	 1
¥õ¤	 1
ö?þ¤>	 1
?S	 1
¤?î?S	 1
ø¤®	 1
?îþ*	 1
óû-þ	 1
ûù÷?¡	 1
Y:-	 1
íþ*õ	 1
úª_	 1
_¤®	 1
û¤úª	 1
_¥ø¤õ	 1
üY¤	 1
¤ðþ	 1
þõó	 1
ûùì?	 1
_¤¨?	 1
¨?ü?	 1
_¢õY	 1
ø¢÷û	 1
¨¡÷_	 1
-¡¤¢	 1
-øõó	 1
¤øõ	 1
îñ¤?î	 1
ö¢ø?	 1
÷¬ý	 1
®ê_	 1
ö?ö	 1
øó>	 1
þ*õ	 1
éìø-	 1
óû	 1
.¢÷?	 1
üû¢	 1
÷ò*-	 1
ø÷õ	 1
?ª¤¨	 1
??òì÷	 1
ûS¤ò¢	 1
î?S?-	 1
ùþ¢û_	 1
(ù?õ	 1
_?,/,	 1
_-þóø	 1
óõ>_	 1
ªø¤-	 1
?¤¢?	 1
ð,	 1
¤ð,	 1
ìø-	 1
_-¤ø¤	 1
_¢õYõ	 1
ø¡_	 1
¢-þ	 1
ãõ_	 1
-ü	 1
??¨	 1
?,_	 1
?û¥ø¤	 1
ý?ú÷þ	 1
÷õõ_	 1
ö?¥	 1
þç	 1
õ¤-õ	 1
ñ?÷?î	 1
_ý?ì	 1
?¤?ý	 1
?û?®ê	 1
Y-_	 1
÷¢þ	 1
?-¨¤	 1
ñõä	 1
_ý?¥>	 1
¨?¤¡_	 1
®?¤?	 1
ùò	 1
?¥þ	 1
ñ??	 1
õ¤£?ö	 1
¤?õª_	 1
?û¤úª	 1
_-??	 1
þ?ê	 1
_ôû	 1
¢÷þ?	 1
þ-	 1
_üY¤¯	 1
þ¤?õ	 1
?þ¢	 1
¢÷÷îª	 1
ü¯	 1
-ä?¨_	 1
-?¤¢	 1
òø	 1
?¥>_	 1
¢þ?¤¢	 1
?¤ì	 1
î¤-¤þ	 1
õ¤£?	 1
->Y-õ	 1
¡-÷	 1
-¤þ¥ø	 1
?¤ä:	 1
þõ¤ø?	 1
û?¤	 1
þ*ø_	 1
þî?,	 1
ñ?õ_	 1
¤ä?_	 1
?÷¤?_	 1
õó¨õó	 1
ð¥õ¤	 1
_¢ª	 1
ü-?õ	 1
-ó	 1
ûù¢¤_	 1
?¤¯_	 1
ñ¤-÷î	 1
ìø-õ_	 1
?÷¤	 1
ø¤õ?	 1
ö?î	 1
þã	 1
-ä¤¨_	 1
?÷¤?	 1
ìøõ	 1
øîYõ	 1
_áø÷	 1
ò-?_	 1
øõó	 1
ý?û_	 1
ª¤ø	 1
¢Yø	 1
îüõ	 1
ø÷>_	 1
õ?>÷	 1
õøóþ	 1
_ý?¥	 1
?:-êð	 1
¥ø-¨¡	 1
?õ:	 1
ü÷?¤õ	 1
ü÷??¤	 1
ó>ø_	 1
-ªþ?	 1
ì?¤	 1
_-ªú?	 1
_¥çõ_	 1
ù-ê¤ð	 1
-Y-_	 1
¤úªùþ	 1
¤?þ¨?	 1
¥?¢ã?	 1
ªú?	 1
?¤ä?_	 1
î¤-	 1
ö?ø®	 1
_ý?¤_	 1
_ü¯	 1
ðùî_	 1
->Y-	 1
÷?ø-	 1
>÷?_	 1
¢÷¤?¢	 1
_-÷ò*	 1
?õ¥?	 1
ø-ü	 1
÷îü	 1
?î-	 1
¤?¥ð_	 1
üõ?¥ä	 1
¢þ÷ª	 1
çõ_	 1
ñY?¤_	 1
÷??þ	 1
,/,_	 1
:-ª	 1
_?,,?	 1
î?¤?_	 1
_ùþó	 1
þ¨¤	 1
ö?ª¤ø	 1
¨õ¢?	 1
ü¯þ?¤	 1
þ?ü	 1
?÷ªù	 1
þãìøõ	 1
¤?î?	 1
?÷ª_	 1
?¤êä	 1
þõ¤ø	 1
?õ¥?¨	 1
ö¢¤î_	 1
¢¤-	 1
_¢÷î	 1
®?Y	 1
ûùõ	 1
Sö?-	 1
÷?¡¢ø	 1
¤-¤þ¥	 1
ý?ûù?	 1
ù÷þ¥û	 1
û¢¥ø	 1
óø?¨	 1
-¤ø¤®	 1
÷¬ý?û	 1
õóû-	 1
ò¨ò	 1
õ-ø	 1
þ?¤>?	 1
à?_	 1
ü÷ø÷î	 1
ªú?þ	 1
??¯¨_	 1
õ?-þ	 1
_ùþî¤	 1
¥?¢ã	 1
ê¤ö?ª	 1
ô>Y_	 1
-þã	 1
¯ý?	 1
¨¡÷	 1
??þ_	 1
_ôþY	 1
þ?õ	 1
ù¢¤_	 1
õ?÷¤?	 1
¤?õþ	 1
øã¨	 1
_üõ?¥	 1
_ý?û?	 1
îYõ_	 1
ø¢ù?¯	 1
ò?-	 1
ø÷õõ	 1
¤ø?¤	 1
í¤?÷î	 1
ùãõ	 1
ç¯	 1
?,,?	 1
-÷ò*-	 1
ñ?Y	 1
_?,_	 1
üõþª	 1
¤?ú	 1
_ö?õ-	 1
¤¯ì_	 1
õ¡_	 1
¤?þ??	 1
_ö?õ¤	 1
¨õ¢?þ	 1
?ô>÷	 1
ùóõ>_	 1
?î?S	 1
_©¤ê_	 1
¤?ù¤ú	 1
_¤ê¨_	 1
Y:-ê	 1
_ý¢þ¢	 1
íþ*õó	 1
¤®_	 1
_¢¤?¢	 1
.-ê¤	 1
û-þ¤þ	 1
?¢¤?ù	 1
éó-¡	 1
_??¯¨	 1
ý?û?	 1
>§þþ¤	 1
_¢÷îü	 1
©÷?¤	 1
?¥ê?_	 1
_öþõû	 1
÷÷þ	 1
f?^	 1
?þ??_	 1
?¢ã	 1
?¢ê¤	 1
ý¢ã	 1
í¤	 1
þóäüó	 1
_¢÷÷	 1
þY	 1
îõ	 1
ý¢øã	 1
óøî	 1
-¤®	 1
õ¨	 1
ã¨	 1
?î?¤?	 1
?¡-	 1
ñ¤-	 1
¤¢ý¤	 1
¢þ÷ª_	 1
_ö?ö	 1
êøõ	 1
_öþ¢ó	 1
¤ä:-	 1
ý?ûò?	 1
ù?÷?	 1
_ü÷þ	 1
_¤?¤ì	 1
_-ê¤ð	 1
?¥û	 1
?þç	 1
ù÷?ø¢	 1
?ø>	 1
ù?>÷*	 1
öþ÷?	 1
ýø_	 1
ä¥_	 1
?ø¢÷û	 1
÷¥?	 1
-ªú?	 1
ôø¢	 1
¤ðùî_	 1
?¤ä?	 1
_?ãî	 1
¢÷?õ¥	 1
¥?:-ê	 1
_-?ì?	 1
.-ª	 1
?õ-óõ	 1
?-??¤	 1
ãõ>_	 1
÷?¨?_	 1
_¢?þ	 1
þ¤?õþ	 1
¤ðþ¢	 1
_á?ø÷	 1
òþ¯	 1
_ö?ª	 1
?ñ?¨_	 1
¢ó?	 1
_ö?þ¤	 1
?ø÷>_	 1
õ¤û_	 1
¬Y	 1
_?úþ	 1
¥þ?_	 1
÷¤þè	 1
þ-_	 1
?þ??	 1
-¨¢	 1
ì÷?¤	 1
¢þ?ê	 1
?øôò¨	 1
_é??	 1
î?¤_	 1
í¤?÷	 1
õ¢¡_	 1
ñ??÷	 1
¥î¤õ	 1
¨?¤¡	 1
þõú	 1
¢¤îó	 1
_ö¨Y	 1
¤ä?	 1
_-?à	 1
¤à÷_	 1
ó?¡õ_	 1
>ø_	 1
?úþ¤?	 1
_-þ¢>	 1
_S¤þ	 1
þ¢û_	 1
-¨¤¢	 1
_öþ¤	 1
êã®	 1
ö¤þ?¤	 1
¢-?î_	 1
ý¤þ	 1
¥ê?	 1
ñ¤?î	 1
¢õYõ	 1
_ù¢¤ø	 1
ö¢þ¨¤	 1
?úà	 1
?¤ä:-	 1
òþ¯ã	 1
¤ú?	 1
þ*õó	 1
¨¤?_	 1
_?¤>	 1
õ¥?¨_	 1
.¢ª	 1
¥õ¤û_	 1
_üóõ	 1
_öþ¤-	 1
ûù?_	 1
ò?ì_	 1
¢Y	 1
ü?ø	 1
ø>üð	 1
¤??¤	 1
þìêøõ	 1
ø¢÷ûS	 1
¨Y	 1
_ù-¨÷	 1
-þãìø	 1
þ?êü	 1
ù¢þ?	 1
¢?¤	 1
ûùì	 1
÷?¤õ	 1
©þ?	 1
_S¢ø	 1
¨?¤¨	 1
ùøì	 1
÷?¡¢	 1
ûò?î	 1
ø?¯õ_	 1
_¤ø¢	 1
÷??þ_	 1
°þ	 1
_ùòî_	 1
õ¢¡	 1
ò¨ò?	 1
õYõ_	 1
_ö?¤?	 1
>õ¥ø¤	 1
ü-¨¤	 1
?-þì	 1
¥ê?_	 1
-ªþ	 1
ùõû_	 1
ôþ-	 1
êðüõ	 1
îª	 1
?)	 1
á?ø÷	 1
¤ðþ¢_	 1
ù¢¤-¨	 1
¨?ö?_	 1
øþ÷	 1
£?ö?	 1
_ù¢÷þ	 1
õøþ	 1
óó	 1
ù¤¯ì_	 1
_s¤?¡	 1
÷?ú>	 1
_-¤®	 1
_ü®?	 1
þ?¥ê?	 1
¤?÷î_	 1
ý?¥>	 1
«¡	 1
?÷_	 1
úà?_	 1
¨¤¢_	 1
÷ò*-ø	 1
-õ?õ?	 1
-¤ø	 1
ó¨õù	 1
_¥?:-	 1
,^	 1
.¢þõ?	 1
_ý¥¤	 1
?¤õä_	 1
ìø-õ	 1
¨¤¢	 1
_ý?ù	 1
>÷¤ê	 1
÷¢¤øõ	 1
üþ?£è	 1
-¡õ	 1
þ¤?¢_	 1
ø¢÷?_	 1
_-þó	 1
£è_	 1
?úû¢_	 1
_¤?úà	 1
_-Y-_	 1
-êðü	 1
?ô>÷¤	 1
??¨õù	 1
ª¤¨_	 1
_ñ¤-÷	 1
-÷?	 1
_S¢øª	 1
óø?¨õ	 1
¯ý?¤	 1
ù¢?ê-	 1
¤.¢ª_	 1
_S¤ª	 1
ãõòèø	 1
ðøó>	 1
?ô	 1
?üõ_	 1
õ¥_	 1
¤£?ö?	 1
êü?_	 1
->	 1
ª¤øªî	 1
¤?öþ	 1
?¡©	 1
ö?õ-ó	 1
óä	 1
é??-¨	 1
?óøîñ	 1
¢ø¤	 1
_ò?	 1
¢þõ?>	 1
?¤?¤	 1
¯ì_	 1
¤?ù	 1
÷ø÷î_	 1
¤¡_	 1
üêã®	 1
_S¤þ?	 1
îñ	 1
¢÷ûS¤	 1
_ö??ó	 1
ä:-êð	 1
ª?¢-þ	 1
?ý?-	 1
_-õ¨	 1
-þó	 1
sY_	 1
¢÷-¨	 1
?õ¢¡_	 1
¤¢?¬_	 1
_ñ??	 1
¥?:-	 1
¥ø¤õ	 1
÷¨_	 1
ù?õ¤£	 1
ó?ô	 1
óõä_	 1
¥ø÷	 1
,/?_	 1
_?¤ê_	 1
?ð¥õ¤	 1
÷îüõ	 1
þç¯_	 1
?÷?ø	 1
>Y-õ?	 1
ôþ¢þ÷	 1
_¤®?Y	 1
?î¢¤	 1
¤þ?õ	 1
_í¤	 1
¤¨?	 1
?êü?	 1
ø¡÷	 1
.-ê	 1
_ùò	 1
öþõó	 1
_??¯	 1
¢?ø	 1
??þ	 1
/?ü	 1
õûù?_	 1
¢õ?÷_	 1
?à	 1
õ:	 1
÷¤-ù¢	 1
_°þ¤	 1
?÷?_	 1
¤þ?¤	 1
_ýø_	 1
?ì?¤õ	 1
_ñ?÷	 1
ý¤?¢	 1
÷þ?ü	 1
õ¨_	 1
?¤¨_	 1
__	 1
S?-÷	 1
-òø¬Y	 1
©þ*_	 1
§þþ¤_	 1
ó?¡õ	 1
¤þð	 1
þ÷¢	 1
§õ	 1
ó-¡õ	 1
û¢_	 1
???¡	 1
ù-ê¤ö	 1
-¨?ü?	 1
¤õä	 1
øó?	 1
_?ûù	 1
_¤ø®	 1
òì÷?_	 1
_¤-	 1
_Sö?-	 1
ªþ?	 1
_ö¨Y_	 1
??^/	 1
÷?ø>	 1
¤ø¤®	 1
??¨õ	 1
¨??ò	 1
-òþ¯ã	 1
ûS¤	 1
þY¤.¢	 1
_?óøî	 1
÷þõ¡	 1
ù?¯¡	 1
¤-ú	 1
.¢þ?	 1
îüõ_	 1
¤ê÷	 1
ê-	 1
?þ_	 1
ãõ>	 1
ü-?	 1
þþ¤_	 1
î¨õ¢?	 1
þóø?	 1
_ñõä	 1
ª¤¨	 1
??-¨¢	 1
ö¨	 1
ªõûù	 1
¢ê¤¯ý	 1
ý¢þ¢	 1
ö?_	 1
«	 1
¢?¢÷_	 1
¥?¨ø	 1
ý?-¨	 1
÷?õó¨	 1
êø	 1
î¢¤î	 1
þ?ú	 1
ì??¨	 1
ù-¨÷?	 1
_-Y	 1
þõó¨	 1
_ùþóä	 1
øã	 1
úþ	 1
?õ¢	 1
¥ø¤?_	 1
?¯õ_	 1
¯þ?¤	 1
?îþ¤õ	 1
öþ¢ó?	 1
äü	 1
©¥?¨	 1
*õ	 1
ªþ?_	 1
ö¢ø?_	 1
¨ø÷_	 1
_?òì	 1
îYõ	 1
þõ?-þ	 1
õþªø¤	 1
¡-	 1
_üóã	 1
ö?÷?ø	 1
éó-	 1
øþ÷þ	 1
_ô¢¤õ	 1
ü?ø¡¤	 1
õ¢?þ÷	 1
¤ö?	 1
?¥ê	 1
øîñ	 1
-ù	 1
_?õ:	 1
?¨¤?	 1
?ð¥õ	 1
ûùõ?	 1
ø?¨õ_	 1
?¨õù?	 1
¨û	 1
f/?ü	 1
þðø	 1
_ùî?	 1
¢ý	 1
ê-¨?ü	 1
_?þû	 1
û-þ	 1
¨Y_	 1
¨ø_	 1
¨õ¢	 1
¨ò	 1
¤.¢ª	 1
õó¨õù	 1
_¤ê÷_	 1
?¨õù	 1
-?¤¢?	 1
¤-õ_	 1
-òø¬	 1
ì??	 1
õó?ø	 1
_?îþ¤	 1
?þç¯_	 1
ó¨õó	 1
_¤ò	 1
íþ*	 1
¢?¤_	 1
_?ûù÷	 1
?,?_	 1
_üêã	 1
_s¤?	 1
ü÷?õ_	 1
þ?¥	 1
£?ö?þ	 1
üþ?¤	 1
_ö¢ø	 1
óãõòè	 1
ö¨Y	 1
ª?Y	 1
÷¢þõú	 1
¤þ¥	 1
_ö¤þ?	 1
üó?	 1
_ùã	 1
Sôþ¤?	 1
-?äø?	 1
-üõ	 1
?£è_	 1
ý?-¨ø	 1
þõû	 1
¢ý¤	 1
S¤ª?	 1
¤ª?_	 1
¢õY	 1
õ¤£	 1
¤¨?¤¨	 1
_üõø	 1
öø÷î	 1
??÷	 1
¤-ª	 1
_ü÷¨_	 1
ø¤ðùî	 1
ý?-	 1
áø	 1
-þìêø	 1
¯õ	 1
_-?þû	 1
?¥þõ	 1
_-¨þ÷	 1
?¢÷?	 1
õûù?	 1
_??^/	 1
?ã-_	 1
î?,?	 1
_ñ¤	 1
_¤?¥	 1
.¢ª_	 1
¡¤??¡	 1
þî?-	 1
÷õ	 1
öþ¢ó	 1
îY	 1
??®ì_	 1
_-ªú	 1
õ-óõ	 1
¢¤-¨ð	 1
_,?_	 1
üY?¤	 1
ñõ	 1
öî¨õ¢	 1
ªõûù?	 1
û?®ê	 1
¯ã-_	 1
*õó	 1
_ùòî	 1
?ø÷>	 1
óþ*ø	 1
-ù¢?õ	 1
ûù÷?	 1
?úû¢	 1
?->Y	 1
?þõ¤	 1
-þ¤þ	 1
óó?ö	 1
þð	 1
áø÷õõ	 1
÷¨¤?_	 1
ûùõ?÷	 1
ö?ú	 1
Yó_	 1
ª?Y_	 1
?¨ø÷	 1
_ùþ¢	 1
î¤-¤	 1
ö?ð	 1
>Y-õ	 1
?Y:	 1
_(ù?õ	 1
_¥þõ	 1
?ûùì	 1
¢?ê-	 1
?¤õä	 1
ôø¢ù?	 1
û¢÷?	 1
úªù	 1
÷¤?¢_	 1
,f/?_	 1
_¢÷÷þ	 1
ö?ð¥	 1
_§õ_	 1
ùþ??	 1
ü÷¢õ	 1
?¤?ö	 1
-Y-	 1
?>÷*_	 1
?ã-	 1
õøó?_	 1
þ÷þõ	 1
øã¨ô	 1
¤?¡	 1
?¡¢	 1
ùî?¤	 1
ø¬	 1
¨õó	 1
ø?¯	 1
¥?¨ø÷	 1
þðøó>	 1
ûù÷þ	 1
ý¢þ¢>	 1
üû	 1
ü-?õ¢	 1
?£è	 1
÷¬_	 1
?¯¨_	 1
ö¢ø	 1
¤?îþ	 1
ôþY	 1
_¢÷¢þ	 1
-þóø	 1
_¤à÷	 1
-ª?¢-	 1
¢÷ûS	 1
þ¦	 1
?¤ä_	 1
ø¢¬_	 1
øªî¤¢	 1
?-¨¤ú	 1
?û¥	 1
?ü?	 1
¢÷¨¤?	 1
÷?¤?¢	 1
_¤??¤	 1
?f/?	 1
_-þã	 1
¢þî?	 1
ð¥õ¤û	 1
þ¤þ¢	 1
?ý	 1
þ¢ó?	 1
?:	 1
ª?¢-	 1
¨ò?	 1
-ä¤	 1
Sôþ¤	 1
_ö?ª¤	 1
Yó	 1
¢÷?ø-	 1
-¨¡÷	 1
-?õ	 1
öþ?¤	 1
?¢?-	 1
_Sü-	 1
-øóþ	 1
_?¤>?	 1
¤ú?_	 1
?äø?	 1
¢¢>õ	 1
¨¡	 1
ø-üõ	 1
ø®Y_	 1
,f_	 1
-¤þ¥	 1
¥ð	 1
üþ?úY	 1
¯ì	 1
¢þ÷	 1
ô¤	 1
ô¤>_	 1
?ðþ?*	 1
¢ê	 1
ö?¨?_	 1
?¡?	 1
_sY_	 1
ö¢¤î	 1
??¡?_	 1
þþ	 1
ý¢>_	 1
ø-üõ_	 1
_ñ?Y:	 1
_-þ¢	 1
Sö?-¨	 1
_?û?	 1
>÷?	 1
ìøõ_	 1
øîñ¤?	 1
?úà?	 1
ö¢þ¨	 1
ý¢ã?_	 1
÷?¤??	 1
_©¤?¥	 1
¢¤îóõ	 1
õ¤ø?	 1
_éìø-	 1
¢øã	 1
?¯¨	 1
,,^	 1
ã÷¬ý?	 1
?úþ¤	 1
>üð÷¤	 1
õûù	 1
??¡-÷	 1
-¤®Y	 1
ý?ì	 1
?>÷?	 1
óø?	 1
õù?	 1
_?f	 1
õòèø_	 1
ò?ì	 1
ãìøõ	 1
¤þè	 1
îþ¤õ?	 1
¢-?	 1
_ô¤>_	 1
¤?ù¤	 1
ù?ðþ?	 1
*-øó	 1
÷?þõ	 1
-ê¤ö	 1
_.¢÷?	 1
ó_	 1
öþõû_	 1
ý¤?þ¨	 1
_¢÷ø¤	 1
-ú	 1
ø-¨¡	 1
-ä?	 1
_ü÷¢	 1
_.¢÷ø	 1
?ûù÷þ	 1
ú?þ	 1
ûò?	 1
?ø®	 1
¢þ?êü	 1
üþ?£	 1
¥ø-¨	 1
þ¤õ?_	 1
_?û¤ú	 1
?êü	 1
ý?ù¤	 1
õþ?_	 1
_-¨?ö	 1
ù÷?¡	 1
¨¤úª	 1
ùþ?	 1
_ý?ú÷	 1
¤ø®	 1
öø÷î?	 1
¡-÷?_	 1
öþ¤	 1
þ÷ª	 1
õ:-ª	 1
÷??¤_	 1
ó?¡	 1
_ü-?õ	 1
ù¢÷¤	 1
à÷	 1
éó-¡õ	 1
¢?¬	 1
ö?õ¤¢	 1
(	 1
_ñY?	 1
-ê¤ö?	 1
õª_	 1
¨ø÷	 1
ñ?õ	 1
üõ?	 1
?ø÷?_	 1
_¤?¥û	 1
ý?ù	 1
_ü÷¢õ	 1
þ?£è	 1
¥ä?_	 1
Y-õ?	 1
¤-*_	 1
ó-¡õ_	 1
ý?ûù÷	 1
¯¡_	 1
§?¨	 1
-¨?ö?	 1
üõøþ	 1
¢-þ÷_	 1
?¨ø_	 1
¨ôþ¦	 1
ò*-ø	 1
_§þ?	 1
ùø¤ð,	 1
_©þ?¥	 1
ó>ø	 1
éìø	 1
þ*ø	 1
?î¢¤î	 1
îþ¤õ	 1
ö?ø	 1
_ý¤þð	 1
ý?ûò	 1
ðþ?*_	 1
_¤¨	 1
¢ù?¯	 1
?®ì_	 1
ð¢÷÷	 1
-¨¡	 1
?¥þõ_	 1
??^/?	 1
óäüó	 1
¢?øõ	 1
á?	 1
õøþ÷þ	 1
?Y:-	 1
_ù?>÷	 1
ù¤ì	 1
_?î	 1
ü÷?¨?	 1
>§þþ	 1
_ùóõ	 1
*-øóþ	 1
_ùõ?¢	 1
ê-¨	 1
ø¤ð,	 1
-õ¨_	 1
?õ÷_	 1
þ?üõ_	 1
?þ÷¢	 1
*-ø	 1
¥?õ÷_	 1
?¥ð	 1
Y¤.	 1
_-_	 1
ôò¨ò	 1
ùþî¤-	 1
þ¢þ÷	 1
øôò¨ò	 1
ü÷?ú>	 1
¨¤??_	 1
î-¡	 1
¢?¬_	 1
þõ¡_	 1
ú÷þõ¥	 1
§þ¤	 1
þ¢¤?	 1
÷î?-	 1
ùóõ	 1
õ¢?þ	 1
_ù?õ_	 1
®ì	 1
û¥ø¤	 1
þóø?¨	 1
?õ-øõ	 1
÷ø¤_	 1
?ø÷?	 1
/?üþ?	 1
_ü?ø	 1
¦¤	 1
_?û¥	 1
_üþ?¤	 1
_(	 1
_?úY	 1
ö?þç	 1
ö?¤?	 1
?¨?¤?	 1
??®ì	 1
_?úY¤	 1
¤?¤ì_	 1
_üû¢÷	 1
þõ?>	 1
¢þî	 1
¤þ¥ø-	 1
¤?î-¡	 1
_.¢þõ	 1
_¢øªü	 1
ùþóä	 1
_¥þ?	 1
÷÷îª_	 1
þ¥û_	 1
-?¤	 1
ã÷¬ý	 1
_ñõä_	 1
.¢÷ø	 1
÷?ø¢	 1
öþ¤-ª	 1
_^_	 1
¢÷¥?	 1
óó?ö?	 1
ùþó	 1
¤ª?	 1
?ª¤ø	 1
ú?þ¢¤	 1
©÷?¤?	 1
ù¢?ê	 1
¤£?	 1
f/?üþ	 1
¢¤?¢	 1
_§?	 1
_áø÷õ	 1
÷¤?¢	 1
_ôøî	 1
ªî¤	 1
õøþ÷	 1
_¢?øõ	 1
-???	 1
÷ø÷	 1
÷ø¤	 1
÷ø÷î	 1
¢?õ?_	 1
_,?)	 1
¢¡	 1
Sô¢¤	 1
>Y_	 1
ü÷ø÷	 1
ý¤þð	 1
_-?ì	 1
?þõ¤ø	 1
öþõû	 1
¯¨_	 1
_-ê¤	 1
þ÷ª_	 1
?¨?¤¡	 1
¥þõ?	 1
îõ¤-õ	 1
_ö?-?	 1
ö?î?¤	 1
ö?¥þõ	 1
ù÷?¡¢	 1
÷?¡	 1
_öø?	 1
÷¥?¨_	 1
÷îüõ_	 1
_ù?¤_	 1
_-¨÷	 1
þãì	 1
?÷î_	 1
¤êä	 1
øõóû	 1
ò?->Y	 1
ýò	 1
_?-¨	 1
?¤ì_	 1
î-¡¤	 1
þ¥ø	 1
þ¯ã-	 1
û¢÷	 1
÷¬ý?	 1
þ?¨ø_	 1
¡¢	 1
ðùî	 1
û¥ø¤_	 1
?÷?õ	 1
Sö??	 1
?õ-ó	 1
ø¢ù	 1
_¢÷¤-	 1
ä¤	 1
÷ªù¨	 1
¤-ªþ	 1
_?ø	 1
?,,?_	 1
þ¤-	 1
?ö?ø	 1
õ?-þì	 1
?,/,_	 1
ö?õ¤	 1
§?¨?	 1
¢?õ?	 1
üð¢÷¥	 1
S¢¢>õ	 1
¤?÷	 1
-òþ¯	 1
îó	 1
¤øõ_	 1
ù?ðþ	 1
_ô¤	 1
ù?¯	 1
_¤ê÷	 1
_ý¥?	 1
¤êä¥_	 1
äø?	 1
,f/	 1
¥ø¤?	 1
?,?	 1
®?¤?_	 1
¢õ?÷	 1
?ö?þ?	 1
¤?¤ì	 1
-ä¤¨	 1
?¢¤	 1
_ý¢øã	 1
êðüõ_	 1
-÷ò*	 1
_íþ*õ	 1
?úþ	 1
õ-ó	 1
??-¨	 1
ã¨ôþ¦	 1
¤¨?¤	 1
ù?>÷	 1
¤ö?ª¤	 1
ò-	 1
?,/,	 1
ñþ?	 1
÷?þõ¤	 1
_òõ	 1
õ-øõó	 1
üþ?¤>	 1
?¥ä?	 1
S¤ª?_	 1
ûS	 1
?ö?ø®	 1
?¢-	 1
?ûù?	 1
óõä	 1
?ö¢¤î	 1
÷÷î	 1
÷î?	 1
¤ðùî	 1
þî¤-¤	 1
-óõ_	 1
ü÷?¨¤	 1
¤?¢õ?	 1
õ¡	 1
_¢-?	 1
ñ??÷¢	 1
üY¤¯	 1
¡¤¢_	 1
¥õ¤û	 1
_f?^/	 1
û?¤ä:	 1
_sY	 1
_éó-¡	 1
ùþ¢û	 1
¬ý?û	 1
_¥?þ÷	 1
?¨¤	 1
??òì	 1
_-þãì	 1
þ?¥ê	 1
-þì	 1
?õó?_	 1
¢þî?-	 1
_¥?:	 1
äüó	 1
?÷?õó	 1
þ¢û	 1
_ùþî	 1
?ø-	 1
_?¤¯_	 1
õøóþî	 1
ä¤¨	 1
ù?¤_	 1
Sü-ã	 1
_?ø÷	 1
ñ?Y:	 1
¢øã¨	 1
ªùþª?	 1
_ù¤ì÷	 1
©¤?	 1
ôþ¢þ¢	 1
üõøþ÷	 1
?÷î	 1
úà	 1
_«¡?	 1
÷¤þ	 1
_ü-¨	 1
î¨õ¢	 1
û-	 1
_?¤ê	 1
¢÷¤?	 1
_¤¨?¤	 1
?ðþ	 1
.-¨þ÷	 1
÷?õ_	 1
_éó?	 1
øîñ¤	 1
òè	 1
õ¤-õ_	 1
ùõ?÷¤	 1
-?äø	 1
_ñ?õ	 1
_????	 1
¨õù?	 1
óû-þ¤	 1
îþ¤	 1
_.¢¤î	 1
_©÷	 1
_¤¢ý	 1
?ü÷	 1
©¤ê_	 1
þ?¨ø	 1
¤ø?¡©	 1
?ö¢	 1
_-¢Yø	 1
_°	 1
_ýò	 1
?ãî	 1
ö¢¤	 1
à?	 1
?-¨¢_	 1
*-	 1
??¬	 1
¨?ü?_	 1
ý¤-¨?	 1
úªùþ	 1
úªõûù	 1
î?,	 1
-¡¤¢_	 1
¥ä?	 1
ý?¥	 1
üõ?¥	 1
¤¢?¤_	 1
¢û_	 1
ùþª?Y	 1
öî¨õ_	 1
?úû	 1
?þ?*	 1
÷??¤	 1
_¤-õ	 1
?ù¤¯	 1
Y?¤>_	 1
÷þõ¡_	 1
þõó¨õ	 1
_¤à	 1
¢-?î	 1
öþ÷	 1
S¢ø	 1
ö?þ?*	 1
û¤?îþ	 1
õ¥?	 1
÷?ú	 1
_ñ?¨õ	 1
_§þ¤û	 1
_ü÷??	 1
üóãõò	 1
?õª_	 1
øã¨ôþ	 1
¢÷?õ	 1
?þ÷¢¤	 1
þþ¤	 1
.¢÷øª	 1
õóû	 1
þ¢¤?_	 1
þ÷¢¤ø	 1
¤®?Y	 1
ù¢?õ	 1
¥?þ	 1
©¥¤?_	 1
õ-óõ_	 1
_.-ê	 1
_üêã®	 1
ý¥?	 1
_¥?õ	 1
ù¤ì÷	 1
_¢?ø	 1
?õó¨õ	 1
_¢ª_	 1
ø?ãõ	 1
_üþ?ú	 1
¤-ù¢?	 1
¡¢ø¤	 1
?ü÷ø	 1
ìêøõ	 1
?îþ¤	 1
_-ê	 1
?î?¤	 1
ªùþ?	 1
ªî¤¢_	 1
¥ê	 1
¢>õ¥	 1
¨õó?ø	 1
ýò?	 1
þ¯ã	 1
êðü	 1
é??-	 1
¤îóõä	 1
øóþ*ø	 1
ìêøõ_	 1
ø¤-	 1
û?ø¡_	 1
_§?¨?	 1
_ø¢÷?	 1
ø÷î_	 1
¤?õþ?	 1
_¢?þ÷	 1
¤?¢¤?	 1
©þ*	 1
?ô>	 1
f?^/	 1
þ?õ-ø	 1
¨û_	 1
_ôø¢ù	 1
_é??-	 1
_¤ðþ	 1
?ú÷þõ	 1
)	 1
û¢¥ø÷	 1
-¢Yø	 1
ûù?ðþ	 1
ö?þ¤	 1
¤úªù	 1
þ¤þ¢õ	 1
¤ø?¡	 1
¡©	 1
¢ù?¯¡	 1
_.-¨þ	 1
£?	 1
é??	 1
¤ø®Y_	 1
ùþóäü	 1
?û?¤ä	 1
-øóþ*	 1
÷ò-?_	 1
_ùãõ	 1
_?f/?	 1
_ö?¤ê	 1
ùõ?¢	 1
ãõò	 1
ø÷?_	 1
?¡-÷?	 1
_üê	 1
àY	 1
äø	 1
,?)_	 1
.-ê¤ð	 1
ù¤ì÷_	 1
?¥û_	 1
_ü-ê÷	 1
?þ¤>_	 1
??^_	 1
õ-øõ	 1
ù¢þ?ê	 1
øôò	 1
ø?¨	 1
-?õ¢¡	 1
-???¡	 1
õ:-ª?	 1
®ê	 1
óû-	 1
ü÷¢	 1
_¥?õ÷	 1
_ù¢þ?	 1
÷-¨û	 1
_ôþY¤	 1
_?,,^	 1
_ùøì	 1
þ¨¤_	 1
þ¢þ÷ª	 1
?ì?_	 1
ªø	 1
öþ¤-	 1
¢÷îüõ	 1
ø¡¤?	 1
_ùóó?	 1
,,^_	 1
ö?ö¢¤	 1
_ùøì_	 1
þª?Y_	 1
?ù¤ú?	 1
_§þ?¤	 1
ú÷þõ	 1
õøó?	 1
°þ¤	 1
_ô>Y	 1
¤îó	 1
¤ø¤®_	 1
ü÷þõ	 1
ñõä_	 1
õ>§þþ	 1
ü÷¢õ_	 1
÷?õ¥?	 1
?û¤ú	 1
õúê_	 1
?ûù÷?	 1
§þ¤û_	 1
¢ê¤¯	 1
øó?_	 1
ùî?	 1
©þ?¥	 1
äüó?ã	 1
«¡?ª	 1
¤øªî¤	 1
?ê-¨?	 1
ö?¨?¤	 1
øóþ*	 1
ãõòè	 1
õYõ	 1
_?îþ	 1
þ?úY¤	 1
_ùóõ>	 1
¢¥ø	 1
??÷¢	 1
?öþ?	 1
÷þ?üõ	 1
ø>	 1
Sü÷	 1
_¢þî?	 1
÷¤ê¨_	 1
?¤õ_	 1
¢¤øõ	 1
?õ-ø	 1
¯ý	 1
ø¬Y	 1
ã®	 1
ü¯þ	 1
ñ?Y:-	 1
_ö¢þ	 1
¤ö?ª	 1
ø÷õõ_	 1
¡¤¢	 1
¡¤?	 1
ò?->	 1
_.¢¤	 1
-õøó	 1
¤.¢	 1
÷¤?_	 1
õ¤-	 1
>÷¤ê¨	 1
_¢÷¨	 1
¢þ¢>	 1
©¤?¥ð	 1
ý¤-ú	 1
?S?-	 1
úû	 1
ý¥?¨ø	 1
þ¤-ªþ	 1
üû¢÷	 1
?ø¢	 1
ø?¤	 1
òø¬Y	 1
_??¤ä	 1
?÷?î_	 1
_ö?ú	 1
_üY?	 1
ùþ??®	 1
_?þû_	 1
?,,^_	 1
?¢?	 1
þ¯	 1
î?S	 1
õ¢?	 1
õ?¥ä?	 1
_¤ð	 1
?ûò	 1
ø-õ_	 1
äüó?	 1
?ø¢÷	 1
?¢-þ	 1
?àY	 1
þî?-_	 1
_-¨þ	 1
þ¤þ	 1
_-òø	 1
_ý¤-ú	 1
?þ¤>	 1
ä¥	 1
¨õó?	 1
_¥?ü÷	 1
-þóø?	 1
ã¨ôþ	 1
_ø¢÷	 1
s¤?¡_	 1
¢¡_	 1
ä:	 1
-?ì	 1
_éì	 1
þ?£	 1
¨?¤ä_	 1
_¢-?î	 1
ªù¨	 1
þY¤	 1
öþ÷?_	 1
->Y	 1
é?	 1
üóãõ	 1
ä?¨_	 1
õõ_	 1
¤ø¢	 1
>÷¤	 1
î¢¤îó	 1
_ùãõ>	 1
÷õõ	 1
øó>ø_	 1
ôø¢ù	 1
¢ê¤	 1
¤?ö	 1
¤®Y_	 1
¨ø¤_	 1
¬Yõ	 1
ó¨õó?	 1
-?ì?¤	 1
óõ>	 1
ö?ö¢	 1
¥î¤	 1
,,?	 1
ù¢¤-	 1
÷ûS	 1
¯ã-	 1
¤??¡?	 1
¢þ¨¤	 1
ù¤ú?	 1
ê¤ö?	 1
þ?êü?	 1
¤ø?¤ê	 1
©¤ê	 1
ü÷þ	 1
??¡?	 1
ü÷?ú	 1
?ü?_	 1
¤®?Y_	 1
úþ¤?	 1
?óø	 1
ø¤?_	 1
éìø-õ	 1
õó?øô	 1
-?_	 1
_ñ?÷?	 1
ö?¥þ	 1
ýø	 1
÷?ø-ü	 1
¥ä	 1
¤îóõ	 1
-?àY	 1
ù?õ¤	 1
_-?þ	 1
?þ¢¤?	 1
?ûò?î	 1
ô>÷¤	 1
¤-*	 1
û?¤ä	 1
¢ù?	 1
??÷¢_	 1
?:-ê	 1
?øôò	 1
¢-þ÷	 1
_ý?ì?	 1
ôþ¤?	 1
?¡©¥	 1
ö?÷?õ	 1
-÷î	 1
?÷¢_	 1
¤¢ý¤?	 1
_©÷?¤	 1
¤à	 1
?¡?_	 1
_Sôþ	 1
þ¤>	 1
ó-	 1
ðþ?*	 1
©¥?	 1
ôøîYõ	 1
?øô	 1
_©¥¤	 1
_üõøþ	 1
ª?_	 1
ò¨??ò	 1
_¤?î_	 1
©÷?	 1
üõþ	 1
_ý¢>_	 1
_?û¤	 1
s¤?¡	 1
ø¤þ¢	 1
÷þ¥û	 1
_¢¤õ_	 1
üY¤¯_	 1
÷?î_	 1
ö¢þ	 1
þè_	 1
î¤¢_	 1
_?òì÷	 1
?÷?î	 1
¡¢ø	 1
_ñõ	 1
þ÷þõø	 1
ãîõ	 1
ôþ¤	 1
¤¯ì	 1
¤ä_	 1
?ø®¤_	 1
_ý¤-¨	 1
ö?õ-	 1
-¨¤¢_	 1
_é?	 1
îõ¤-	 1
_ü-ã	 1
?¤ª	 1
-ê÷¤	 1
-þ¢	 1
¤?¤¢	 1
þ?õ-	 1
¢?¢÷	 1
ø÷î?-	 1
¢÷¤-ù	 1
ø?ãõ_	 1
ó?ã-	 1
_ñþ?¨	 1
-¨¡÷_	 1
÷?î	 1
ê?_	 1
?ûù?ð	 1
ªù¨_	 1
?÷ªù¨	 1
f_	 1
_ù?¤	 1
?-÷ò-	 1
ý¤þðø	 1
_-õ	 1
ªùþ??	 1
?þ¢¤	 1
ðù	 1
þõø	 1
:-ª?¢	 1
ý¢>	 1
ý¤-¨	 1
ø-õ	 1
-øõóû	 1
?õþ	 1
ð¢÷¥	 1
þ?üõ	 1
¢ó	 1
?îþ*_	 1
¢÷-ê	 1
ø¤þ	 1
_¢þî	 1
_¤ò¢	 1
óøîñ¤	 1
õ?-	 1
?ð¥	 1
_¤?_	 1
Y:	 1
ø¡¤??	 1
ùþ¢	 1
-¨ø¤	 1
õ?¥ä	 1
þ¢þ¢	 1
þî?,?	 1
þ*õó?	 1
_ö¨	 1
ý¤?î-	 1
_ýò?	 1
_¥þõ?	 1
èø_	 1
þ¤õ	 1
?¥ä?_	 1
ø?¤ê	 1
¤?î-	 1
÷¤ê¨	 1
¤-÷î_	 1
S¤þ?õ	 1
