_	 1094
י	 296
ו	 260
ה	 226
ר	 167
ל	 155
ת	 153
ב	 121
ש	 120
מ	 118
ה_	 118
א	 112
נ	 97
ע	 89
_ת	 82
ד	 79
ם	 78
_ם	 67
ב_	 58
ח	 57
תו	 55
כ	 54
םי	 51
פ	 51
_ה	 48
ס	 48
ק	 47
_ל	 47
ל_	 46
_,	 43
,	 43
_םי	 43
_תו	 42
מ_	 41
_ר	 39
ג	 39
ע_	 36
ט	 35
א_	 35
ש_	 35
ינ	 34
_י	 33
.	 32
_.	 30
צ	 30
ן	 29
_ו	 29
ונ	 26
כ_	 26
לש	 24
ור	 23
_ד	 23
וי	 23
_ן	 23
יד	 22
י_	 21
"	 21
ר_	 20
רו	 19
ז	 19
יב	 19
הל	 19
וש	 18
ני	 18
יר	 18
אר	 18
וב	 17
נו	 17
רש	 17
נ_	 17
שי	 17
תי	 17
תא	 17
מה_	 17
מה	 17
לש_	 16
יי	 16
יה	 16
_לש	 15
רה	 15
ימ	 15
יל	 14
ןי	 14
לו	 14
ומ	 14
_לש_	 14
הי	 14
יע	 14
הנ	 14
ת_	 14
לע	 13
רי	 13
יש	 13
וע	 13
וה	 13
פ_	 12
יכ	 12
_תא	 12
וח	 12
ו_	 12
_ןי	 11
_לע	 11
תינ	 11
יט	 11
רא	 11
פה	 11
די	 11
תא_	 11
רח	 10
_לע_	 10
יפ	 10
תונ	 10
_ב	 10
אה_	 10
אה	 10
יב_	 10
_ינ	 10
רה_	 10
רת	 10
לע_	 10
לא	 10
דו	 10
ות	 10
שא	 10
יס	 10
עה	 9
וכ	 9
_םע	 9
קי	 9
_ש	 9
_,ה	 9
דב	 9
דמ	 9
ינו	 9
_הנ	 9
וק	 9
,ה	 9
שר	 9
םע	 9
_ונ	 9
בי	 9
יצ	 9
פה_	 9
שו	 9
שמ	 9
ח_	 9
הר	 9
ך	 9
הל_	 9
תור	 9
לכ	 8
תה	 8
_םע_	 8
יג	 8
בו	 8
סו	 8
וא	 8
אב	 8
םע_	 8
ופ	 8
ןו	 8
חא	 8
_תא_	 8
יא	 8
שי_	 8
_,ת	 8
,ת	 8
או	 8
ג_	 8
_תונ	 8
מו	 8
תמ	 8
וי_	 8
_תי	 8
וו	 8
עב	 8
דע	 7
שאר	 7
.ם	 7
_ע	 7
ף	 7
םיר	 7
_ק	 7
לאר	 7
וד	 7
_רו	 7
טס	 7
יכ_	 7
תוש	 7
_הי	 7
וג	 7
סל	 7
בר	 7
תוי	 7
הב	 7
עו	 7
נב	 7
_הל	 7
עה_	 7
עפ	 7
לי	 7
רק	 7
לפ	 7
_ך	 7
הש	 7
_.ם	 7
קה	 7
יני	 7
רחא	 7
םיד	 7
_תור	 7
כו	 6
יטס	 6
אב_	 6
המ	 6
וע_	 6
ארשי	 6
צה_	 6
_א	 6
תש	 6
_תינ	 6
יטסל	 6
מל	 6
אל	 6
"ה	 6
קו	 6
טסל	 6
רשי	 6
םיל	 6
רט	 6
תר	 6
ןיי	 6
סה	 6
לארש	 6
_ןו	 6
רד	 6
וז	 6
רל	 6
ארש	 6
_םיד	 6
יח	 6
חמ	 6
_יכ	 6
לארשי	 6
אל_	 6
יק	 6
יו	 6
ידי	 6
ז_	 6
צה	 6
תה_	 6
אש	 6
_יכ_	 6
נש	 6
םינ	 5
בה	 5
_םג_	 5
_םיר	 5
עמ	 5
יסו	 5
נידמ	 5
סה_	 5
וני	 5
םג_	 5
_ות	 5
גי	 5
וצ	 5
סלפ	 5
של_	 5
עי	 5
ונ_	 5
של	 5
טב	 5
_םיל	 5
סא	 5
רש_	 5
בה_	 5
_שא	 5
_ף	 5
ידמ	 5
.ה	 5
מב	 5
כה_	 5
וס	 5
ית	 5
_תר	 5
_בי	 5
_םג	 5
רתו	 5
גה	 5
צו	 5
_תוש	 5
תושר	 5
_.ה	 5
חו	 5
תנ	 5
רא_	 5
יה_	 5
_ח	 5
אי	 5
מי	 5
אמ	 5
גפ	 5
ניד	 5
יטסלפ	 5
_תוי	 5
ושר	 5
קה_	 5
חי	 5
_.םי	 5
דע_	 5
טסלפ	 5
כה	 5
.םי	 5
מב_	 5
ממ	 5
צע	 5
נמ	 5
חמ_	 5
םג	 5
_דו	 5
_די	 4
ייצ	 4
ךכ	 4
תל	 4
_הר	 4
)_	 4
עב_	 4
טש	 4
מח	 4
שאר_	 4
הה	 4
ןיב	 4
םימ	 4
בל	 4
דר	 4
_רתו	 4
ניטסל	 4
זמ_	 4
_רח	 4
תוב	 4
חת	 4
או_	 4
בל_	 4
חה_	 4
,תינ	 4
_תוב	 4
ושרה	 4
_ןיב	 4
_שאר_	 4
נידמה	 4
_.ת	 4
קל	 4
וה_	 4
_-	 4
"הר	 4
יניט	 4
פא	 4
טק	 4
_ןיי	 4
.ת	 4
ארשי_	 4
:	 4
_,תי	 4
,ן	 4
יש_	 4
רמ	 4
_תש	 4
יפ_	 4
דמה	 4
שפא	 4
_הני	 4
לל	 4
שרה_	 4
בוש	 4
שת	 4
לשמ	 4
ושרה_	 4
_רת	 4
הני	 4
ינוי	 4
וקי	 4
ינש	 4
ניטס	 4
_,תינ	 4
מע	 4
רל_	 4
ידמה_	 4
תושרה	 4
_לא	 4
יניטס	 4
-	 4
רצ	 4
הה_	 4
ינב	 4
וט	 4
דמה_	 4
נח	 4
רשפא	 4
ורי	 4
מת	 4
,תי	 4
ניט	 4
_הב	 4
רשי_	 4
ידמה	 4
פל	 4
פר	 4
שממ	 4
_שאר	 4
ור_	 4
_:	 4
לט	 4
_םינ	 4
לפה_	 4
_דע	 4
נב_	 4
פמ	 4
סלפה	 4
_,ן	 4
ושי	 4
וב_	 4
סי	 4
שיג	 4
_ץ	 4
סלפה_	 4
אר_	 4
חה	 4
ומ_	 4
םיע	 4
לשממ	 4
סמ	 4
זמ	 4
םיי	 4
נת	 4
הא	 4
תיניט	 4
)	 4
_םימ	 4
ץ	 4
ק_	 4
םו	 4
לפה	 4
תיני	 4
נוי	 4
צ_	 4
שפ	 4
רשפ	 4
בג	 4
_םו	 4
טסלפה	 4
שרה	 4
"_	 4
נתנ	 3
נור	 3
_הנו	 3
ושאר	 3
היה	 3
וחה	 3
שפא_	 3
טב_	 3
והינת	 3
רוק	 3
דל	 3
נתנ_	 3
כב_	 3
הנו	 3
סנ	 3
_קו	 3
קפ	 3
פיש	 3
עפה	 3
טה_	 3
ופ_	 3
בכ_	 3
ומתא_	 3
נוש	 3
פא_	 3
ושת	 3
_ינש	 3
כז	 3
נורח	 3
_תינו	 3
ורש	 3
סור	 3
רטה	 3
"הרא	 3
נק	 3
מז	 3
חט	 3
סר	 3
תמה	 3
דימ	 3
,ם	 3
כזמ	 3
ונב	 3
על	 3
וכת	 3
ידב	 3
ובג	 3
קוח	 3
.ל	 3
_יד	 3
,תיני	 3
בב_	 3
_לאר	 3
_תומ	 3
וז_	 3
תינו	 3
יגפ	 3
רר	 3
רור	 3
_תשר	 3
תמ_	 3
סור_	 3
ןייצ	 3
_.תי	 3
ומת	 3
לוע	 3
_תשר_	 3
תורי	 3
תורשפ	 3
_ותו	 3
כזמ_	 3
_םיק	 3
גנ	 3
ושא	 3
היר	 3
והי	 3
ינב_	 3
ינת	 3
תס	 3
_םיע	 3
וחה_	 3
ינתנ_	 3
שה	 3
ורט	 3
ירש_	 3
על_	 3
_לארש	 3
בב	 3
תומ	 3
ורחא	 3
חא_	 3
_ןיב_	 3
_.י	 3
נכ	 3
גה_	 3
_םיי	 3
מתא_	 3
נא	 3
נע	 3
גר	 3
תנ_	 3
הרא	 3
פי	 3
-_	 3
ב"הרא	 3
לומתא	 3
יעה	 3
לומת	 3
שב_	 3
כב	 3
ינתנ	 3
ייצ_	 3
הינת	 3
אשונ	 3
ט_	 3
רורט	 3
דצ	 3
רטה_	 3
כת	 3
תשר	 3
טו	 3
נושא	 3
דא	 3
קמ	 3
ניש	 3
נה_	 3
שב	 3
_ונא	 3
ןיב_	 3
תורש	 3
דמ_	 3
הט	 3
הב_	 3
רע	 3
_רש	 3
ילי	 3
'	 3
סוי	 3
חל	 3
ול	 3
ב"הר	 3
ס_	 3
_לומ	 3
יצ_	 3
ב"	 3
_,ם	 3
תב	 3
מס	 3
הכ	 3
םיק	 3
נושאר	 3
מל_	 3
_רחא	 3
ד_	 3
לכ_	 3
ןייצ_	 3
רס	 3
שח	 3
טה	 3
ונא	 3
ורח	 3
לב	 3
ב"ה	 3
_תוע	 3
_תושר	 3
שונ	 3
ותו	 3
שנ	 3
סמ_	 3
ממ_	 3
ימו	 3
"ר	 3
בר_	 3
הד	 3
הינ	 3
ות_	 3
לומ	 3
ל"	 3
בא	 3
הינתנ	 3
_ל"	 3
תמה_	 3
(	 3
.תי	 3
_היה	 3
שיגפ	 3
יעה_	 3
_לכ	 3
_-_	 3
יגה	 3
_(	 3
_ס	 3
וא_	 3
יעפ	 3
ויב	 3
.י	 3
_ינו	 3
נורחא	 3
_דע_	 3
_רק	 3
ורשפא	 3
תשר_	 3
לוב	 3
בושת	 3
טי	 3
שר_	 3
וכ_	 3
תוע	 3
נה	 3
_לו	 3
_לומת	 3
קר	 3
הג	 3
_אי	 3
םד	 3
_תורש	 3
סוי_	 3
ומתא	 3
ורטה_	 3
והינ	 3
ורטה	 3
_תל	 3
וגי	 3
רב	 3
הו	 3
דה	 3
מתא	 3
ריכ	 3
ירש	 3
בכ	 3
רשפא_	 3
ונע	 3
_וני	 3
אשו	 3
רורטה	 3
ורשפ	 3
יעב	 3
והל	 2
ורו	 2
מסמ	 2
נויב_	 2
ערת	 2
יתש	 2
_,ך	 2
_הארנ	 2
שוו	 2
וסה_	 2
הארנ	 2
ץו	 2
_תינק	 2
_עו	 2
צ"ר	 2
דוב	 2
הרטשמ	 2
_ביג	 2
מ"	 2
יהת_	 2
דה_	 2
רטש	 2
בחמ	 2
נבה_	 2
ווב	 2
תלשממ	 2
חתב	 2
ישל_	 2
וחי	 2
לבחמ_	 2
_.ן	 2
תפישח	 2
ירמ	 2
הנידמ	 2
חאה	 2
נויצה	 2
וכתמ	 2
הנש	 2
רחמ_	 2
יהמ	 2
יבי	 2
_םידי	 2
דח	 2
יידע_	 2
יסוי	 2
היהת	 2
_הלו	 2
בג_	 2
ינוח	 2
_הניד	 2
ישחש_	 2
הניד	 2
היסור	 2
שכ	 2
נבה	 2
ןיידע	 2
טגנ	 2
,א	 2
רנ	 2
מ)_	 2
ארה	 2
וד_	 2
_,ןי	 2
טשמ	 2
תאו	 2
עוגי	 2
לא_	 2
רמ)	 2
מאה_	 2
ילבח	 2
המב_	 2
_רחאל	 2
אשונ_	 2
רתה	 2
הנמ	 2
_בר	 2
ידבא	 2
נעט_	 2
וכה_	 2
ףא	 2
ויצה_	 2
_תוח	 2
פב_	 2
_הרטש	 2
יביטק	 2
כות	 2
ימל	 2
לשב	 2
עמ_	 2
_הט	 2
עד	 2
דירש_	 2
_הא	 2
תפ	 2
השי	 2
םיעו	 2
לכה_	 2
יו_	 2
וגיפ	 2
_ונא_	 2
םימו	 2
תוני	 2
רצע	 2
רחמ	 2
גנישו	 2
ירי	 2
רדב	 2
דצה	 2
_םיכ	 2
תינכו	 2
צרא	 2
גני	 2
דל_	 2
_(צ"ר	 2
_וא_	 2
_תאו	 2
הלט	 2
הלו	 2
צ"רמ)	 2
לכה	 2
דדצה	 2
לה	 2
לובג	 2
_,א	 2
קע	 2
שווב	 2
גפ_	 2
,ל	 2
וסה	 2
את	 2
_םידב	 2
:_	 2
כ"ח_	 2
ילב	 2
םידדצ	 2
_וי	 2
כמ	 2
הלשממ	 2
_הבוש	 2
קל_	 2
שיה	 2
ירמא	 2
.ו	 2
_תאו_	 2
יגהל_	 2
הרטש	 2
ארנ_	 2
_יר	 2
יטק	 2
צמ	 2
סח	 2
ובו	 2
עט_	 2
כ"ח	 2
ארה_	 2
תאו_	 2
םירו	 2
יביט	 2
םירת	 2
םילבח	 2
באת	 2
היהת_	 2
_רה	 2
יטקלפ	 2
_םיס	 2
גהל_	 2
_ןוד	 2
ועפ	 2
_ךכ	 2
וחתב_	 2
_חו	 2
_,הנ	 2
דבאת	 2
_םוי	 2
ימלת	 2
פב	 2
יעוג	 2
וחת	 2
קירמא	 2
ידד	 2
שחש_	 2
ובג_	 2
שיגפ_	 2
ורד	 2
םיני	 2
בחמ_	 2
רחאל_	 2
הז	 2
לוכ	 2
םידי	 2
,ןי	 2
_תנ	 2
לק	 2
ילבחמ	 2
ודב	 2
יהל	 2
קלפ	 2
ןוט	 2
רטשמ	 2
_כ"	 2
_"	 2
תושיג	 2
הלשמ	 2
ילש	 2
חיש	 2
_ץו	 2
רוש	 2
דרח	 2
לשב_	 2
שמ_	 2
לשממ_	 2
אוה_	 2
חאל_	 2
_ןייצ	 2
עיד	 2
ווב_	 2
_ץוח	 2
_םיני	 2
יידע	 2
"ד	 2
_רל	 2
יגהל	 2
_הכ	 2
_יס	 2
וח_	 2
נכו	 2
קיעב_	 2
חל_	 2
גו	 2
_יח	 2
יצה_	 2
חתב_	 2
ואה_	 2
ואה	 2
הת	 2
היס	 2
רחאה_	 2
ביג	 2
הארנ_	 2
רמ)_	 2
הלועפ	 2
פל_	 2
_הגי	 2
וכתמ_	 2
שנה	 2
אוה	 2
רקו	 2
מכ_	 2
חש_	 2
_ףא	 2
ברה	 2
לועפ	 2
דוק	 2
טגני	 2
המב	 2
יוו	 2
בצ	 2
,ר	 2
הו_	 2
מכ	 2
יכזמ_	 2
טקלפר	 2
םיס	 2
_אוה	 2
רחא_	 2
,ךכ	 2
ארנ	 2
טגניש	 2
ץוחה	 2
_תוני	 2
"רמ)_	 2
_האר	 2
יתה	 2
ונורח	 2
יכזמ	 2
תונע	 2
ייק	 2
דס	 2
בח	 2
ושתה	 2
הלש	 2
ללו	 2
_,ל	 2
קירמ	 2
וגיפ_	 2
תפיש	 2
רמאה_	 2
ןוטגנ	 2
לק_	 2
_,ו	 2
מאה	 2
ירמאה	 2
וקמ_	 2
לפר	 2
_רור	 2
יעו	 2
_ינוי	 2
_או	 2
זא	 2
_יסוי	 2
ואב	 2
_,ר	 2
מוח	 2
נוחט	 2
ןופ	 2
_הד	 2
_םייק	 2
םידבא	 2
קיעב	 2
_השי	 2
צ"	 2
לבח	 2
שע	 2
ובכ_	 2
ער	 2
_תפי	 2
ונעט_	 2
ישח	 2
ברה_	 2
_לי	 2
נקירמ	 2
נויצ	 2
תינוי	 2
פמ_	 2
קלפרה	 2
עפה_	 2
ונור	 2
גהל	 2
ךכ_	 2
_וא	 2
ונא_	 2
ולש	 2
וטגנ	 2
_ןופ	 2
ומכ	 2
וקמ	 2
רחאה	 2
יפל	 2
_תפ	 2
כ"	 2
וטגני	 2
עבר	 2
_ףל	 2
פרע	 2
תוחיש	 2
לטב	 2
יסוי_	 2
ליע	 2
_תוחי	 2
ידדצ	 2
ומכ_	 2
ייד	 2
חש	 2
_ןייד	 2
_תונו	 2
ינויב	 2
ריכזמ	 2
ררו	 2
ןוטג	 2
בושתה	 2
סנ_	 2
נמל	 2
הרט	 2
ללוכ	 2
קלפר	 2
אס	 2
דרא	 2
ביטקל	 2
דדצ	 2
_וז	 2
שכ_	 2
גפה	 2
_תלש	 2
שת_	 2
יצו	 2
ינקי	 2
_סאמ	 2
רמא	 2
מא	 2
ידדצה	 2
ביגה	 2
,הנ	 2
_תושי	 2
הש_	 2
הבושת	 2
כונ	 2
רדב_	 2
םידד	 2
שממ_	 2
_וז_	 2
גיפ_	 2
ונעט	 2
(צ	 2
דימלת	 2
שארה_	 2
יעב_	 2
רחאל	 2
הכ_	 2
תונו	 2
_ללו	 2
_תלשמ	 2
ומה	 2
ינש_	 2
ושיג	 2
סאל_	 2
ןוד	 2
_.ב	 2
מש	 2
גל	 2
תינקי	 2
בק	 2
לופ	 2
_לל	 2
(צ"רמ	 2
יסור	 2
ינקיר	 2
םיכ	 2
ירת	 2
יית	 2
תושי	 2
ינוש	 2
כתמ_	 2
"רמ	 2
ווכתמ	 2
_ביגה	 2
םינו	 2
ושתה_	 2
לת	 2
טקלפ	 2
יהת	 2
םידב	 2
נוכ	 2
קיר	 2
סאל	 2
כתמ	 2
קא	 2
_תורו	 2
_תמ	 2
נוח	 2
דבאתמ	 2
"רמ)	 2
(צ"ר	 2
היסו	 2
ימי	 2
הגי	 2
ינכ	 2
,ו	 2
_(צ"	 2
וצע	 2
ינכו	 2
םילב	 2
תלשמ	 2
ממה_	 2
לוכ_	 2
וחט	 2
שתה_	 2
הצ	 2
שחש	 2
ישחש	 2
_,ךכ	 2
טיל	 2
יכז	 2
דד	 2
_םד	 2
ידע	 2
רוז	 2
_ראש	 2
ףל	 2
פישחש	 2
צרא_	 2
ישוו	 2
ושארה	 2
תונור	 2
שארה	 2
םדא	 2
_היהת	 2
ראש	 2
_דח	 2
שנה_	 2
ונו	 2
_תפיש	 2
יטקל	 2
ורחאה	 2
רז	 2
מוחת	 2
צמ_	 2
םייק	 2
_דיר	 2
םיה	 2
יצה	 2
ליעפ	 2
הרא_	 2
ישל	 2
הבו	 2
פישח	 2
_וצ	 2
ינק	 2
צ"רמ	 2
יגפ_	 2
תורו	 2
רקיע	 2
יסור_	 2
נא_	 2
ירו	 2
ונמ	 2
םה	 2
רתוי_	 2
עוג	 2
ביטק	 2
קיע	 2
דבא	 2
דצה_	 2
קמ_	 2
פו	 2
פרה	 2
כמס	 2
יהל_	 2
_רקיע	 2
וניד	 2
נכות	 2
דימל	 2
ינויצ	 2
דג	 2
הלוע	 2
_דר	 2
ושיגפ	 2
מ)	 2
_רא	 2
_.ל	 2
תובו	 2
ווכת	 2
וקיפ	 2
ויצ	 2
נקיר	 2
..	 2
רמאה	 2
תוניד	 2
_םירת	 2
ריכז	 2
ממה	 2
ויצה	 2
_אוה_	 2
ויה	 2
תוח	 2
_עבר	 2
דב_	 2
.ן	 2
_שי	 2
וחתב	 2
בש	 2
רקי	 2
נישוו	 2
"ח	 2
ריו	 2
תפי	 2
_רקי	 2
נישו	 2
ןייד	 2
יא_	 2
ובכ	 2
מלת	 2
ישו	 2
גניש	 2
_סא	 2
תינכ	 2
טקל	 2
ינוחט	 2
_דירש	 2
נקי	 2
_:_	 2
ידע_	 2
יח_	 2
לשממה	 2
נש_	 2
וכה	 2
_רתוי	 2
_כ"ח	 2
_רורט	 2
מוחתב	 2
_הבו	 2
שווב_	 2
ביגהל	 2
חאה_	 2
עט	 2
םירצ	 2
_םיה	 2
הבוש	 2
עוגיפ	 2
מוע	 2
חנ	 2
רנ_	 2
ערתה	 2
דיר	 2
רתוי	 2
תינק	 2
םוי	 2
שממה_	 2
"הרא_	 2
נויב	 2
ושי_	 2
_,תא	 2
שה_	 2
עפ_	 2
_דימ	 2
וחיש	 2
אתמ	 2
_,ף	 2
ביט	 2
_(צ	 2
.ב	 2
יעוגי	 2
ווכ	 2
_הלוע	 2
דת	 2
באתמ	 2
,ף	 2
_רר	 2
ץוחה_	 2
ינכות	 2
ימח	 2
קוח_	 2
_ללוכ	 2
_קר	 2
_כ	 2
ידבאת	 2
נעט	 2
חר	 2
לפרה	 2
_ץוחה	 2
(צ"	 2
שתה	 2
_םימו	 2
תוחי	 2
תלש	 2
,ך	 2
ירצ	 2
הת_	 2
_םילב	 2
לבחמ	 2
לס	 2
_הג	 2
קר_	 2
טג	 2
כל	 2
ומה_	 2
צר	 2
ימע	 2
יאב	 2
_תובו	 2
שממה	 2
סאמ	 2
'ג	 2
ץוח	 2
,תא	 2
רוג	 2
ואב_	 2
ייתה	 2
_יל	 2
_ונמ	 2
_רד	 2
דירש	 2
ינושא	 2
_.ו	 2
קיפ	 2
חאל	 2
_הש	 2
וטג	 2
_עב	 2
_,םי	 2
םיעוג	 2
ללוכ_	 2
יאמ	 2
האר	 2
בע	 2
ישווב	 2
דדצה_	 2
עדו	 2
זי	 2
תב_	 2
_כ"ח_	 2
_יסו	 2
גיפ	 2
מע_	 2
רקיעב	 2
ונידמ	 2
_ינש_	 2
ויב_	 2
_רי	 2
,םי	 2
_הרט	 2
"ח_	 2
שונ_	 2
תוי_	 2
אמ_	 2
"רורט	 1
טשמה	 1
בקעב_	 1
איש	 1
ובוק	 1
סלפב_	 1
ובר_	 1
_הלש	 1
לפרה_	 1
סרי	 1
א'ג	 1
מחנ_	 1
_,"הי	 1
עדוה	 1
הובג_	 1
ימעפ_	 1
לטמב	 1
'גומ	 1
_,ןיט	 1
_םידד	 1
איה	 1
מיא	 1
טבה_	 1
_יניד	 1
ובשה	 1
כובמ	 1
טסוא	 1
נעל_	 1
פס	 1
רצעה_	 1
םייא	 1
יקא	 1
השב_	 1
תוו	 1
קת	 1
,הי	 1
וחר	 1
.והינ	 1
_חחוש	 1
יעפמ"	 1
והש	 1
נר	 1
_,הי	 1
דבכ	 1
_תמקה	 1
ראי	 1
והנל	 1
םירוס	 1
רצואב	 1
_ביאס	 1
יהמב_	 1
פנ	 1
ודביע	 1
לארסנ	 1
_תוז	 1
ינשה_	 1
_.הצ	 1
סלופ	 1
ןימי	 1
ועה	 1
לצנ	 1
,אב	 1
,לאר	 1
וטקיו	 1
תבוג	 1
דגב	 1
לוע_	 1
ביש	 1
ובמ_	 1
בגה_	 1
_בו	 1
יצוה	 1
ףו	 1
.הרזי	 1
_שגפ	 1
בושי	 1
_ויפ	 1
ליטס	 1
אמחה_	 1
.םד	 1
_ותעד	 1
פשו	 1
שחר	 1
רזח	 1
ץראה	 1
_עוד	 1
עסייו	 1
םרוגה	 1
_וקי	 1
יבסלו	 1
רתי_	 1
נועה_	 1
ןודל	 1
סלו	 1
הלטמ	 1
_החת	 1
_איצו	 1
זגפ	 1
רחאו_	 1
םידיק	 1
יחא_	 1
_.םיר	 1
םיסר	 1
לובג_	 1
_,הל	 1
_םדמ	 1
_הליע	 1
םינש	 1
ושרל	 1
ונמל	 1
מסמה_	 1
מדוק	 1
וסריפ	 1
ותוהש	 1
פמ"	 1
טסלפב	 1
נשי_	 1
_םיעו	 1
.םייב	 1
וריחו	 1
ל"כז	 1
.םיד	 1
הגא	 1
צעו	 1
_רופי	 1
עקר_	 1
,ןטק_	 1
וחטב	 1
עוי	 1
.תיני	 1
יהו	 1
רוזיא	 1
קפל	 1
חטיב_	 1
שעמל	 1
_ליח	 1
יכמסמ	 1
תבוגת	 1
והשב	 1
_,ךכ_	 1
_:דסא	 1
_.םמו	 1
ןד	 1
_םירו	 1
תונחל	 1
,לא	 1
הראל	 1
ימינב	 1
,הלשמ	 1
ויפ	 1
חטבה_	 1
תנח	 1
ייקמ	 1
לסב_	 1
ליט	 1
ףסוי	 1
,הג	 1
ילק	 1
ויוצע	 1
םיסחי	 1
םינור	 1
הי_	 1
יגפה	 1
_יריכ	 1
_לכב_	 1
נפמ_	 1
_קרב	 1
טילופ	 1
,ףיסו	 1
הניש	 1
א"	 1
לימ	 1
ןכ	 1
םיכר	 1
וצעיי	 1
ישי	 1
תגסה_	 1
,"ה	 1
יופ_	 1
ראב	 1
_ותד	 1
פלש	 1
_םיעפ	 1
רח_	 1
_דוק	 1
הרת	 1
גאד	 1
עפהש	 1
ירט	 1
ויללכ	 1
רצוא	 1
ויעב	 1
לופ_	 1
ייקמה	 1
_הטו	 1
,תינכ	 1
י'	 1
_לט	 1
יקמ	 1
_ימו	 1
_רוז	 1
ללאר	 1
טקיו_	 1
צוה	 1
סחל_	 1
כונה	 1
דרח_	 1
לעו	 1
_תרי	 1
נחלס	 1
:םיאש	 1
,ילא	 1
_ל"כז	 1
עופ	 1
דומה	 1
תאפר	 1
סריפ_	 1
סואב	 1
תוא	 1
שרל_	 1
_תרש_	 1
םירחא	 1
חטבה	 1
_םילע	 1
צע_	 1
_היד	 1
השעמ	 1
יאבצה	 1
פרה_	 1
_היס	 1
ופיש	 1
וגרהנ	 1
ראילי	 1
_.םיי	 1
_רימ	 1
רוע	 1
אמות_	 1
_,יל	 1
ילל	 1
_חקפ	 1
_קוח	 1
סנכ	 1
ירקת_	 1
פכל	 1
_לכב	 1
יצמ	 1
,אשונ	 1
_,ףי	 1
_לסחל	 1
_הנוכ	 1
הדובע	 1
"רור	 1
נשל	 1
רהאט_	 1
גד	 1
דנר_	 1
.רוזי	 1
משמ	 1
רדס	 1
ר"דה_	 1
ידיה	 1
_בשוי	 1
רחאו	 1
דיב	 1
יצק	 1
לחנתמ	 1
תרצ	 1
וזאב_	 1
הצ_	 1
_רחא_	 1
שריו	 1
צי	 1
ריי	 1
דוהב_	 1
בת	 1
_ךלה	 1
ברק	 1
לובכ_	 1
סחי	 1
יקפ_	 1
ועפה_	 1
ופמ	 1
_ףא_	 1
ותעדו	 1
ךפוה_	 1
_ל"כ	 1
דלי	 1
נווכ	 1
םיבצו	 1
בשה_	 1
תרד	 1
וגינ	 1
כובמ_	 1
לובכ	 1
זוע	 1
תררו	 1
דעיה	 1
טשרי	 1
,דר	 1
דיס_	 1
שפאש_	 1
_סור_	 1
ויכ	 1
_הנוש	 1
וניחא	 1
יבה_	 1
ירק	 1
_רצוא	 1
,עב	 1
וחטיב	 1
רהב	 1
פסה	 1
ןטק_	 1
עקר	 1
םרוג	 1
גשל_	 1
טשל_	 1
יתונ	 1
דובעה	 1
הלה	 1
_יפ	 1
ינבה_	 1
ל"דצו	 1
שיה_	 1
_ףאו	 1
אמח	 1
עיהל_	 1
ירתת	 1
.ב"	 1
ילו	 1
רעמ	 1
דיימה	 1
ותורי	 1
כומ_	 1
.ברה_	 1
לצנקה	 1
עהה_	 1
יטוהל	 1
יכב	 1
_,רו	 1
עדוי_	 1
לאב_	 1
ירומ	 1
_תונב	 1
.יאמ	 1
תמק	 1
סחיה_	 1
וגה	 1
יהמת_	 1
וכמס	 1
תובוק	 1
סיעה_	 1
תשת_	 1
מסמה	 1
א'גומ	 1
חפה	 1
ירתתס	 1
יצקה_	 1
ידבו	 1
ירצמ_	 1
_הז_	 1
קסיע	 1
תלב	 1
_בושי	 1
יהובג	 1
"וא	 1
_ומי	 1
ילארש	 1
_הכ_	 1
קוב	 1
וגת_	 1
קס	 1
רשעה	 1
קיפס	 1
עובשה	 1
הטונ	 1
גפהה	 1
ננוכה	 1
_םיוו	 1
"ו	 1
_דראי	 1
השכ_	 1
מיש	 1
רשיש	 1
גוה	 1
הטב	 1
_,תאפ	 1
רשא	 1
רטשמה	 1
_הנמ	 1
לכל	 1
רבד	 1
מ"_	 1
צקה_	 1
,עבקה	 1
ימזמ_	 1
לובגל	 1
_רוכ	 1
_,ףסו	 1
ירבד	 1
וניב	 1
תארק	 1
_םיהמ	 1
מס_	 1
קיב	 1
עבקה_	 1
תתסמ_	 1
_הכו	 1
תונח	 1
תרש_	 1
הנל_	 1
סיי	 1
_תאמ_	 1
_ןיע	 1
ליעפה	 1
דוע	 1
ראשנ_	 1
חכו	 1
_תויב	 1
_הלל	 1
בשוי	 1
ינידמ	 1
דעיהל	 1
דחי"_	 1
וריח	 1
רשעהה	 1
"הראל	 1
אומ_	 1
_תורי	 1
ימיב	 1
לשכ	 1
ברקב_	 1
מות	 1
ביאס_	 1
דמוע_	 1
.ןיי	 1
הנימז	 1
_איצ	 1
םדמ_	 1
ריה	 1
דת_	 1
יהש_	 1
רתונ	 1
_יחטש	 1
מד	 1
קב_	 1
פש	 1
ליגר	 1
,השעמ	 1
הח	 1
_,ע	 1
ילחנ	 1
_הניש	 1
סאמחה	 1
םיב	 1
וקיב	 1
טק_	 1
ינשמ	 1
מקה	 1
_.תיב	 1
_הק	 1
_.הכ_	 1
_,ד	 1
_הנממ	 1
_והי	 1
דסה_	 1
גפנ	 1
יימה	 1
נממ_	 1
םמוחת	 1
ובגל	 1
ןודת	 1
יעבב_	 1
בישיב	 1
_םור	 1
טילש_	 1
מ"ה	 1
וגה_	 1
_וק	 1
דובכ_	 1
ניצק	 1
חחושי	 1
נתמה	 1
_ביבא	 1
שורי	 1
גומה_	 1
.הר	 1
ןסר	 1
,ב"	 1
וריב_	 1
נכה	 1
קיבב	 1
רסנ_	 1
ארסנ	 1
יניד	 1
פוה_	 1
_זא	 1
וניבה	 1
_רהב_	 1
.תושר	 1
_.ןי	 1
יבב	 1
נחמב	 1
תוסה	 1
_.וה	 1
ןסרל_	 1
עבב	 1
קאר	 1
דמע_	 1
תובק	 1
תעד	 1
יללכ_	 1
דמוע	 1
.לו	 1
חטשל_	 1
רופי	 1
_תררו	 1
_דגנ	 1
לשו	 1
ל"הצ_	 1
לפרהש	 1
תמוע	 1
_רדסה	 1
ינפ	 1
_הגיס	 1
תוצ	 1
רלוד	 1
תיסיפ	 1
הללאר	 1
הנל	 1
ותי	 1
ףא_	 1
וסרי	 1
מינב_	 1
יקפ	 1
תהה	 1
רדת	 1
רקל	 1
_שחר	 1
גס	 1
_'מע	 1
םהיר	 1
,תו	 1
רתונ_	 1
םירצע	 1
שאכ_	 1
יגדה	 1
יעפה	 1
_,הנח	 1
צעה_	 1
ליטסל	 1
סלפב	 1
םוח	 1
רסאי_	 1
סוה	 1
עפשו	 1
דוגינ	 1
_ילכ	 1
הצרא	 1
םתבוג	 1
אס_	 1
יפלש_	 1
תיתשת	 1
תסמ	 1
ייתהל	 1
.לובכ	 1
גשל	 1
האט	 1
ננו	 1
עבקה	 1
ידלי	 1
קימ	 1
_תנוו	 1
וצרא_	 1
_תוער	 1
_תוננ	 1
גלאב_	 1
תנוו	 1
עדוי	 1
רהש	 1
.המ	 1
_ךרו	 1
דכ_	 1
אוד_	 1
ניח	 1
יבאה_	 1
ייא	 1
ברקב	 1
צנק	 1
_...ל	 1
_קא	 1
המ_	 1
דוקי	 1
סריפ	 1
_מ"	 1
בצומ_	 1
"רו	 1
סהה	 1
_רצ	 1
_לכונ	 1
"הר_	 1
יאבצ	 1
ןמז	 1
רוגה_	 1
צעה	 1
_.םמ	 1
_.הל	 1
_לגר	 1
שיש	 1
ועל	 1
_יתש_	 1
_רצו	 1
ריפ_	 1
_ןכו	 1
רזיג	 1
טיב_	 1
ולשכ_	 1
_,עב	 1
חיפ	 1
םייאמ	 1
_םעפה	 1
_סור	 1
_חי	 1
ירתוס	 1
_ונמל	 1
אבצה	 1
_יפ_	 1
_דרח_	 1
_םיקא	 1
מלתל	 1
ייאמ	 1
,לובג	 1
_ןמז	 1
_,וז	 1
וסר	 1
ודבל	 1
הנממ_	 1
_תוקי	 1
,הנש	 1
_הטונ	 1
_ידכ_	 1
ןכו	 1
אד"	 1
חרתמה	 1
נחור	 1
_הע	 1
וקע	 1
דמו	 1
דבל	 1
נמל_	 1
ויל	 1
תומוה	 1
_לכה	 1
,הנח	 1
הנחמ	 1
טילו	 1
יאשונ	 1
םדאה	 1
םמו	 1
םיניי	 1
ץחל	 1
"דצו_	 1
"תושר	 1
דקפמ_	 1
דבע	 1
תויע	 1
_'מע_	 1
יפס	 1
רהא	 1
יללכ	 1
סב_	 1
ידומה	 1
ךמ	 1
_רתונ	 1
רפכל_	 1
ילעה	 1
רדעי	 1
וקע_	 1
דקפ	 1
ימ_	 1
יקל	 1
לצ	 1
רתה_	 1
יבב_	 1
_דוקי	 1
_,םה	 1
פרעה	 1
תיבוי	 1
,היס	 1
בוע	 1
_,רוג	 1
ובמ	 1
הירבד	 1
ימוסר	 1
ריוו	 1
_ותדמ	 1
.וית	 1
_'מ	 1
תרדי	 1
חרת	 1
טסואב	 1
_,דר	 1
חנת	 1
ףיסו	 1
נייצמ	 1
חכ	 1
לבגה	 1
ערתה_	 1
ריהמ	 1
בגל_	 1
הירטס	 1
_תובר	 1
ויע	 1
,ןיט	 1
_ל"הצ	 1
יבצ	 1
טשמב_	 1
_ינח	 1
לוד	 1
_ןס	 1
_ררבת	 1
לכונ_	 1
לסח	 1
הירי	 1
טבל_	 1
פצה_	 1
תינוש	 1
מזמ_	 1
םילש	 1
ניבה_	 1
צעמה_	 1
ףיס	 1
_,היס	 1
נא"_	 1
_ינוח	 1
_יז	 1
טוב	 1
ינמה_	 1
רוזא	 1
_ר"	 1
_ןנו	 1
'גומה	 1
זיא	 1
לטו	 1
רשיה	 1
ריווא	 1
ינח	 1
פכל_	 1
לוד_	 1
וריב	 1
חי"	 1
גסה	 1
_הב_	 1
חכונה	 1
ןייטש	 1
ץרא	 1
תונבה	 1
םת	 1
_ןכומ	 1
ל"ה	 1
בוגת	 1
ףלעת	 1
,הזע	 1
_ודב	 1
הע	 1
ךמס	 1
דתסה	 1
_רהב	 1
_הח	 1
ןימ	 1
טשמה_	 1
ומדו	 1
_:םי	 1
בתה_	 1
"ואה_	 1
:םיא	 1
תסהה	 1
םיוו	 1
_,הז	 1
רדתס	 1
יפר	 1
_רלצנ	 1
נולש	 1
ואל	 1
_ךכיפ	 1
,ב	 1
גפהה_	 1
_שח	 1
אמצע	 1
חושי	 1
ננ	 1
נשל_	 1
לעהל	 1
בעה_	 1
שול	 1
גלאב	 1
לכלכ_	 1
םעפ	 1
הנשל_	 1
םוחר	 1
םור	 1
המיל	 1
דיימ	 1
שמב_	 1
ופלט	 1
_,ףס	 1
םיקהל	 1
פלטב	 1
ר"	 1
תדמע_	 1
_רז	 1
מישא	 1
ימחמ	 1
,גוה	 1
ופלטב	 1
באתמה	 1
וקיפב	 1
ייצמ	 1
שעה	 1
תאר	 1
צוהל_	 1
מזמ	 1
_ןר	 1
_,ןיי	 1
ףיסוה	 1
נחמ	 1
ריע	 1
_חח	 1
מועל_	 1
_דוסי	 1
ויח_	 1
דעו	 1
הדגב	 1
הנועה	 1
גר_	 1
תהל_	 1
וואה_	 1
םילעה	 1
יטיל	 1
רוש_	 1
רדע	 1
קרב_	 1
נחלסב	 1
רזח_	 1
וניא_	 1
ןופל	 1
לעתה_	 1
_רוק	 1
הנח	 1
_וב_	 1
תאפרע	 1
זאב_	 1
שנ_	 1
_.המי	 1
ירתו	 1
_הרת	 1
_ןיעי	 1
תגס	 1
רטסוא	 1
_םויה	 1
תויל	 1
לכב	 1
וקיפס	 1
_םדמ_	 1
באה_	 1
פסה_	 1
אכ_	 1
תי_	 1
תשול	 1
ובשה_	 1
_הבי	 1
_יחט	 1
_ינחו	 1
_דג	 1
_חק	 1
ותע	 1
תיס	 1
יניצק	 1
_:ם	 1
עפמ"_	 1
_ז	 1
לדב	 1
_דוע	 1
דנ	 1
_רסא	 1
גש	 1
קרב	 1
רסנ	 1
םוחר_	 1
לעתה	 1
_יביט	 1
תסה	 1
קעב_	 1
לשכ_	 1
יריכב	 1
אבה	 1
ידיק	 1
יליע	 1
"היר	 1
ןיט	 1
_סו	 1
ארל	 1
פאש_	 1
חתופ	 1
.םינו	 1
זע	 1
הבי	 1
ךכיפ	 1
,הלש	 1
ימה_	 1
עמה	 1
_,הש	 1
תוריה	 1
וריית	 1
יקהל	 1
םה_	 1
ושמל	 1
ירח	 1
ירצע	 1
"כזמ	 1
_קוח_	 1
,םהי	 1
קהל_	 1
נקה	 1
םייבי	 1
_ינשמ	 1
ד"	 1
םירומ	 1
יאס	 1
_הקס	 1
תויו	 1
מוע_	 1
יעפש	 1
נל	 1
ץר	 1
רדי	 1
קימע	 1
_רשפא	 1
ניחא_	 1
יתה_	 1
,רוג	 1
חלס	 1
יעדוי	 1
_םרו	 1
סע	 1
דוג	 1
ךוש	 1
משהל_	 1
_רש_	 1
מלוע_	 1
עובש	 1
יעפשו	 1
ירב	 1
זא_	 1
מסמ_	 1
שונב_	 1
לפב_	 1
והלה_	 1
נולשכ	 1
לכב_	 1
ובר	 1
יבא	 1
גפה_	 1
טשריו	 1
רתמה	 1
חיפר	 1
ארסנ_	 1
םויכ	 1
רי'גל	 1
טסלק_	 1
_רשא	 1
מוצ	 1
תולוב	 1
"ש	 1
יתשת	 1
תובר	 1
_,הג	 1
_תנח	 1
,וז_	 1
רתתסמ	 1
נר_	 1
פצ	 1
,השע	 1
צעיית	 1
גינ	 1
_ךלהמ	 1
שריופ	 1
ידיקפ	 1
צנקה	 1
_םיט	 1
חפ	 1
רטס	 1
ףותיש	 1
_םרוג	 1
לגרל	 1
פמיא_	 1
קוסעל	 1
רימח	 1
_םימי	 1
צור_	 1
וציעה	 1
יימה_	 1
םידלי	 1
ליח	 1
הידבו	 1
תש_	 1
_תנו	 1
ועפה	 1
הנשי	 1
חוכ_	 1
יסרו	 1
קפ_	 1
נוכה_	 1
,הדר	 1
_ןכ	 1
םרו	 1
_ינפמ	 1
תולו	 1
וטב_	 1
וגר	 1
יסיפ	 1
םיסרו	 1
יפו	 1
_:דס	 1
דיי	 1
_הלטו	 1
יגה_	 1
כמס_	 1
_ותוה	 1
_סאמח	 1
ישנה_	 1
_עס	 1
ניא_	 1
הללא	 1
קסיעה	 1
עידי	 1
היד	 1
תוות_	 1
_תנחת	 1
_-מ	 1
טבל	 1
חישל_	 1
_.הר	 1
ילק_	 1
בושת_	 1
ימוחת	 1
דחפה	 1
חי"_	 1
רהשכ	 1
תרקוח	 1
כרדב	 1
אז	 1
,ג	 1
שיב	 1
_ףותי	 1
_.הכ	 1
ושמ	 1
_תויע	 1
שיש_	 1
_רקוב	 1
.יא	 1
ונה_	 1
_,םהי	 1
קשנה_	 1
_רזח_	 1
_לדבע	 1
עבק	 1
איה_	 1
בוקע	 1
יהא'	 1
שעמ	 1
_חקפל	 1
_דימש	 1
_תג	 1
_רדס	 1
_עקר	 1
םיכמס	 1
היינ	 1
רושק	 1
_היי	 1
ילח	 1
ונחלס	 1
ולו	 1
תובוש	 1
יזוע	 1
עיית	 1
וחיש_	 1
_,ב	 1
,םה	 1
יבצו	 1
בוקע_	 1
קאוד	 1
_לכו	 1
מעפ_	 1
ארק	 1
מחה	 1
(_	 1
_בירע	 1
שחרתמ	 1
,אבה_	 1
מת_	 1
גינב	 1
לדבע_	 1
מז_	 1
אסאל	 1
שמה	 1
רוכ	 1
יסוה_	 1
יסר	 1
וערתה	 1
_קרב_	 1
חטש	 1
_,םיל	 1
_ויפל	 1
.רוז	 1
_םילח	 1
רבת	 1
"ת	 1
המילק	 1
הגיה	 1
,ס"	 1
_,אבה	 1
יעי	 1
עתה	 1
ס"ש_	 1
_הז	 1
ימוח	 1
גוהנל	 1
םימוס	 1
םהי	 1
חפה_	 1
ריכב	 1
הקסיע	 1
הדג	 1
נימזמ	 1
יווקמ	 1
"ואה	 1
קימעמ	 1
תוכ	 1
תוהשב	 1
הנושא	 1
יקל_	 1
ווקמ_	 1
נחת_	 1
_איש	 1
וזאב	 1
בויח_	 1
_םורד	 1
רתוו	 1
נממ	 1
_םיבצ	 1
,תר	 1
במ	 1
_לשב	 1
חלסב	 1
ןונב	 1
_,"	 1
ויו	 1
,םהיר	 1
אבצ	 1
תדמ	 1
_ינב	 1
_תולו	 1
ודת	 1
דגנ_	 1
תשולש	 1
יקארי	 1
ורס	 1
תומכ	 1
שעהה_	 1
וג_	 1
ווא	 1
ידיימ	 1
ילימ_	 1
,גו	 1
עמש	 1
מוסר	 1
_ןד	 1
רוקמ_	 1
נוו	 1
יתש_	 1
_חווט	 1
חנתמה	 1
ימינ	 1
עהל_	 1
_זא_	 1
וכת_	 1
,לארש	 1
_ןודת	 1
חיה_	 1
תרי	 1
ןנולש	 1
ךכי	 1
חר_	 1
בקעב	 1
_תויר	 1
_קוס	 1
_םיכמ	 1
היינב	 1
ומישא	 1
ראשיה	 1
שיהל	 1
_ונעט	 1
סלק_	 1
_ךכ_	 1
_המח	 1
קאו	 1
תת	 1
ךכב_	 1
ייבי	 1
רהנ_	 1
ןייט	 1
רוג_	 1
םיניצ	 1
תרר	 1
וזי	 1
ןווכ	 1
אמו	 1
ךלהמ	 1
תיאב	 1
צעמה	 1
ופל	 1
יכמ	 1
גרה	 1
קהו_	 1
_,אשו	 1
תד	 1
תורוק	 1
לטוב	 1
_תסנ	 1
ציעה_	 1
יפרע	 1
_דוגי	 1
חורה	 1
_דוע_	 1
ימעפ	 1
ונעל	 1
החתו	 1
ודת_	 1
_ידה_	 1
.לארש	 1
_קאוד	 1
רוע_	 1
_ויהש	 1
_יזו	 1
ריכב_	 1
תאמ_	 1
דגב_	 1
_םתבו	 1
,ןייט	 1
רפ	 1
_,דרא	 1
_ונע	 1
.ןוט	 1
סב	 1
.תיבו	 1
לבגה_	 1
וירקת	 1
_רלו	 1
_רקו	 1
הרז	 1
ךמסמה	 1
בקע	 1
איל	 1
הרזיג	 1
_ראשי	 1
לעת	 1
תועמ	 1
ךושמל	 1
ם"ו	 1
,הד	 1
לועפ_	 1
מישאה	 1
וזגפה	 1
הרתי	 1
לסב	 1
דקפמ	 1
_הנש	 1
ללכ_	 1
וננ	 1
פישל	 1
תוילל	 1
כיפל	 1
ןכומ_	 1
ותור	 1
רפכל	 1
יטוה	 1
תנווכ	 1
צוהל	 1
בוע_	 1
אשונב	 1
_.רוז	 1
_םוח	 1
_םיקו	 1
_,לא	 1
רעה_	 1
םיכרד	 1
_,לאר	 1
פמ"_	 1
הרש	 1
ובעה_	 1
קיפב_	 1
ועמש	 1
םיצו	 1
צומ_	 1
פרהש	 1
המח	 1
הבר_	 1
קוסע	 1
ויפלש	 1
ושרל_	 1
_,וה	 1
תנו	 1
אישנה	 1
שונב	 1
_ל"דצ	 1
קיפב	 1
תיש	 1
סעל_	 1
ונח	 1
ףאו_	 1
_דוס	 1
תיש_	 1
ומו	 1
.ןו	 1
ידיב_	 1
דחפה_	 1
._	 1
_רסאי	 1
תובר_	 1
_(_	 1
ריח	 1
_עקר_	 1
תארקל	 1
_הכוב	 1
םדאה_	 1
אשי	 1
ידה	 1
פלטב_	 1
וציע	 1
םילשו	 1
שיהל_	 1
_רחמ_	 1
םינוש	 1
בסל	 1
הטיל	 1
עפמ"	 1
מח_	 1
קודב	 1
_םתב	 1
_ל"ד	 1
_ךרוא	 1
תוסה_	 1
_ליט	 1
_הרש	 1
רקוח	 1
_דא	 1
יניי	 1
םימי	 1
יימ	 1
:דס	 1
ינמה	 1
לימ_	 1
_קוסע	 1
_וניא	 1
_רפכ	 1
תוריי	 1
יקמה_	 1
חנ_	 1
להמב_	 1
ותדמ	 1
וריי	 1
ילש_	 1
טסו	 1
,ןונ	 1
ניבה	 1
,ב"הר	 1
תונב	 1
הטו	 1
לתל_	 1
_םינו	 1
מיב_	 1
נוכת_	 1
ימש	 1
שומ_	 1
ףאו	 1
רופ	 1
ארשיה	 1
צואב_	 1
הכו	 1
לעופ	 1
ות)	 1
זיגה	 1
.ויתו	 1
תוא_	 1
וטק	 1
גדה	 1
סלק	 1
קשנה	 1
הביש	 1
_תוצא	 1
ףלא	 1
_עבר_	 1
_רגש	 1
יקהל_	 1
יליגר	 1
"דה_	 1
ורדב_	 1
,הנחמ	 1
ןד_	 1
.הצ	 1
ימלתל	 1
ריעה	 1
אילימ	 1
_ךוש	 1
רוסה_	 1
סהה_	 1
ווט	 1
:דסא	 1
דיק	 1
_לטב	 1
_הדג	 1
_"רו	 1
_םיצ	 1
ותוה	 1
ינמ	 1
עינ	 1
םילע	 1
דראיל	 1
םימע	 1
_םעפ	 1
שרי	 1
יינבה	 1
.םירצ	 1
וזגפ	 1
סרל	 1
אש_	 1
_ךפ	 1
משהל	 1
נחל	 1
דוקיפ	 1
םייב	 1
אבה_	 1
לשור	 1
המחנ_	 1
_קשנ	 1
אז_	 1
גיהנמ	 1
והמ_	 1
לת_	 1
נידמ_	 1
לגרל_	 1
נשה_	 1
תרק	 1
,ןט	 1
ראיל	 1
_תול	 1
_,ןו	 1
_,ג	 1
ימלת_	 1
וצעי	 1
_תרר	 1
רדסה_	 1
גסה_	 1
כלכ	 1
_ץרא	 1
_דב	 1
תגסה	 1
_דעו_	 1
ועה_	 1
תסנכה	 1
רופיש	 1
ךושמ	 1
_רחמ	 1
מ"הר	 1
.המי	 1
בשוי_	 1
הלטמב	 1
_תגסה	 1
גיס	 1
שמל_	 1
_בשו	 1
הכוב	 1
וננוכ	 1
.ןוטג	 1
נחת	 1
_דרח	 1
ןודל_	 1
,דרא_	 1
_"ת	 1
.ינ	 1
ודמ_	 1
סרו	 1
תע	 1
פהה_	 1
ירי'	 1
עבב_	 1
יצמ_	 1
.בר	 1
רקב	 1
ייקל	 1
םיהו	 1
יזוע_	 1
יחטשל	 1
ודל	 1
השכ	 1
י'ג	 1
גיסנ_	 1
וניא	 1
ררוש	 1
ביב	 1
.ינו	 1
תאפ	 1
צו_	 1
גיסנ	 1
.תו	 1
נפמ	 1
_וגר	 1
קובב	 1
.לא	 1
חאו_	 1
מעפ	 1
איצו	 1
תוקי	 1
יאשו	 1
ירצעמ	 1
ר"דה	 1
םיהוב	 1
סוה_	 1
יחכונ	 1
יליעפ	 1
_םיכר	 1
ןס	 1
קהו	 1
וניח	 1
ביאס	 1
מילק	 1
_םוחר	 1
_יחכ	 1
צעוי	 1
רוזי	 1
תמועל	 1
ךפ	 1
תויבס	 1
ויהש	 1
תוצאו	 1
מלת_	 1
ונחל	 1
_עסי	 1
רתי	 1
_יני	 1
ןידיה	 1
_ודבי	 1
רוטק	 1
תוירק	 1
,ד	 1
_ברה_	 1
ץחל_	 1
_ךפו	 1
דסא	 1
_,ב"	 1
יקוח_	 1
ףות	 1
הלכל	 1
םדמ	 1
רזי	 1
_תרש	 1
בסלופ	 1
יהמת	 1
ירוס	 1
נחו	 1
רתתס	 1
לטמב_	 1
_רדע	 1
,והינ	 1
שומ	 1
רוקה	 1
_רפ	 1
י"_	 1
רצו	 1
ןונ	 1
תומו	 1
,עבק	 1
שמל	 1
זגפהה	 1
ידליה	 1
משה	 1
_ברק	 1
רואל_	 1
לופמי	 1
_ברקב	 1
ופה	 1
_תרדי	 1
"כז	 1
הא'גו	 1
טוהל	 1
םיליג	 1
_,תר	 1
ויח	 1
עפש	 1
ןיטס	 1
רהנ	 1
אסאל_	 1
אבצה_	 1
םיעדו	 1
ורחא_	 1
הנוש	 1
ווקמ	 1
.לאר	 1
_השיג	 1
להמ	 1
ינפמ	 1
_ךמסמ	 1
_וצעו	 1
פנ_	 1
_ביר	 1
_רגשל	 1
ריהמב	 1
ישא	 1
חקפל_	 1
_שי_	 1
_םירצ	 1
יקוח	 1
נשמ_	 1
ילופ_	 1
"תוש	 1
בקה	 1
לטמ	 1
מוצי	 1
.םיי	 1
תונעל	 1
תג	 1
רוקיב	 1
"דה	 1
ירעמ	 1
ורסמ	 1
,ריוו	 1
_ץר	 1
אפ	 1
שמה_	 1
ורוק	 1
םתב	 1
_ךושמ	 1
רהשכ_	 1
_לשב_	 1
ראשנ	 1
_,הדר	 1
נמז_	 1
וחישל	 1
צאומ	 1
וגת	 1
מלו	 1
רקב_	 1
קש	 1
,תאז	 1
_ריכ	 1
משמ_	 1
_רהאט	 1
הנ_	 1
תוז	 1
_דוג	 1
יאמצ	 1
רתמה_	 1
ם"ואה	 1
גרל_	 1
ייב	 1
ןרה	 1
הדרח	 1
קסי	 1
ונבה_	 1
יווא	 1
.ידיי	 1
תיסי	 1
שק	 1
_.לא	 1
_"רור	 1
ררוע	 1
ןט	 1
יסח	 1
ופצ	 1
מוהמ_	 1
_יט	 1
דיב_	 1
,תאפ	 1
םילח	 1
רומכ	 1
מחמ	 1
ןנול	 1
ונא"_	 1
ארס	 1
רבתה	 1
ר"ד	 1
עפשומ	 1
הנמל_	 1
ונעל_	 1
שיגדה	 1
רהט	 1
רוכה	 1
_רוטק	 1
בע_	 1
,"היר	 1
יבל	 1
_םיסר	 1
פצה	 1
"דצ	 1
תיב	 1
_ןוו	 1
וערת	 1
_םדא	 1
תסמ_	 1
_,אש	 1
,ףס	 1
,ע	 1
_,הזע	 1
.ר	 1
_הקסי	 1
_ןרה	 1
_:םיא	 1
ולשכ	 1
קוחה	 1
גת	 1
_ליטס	 1
_ןימ	 1
_הגיה	 1
ידו	 1
תוק	 1
_םייא	 1
פשומ	 1
_ותע	 1
איצוה	 1
ןכומ	 1
מוציע	 1
קיו	 1
ררוש_	 1
תויעב	 1
ילאר	 1
,גוהנ	 1
נכה_	 1
איצ	 1
_ב"הר	 1
_םר	 1
ייביט	 1
דבע_	 1
צעיי	 1
גאד"	 1
אילי	 1
יפרעה	 1
ושת_	 1
_דקפ	 1
_ךמס	 1
יוואה	 1
ישיב_	 1
מצע_	 1
שעהה	 1
דחי"	 1
_ןמזה	 1
_ךפוה	 1
_אשונ	 1
באתמ_	 1
הלטו	 1
תועמש	 1
אפרע	 1
זיאב	 1
הדרחמ	 1
תומדו	 1
תוננו	 1
_תיתש	 1
יבצומ	 1
חיפרע	 1
ןרהטב	 1
.תוש	 1
במ_	 1
_ףאו_	 1
,י	 1
,רוג_	 1
תרדיס	 1
םימעפ	 1
גאד"_	 1
רטשמב	 1
א'	 1
רצמ	 1
חיש_	 1
ורדתס	 1
ל"הצ	 1
פהש_	 1
תנחת	 1
ניב	 1
ותוא_	 1
_םילי	 1
דצו_	 1
יבל_	 1
_ליח_	 1
_תשו	 1
נוכת	 1
ימשה	 1
"הי	 1
_דוב	 1
בוק	 1
דיה	 1
טוב_	 1
רהטב	 1
תונ_	 1
ידמ_	 1
ילשור	 1
רדעיה	 1
ידומ	 1
סואב_	 1
אוד	 1
מקה_	 1
ידכ_	 1
זעב	 1
ועמ	 1
יהנמ	 1
יחכו	 1
חטשל	 1
תוכמס	 1
צק	 1
סמה_	 1
_וה	 1
ירי'ג	 1
ךלהמב	 1
_הלכ	 1
רגש	 1
ינשה	 1
יתו	 1
ייתה_	 1
ונבל_	 1
_ידי	 1
דיקפ_	 1
דצו	 1
ךרוא	 1
.תיס	 1
חמב	 1
_רלוד	 1
עינמה	 1
שפאש	 1
בצה_	 1
חטי	 1
_,ס"ש	 1
חנתמ	 1
תלבגה	 1
_דרא	 1
אט	 1
רומ	 1
דבוע	 1
םייקמ	 1
נמלו	 1
הקסי	 1
כרד	 1
_תמק	 1
וסעל	 1
תרקו	 1
יחו_	 1
דבוע_	 1
_עק	 1
ימה	 1
ת)_	 1
_קר_	 1
האט_	 1
חכונ	 1
וקה_	 1
_רוזא	 1
_.לו	 1
"כזמ_	 1
ביא	 1
,ןטק	 1
חמב_	 1
_אשו	 1
נשה	 1
יטשרי	 1
שולש	 1
_ידיב	 1
הגיהנ	 1
רעה	 1
_רפכל	 1
דרא_	 1
צעמ	 1
תויר	 1
ןיעיד	 1
_רג	 1
_תמוע	 1
_.יא	 1
טקי	 1
םירתת	 1
ועיד	 1
םעפה	 1
.תיסי	 1
יהא	 1
נימ	 1
שיגד	 1
ות)_	 1
דחפ	 1
דגנ	 1
הלכלכ	 1
תאז	 1
_תאמ	 1
השיגפ	 1
שגפנ	 1
צעוי_	 1
ףלעתה	 1
_,תאז	 1
_ם"	 1
ורדת	 1
_םינש	 1
_יחכו	 1
ירחא	 1
.יאמצ	 1
דוה	 1
_קודב	 1
רבתה_	 1
_מ"ה	 1
_ץח	 1
_.והי	 1
ובוש	 1
דהו	 1
ךפוה	 1
ישאה	 1
ייטשר	 1
_)_	 1
זה_	 1
ריופ_	 1
רוסה	 1
זעב_	 1
_ונמז	 1
לח	 1
יס_	 1
שרל	 1
היהי	 1
ימח_	 1
פמי	 1
בוי	 1
_המחנ	 1
_חיפ	 1
_.ב"ה	 1
ולשב	 1
ימוצי	 1
ןיע	 1
ימזמ	 1
.ןי	 1
_וצר	 1
נכות)	 1
_תומכ	 1
צומ	 1
.ידי	 1
_עודמ	 1
תוכמ	 1
וזג	 1
תוער	 1
גרל	 1
נקהו	 1
תסנכ	 1
_תוכ	 1
_._	 1
ינייצ	 1
,ףיס	 1
נפ	 1
_,תרצ	 1
תסהה_	 1
עייתה	 1
כוב	 1
סלופמ	 1
בדל_	 1
גל_	 1
_סאמו	 1
.םמ	 1
,"הי	 1
מוהמ	 1
והשב_	 1
עפהש_	 1
,הז	 1
,הגא	 1
,םיל	 1
רסאי	 1
רלוד_	 1
רב_	 1
_ית	 1
םיעפ	 1
ונמז_	 1
_תמו	 1
רסמ	 1
_תועמ	 1
יצור_	 1
לגר	 1
,תאז_	 1
שוי_	 1
מילק_	 1
והנ	 1
אמצ	 1
_יטיל	 1
רתהה_	 1
לאב	 1
נוחטב	 1
ויבס	 1
רשאכ	 1
בד	 1
ילשו	 1
,דרא	 1
באה	 1
יהמב	 1
_.המ	 1
דאה_	 1
חרתמ	 1
לדבע	 1
םויכ_	 1
ללכ	 1
ובקעב	 1
ודבי	 1
ותיש_	 1
בוג	 1
_,ס"	 1
הק	 1
וית	 1
זאב	 1
_"ר	 1
הגאד	 1
וריה	 1
דיהא	 1
_,ןטק	 1
מדוק_	 1
_לא_	 1
מדו	 1
תוננ	 1
עק	 1
_איה	 1
אד	 1
חק	 1
'מ	 1
,הדרח	 1
הער	 1
וירק	 1
והל_	 1
בירעמ	 1
יטש	 1
יבו	 1
שא_	 1
ליגר_	 1
םורדב	 1
_םויכ	 1
ומדוק	 1
וזיא	 1
,תרצע	 1
צאו	 1
ריחו_	 1
יפסה_	 1
ראה_	 1
ןווכת	 1
ךפו	 1
םינשה	 1
כלכ_	 1
רהטב_	 1
דק	 1
,רי	 1
ל"כזמ	 1
ילחנת	 1
רבדל	 1
גרהנ_	 1
ם"וא	 1
תיתש	 1
ייו	 1
_.ינו	 1
וטקי	 1
.לוב	 1
יאס_	 1
_ררב	 1
ס"ש	 1
יז	 1
טקיו	 1
יסיפו	 1
_ףות	 1
בשו	 1
ראל	 1
...	 1
ידל	 1
רקל_	 1
המי	 1
קודבל	 1
_היסו	 1
ןר	 1
לטב_	 1
דאה	 1
_ףלעת	 1
.לכה_	 1
_הללא	 1
_תונח	 1
רתוות	 1
קמה_	 1
בושי_	 1
"תו	 1
תוערת	 1
דוי_	 1
_ינב_	 1
__	 1
הזע	 1
שימ	 1
םיקה	 1
חווט	 1
יקאר	 1
_תוכמ	 1
_יזוע	 1
ויוצ	 1
צא	 1
תוה	 1
רתוסה	 1
די_	 1
,הש	 1
ם"	 1
.וה	 1
ימחמ_	 1
םיקא	 1
ליה	 1
הוב	 1
אשיהל	 1
..ל	 1
_.םד	 1
תרצעה	 1
,יל	 1
_לעופ	 1
ואל_	 1
_םיקה	 1
טסלק	 1
_לד	 1
_תינכ	 1
תופ	 1
רצעה	 1
_.ברה	 1
עיהל	 1
ויכ_	 1
,ןונב	 1
.הכ	 1
_ךו	 1
צעי	 1
_תובק	 1
שהל_	 1
ינפמ_	 1
_רס	 1
_ידה	 1
_לעו	 1
הכובמ	 1
וואה	 1
דוק_	 1
ןנ	 1
תית	 1
רימחמ	 1
םידימ	 1
תסנ	 1
יהי	 1
ףלע	 1
רוא	 1
_.ןיי	 1
תשת	 1
נתמה_	 1
נעל	 1
הרשע	 1
יעבב	 1
_,גו	 1
_םידל	 1
_םיצו	 1
תיבו	 1
לטבל	 1
_המ	 1
צור	 1
"הצ_	 1
ןמ	 1
_ףו	 1
_ןד_	 1
רקוב	 1
ךר	 1
יתשת_	 1
הלטוב	 1
_ימ	 1
_רוט	 1
_.ידי	 1
רשע	 1
_תריכ	 1
פהה	 1
_תאר	 1
תוקימ	 1
םיו	 1
_,הגא	 1
_.יאמ	 1
ייצמ_	 1
ראל_	 1
ברא	 1
.םמוח	 1
תריכז	 1
ןימינ	 1
נוע	 1
"הירט	 1
מחנ	 1
ארקל_	 1
,ס"ש_	 1
סי_	 1
,הבר	 1
_היינ	 1
זגפה	 1
שור	 1
ירבדל	 1
דעו_	 1
_ןופל	 1
ועפ_	 1
ובע	 1
ופמי	 1
..לכ	 1
אריע	 1
ינבה	 1
"דצו	 1
,ןיטס	 1
הלל	 1
_ףלא_	 1
לטבל_	 1
_רוקי	 1
שגפ	 1
וקיבב	 1
ושקה	 1
וצא	 1
ניחא	 1
_רשפ	 1
_,לוב	 1
ןמזה	 1
'מע	 1
_דחפה	 1
.והי	 1
בס	 1
וריהמ	 1
_,רי	 1
יעד	 1
אי_	 1
ןידי	 1
ושק	 1
ותעד	 1
צקה	 1
_.בר	 1
מחמ_	 1
עידומ	 1
סיעה	 1
יאש	 1
_קאו	 1
ידכ	 1
סרל_	 1
_,הב	 1
ןיטסל	 1
_הדגב	 1
עוד	 1
כי	 1
לסחל	 1
ודמ	 1
הנוע	 1
דומ	 1
דביע	 1
צנקהו	 1
_.םדא	 1
כונה_	 1
רוקי	 1
ויהש_	 1
וקה	 1
_,תו	 1
_עי	 1
הר_	 1
ףלא_	 1
_,אב	 1
הטילש	 1
_ןמ	 1
תופ_	 1
_מ	 1
עיה	 1
בתה	 1
והב_	 1
הצרא_	 1
_רתוו	 1
_רהא	 1
תורוש	 1
לעופה	 1
ופמיא	 1
_לדב	 1
סעל	 1
.הלט	 1
חטב	 1
_ותוא	 1
לסחל_	 1
_ךל	 1
הדר	 1
_הנימ	 1
_תומו	 1
רימ	 1
רדתסה	 1
קוס	 1
_חוכ	 1
רוקה_	 1
_תוזג	 1
.ב"ה	 1
_והינ	 1
הטב_	 1
הטונ_	 1
הנמל	 1
.םמו	 1
הירי'	 1
כיפ	 1
ל"דצ	 1
יטו	 1
בשה	 1
קוחה_	 1
ודבל_	 1
_דנ	 1
להמב	 1
ונב_	 1
טשל	 1
_דעו	 1
ניצקה	 1
_הלט	 1
_היהי	 1
פרעה_	 1
דעי	 1
_וד	 1
נל_	 1
_ב"	 1
הגיס	 1
תאמ	 1
יע_	 1
עודמ_	 1
יטילו	 1
יהוב	 1
לופמ	 1
יפסה	 1
קארי	 1
ומד	 1
גינב_	 1
_)	 1
.םיעו	 1
.תינ	 1
פהש	 1
כמסמ	 1
יגד	 1
תיא	 1
חו_	 1
רבדל_	 1
ויתו	 1
מות_	 1
_תלב	 1
סרוקה	 1
ימוצ	 1
_רופ	 1
ףי	 1
_,הבר	 1
ןסרל	 1
זח	 1
-מ_	 1
,היסו	 1
תול	 1
ויבסל	 1
_תס	 1
היי	 1
םיסח	 1
יאמצע	 1
אתמה	 1
,תורי	 1
_יליע	 1
_תרקו	 1
_,ב"ה	 1
_הער	 1
_תרק	 1
אתמ_	 1
פלש_	 1
ורה_	 1
תעדוה	 1
.הצרא	 1
םיקוח	 1
ייקל_	 1
םירח	 1
שאה	 1
עתה_	 1
סאמח	 1
_,ךכב	 1
רוזאב	 1
הובג	 1
פכ	 1
כות)	 1
ורוש	 1
יהנ	 1
ובק	 1
הנחמב	 1
ילכ_	 1
,הל	 1
גדהו	 1
ירע	 1
סיפו_	 1
.תיב	 1
ךכב	 1
אתמה_	 1
םדא_	 1
_ינפ	 1
מינב	 1
יליג	 1
"ש_	 1
_ץראה	 1
ווטב	 1
חישל	 1
םיקאר	 1
ידה_	 1
שוי	 1
דרחמ	 1
ריית	 1
_ילכ_	 1
_ןסרל	 1
מעמ_	 1
ידיב	 1
טמ	 1
ורדב	 1
וצעוי	 1
יפלש	 1
נא"	 1
_.לוב	 1
טוה	 1
ריחו	 1
ראה	 1
ינור	 1
השימ	 1
ריב	 1
ףס	 1
,אש	 1
ורוקמ	 1
והלה	 1
יכב_	 1
רגשל_	 1
רקובב	 1
רי'	 1
המחנ	 1
_לג	 1
_דמוע	 1
יעפהש	 1
ניא	 1
צוא	 1
ווטב_	 1
_רזח	 1
יוצע	 1
יצוהל	 1
ולוב	 1
עידי_	 1
תרש	 1
_וניב	 1
ינחו	 1
:דסאל	 1
וילל	 1
זג	 1
לתל	 1
ועידי	 1
נמז	 1
_דקפמ	 1
_הדו	 1
יתהל_	 1
םיצ	 1
_דאסא	 1
הנימ	 1
נבל	 1
נתמ	 1
םיצור	 1
,אשו	 1
וות_	 1
דבי	 1
סוא	 1
לפב	 1
ףותי	 1
לכונ	 1
קהל	 1
_.ןו	 1
שג	 1
צנ	 1
.םיע	 1
יסנ	 1
נוחטי	 1
תתסמ	 1
מעמ	 1
םירצמ	 1
שעמל_	 1
,אבה	 1
רלצ	 1
,לו	 1
.הלטמ	 1
ייטש	 1
,ס	 1
_הדוב	 1
עודמ	 1
הזעב_	 1
לארס	 1
יגדהו	 1
_ירש	 1
םילחנ	 1
לחנת	 1
הבישי	 1
המת	 1
_תלבג	 1
דמע	 1
_דחי"	 1
דבכ_	 1
_השימ	 1
רסא	 1
הלה_	 1
קיו_	 1
בראב_	 1
_.הרז	 1
תומכ_	 1
'גלאב	 1
יבה	 1
שיגפה	 1
_,םיר	 1
_ןידי	 1
.הל	 1
_ןופצ	 1
ליח_	 1
עבר_	 1
_.הצר	 1
.ב"הר	 1
ייט	 1
תררוש	 1
שארל	 1
קיפסה	 1
מיל	 1
תמקה_	 1
וצי	 1
ויתונ	 1
והנל_	 1
"כ	 1
יהי_	 1
לועפה	 1
דומה_	 1
_.ןוט	 1
_הלכל	 1
כל_	 1
חיה	 1
,ןו	 1
יצקה	 1
רעמ_	 1
הערתה	 1
קת_	 1
ריעה_	 1
רדסה	 1
והב	 1
תומד	 1
בגה	 1
ונא"	 1
ירקת	 1
פו_	 1
ארשיש	 1
_לס	 1
_וצרא	 1
.לכ	 1
ציע	 1
תלבג	 1
ווק	 1
רזיגה	 1
ונבה	 1
_הלי	 1
_םה	 1
אכ	 1
_קש	 1
השעמל	 1
_דימל	 1
שמב	 1
זוע_	 1
כר	 1
_ןודל	 1
שגפנ_	 1
_ויה	 1
סאי_	 1
ארי	 1
דוהב	 1
יעפמ	 1
.לכה	 1
,הזעב	 1
ילכ	 1
ויפל	 1
קיבב_	 1
עהל	 1
_לכה_	 1
שימח	 1
הזעב	 1
_..	 1
ךלה	 1
"הצ	 1
_וג	 1
_ל"ה	 1
לבג	 1
תועיד	 1
רתמ	 1
זיג	 1
ףסוי_	 1
:ד	 1
,וז	 1
_תויל	 1
יסנ_	 1
זה	 1
ירטס	 1
שוריב	 1
.ןייצ	 1
רהאט	 1
ןופצ	 1
נשי	 1
י'גל	 1
_,הלש	 1
...ל	 1
קוד	 1
דובע	 1
וצר	 1
רוכה_	 1
ךמסמ	 1
רוטקי	 1
ןיעי	 1
שחרת	 1
לשורי	 1
א'גו	 1
,ריו	 1
פרע_	 1
צואב	 1
ןופלט	 1
יהש	 1
,הגאד	 1
יטסלק	 1
_...	 1
ידבוע	 1
םמוח	 1
נחורה	 1
יחא	 1
תבו	 1
'גלא	 1
תעדו	 1
הא'ג	 1
םיהמ	 1
.םידד	 1
,תור	 1
פישל_	 1
עברא	 1
ילא	 1
_רוכה	 1
יסי	 1
ובעה	 1
סמה	 1
_.םינ	 1
ל"ד	 1
בקה_	 1
םייקל	 1
וצרא	 1
ושארל	 1
דרחמ_	 1
_תית	 1
וגינב	 1
_ור	 1
,ףסוי	 1
_הידב	 1
ידי_	 1
_,ןט	 1
דאסאל	 1
םיהמת	 1
הנוכת	 1
...לכ	 1
וצאומ	 1
םיאשו	 1
שולשב	 1
_םת	 1
_שחרת	 1
_יבי	 1
_תסנכ	 1
ררבת	 1
וזא	 1
שיב_	 1
,םירו	 1
דכ	 1
_.ר	 1
ת)	 1
נכות_	 1
_ביא	 1
_,הד	 1
_םיסח	 1
יסוה	 1
_שא_	 1
ד"_	 1
בראב	 1
_הנשי	 1
םיטו	 1
_דמו	 1
דוס	 1
ץראה_	 1
_וקיפ	 1
ישיב	 1
דבל_	 1
ןרהט	 1
יאב_	 1
דוסי_	 1
סרוק	 1
_קשנה	 1
,הבר_	 1
_ןימי	 1
ותוא	 1
'גל	 1
םורד	 1
מק	 1
נשמ	 1
ישנ	 1
חטיב	 1
אמצע_	 1
עסי	 1
גב	 1
_תונע	 1
הגיסנ	 1
םימוצ	 1
_"תוש	 1
ופה_	 1
יכרדב	 1
יבוי	 1
_ומיש	 1
הירט	 1
תמו	 1
מצע	 1
_ונא"	 1
בצו	 1
רקת_	 1
החת	 1
יווק	 1
_.םיד	 1
עבראב	 1
_ירי	 1
אשנ_	 1
יבס	 1
_ןווכ	 1
_רלצ	 1
בצומ	 1
ומוהמ	 1
'גו	 1
וחר_	 1
_ןנול	 1
ויה_	 1
יגר_	 1
גומ	 1
ירוסה	 1
לחנ	 1
_"תו	 1
ליה_	 1
הירב	 1
חקפל	 1
רג	 1
:םי	 1
םר	 1
נול	 1
ומי	 1
עו_	 1
ןופצה	 1
הגאד"	 1
_ןוט	 1
_ןסר	 1
.םדא	 1
ץח	 1
גדהו_	 1
ירצמ	 1
דיהא'	 1
תובקע	 1
םיטוה	 1
יהא'ג	 1
הז_	 1
רצעמה	 1
יגפה_	 1
עס	 1
_,לו	 1
_ידכ	 1
תוריח	 1
_תיאב	 1
היהי_	 1
,לוב	 1
תל_	 1
_,ןונ	 1
יינ	 1
ירעמ_	 1
טמב_	 1
וקימע	 1
עמל_	 1
טמב	 1
,ס"ש	 1
רקוחה	 1
_,עבק	 1
_דבכ_	 1
,ילאר	 1
נימז	 1
ופצה_	 1
עידו	 1
סחל	 1
כיפל_	 1
כות)_	 1
עוי_	 1
עמשמ	 1
_עינמ	 1
רלצנק	 1
_דנר_	 1
הרתי_	 1
_בוש	 1
פמיא	 1
ךרואל	 1
בירע	 1
ומיש	 1
פשומ_	 1
הרזי	 1
_,וז_	 1
יריכ	 1
עת	 1
ןיבל_	 1
קפמ_	 1
חור	 1
_םיטו	 1
תנחת_	 1
סאמות	 1
מיב	 1
א"_	 1
ביבאה	 1
ורסמ_	 1
תוצא	 1
וסע	 1
ננוכ	 1
יבאה	 1
ידיי	 1
מלתל_	 1
ילימ	 1
אמות	 1
_קוד	 1
וקימ	 1
מחה_	 1
_,ריו	 1
השיג	 1
קמה	 1
יזו	 1
_הערת	 1
_לגרל	 1
ייו_	 1
_.תינ	 1
גיהנ	 1
_ןרהט	 1
_ךמ	 1
וטב	 1
_'	 1
הרשעה	 1
הלי	 1
הערת	 1
דובכ	 1
רי'ג	 1
_מ"הר	 1
הבר	 1
תוזג	 1
בסלו	 1
_ררוע	 1
פאש	 1
,הב	 1
וער	 1
קפמ	 1
ועמשמ	 1
_הנוע	 1
גנ_	 1
רואל	 1
נחמב_	 1
רשאכ_	 1
יטשר	 1
הנשי_	 1
נייצ	 1
מיא_	 1
_ראשנ	 1
הדגב_	 1
רהב_	 1
חלסב_	 1
_יתש	 1
דיס	 1
_דבכ	 1
_םיעד	 1
סיע	 1
_,הנש	 1
םיווק	 1
דנר	 1
ילעהל	 1
_ם"ו	 1
,תרצ	 1
ללא	 1
ררוע_	 1
_רשאכ	 1
דוע_	 1
_עוב	 1
וסי	 1
דביע_	 1
ולשב_	 1
יטי	 1
קאוד_	 1
אד"_	 1
טונ_	 1
רוקמ	 1
,םיר	 1
ובגל_	 1
יכמס	 1
םידל	 1
קשנ	 1
,ךכ_	 1
בוגת_	 1
ופצה	 1
וחטבה	 1
ועי	 1
סייו_	 1
_חוו	 1
מוה	 1
םיכמ	 1
,הנשל	 1
יגר	 1
רומכ_	 1
שארל_	 1
יניצ	 1
עמה_	 1
םיא	 1
סאמו	 1
יקה	 1
_לטבל	 1
ימעמ_	 1
קע_	 1
חת_	 1
ישאה_	 1
ביע	 1
_ברה	 1
טבה	 1
וחטי	 1
חתו	 1
_.וי	 1
עיי	 1
.םינ	 1
_ךר	 1
והמ	 1
הניש_	 1
ימז	 1
_ימוח	 1
_ורסמ	 1
_הרתי	 1
שהל	 1
שקה	 1
_בש	 1
,ךכב	 1
ארל_	 1
ילע	 1
יפל_	 1
מוסרי	 1
זו	 1
_חחו	 1
רייתה	 1
רסמ_	 1
םמ	 1
_.לאר	 1
וצעו	 1
ירומכ	 1
_שג	 1
_דנר	 1
ןיד	 1
לעהל_	 1
יבסל	 1
ללארס	 1
ימוס	 1
כומ	 1
חוכ	 1
ובב	 1
_ןיבל	 1
ובוקע	 1
וק_	 1
תהה_	 1
םיאש	 1
עופה_	 1
תתס	 1
ובושת	 1
יסחי	 1
כרדב_	 1
_הלשמ	 1
ידיהא	 1
חקפ	 1
.הצר	 1
דאס	 1
.הרז	 1
_תשול	 1
_שיג	 1
רושקה	 1
ושקה_	 1
_תוצ	 1
ילופ	 1
תרצע	 1
_,י	 1
ונמלו	 1
חח	 1
_דחי	 1
עסיי	 1
יופ	 1
לכו	 1
_.תו	 1
םימיב	 1
וגרה	 1
אסא	 1
בדל	 1
וכמ	 1
מ"הר_	 1
יפב	 1
דוגי	 1
םיעפש	 1
,ףי	 1
_חוכ_	 1
לה_	 1
_הטי	 1
ארקל	 1
ףסו	 1
ריפ	 1
גלא	 1
ראשי	 1
רוס	 1
_ר"דה	 1
אישנ	 1
מזה_	 1
ןטק	 1
יעדו	 1
ויר	 1
הנממ	 1
השב	 1
ניצ	 1
רצעמ	 1
'מע_	 1
.ינוח	 1
גפנ_	 1
ביר	 1
_ילי	 1
סחיה	 1
אט_	 1
עהה	 1
חאו	 1
רקת	 1
לצנק	 1
_תגס	 1
ביבא	 1
אשיה	 1
ופי	 1
_ביב	 1
ררבתה	 1
ישנה	 1
ויעבב	 1
עינמ	 1
_.רו	 1
זח_	 1
סיפו	 1
_ןנ	 1
_רדעי	 1
_םדאה	 1
.רו	 1
יעידו	 1
רוט	 1
_דק	 1
נקהו_	 1
רשיה_	 1
ותד	 1
_םיהו	 1
דימש	 1
_וב	 1
רפכ	 1
ניש_	 1
נווכת	 1
גוהנ	 1
תויוצ	 1
ורושק	 1
.םדא_	 1
:ם	 1
_אש	 1
_ריכז	 1
תורדת	 1
בגל	 1
טוהלה	 1
כת_	 1
תשו	 1
דאסא	 1
_יטי	 1
יהנמל	 1
_עובש	 1
םיבצ	 1
מלוע	 1
םיעד	 1
תאז_	 1
_לסח	 1
רתהה	 1
_ףלע	 1
יצור	 1
-מ	 1
יכרד	 1
דא_	 1
דראי	 1
_.יד	 1
יחכ	 1
לד	 1
חתופ_	 1
לטוב_	 1
_-מ_	 1
דהו_	 1
_דאס	 1
יעיד	 1
_ורס	 1
ירטסו	 1
הנשל	 1
_תויו	 1
_:ד	 1
_איה_	 1
עוב	 1
,ףסו	 1
_תארק	 1
רוגה	 1
כות_	 1
_החתו	 1
ריופ	 1
_ומ	 1
_היר	 1
.ברה	 1
ךרו	 1
זיגה_	 1
_הירי	 1
סיפ	 1
,ב"ה	 1
,והי	 1
כמסמ_	 1
ונבל	 1
הדוב	 1
_ןיד	 1
החתופ	 1
נמלוע	 1
רתת	 1
ניי	 1
.יד	 1
_,תור	 1
פלט	 1
נוכה	 1
השימח	 1
,"	 1
חחו	 1
וסעל_	 1
פרהשכ	 1
_חיפר	 1
עמל	 1
_וצע	 1
ידימ	 1
_םה_	 1
בישי	 1
ערתהה	 1
רלו	 1
הלכ	 1
הטי	 1
_רימח	 1
_םירח	 1
ורה	 1
ימעמ	 1
י"	 1
_.םיע	 1
דימשה	 1
בויח	 1
ליג	 1
וזיאב	 1
_ןוטג	 1
דליה	 1
_תורד	 1
אריעה	 1
תדמע	 1
הא'	 1
דוסי	 1
.המיל	 1
_.וית	 1
קפל_	 1
סאי	 1
הראל_	 1
י'גלא	 1
םירתו	 1
טונ	 1
רלצנ	 1
שאה_	 1
שאכ	 1
דליה_	 1
גא	 1
מצ	 1
יוצעי	 1
וצאו	 1
ל"כ	 1
יחו	 1
םתבו	 1
ייאמ_	 1
קאריע	 1
תמקה	 1
דיקפ	 1
םהירב	 1
אמחה	 1
ונמז	 1
קעב	 1
תורד	 1
עופה	 1
_ב"ה	 1
_דובכ	 1
ובש	 1
דסאל_	 1
ןנו	 1
הידב	 1
דתס	 1
,רו	 1
דבו	 1
_םיב	 1
נמה	 1
סייו	 1
תוזגפ	 1
_הביש	 1
דתסהה	 1
_,השע	 1
ינורח	 1
חחוש	 1
_,גוה	 1
םיקו	 1
ודל_	 1
רשפאש	 1
ביע_	 1
צאומ_	 1
יחט	 1
דסה	 1
םעפה_	 1
הדו	 1
,ןיי	 1
גב_	 1
מזה	 1
ימיב_	 1
_יב	 1
עדוהב	 1
תוס	 1
ובב_	 1
_שגפנ	 1
וסי_	 1
עפמ	 1
ירחאו	 1
_תומד	 1
_.ינ	 1
_םיו	 1
.וי	 1
גיה	 1
םיט	 1
חוו	 1
דחי	 1
ונה	 1
המת_	 1
חושי_	 1
ריב_	 1
ןודת_	 1
תויב	 1
תונעט	 1
םויה_	 1
הליע	 1
_הרשע	 1
ןמזה_	 1
ותדמע	 1
קב	 1
ידימל	 1
.םיר	 1
יתהל	 1
תוות	 1
ןונבל	 1
טשר	 1
יתונע	 1
_תרד	 1
,םילש	 1
_ר"ד	 1
ועל_	 1
וות	 1
_עסיי	 1
םויה	 1
עמשמ_	 1
יאמ_	 1
יקו	 1
טיב	 1
_ררו	 1
וננו	 1
חוש	 1
ךו	 1
ומוה	 1
_עינ	 1
_וגרה	 1
קובב_	 1
חורה_	 1
_,ילא	 1
יסחיה	 1
_דחפ	 1
_דגנ_	 1
_עברא	 1
הקס	 1
_ץחל	 1
לכלכ	 1
וש_	 1
טילש	 1
אשנ	 1
מינ	 1
ופישל	 1
הליעפ	 1
אפרע_	 1
_תיא	 1
.הכ_	 1
ותיש	 1
בעה	 1
רצמ_	 1
גרהנ	 1
נמה_	 1
_הטיל	 1
שקה_	 1
,וה	 1
ולובג	 1
פוה	 1
_.ב"	 1
בצה	 1
_וניח	 1
ימשהל	 1
אפר	 1
ררב	 1
דסאל	 1
_.הלט	 1
ליעפמ	 1
תוהש	 1
רטסו	 1
_,והי	 1
תהל	 1
סנכה	 1
השע	 1
_.תיס	 1
תועי	 1
_ףלא	 1
נבל_	 1
יחטש	 1
ובקע	 1
יוצ	 1
,ךכב_	 1
יקמה	 1
אומ	 1
_,ףיס	 1
_ותור	 1
נועה	 1
_,"ה	 1
רדיס	 1
דוי	 1
לג	 1
וכמס_	 1
גומה	 1
_אישנ	 1
_דמ	 1
ושמל_	 1
רדיס_	 1
שימח_	 1
יפו_	 1
יסרוק	 1
_תוק	 1
ךכיפל	 1
זיאב_	 1
_.תוש	 1
לעה	 1
_םימע	 1
תיאבצ	 1
רגשל	 1
_ךכי	 1
יינב	 1
מועל	 1
ןיבל	 1
טשמב	 1
ןוו	 1
סנכה_	 1
הצר	 1
,תאפר	 1
יכר	 1
..לכה	 1
תושרל	 1
ראב_	 1
תריכ	 1
מוס	 1
_ירש_	 1
_תועי	 1
חווטב	 1
ס"	 1
הנוכ	 1
יפב_	 1
_,ס	 1
ציעה	 1
גת_	 1
_ם"וא	 1
ינחור	 1
ינשמ_	 1
רע_	 1
כונ_	 1
רשיש_	 1
_שיגד	 1
יבויח	 1
םילי	 1
רתוס	 1
_ץחל_	 1
ךל	 1
