_	 1644
a	 538
i	 304
h	 268
n	 236
r	 190
_a	 184
s	 181
e	 167
t	 144
l	 135
c	 128
g	 117
o	 115
a_	 107
d	 106
n_	 99
m	 87
u	 85
an	 82
í	 79
é	 76
b	 75
ai	 74
á	 73
ea	 73
ch	 71
_s	 71
h_	 70
ar	 56
in	 55
r_	 55
"	 54
,	 53
_b	 53
.	 51
s_	 50
_a_	 48
an_	 48
f	 48
ag	 47
,_	 47
ac	 47
_d	 46
í_	 45
ir	 44
bh	 43
ha	 42
th	 41
_c	 41
ach	 40
._	 40
_an	 39
_m	 39
_ag	 37
é_	 35
_l	 35
g_	 34
le	 34
_t	 33
il	 33
_an_	 32
na	 31
id	 31
is	 31
_bh	 31
ó	 30
_i	 29
_"	 29
l_	 29
nn	 28
_g	 28
ar_	 28
p	 27
_f	 27
mh	 27
T	 27
á_	 25
it	 25
dh	 25
_le	 24
_sé	 24
o_	 24
ái	 24
sé	 24
ei	 24
am	 24
ra	 23
ú	 23
_T	 23
ch_	 23
e_	 23
_sé_	 22
sé_	 22
he	 22
_ar	 22
ach_	 22
ean	 22
_ch	 22
t_	 21
ui	 21
gu	 21
éa	 21
al	 21
us	 21
"_	 21
_n	 20
ig	 20
ir_	 19
A	 19
as	 19
hu	 19
hai	 19
oi	 19
de	 19
agus_	 18
se	 18
agus	 18
_agu	 18
us_	 18
gus	 18
te	 18
agu	 18
gus_	 18
_agus	 18
sa	 18
ua	 17
C	 17
ith	 17
st	 17
ag_	 17
rt	 16
há	 16
dh_	 16
ga	 16
d_	 15
go	 15
na_	 15
_ar_	 15
ann	 15
hí	 15
ia	 15
éi	 15
ad	 15
_p	 15
amh	 14
ta	 14
_go	 14
eac	 14
nn_	 14
at	 14
tha	 14
each	 14
_ac	 14
re	 14
hí_	 14
gh	 14
in_	 14
ear	 13
la	 13
go_	 13
igh	 13
hea	 13
_ag_	 13
_go_	 13
M	 13
ait	 13
rí	 13
eo	 13
il_	 13
ío	 13
inn	 12
hi	 12
air	 12
-	 12
B	 12
_de	 12
r,	 12
ma	 12
hái	 12
!	 12
_C	 12
fh	 11
as_	 11
or	 11
án	 11
N	 11
ho	 11
:_	 11
fa	 11
:	 11
th_	 11
aid	 11
is_	 11
_r	 11
ann_	 11
_é	 11
rai	 11
om	 10
c_	 10
_se	 10
ng	 10
aig	 10
sc	 10
ain	 10
ith_	 10
i_	 10
_in	 10
acha	 10
cha	 10
_fh	 10
art	 10
r,_	 10
aith	 10
F	 10
hé	 10
?	 10
har	 9
_ach_	 9
le_	 9
eag	 9
io	 9
be	 9
_ó	 9
_bhí	 9
_dh	 9
_ach	 9
ti	 9
rea	 9
li	 9
im	 9
ha_	 9
ile	 9
idh_	 9
bhí	 9
aga	 9
ht	 9
ean_	 9
e.	 9
aigh	 9
ne	 9
_M	 9
nt	 9
uil	 9
idh	 9
bea	 8
_mé	 8
sea	 8
bhí_	 8
sí	 8
úi	 8
_sí	 8
ic	 8
hf	 8
éan	 8
_chu	 8
id_	 8
oc	 8
m_	 8
Ní	 8
ri	 8
igh_	 8
ist	 8
ail	 8
tá	 8
hr	 8
_bhí_	 8
on	 8
bhe	 8
si	 8
gh_	 8
mé	 8
hean	 8
chu	 8
_B	 8
tá_	 8
ós	 8
ca	 8
_mé_	 7
_Tá_	 7
Bh	 7
ll	 7
án_	 7
_ma	 7
_lei	 7
e._	 7
adh	 7
_A	 7
al_	 7
Tá	 7
dea	 7
mh_	 7
_o	 7
_am	 7
eacha	 7
ba	 7
_be	 7
!_	 7
_is	 7
_F	 7
cu	 7
_Tá	 7
ste	 7
mha	 7
_bhf	 7
_bea	 7
sa_	 7
tea	 7
air_	 7
'	 7
_dei	 7
ta_	 7
_bhe	 7
dei	 7
D	 7
mé_	 7
lei	 7
Tá_	 7
_sa	 7
deir	 7
adh_	 7
sean	 7
L	 7
_deir	 7
bhf	 7
eir	 7
ing	 7
eir_	 7
deir_	 7
hui	 7
rt_	 7
hó	 7
áid	 7
iste	 7
seo	 7
eann	 7
cht	 7
_na	 7
ana	 7
en	 7
ní	 7
hua	 7
lt	 7
n.	 6
_Bh	 6
Bhí	 6
acha_	 6
_á	 6
_sc	 6
dr	 6
."_	 6
ois	 6
hair	 6
br	 6
uil_	 6
_br	 6
os	 6
Bhí_	 6
_S	 6
fai	 6
aidh_	 6
ic_	 6
I	 6
eis	 6
."	 6
_aga	 6
áil	 6
tr	 6
_P	 6
da	 6
aí	 6
ob	 6
uai	 6
uí	 6
rr	 6
lá	 6
pa	 6
arr	 6
bhea	 6
P	 6
aigh_	 6
_at	 6
ear_	 6
a,_	 6
n,_	 6
amh_	 6
óst	 6
_si	 6
och	 6
ra_	 6
,"_	 6
?"_	 6
Ch	 6
aidh	 6
fe	 6
thair	 6
ns	 6
aith_	 6
_Ch	 6
_mh	 6
ina	 6
S	 6
éal	 6
Ta	 6
thai	 6
sh	 6
_Bhí	 6
arra	 6
?"	 6
_ina	 6
ath	 6
n,	 6
rra	 6
_ina_	 6
,"	 6
tú	 6
ig_	 6
ina_	 6
_ní	 6
ú_	 6
a,	 6
cha_	 6
_le_	 6
_Bhí_	 6
uí_	 6
leis	 5
hfuil	 5
y	 5
ao	 5
_leis	 5
_tá_	 5
_éi	 5
teach	 5
eann_	 5
_bhea	 5
"Ní	 5
uid	 5
_"N	 5
ir,_	 5
_i_	 5
héa	 5
_dú	 5
lo	 5
di	 5
reach	 5
acht_	 5
dí	 5
fui	 5
che	 5
h.	 5
_na_	 5
nac	 5
río	 5
áin	 5
ht_	 5
mo	 5
_tú_	 5
Ní_	 5
H	 5
it_	 5
hfu	 5
beag	 5
fu	 5
bhfui	 5
_Ta	 5
rth	 5
loi	 5
ol	 5
-_	 5
ph	 5
ans	 5
sí_	 5
cht_	 5
ro	 5
_seo	 5
eit	 5
hfui	 5
_bhfu	 5
athai	 5
_fa	 5
_tú	 5
ón	 5
_as	 5
_D	 5
mo_	 5
leo	 5
_sea	 5
eamh	 5
_sh	 5
atha	 5
ur	 5
_ai	 5
héan	 5
tú_	 5
aic	 5
uid_	 5
ing_	 5
nea	 5
ead	 5
dú	 5
"A	 5
_tá	 5
gr	 5
eith	 5
Mu	 5
_th	 5
fea	 5
reac	 5
_"Ní	 5
úir	 5
arth	 5
ci	 5
n._	 5
ir,	 5
fuil	 5
eart	 5
lois	 5
acu	 5
cé	 5
ín	 5
_beag	 5
bh_	 5
acht	 5
teac	 5
_"A	 5
"N	 5
ng_	 5
arrai	 5
eam	 5
nach	 5
irt	 5
huai	 5
bhfu	 5
_sí_	 5
ria	 5
fuil_	 5
rrai	 5
_acu	 5
arís	 4
_Pá	 4
héana	 4
arí	 4
_cú	 4
_mb	 4
aidr	 4
ide	 4
lena	 4
dreac	 4
_dúir	 4
_rial	 4
_dhéa	 4
úpla	 4
fear_	 4
ialt	 4
_"C	 4
bhái	 4
obh	 4
íob	 4
drea	 4
=_	 4
rial	 4
éas	 4
éana	 4
_cúpl	 4
pla	 4
An	 4
ibh_	 4
alta	 4
_ria	 4
aill	 4
beag_	 4
íl	 4
_cinn	 4
eamh_	 4
idre	 4
dear	 4
_leor	 4
dúir	 4
omh	 4
gn	 4
háin	 4
hait	 4
éal_	 4
_ei	 4
Pá	 4
",	 4
cin	 4
í,	 4
dre	 4
_-	 4
ill	 4
_ist	 4
stó	 4
ói	 4
_ri	 4
mac	 4
_arí	 4
_"M	 4
_fo	 4
"M	 4
_Ti	 4
ise	 4
rg	 4
aoi	 4
ríob	 4
thá	 4
innt	 4
_=_	 4
eá	 4
úpla_	 4
dt	 4
",_	 4
ce	 4
innte	 4
hán	 4
_as_	 4
istea	 4
bhean	 4
fear	 4
_agam	 4
aic_	 4
la_	 4
éin	 4
_dea	 4
_ga	 4
eag_	 4
dúirt	 4
neam	 4
eor	 4
eadh	 4
dhé	 4
í,_	 4
anam	 4
sá	 4
rí_	 4
ni	 4
ialta	 4
_dhé	 4
tó	 4
oir	 4
nnt	 4
_sa_	 4
stea	 4
anamh	 4
cúpla	 4
_é_	 4
cúpl	 4
leor	 4
ís	 4
eo_	 4
huaig	 4
_N	 4
a._	 4
dúi	 4
s,	 4
idí	 4
heann	 4
eadh_	 4
éanam	 4
cú	 4
úirt	 4
_len	 4
_=	 4
ena	 4
nam	 4
idrea	 4
bhá	 4
hean_	 4
_ti	 4
ini	 4
óg	 4
héi	 4
uaig	 4
lai	 4
rf	 4
aidre	 4
_ph	 4
ena_	 4
h._	 4
idr	 4
nnte	 4
r.	 4
ib	 4
úirt_	 4
áin_	 4
_dear	 4
dhéan	 4
ibh	 4
pla_	 4
_arís	 4
lin	 4
te_	 4
ón_	 4
úp	 4
_leo	 4
=	 4
gam	 4
rialt	 4
alt	 4
_d'	 4
_dúi	 4
_L	 4
_lena	 4
a.	 4
_e	 4
ama	 4
_dt	 4
fo	 4
agam	 4
_-_	 4
seo_	 4
rain	 4
aí_	 4
_cin	 4
cúp	 4
neamh	 4
lta	 4
G	 4
nai	 4
Ti	 4
..	 4
_cúp	 4
sta	 4
s,_	 4
tí	 4
tig	 4
ru	 4
len	 4
haith	 4
r._	 4
the	 4
íobh	 4
d'	 4
scé	 4
lena_	 4
uaigh	 4
_sean	 4
ríobh	 4
irg	 4
ial	 4
_u	 4
pl	 4
_ci	 4
rís	 4
nn.	 4
óstó	 4
namh	 4
áir	 4
_ann	 4
cinn	 4
úpl	 4
mb	 4
irt_	 4
nte	 4
"C	 4
sin	 4
sl	 4
dhéa	 4
cinnt	 4
_lea	 3
mi	 3
_bua	 3
isl	 3
_Ní_	 3
_eile	 3
_tea	 3
ot	 3
scéal	 3
bha	 3
nd	 3
eans_	 3
stóir	 3
rrain	 3
tóir	 3
áide	 3
_chea	 3
_te	 3
cloi	 3
_cho	 3
m._	 3
deadh	 3
dtí	 3
_amac	 3
háide	 3
hail	 3
céal	 3
rgne	 3
_chua	 3
chán_	 3
raing	 3
Ma	 3
"Mu	 3
mh?"_	 3
_mha	 3
ll_	 3
lainn	 3
_iste	 3
hán_	 3
bean	 3
ór	 3
_tig	 3
-B	 3
hód_	 3
ada	 3
fi	 3
'f	 3
steac	 3
obhá	 3
is._	 3
éis_	 3
_Ní	 3
h?"	 3
or,	 3
lta_	 3
hód	 3
raibh	 3
_lá	 3
ód_	 3
luí	 3
_raib	 3
ia_	 3
mhi	 3
hair_	 3
_mo_	 3
uir	 3
ine	 3
rís:	 3
oth	 3
gai	 3
ona	 3
el	 3
nga	 3
omha	 3
i-Bo	 3
cu:	 3
gne	 3
amac	 3
cu:_	 3
scéa	 3
honai	 3
?_	 3
osa	 3
háin_	 3
_fe	 3
faid	 3
álain	 3
íoch	 3
_ta	 3
namh?	 3
_amhá	 3
h?"_	 3
obhái	 3
_sin	 3
Ar_	 3
lea	 3
i-Boy	 3
É	 3
rtha	 3
háir	 3
abh	 3
acu:_	 3
mhart	 3
óstói	 3
clo	 3
i-	 3
_Tar	 3
_éis_	 3
mhai	 3
Ar	 3
_Lá	 3
thái	 3
pr	 3
eat	 3
mu	 3
Di	 3
_An	 3
_Di	 3
amach	 3
irgn	 3
huil	 3
thar	 3
hon	 3
asa	 3
_Lá_	 3
chód	 3
dtí_	 3
eacht	 3
ál	 3
níoc	 3
ling	 3
Chon	 3
air,	 3
s:	 3
tha_	 3
rfa	 3
gra	 3
fá	 3
hair,	 3
rá	 3
mach_	 3
_amh	 3
_ama	 3
lain	 3
stói	 3
príob	 3
int	 3
_fear	 3
_atha	 3
Dia	 3
h,	 3
ís:	 3
un	 3
arís:	 3
cl	 3
_t-	 3
rot	 3
_che	 3
scr	 3
nío	 3
"Ar	 3
cho	 3
isea	 3
_acu:	 3
_má	 3
mhá	 3
aing	 3
amhá	 3
_gur	 3
hart	 3
rs	 3
rís:_	 3
nse	 3
atá	 3
gc	 3
chui	 3
oin	 3
ans_	 3
s:_	 3
imh	 3
íl_	 3
im_	 3
uc	 3
raib	 3
álai	 3
i-B	 3
Boy	 3
oist	 3
arf	 3
naic_	 3
_atá_	 3
_Dia	 3
_gu	 3
leor,	 3
_ia	 3
amhái	 3
gneam	 3
_An_	 3
y_	 3
_luí_	 3
_chui	 3
om_	 3
Chona	 3
leat	 3
_mai	 3
iom	 3
ile.	 3
mh?"	 3
Ti-	 3
_gc	 3
_ál	 3
gnea	 3
E	 3
ainn	 3
áidí	 3
atá_	 3
ín_	 3
_"Mu	 3
fho	 3
_mhai	 3
_dtí_	 3
oiste	 3
nn._	 3
_is_	 3
art_	 3
_Tar_	 3
_ath	 3
_Chon	 3
-Bo	 3
reag	 3
amh?"	 3
_Ti-	 3
leis_	 3
_du	 3
eart_	 3
_níoc	 3
_ra	 3
ling_	 3
seans	 3
acu:	 3
pai	 3
s._	 3
inn.	 3
eile	 3
isean	 3
Lá	 3
oirg	 3
chód_	 3
artha	 3
_bu	 3
chán	 3
is.	 3
prí	 3
naic	 3
eans	 3
_Dia_	 3
éis	 3
nta	 3
chá	 3
cr	 3
hona	 3
loist	 3
_tr	 3
orm	 3
dead	 3
irgne	 3
_di	 3
_fho	 3
_Th	 3
_chó	 3
_ós	 3
oil	 3
chó	 3
Ti-Bo	 3
_Cho	 3
ire	 3
er	 3
lán	 3
áidea	 3
Dia_	 3
ile_	 3
ochán	 3
roth	 3
du	 3
_scé	 3
"Ar_	 3
u:	 3
bháid	 3
d,	 3
_eil	 3
_"Ar	 3
bean_	 3
_pr	 3
_fá	 3
_mhi	 3
mhar	 3
omhar	 3
mhái	 3
eil	 3
_im	 3
aibh_	 3
_luí	 3
onaic	 3
chuai	 3
ochá	 3
eat_	 3
Bo	 3
rd	 3
_chód	 3
luí_	 3
hoi	 3
íochá	 3
at_	 3
_"Ar_	 3
_mo	 3
faidh	 3
Ti-B	 3
aib	 3
t-	 3
-Boy	 3
_ála	 3
mhait	 3
éann_	 3
_Ti-B	 3
_prío	 3
s.	 3
clois	 3
éann	 3
háid	 3
mháin	 3
onai	 3
bua	 3
chea	 3
aibh	 3
m.	 3
óir	 3
Tar	 3
Lá_	 3
arfa	 3
harth	 3
_in_	 3
un_	 3
rgn	 3
_fea	 3
h?	 3
lu	 3
d,_	 3
Cho	 3
air,_	 3
l,	 3
mh?	 3
eis_	 3
má	 3
gur	 3
idea	 3
idead	 3
mach	 3
_éis	 3
ual	 3
ód	 3
alta_	 3
Tar_	 3
ár	 3
mai	 3
eith_	 3
tói	 3
céa	 3
trá	 3
eor,	 3
le.	 3
An_	 3
ns_	 3
Th	 3
tí_	 3
íoc	 3
rm	 3
níoch	 3
oy	 3
chua	 3
óg_	 3
oirgn	 3
_leat	 3
co	 3
íobhá	 3
_scr	 3
_prí	 3
prío	 3
bu	 3
nach_	 3
ab	 3
hre	 3
ála	 3
_rai	 3
_álai	 3
ís:_	 3
leat_	 3
_nío	 3
rgnea	 3
chean	 3
amh?	 3
u:_	 3
_lu	 3
_atá	 3
_dtí	 3
_fai	 3
paidr	 2
oinné	 2
hio	 2
_"Ní_	 2
buach	 2
ende	 2
ainn.	 2
hruid	 2
chlo	 2
bheit	 2
_ca	 2
itéas	 2
cuid_	 2
uac	 2
í._	 2
_Íos	 2
rd,_	 2
téas	 2
_do	 2
_Ca	 2
Cear	 2
hro	 2
heith	 2
_shúi	 2
_.	 2
naí	 2
ac_	 2
rtend	 2
inn._	 2
_ro	 2
r,"	 2
_san	 2
gam._	 2
rud	 2
acu_	 2
siop	 2
hun	 2
crí	 2
_"Ce	 2
hós	 2
rte	 2
il:	 2
Ga	 2
_ua	 2
óir.	 2
_Aisl	 2
llim	 2
illi	 2
_leit	 2
chas	 2
ruid_	 2
áil:_	 2
_sá	 2
_mian	 2
isteá	 2
raí	 2
trái	 2
ithe	 2
_Fh	 2
shú	 2
der,_	 2
shuí_	 2
gas	 2
omra_	 2
phós	 2
mian_	 2
_gas	 2
_Cu	 2
loise	 2
Níl	 2
_Tha	 2
!"_	 2
_ann_	 2
éid	 2
a!	 2
rei	 2
_gr	 2
dín	 2
má_	 2
hú	 2
ta,	 2
aoi_	 2
_paid	 2
tende	 2
_"Mus	 2
_san_	 2
eagra	 2
_ái	 2
Éir	 2
lli	 2
péa	 2
ir._	 2
dín,	 2
lí	 2
haidr	 2
fhai	 2
_gur_	 2
a",	 2
san	 2
ra._	 2
_foir	 2
rtha_	 2
haill	 2
fholc	 2
áit	 2
_bean	 2
rl	 2
"Musa	 2
_óst	 2
Te	 2
rotha	 2
AI	 2
éin_	 2
anseo	 2
rraid	 2
sa",	 2
each_	 2
N_	 2
Ce	 2
iar	 2
arte	 2
a"	 2
Mh	 2
uile	 2
ala	 2
_dhr	 2
_chl	 2
te.	 2
sling	 2
anga	 2
Ais	 2
tig_	 2
lín	 2
h,_	 2
dhrui	 2
Aisl	 2
end	 2
Páid	 2
hrea	 2
nseo_	 2
huile	 2
óir._	 2
ur_	 2
nga_	 2
_pai	 2
ín,_	 2
llimh	 2
scrí	 2
earfa	 2
_liom	 2
mian	 2
thé	 2
_ard,	 2
anga_	 2
gair_	 2
cuid	 2
én_	 2
fha	 2
ad_	 2
pé	 2
teái	 2
_agat	 2
_bhu	 2
ósta	 2
ruid	 2
oba	 2
!!	 2
ailli	 2
rc	 2
faoi_	 2
"Ce	 2
ile._	 2
_mait	 2
l:_	 2
fhaig	 2
nder,	 2
ga_	 2
_comh	 2
liom_	 2
ten	 2
mbe	 2
ach._	 2
ian_	 2
t-ó	 2
nde	 2
eagai	 2
_mhic	 2
_É	 2
of	 2
lim	 2
_bhfe	 2
Mus	 2
chai	 2
foc	 2
bai	 2
or,"	 2
shúi	 2
nte_	 2
_scrí	 2
_nGa	 2
eanna	 2
héile	 2
seomr	 2
Thar	 2
mra_	 2
inn_	 2
uacha	 2
agam.	 2
_rot	 2
hoinn	 2
harr	 2
Gai	 2
shu	 2
mr	 2
aill_	 2
_chro	 2
eas_	 2
_Té	 2
né	 2
dra	 2
eog	 2
_shú	 2
bá	 2
_cl	 2
_rud	 2
néal	 2
itéa	 2
fait	 2
_mbe	 2
hoin	 2
m'	 2
_foi	 2
nte.	 2
com	 2
ocht	 2
idín	 2
oí	 2
e."_	 2
agai	 2
foir	 2
"Cear	 2
achas	 2
se_	 2
nna	 2
ang	 2
san_	 2
_uasa	 2
cai	 2
_Ma	 2
Ca	 2
eang	 2
D_	 2
dá	 2
inné	 2
oise	 2
_áit	 2
illim	 2
idín,	 2
mhic_	 2
ard,_	 2
_bá	 2
_ón	 2
hlo	 2
_Ío	 2
_bhr	 2
l,"_	 2
té	 2
shuí	 2
Fh	 2
fa_	 2
nnte_	 2
comha	 2
Éi	 2
_óg	 2
ghe	 2
chro	 2
mhic	 2
uasa	 2
rthái	 2
eas	 2
éil	 2
_"Is_	 2
í.	 2
_buac	 2
foca	 2
át	 2
d'f	 2
ta,_	 2
_cea	 2
t-óst	 2
ender	 2
haid	 2
ont	 2
otha	 2
_óstó	 2
huin	 2
eom	 2
ocal_	 2
_Ais	 2
sa"	 2
abha	 2
_chun	 2
-ós	 2
n!	 2
ín,	 2
deart	 2
_lio	 2
bhei	 2
"Is_	 2
_oi	 2
_seom	 2
úil_	 2
oi_	 2
téas_	 2
leith	 2
er,	 2
dearf	 2
_nG	 2
comh	 2
Fr	 2
Tharr	 2
crío	 2
!"	 2
_"Cea	 2
_phai	 2
bo	 2
nGa	 2
scrío	 2
Téa	 2
cal	 2
_d'i	 2
háil_	 2
has	 2
haigh	 2
hei	 2
chloi	 2
_Y	 2
_mi	 2
gat	 2
-ó	 2
ré	 2
hom	 2
ra.	 2
-óstó	 2
chail	 2
_seo_	 2
_Íosa	 2
foirg	 2
nné	 2
rd,	 2
og	 2
Íos	 2
mait	 2
cui	 2
nder	 2
"Cea	 2
háil	 2
hol	 2
oca	 2
hic_	 2
fao	 2
al.	 2
_nGai	 2
"I	 2
hóst	 2
e,_	 2
_iar	 2
agr	 2
heas	 2
mra	 2
Muc	 2
néal_	 2
ionta	 2
_fait	 2
aitéa	 2
níl_	 2
leit	 2
ais	 2
tháir	 2
_ait	 2
_fhol	 2
Cu	 2
phai	 2
er,_	 2
eile.	 2
tha,	 2
Téann	 2
_"Níl	 2
ir.	 2
_ru	 2
bar	 2
_acu_	 2
mba	 2
_dhru	 2
he_	 2
Tha	 2
Páidí	 2
_nua	 2
trí_	 2
iad	 2
Y	 2
fhol	 2
Is_	 2
_pha	 2
_bhei	 2
isli	 2
"T	 2
le._	 2
Téan	 2
eái	 2
opa	 2
earth	 2
áth	 2
_Téan	 2
bhu	 2
_Páid	 2
có	 2
_Éir	 2
uin	 2
all	 2
nnéa	 2
omr	 2
liom	 2
_clo	 2
_shuí	 2
heit	 2
_ce	 2
"Is	 2
_nach	 2
steái	 2
_m'	 2
idi	 2
_choi	 2
iom_	 2
t-ós	 2
buac	 2
shúil	 2
imo_	 2
ha,	 2
Fan	 2
cea	 2
ch,	 2
Ai	 2
Ío	 2
fidh	 2
_"Is	 2
teáil	 2
sin_	 2
-óst	 2
usa",	 2
_"a	 2
ud	 2
_nac	 2
anse	 2
...	 2
hl	 2
_imo_	 2
faité	 2
tóir.	 2
steá	 2
_foc	 2
che_	 2
áir_	 2
nGai	 2
nte._	 2
Ceart	 2
pha	 2
seann	 2
_chr	 2
e,	 2
_tig_	 2
raid	 2
dín,_	 2
huí	 2
_faoi	 2
eáil:	 2
húi	 2
Pái	 2
úil	 2
éas_	 2
uas	 2
islin	 2
ch._	 2
_anse	 2
il:_	 2
e."	 2
_li	 2
innéa	 2
aité	 2
chr	 2
ard,	 2
níl	 2
focal	 2
foi	 2
ilt	 2
_imo	 2
_mbar	 2
_co	 2
tigh	 2
gam.	 2
onta	 2
nG	 2
_da	 2
mia	 2
_ans	 2
aing_	 2
lb	 2
Gaill	 2
earf	 2
choin	 2
to	 2
der	 2
u_	 2
_ard	 2
rthá	 2
cal_	 2
d'i	 2
éile	 2
imo	 2
'i	 2
_roth	 2
sal	 2
_cai	 2
harra	 2
iarra	 2
nta_	 2
tend	 2
Musa	 2
ard	 2
arthá	 2
_Í	 2
olc	 2
_"T	 2
anna	 2
te._	 2
héil	 2
Aisli	 2
_trí_	 2
ian	 2
agra	 2
áidín	 2
Íosa	 2
íor	 2
"a	 2
iop	 2
_fha	 2
asal	 2
irc	 2
_t-ó	 2
bhF	 2
trí	 2
_teac	 2
_d'f	 2
áit_	 2
limh	 2
os_	 2
agat	 2
_Téa	 2
Gail	 2
mh.	 2
sta_	 2
usa	 2
lio	 2
hloi	 2
lé	 2
eomr	 2
l.	 2
iarr	 2
hun_	 2
achai	 2
ch.	 2
slin	 2
ha,_	 2
lc	 2
_mba	 2
_uas	 2
hlois	 2
háir_	 2
_bhF	 2
am.	 2
eog_	 2
_shu	 2
ás	 2
iopa	 2
uach	 2
_t-ós	 2
ité	 2
nua	 2
ocal	 2
_trí	 2
eaga	 2
mbart	 2
rui	 2
gi	 2
hrui	 2
uasal	 2
gt	 2
dhru	 2
ní_	 2
arten	 2
_pa	 2
da_	 2
hic	 2
_cui	 2
Ol	 2
oinn	 2
phaid	 2
has_	 2
seom	 2
haig	 2
bhai	 2
ap	 2
nseo	 2
eor,"	 2
ighe	 2
_mó	 2
Tea	 2
mó	 2
nnéal	 2
iont	 2
cu_	 2
bhfe	 2
am._	 2
hfe	 2
Cea	 2
_mia	 2
_cu	 2
Í	 2
_Mu	 2
chun_	 2
Té	 2
téa	 2
faoi	 2
_ní_	 2
_fao	 2
bart	 2
nnte.	 2
Fa	 2
nu	 2
hF	 2
maith	 2
a",_	 2
phó	 2
sli	 2
huí_	 2
ach.	 2
sio	 2
_nu	 2
barte	 2
_Mh	 2
oisea	 2
do	 2
usa"	 2
_fhai	 2
tit	 2
ce_	 2
othar	 2
l:	 2
each.	 2
néa	 2
ne_	 2
_scéa	 2
mbar	 2
choi	 2
eagr	 2
nú	 2
omra	 2
dhr	 2
raidh	 2
chas_	 2
rái	 2
chuil	 2
_mu	 2
og_	 2
ion	 2
_com	 2
_Ai	 2
"Mus	 2
eis.	 2
áil:	 2
fid	 2
_Thar	 2
én	 2
l,"	 2
_ón_	 2
eanga	 2
hin	 2
or,"_	 2
gair	 2
holc	 2
tha,_	 2
hru	 2
ios	 2
der,	 2
_h	 2
heas_	 2
gur_	 2
_"I	 2
agair	 2
_iarr	 2
r,"_	 2
húil_	 2
Is	 2
oil_	 2
sa",_	 2
leis.	 2
hósta	 2
áil_	 2
fidh_	 2
_áit_	 2
ára	 2
chl	 2
paid	 2
_Pái	 2
_chlo	 2
lín_	 2
eáil	 2
ill_	 2
_má_	 2
eomra	 2
_cuid	 2
"Ní_	 2
nGail	 2
Musa"	 2
phóst	 2
chun	 2
_óg_	 2
f_	 2
_Éi	 2
pí	 2
reagr	 2
húil	 2
rten	 2
teá	 2
"Níl	 2
bhr	 2
siopa	 2
_foca	 2
op	 2
eis._	 2
_cloi	 2
O	 2
chtúr	 1
_bhin	 1
_dúb	 1
AT	 1
_ti_	 1
inneo	 1
_int	 1
_phio	 1
ul?"_	 1
lborn	 1
-si	 1
híod	 1
agac	 1
óstór	 1
ceart	 1
aight	 1
ann,	 1
ghim	 1
gra_	 1
irl	 1
"Ach	 1
cén_	 1
Mhá	 1
ad"	 1
"Go_	 1
Fl	 1
sin,	 1
éad	 1
_doc	 1
_Ú	 1
áirc	 1
LL	 1
born"	 1
me	 1
Cuirf	 1
Dhea	 1
gams	 1
shin	 1
obac	 1
ógra_	 1
-éas	 1
_Chai	 1
_oích	 1
_iad	 1
_St	 1
boc	 1
banac	 1
hiaid	 1
eim_	 1
Frai	 1
éini	 1
pái	 1
án._	 1
dhui	 1
uirli	 1
at,	 1
_pó	 1
"An-é	 1
_them	 1
tráid	 1
éal.	 1
hfid	 1
n."	 1
_mac_	 1
fái	 1
_Tala	 1
_pósf	 1
ishe	 1
Éire	 1
scó,_	 1
lsco	 1
_Muir	 1
onta_	 1
_sé,_	 1
hear	 1
anan	 1
eor.	 1
nmeac	 1
h,"	 1
gurb	 1
imh._	 1
_asam	 1
brí_	 1
ualái	 1
AIT	 1
o._	 1
sac	 1
lctha	 1
ld_	 1
ile?	 1
_fáil	 1
Caith	 1
sa,	 1
pós	 1
orn"_	 1
ris	 1
amh."	 1
elt	 1
hreit	 1
réag	 1
_bha	 1
hé_	 1
d'in	 1
sal.	 1
em	 1
núin_	 1
imh:_	 1
Flai	 1
nacht	 1
ith,_	 1
od	 1
_Mo	 1
eor,_	 1
Cén_	 1
bán	 1
)_	 1
hrei	 1
fr	 1
doc	 1
_"An	 1
mátha	 1
_"B	 1
Seá	 1
den_	 1
_Dola	 1
_Fhéi	 1
fhio	 1
iosa	 1
LAIT	 1
ain_	 1
_cear	 1
dao	 1
cad	 1
_bás,	 1
_su	 1
hAs	 1
_Seá	 1
cadán	 1
etit	 1
ánac	 1
úin_	 1
huel,	 1
bhfea	 1
him_	 1
te,	 1
n."_	 1
_léa	 1
Mos	 1
agra.	 1
á."_	 1
fhi	 1
gurb_	 1
airde	 1
_hé	 1
bal	 1
m!_	 1
doch	 1
"Ta	 1
_bith	 1
he,_	 1
_ÚD_	 1
aí,	 1
ar,	 1
amsa	 1
rtrá	 1
rtí	 1
olan	 1
Sl	 1
"Old_	 1
thána	 1
_séip	 1
_sárú	 1
máth	 1
ait_	 1
ors	 1
scoil	 1
ithfi	 1
MH	 1
_sin,	 1
port	 1
cht!	 1
igi	 1
_d'fr	 1
ada!"	 1
_Muc	 1
bpáir	 1
le:_	 1
"Mait	 1
gor	 1
scri	 1
an!"	 1
nn,_	 1
raig_	 1
_mbei	 1
lcadá	 1
Boy:	 1
y.	 1
_Fre	 1
EATA	 1
an!"_	 1
th,_	 1
eltsi	 1
gréi	 1
Tab	 1
aighi	 1
_sí.	 1
_"Fan	 1
alra	 1
roí,_	 1
uahua	 1
hiai	 1
lcad	 1
Mr._	 1
uc?	 1
raío	 1
sás	 1
no	 1
Chait	 1
rb	 1
ngo!_	 1
a!?	 1
Fanan	 1
áidí.	 1
ag._	 1
tharl	 1
naigh	 1
i?"	 1
_thé	 1
idir,	 1
aladh	 1
ána	 1
oda	 1
_phi	 1
sin,_	 1
_bro	 1
all_	 1
éasc	 1
_Str	 1
ihu	 1
Se	 1
árú	 1
anac	 1
chuid	 1
PHLUI	 1
freag	 1
gca	 1
_"Ma	 1
lach	 1
raic_	 1
uair	 1
cén	 1
_!!!_	 1
huir	 1
orsc	 1
nti?	 1
_bal	 1
_lón_	 1
self	 1
thó	 1
sáid	 1
adra	 1
hFr	 1
y:_	 1
Cli	 1
Yo	 1
úl_	 1
'frea	 1
m'ath	 1
_fhá	 1
LAITH	 1
othe	 1
irde.	 1
bpái	 1
nois	 1
rú	 1
hroí,	 1
m"	 1
áile.	 1
bhío	 1
Thit	 1
lban	 1
lbo	 1
tad	 1
_"Mai	 1
_toba	 1
ursel	 1
ilín_	 1
_dtir	 1
hiont	 1
Do	 1
_Fíor	 1
rli	 1
gth	 1
HALLA	 1
amui	 1
hes	 1
_Thit	 1
_thá	 1
feaga	 1
fhé	 1
rgid	 1
ánúin	 1
ours	 1
sást	 1
bán,_	 1
tór	 1
mhis	 1
ghean	 1
_one_	 1
súir_	 1
Tig	 1
eo._	 1
_tean	 1
alín	 1
ingo!	 1
hrí	 1
ti?"	 1
apach	 1
airgi	 1
pinta	 1
at...	 1
Go_	 1
elf_	 1
árasá	 1
uel	 1
éanfa	 1
bailt	 1
han_	 1
abhái	 1
asúir	 1
ti?	 1
rce_	 1
Tean	 1
Ach	 1
tobac	 1
_ain	 1
_"an_	 1
nton	 1
rde._	 1
_éin	 1
lá."_	 1
dtir	 1
lcth	 1
lánúi	 1
omhth	 1
din	 1
úsac	 1
bp	 1
anoi	 1
gho	 1
lú?_	 1
lbana	 1
Mhór	 1
pi	 1
ual_	 1
tóra	 1
ou	 1
fát	 1
l."_	 1
"Cá	 1
obai	 1
_sé,	 1
many	 1
UI	 1
_"F	 1
scoi	 1
_áras	 1
leog_	 1
théid	 1
she	 1
Fla	 1
etit)	 1
_sí,	 1
ul	 1
"an	 1
Yelt	 1
_hA	 1
_MHAL	 1
_lón	 1
oy_	 1
síos_	 1
alad	 1
_tA	 1
caoi	 1
bró	 1
_[i	 1
mada	 1
ile?_	 1
neach	 1
"Bh	 1
HLUI	 1
feice	 1
Muc!_	 1
le?_	 1
coi	 1
lte	 1
Nach	 1
tithe	 1
_trá	 1
rra_	 1
di,_	 1
aich	 1
huel	 1
_fhui	 1
le:	 1
rlú	 1
FA	 1
do_	 1
pa.	 1
ailí	 1
ul?	 1
_Pais	 1
_ann.	 1
i.	 1
alamh	 1
oine_	 1
lrad	 1
seo.	 1
Muir	 1
_Léim	 1
_Pa	 1
heam	 1
"ní	 1
rling	 1
ghi	 1
_oif	 1
_mói	 1
ontas	 1
_thó	 1
j	 1
_théa	 1
ocht!	 1
de_	 1
PHL	 1
hthar	 1
_sio	 1
dí,_	 1
éigi	 1
féi	 1
ilín	 1
cht!_	 1
ach,	 1
_H	 1
_mór	 1
gaini	 1
Ear	 1
réa	 1
fei	 1
mal	 1
léamh	 1
íon	 1
urb_	 1
inne	 1
dá_	 1
nfa	 1
mh:_	 1
amuig	 1
_ab	 1
mhan	 1
_FÉIN	 1
nn."	 1
harf	 1
ura_	 1
fhuin	 1
ort	 1
_fhio	 1
t-s	 1
d'fe	 1
uig	 1
áth_	 1
ónaí_	 1
gré	 1
a!?!_	 1
séip	 1
orm.	 1
ochtú	 1
mh."_	 1
nmea	 1
n-éa	 1
(<	 1
'iomp	 1
ithea	 1
uail	 1
_ui	 1
'inis	 1
ithéi	 1
ipéal	 1
niúl	 1
our	 1
úra	 1
_Fhai	 1
LUID_	 1
inim	 1
tigh_	 1
tean	 1
as,	 1
duit_	 1
bhrí	 1
TAC,_	 1
_(<-_	 1
coil	 1
_to	 1
Slán	 1
ualad	 1
ast	 1
asán_	 1
_arsa	 1
ltsi	 1
áirtí	 1
nbhea	 1
g._	 1
"Bhu	 1
sti	 1
thfi	 1
lscoi	 1
(<-_	 1
_mura	 1
adaí	 1
MHALL	 1
ngo	 1
iste,	 1
_Cait	 1
bhi	 1
"Cá_	 1
_phó	 1
Thi	 1
_[	 1
sley_	 1
_Bing	 1
ósfai	 1
llsco	 1
ósta_	 1
lam	 1
"Nío	 1
irc_	 1
rc_	 1
thea	 1
ncis	 1
_ano	 1
_dual	 1
mall_	 1
ajun	 1
Tua	 1
_bhui	 1
homh	 1
_tarr	 1
Slán_	 1
fach	 1
uc!_	 1
och_	 1
_m'a	 1
ádra	 1
_phós	 1
_bit	 1
EA	 1
Mosc	 1
_gcat	 1
"Ol	 1
scéi	 1
ahua	 1
_bré	 1
soilé	 1
ine._	 1
_Cai	 1
ich	 1
_wish	 1
_Comh	 1
_Holb	 1
"Bhue	 1
_Tal	 1
_bhai	 1
hihu	 1
nuai	 1
_shi	 1
bris	 1
_fhi	 1
"Muc?	 1
huinn	 1
Tama	 1
_cé	 1
rfach	 1
Maith	 1
Fan_	 1
EAT	 1
huid	 1
dí,	 1
hór	 1
heamh	 1
An-	 1
bhar	 1
_many	 1
ther_	 1
_sin!	 1
_di.	 1
nse_	 1
Níor	 1
bhins	 1
duit	 1
hroc	 1
_oíc	 1
íof	 1
anbhe	 1
istig	 1
gnúsa	 1
tháin	 1
amha	 1
hreac	 1
scó,	 1
maid	 1
tith	 1
_dao	 1
idir	 1
bhre	 1
_galr	 1
Sc	 1
túr	 1
fhoi	 1
dhiai	 1
ithre	 1
ghe.	 1
lái	 1
Tigh	 1
rud,_	 1
ch,"_	 1
ban	 1
ilé	 1
iléi	 1
nois,	 1
mór,_	 1
Dola	 1
'io	 1
nn."_	 1
if	 1
aini	 1
him	 1
óir,_	 1
annac	 1
re_	 1
ighim	 1
fó	 1
_Your	 1
aird	 1
asta,	 1
_síos	 1
..,"	 1
bhuai	 1
_Bin	 1
uath	 1
eá_	 1
cón	 1
mói	 1
sái	 1
_"Bh	 1
t,_	 1
_fhé	 1
Léi	 1
_seo.	 1
gin	 1
_mé?"	 1
oí,_	 1
IN	 1
lba	 1
nbh	 1
neog	 1
Lé	 1
_sao	 1
áilti	 1
Chai	 1
sfaid	 1
rud,	 1
rís,_	 1
_Fí	 1
tsin_	 1
ts	 1
anfa	 1
Scaoi	 1
di._	 1
_!!	 1
Chu	 1
éip	 1
Ag	 1
iniúl	 1
_pe	 1
har,_	 1
fhá	 1
_PHL	 1
her	 1
mbean	 1
súi	 1
any	 1
páirc	 1
rlin	 1
rsa	 1
ilte	 1
éidí,	 1
Bi	 1
limh_	 1
on,	 1
er_	 1
_bhFr	 1
éig	 1
_dí_	 1
ua!	 1
Nío	 1
thar_	 1
céalí	 1
bréag	 1
dhu	 1
"Ac	 1
"Fan	 1
_wis	 1
aíon	 1
reá	 1
irtí	 1
é.	 1
_Cha	 1
áile	 1
sásta	 1
LLAI	 1
sf	 1
ágth	 1
amall	 1
amhan	 1
SEA	 1
éalín	 1
sca	 1
Fhaic	 1
l,_	 1
ihuah	 1
_cair	 1
_t-s	 1
agat.	 1
ag.	 1
beidh	 1
inea	 1
ct	 1
Bing	 1
_ós_	 1
éim_	 1
chéil	 1
_po	 1
gal	 1
oí,	 1
ló	 1
léam	 1
iad_	 1
Nac	 1
_mar	 1
_bris	 1
thui	 1
Comht	 1
ID_	 1
.,"	 1
_bo	 1
éim	 1
gin_	 1
Stria	 1
gac	 1
_péas	 1
d'fre	 1
nuaph	 1
ID	 1
_Éire	 1
anf	 1
.._	 1
LLAIT	 1
oy._	 1
bi	 1
_Mui	 1
irlin	 1
olcth	 1
al."	 1
ladh_	 1
rgi	 1
irin	 1
faigh	 1
or,_	 1
ley_	 1
harlú	 1
dúb	 1
opa.	 1
dán	 1
Fhai	 1
Alb	 1
ráile	 1
Níl_	 1
núsa	 1
Paisl	 1
héid	 1
alá	 1
uileo	 1
ol_	 1
_lé	 1
ire."	 1
into	 1
mac_	 1
pósf	 1
Cait	 1
_Pád	 1
naí,	 1
Tam	 1
inta	 1
síos	 1
ada!	 1
oirea	 1
t...	 1
nnaig	 1
théan	 1
éamh	 1
bhFla	 1
her_	 1
eán_	 1
gréin	 1
eice_	 1
_siad	 1
_MH	 1
_níl	 1
ad",_	 1
stór	 1
tóir,	 1
ahu	 1
pet	 1
ith,	 1
_nea	 1
páir	 1
ró	 1
íc	 1
huah	 1
áinig	 1
_soil	 1
dui	 1
igh._	 1
_thái	 1
greim	 1
rá_	 1
_"Fa	 1
héidí	 1
FAI	 1
_"an	 1
_"Old	 1
uirl	 1
t-si	 1
g.	 1
úsa	 1
teang	 1
_léam	 1
sta.	 1
Cai	 1
LA	 1
_níl_	 1
or.	 1
m'fh	 1
dar_	 1
bpá	 1
bás,	 1
_Tigh	 1
Oll	 1
inis	 1
hroí	 1
[i_	 1
IGH_	 1
_dhui	 1
anbh	 1
Frea	 1
-sio	 1
ithr	 1
rscé	 1
ús	 1
hit	 1
am",	 1
ud,_	 1
Muire	 1
Slá	 1
péas	 1
-Boy.	 1
lú?	 1
Cá_	 1
hain	 1
oích	 1
_m'at	 1
HAL	 1
hit_	 1
ann.	 1
dho	 1
athá	 1
íos_	 1
nf	 1
Mar_	 1
da!	 1
'fea	 1
cat	 1
.,"_	 1
Ac	 1
apa	 1
_sío	 1
óna	 1
gnú	 1
aphós	 1
Be	 1
céal_	 1
Bean_	 1
thi	 1
laith	 1
óide_	 1
_eis	 1
_nuap	 1
t)_	 1
lón_	 1
imh.	 1
hFl	 1
isley	 1
hue	 1
arsa	 1
FAIG	 1
di_	 1
_Cl	 1
ofa	 1
rón	 1
tráil	 1
_mór,	 1
htúra	 1
_eise	 1
"Tea	 1
gcóna	 1
str	 1
tarra	 1
ras	 1
ilig_	 1
<-	 1
lig	 1
urb	 1
_hAs	 1
msa_	 1
"Ma	 1
TH	 1
lf	 1
scó	 1
Teang	 1
gab	 1
ntas_	 1
igh.	 1
MHA	 1
mát	 1
ánach	 1
Níor_	 1
rón_	 1
rfid	 1
frea	 1
_w	 1
_Hol	 1
_Ag	 1
rlú?_	 1
bhail	 1
gat.	 1
le."	 1
olct	 1
_FAIG	 1
á.	 1
gat..	 1
is,_	 1
rgid_	 1
el,	 1
núi	 1
lra	 1
bac_	 1
léir_	 1
uap	 1
Tal	 1
ITHE	 1
_bhrí	 1
of_	 1
_Fan	 1
_dua	 1
_cén	 1
thid	 1
_di._	 1
_éig	 1
nti	 1
_ob	 1
n"_	 1
céi	 1
neog_	 1
et	 1
mur	 1
uala	 1
iopa.	 1
bocht	 1
peti	 1
uine	 1
rce	 1
other	 1
htú	 1
tóra_	 1
hAstr	 1
hte_	 1
Mar	 1
_so	 1
roch_	 1
Ach,	 1
_Caju	 1
úr	 1
_mar_	 1
el,"	 1
tsin	 1
it)	 1
tA	 1
anann	 1
eti	 1
ainn_	 1
_bró	 1
ást	 1
annai	 1
Boy_	 1
_ng	 1
_sibh	 1
phion	 1
oire	 1
dán_	 1
_bréa	 1
ther	 1
idí.	 1
_Pádr	 1
_chom	 1
iai	 1
d'fr	 1
_ngai	 1
árai	 1
_bp	 1
paig	 1
m'a	 1
_daoi	 1
broth	 1
ásta	 1
mad	 1
_oifi	 1
'fe	 1
Fra	 1
...,"	 1
_gal	 1
_oba	 1
aoil_	 1
olbor	 1
Pais	 1
in._	 1
irfi	 1
lradh	 1
ball	 1
!!_	 1
_scri	 1
iri	 1
_airg	 1
mh."	 1
TAC	 1
Muc?	 1
hFra	 1
petit	 1
aile_	 1
fáth	 1
hóg_	 1
ine_	 1
-s	 1
uair_	 1
ua!?	 1
_sí,_	 1
_uili	 1
gcloi	 1
opa_	 1
lamh	 1
Mad	 1
hfidh	 1
ld	 1
eile:	 1
rself	 1
tear_	 1
_"Bhu	 1
ingo	 1
ton	 1
mall	 1
Teach	 1
eid	 1
at.	 1
asam	 1
Seán_	 1
_Fana	 1
ngo!	 1
hom_	 1
so	 1
inse_	 1
fág	 1
rise_	 1
d'iom	 1
ton,	 1
_Chi	 1
reim_	 1
iche	 1
nim	 1
fig	 1
úir_	 1
éada	 1
ighi	 1
mirc	 1
_"Muc	 1
isle	 1
tana	 1
Alban	 1
_lá."	 1
saol_	 1
pint	 1
ihua	 1
alí	 1
sal,"	 1
_gnús	 1
odar_	 1
bei	 1
_féi	 1
sfa	 1
inta_	 1
h."	 1
man	 1
_Tama	 1
it)_	 1
gasúi	 1
irinn	 1
brí	 1
inme	 1
ainme	 1
lint	 1
sáid_	 1
pípí_	 1
_FA	 1
hFla	 1
hid	 1
áilt	 1
te,_	 1
ór,	 1
inti	 1
mea	 1
arsa_	 1
_scéi	 1
_Bi	 1
Ag_	 1
ile."	 1
mé?	 1
usáid	 1
HL	 1
ais._	 1
_of_	 1
_é._	 1
éagac	 1
osc	 1
ofa_	 1
thu	 1
_dul	 1
ah	 1
naig	 1
ann._	 1
ósfa	 1
agach	 1
MHAL	 1
ifi	 1
Níl,	 1
ineac	 1
rin	 1
Tabh	 1
ios_	 1
orma_	 1
mh._	 1
tit)_	 1
ÉIN_	 1
gast	 1
IG	 1
Caj	 1
ili	 1
uel,	 1
faig	 1
_hAst	 1
híoda	 1
túra.	 1
ngt	 1
adán	 1
óid	 1
-é	 1
_ne	 1
osadh	 1
_Mosc	 1
ALLAI	 1
Fí	 1
ráidí	 1
fágt	 1
"Fa	 1
da!"	 1
ura	 1
olb	 1
íonn_	 1
slá	 1
sam!	 1
ighte	 1
chtú	 1
_Bea	 1
dhom	 1
éag	 1
Al	 1
"níl	 1
gam"	 1
htúr	 1
Pár	 1
_gréi	 1
hios	 1
scéin	 1
jun_	 1
in,_	 1
ónaí	 1
ís,	 1
Cé	 1
cear	 1
Alba	 1
bith_	 1
_lac	 1
oy:	 1
_den	 1
_oire	 1
l?"	 1
_tad	 1
iapa	 1
thán	 1
sle	 1
balla	 1
odar	 1
Fana	 1
ad",	 1
gasta	 1
crios	 1
his	 1
ilí	 1
_"Nío	 1
_dí	 1
_suí	 1
cth	 1
Éiri	 1
<-_	 1
rise	 1
mura	 1
nann_	 1
íofa	 1
éas,	 1
úsach	 1
eag._	 1
_gab	 1
aoin	 1
_lán	 1
_pípí	 1
harfa	 1
Talam	 1
i,	 1
_dhia	 1
Thit_	 1
_éada	 1
_Dh	 1
haile	 1
áid_	 1
ars	 1
_di,	 1
'a	 1
_Slá	 1
eic	 1
cónaí	 1
ht!	 1
_Ag_	 1
lf_	 1
ach,_	 1
_Sé_	 1
_fhéi	 1
(<-	 1
_"Ta	 1
HA	 1
sam	 1
héann	 1
Íosa_	 1
Chihu	 1
rlú?	 1
mir	 1
sley	 1
áirt	 1
_tan	 1
ithe,	 1
_ché	 1
saol	 1
h:_	 1
"Old	 1
_dui	 1
_iont	 1
c!	 1
có,_	 1
úbai	 1
Pádr	 1
aí,_	 1
"an_	 1
_éigi	 1
rad	 1
noi	 1
uaphó	 1
trá_	 1
Mháir	 1
uit	 1
alta,	 1
rainc	 1
_Fío	 1
sí,_	 1
inton	 1
Tu	 1
ar,_	 1
_tob	 1
_thu	 1
mbeid	 1
_dhu	 1
sean_	 1
m",_	 1
eamha	 1
_Do	 1
AIG	 1
_Ho	 1
ghe._	 1
bro	 1
asán	 1
tan	 1
leog	 1
'at	 1
ortr	 1
ire_	 1
_gurb	 1
inm	 1
_brí_	 1
dí._	 1
amu	 1
Clint	 1
AIGH	 1
inn."	 1
ndéa	 1
áini	 1
úin	 1
éidí	 1
bás	 1
_mad	 1
céin_	 1
inse	 1
ád	 1
obh_	 1
íors	 1
t..	 1
hid_	 1
nuair	 1
_ghor	 1
rfa_	 1
di,	 1
ós_	 1
Nach_	 1
léir	 1
orn"	 1
gcl	 1
ípí_	 1
orscé	 1
laí	 1
áras	 1
_SEAT	 1
LAI	 1
fhear	 1
pí_	 1
lánú	 1
tín_	 1
réin	 1
_mbea	 1
aig_	 1
ny	 1
_Nach	 1
haic	 1
roch	 1
Tuat	 1
t)	 1
hfea	 1
éalí	 1
_gh	 1
draí	 1
strá	 1
...,	 1
gid	 1
triap	 1
_pé	 1
!?!_	 1
-éasc	 1
bhíod	 1
FAIGH	 1
holca	 1
ileog	 1
gid_	 1
nig_	 1
pa._	 1
?!_	 1
sacht	 1
raíon	 1
_Mr.	 1
gach	 1
ny_	 1
péas,	 1
oscó	 1
dti	 1
nuap	 1
ice	 1
anaí,	 1
_"níl	 1
alái	 1
críob	 1
háirt	 1
hinn_	 1
_cean	 1
igin	 1
iosad	 1
Madra	 1
ógr	 1
úb	 1
stig	 1
_mur	 1
ipéa	 1
nann	 1
y:	 1
ailt	 1
Teac	 1
_uil	 1
bhFl	 1
n!_	 1
inc	 1
lan!"	 1
ás,	 1
gnús	 1
ey_	 1
bac	 1
móid	 1
dhom_	 1
threa	 1
sibh_	 1
hes_	 1
íonn	 1
Co	 1
Yelts	 1
_féid	 1
_fógr	 1
bri	 1
bair_	 1
mór,	 1
gain	 1
_"Ach	 1
rn"	 1
_imir	 1
túra	 1
ATA	 1
gh._	 1
Mai	 1
eanbh	 1
_Fhé	 1
_dul?	 1
n!"	 1
rsa_	 1
mé?"	 1
sár	 1
_[i_	 1
_Mar	 1
.,	 1
_pet	 1
ctha	 1
bharf	 1
sa,_	 1
sta,_	 1
hia	 1
uire.	 1
íor_	 1
hfear	 1
idí,	 1
_cail	 1
arfac	 1
Ollsc	 1
bit	 1
íod	 1
irfid	 1
Scao	 1
de.	 1
éal._	 1
boch	 1
Mr.	 1
Seán	 1
scrio	 1
_muc_	 1
inig	 1
ráil	 1
asam!	 1
uire	 1
ainci	 1
orn	 1
ithé	 1
haich	 1
iche_	 1
séi	 1
_Co	 1
at,_	 1
roc	 1
déa	 1
_Dol	 1
iaidh	 1
in.	 1
imir	 1
_"O	 1
go!_	 1
eisea	 1
_Na	 1
bana	 1
_oir	 1
ATAC	 1
tir	 1
gorm.	 1
sí._	 1
_sár	 1
IGH	 1
d"	 1
sam!_	 1
Mr	 1
eise	 1
sío	 1
aío	 1
dtir_	 1
es	 1
_la	 1
pípí	 1
ilti	 1
i._	 1
_bán	 1
_maid	 1
sadh_	 1
-Boy:	 1
nis	 1
tAlba	 1
laí_	 1
uili	 1
ainim	 1
é?"	 1
_Seán	 1
"Teac	 1
_Mad	 1
hth	 1
ceann	 1
_"Cé	 1
iltit	 1
rm._	 1
_breá	 1
siad	 1
w	 1
_FAI	 1
fáil	 1
_!	 1
_fóg	 1
c?_	 1
inig_	 1
huine	 1
orm_	 1
_hé_	 1
AIGH_	 1
_neam	 1
"Tab	 1
a!?!	 1
aisle	 1
ird	 1
ithi	 1
_(<	 1
alín_	 1
ann,_	 1
nti?"	 1
"O	 1
E_	 1
alr	 1
_the	 1
di.	 1
á."	 1
Chih	 1
_mé?	 1
_Bean	 1
mhan_	 1
_aith	 1
hua!?	 1
bor	 1
réini	 1
Astrá	 1
is,	 1
har,	 1
_peti	 1
_SE	 1
ithid	 1
Ea	 1
huahu	 1
asal,	 1
hrí_	 1
_"n	 1
toba	 1
Pádra	 1
cri	 1
ano	 1
eithé	 1
lú	 1
huid_	 1
Tabha	 1
Dol	 1
agam"	 1
féid	 1
rb_	 1
Cá	 1
_Tua	 1
rm.	 1
_tigh	 1
_ba	 1
in!	 1
aith,	 1
lán._	 1
Fhéil	 1
_"Cá_	 1
soi	 1
riap	 1
ola	 1
ÚD_	 1
oy:_	 1
_ó_	 1
hihua	 1
bhead	 1
nme	 1
Tamal	 1
Clin	 1
raig	 1
_ól	 1
Hol	 1
_'s_	 1
bán,	 1
_soi	 1
am"	 1
muc_	 1
déanf	 1
fhre	 1
_Olls	 1
_"G	 1
_Yel	 1
rud_	 1
l?	 1
hain_	 1
Párai	 1
tanaí	 1
_ainm	 1
"Go	 1
siad_	 1
harl	 1
aidin	 1
horm	 1
m",	 1
ls	 1
ITH	 1
_Chu	 1
éipéa	 1
thr	 1
Str	 1
_._	 1
úba	 1
am",_	 1
aithf	 1
_tar	 1
SE	 1
the,	 1
bail	 1
hios_	 1
_ÚD	 1
fháil	 1
uah	 1
Ho	 1
t-sio	 1
_"Tea	 1
bhFra	 1
o!	 1
_Fr	 1
iad"	 1
gh.	 1
_Ye	 1
AITH	 1
ne._	 1
hA	 1
cail	 1
ileo	 1
lait	 1
reim	 1
onn	 1
ht!_	 1
_gré	 1
lán.	 1
Ú	 1
_Tig	 1
ósta.	 1
_gnú	 1
eidh	 1
ngai	 1
Boy.	 1
Go	 1
llsc	 1
iapac	 1
a!"_	 1
wi	 1
rse	 1
Fíors	 1
é?"_	 1
_da_	 1
pa_	 1
_por	 1
an!	 1
n"	 1
<	 1
arfai	 1
As	 1
sad	 1
athán	 1
maidi	 1
o.	 1
uail_	 1
ú?	 1
rio	 1
aláin	 1
uile_	 1
eanb	 1
go!	 1
_orm	 1
_mát	 1
ide_	 1
sal."	 1
_Mhór	 1
aithr	 1
_fhre	 1
ois,_	 1
nús	 1
_"Te	 1
_séi	 1
hío	 1
's_	 1
_us	 1
Éire_	 1
Earra	 1
oíche	 1
eag.	 1
IT	 1
eim	 1
any_	 1
_dhom	 1
THE_	 1
iopa_	 1
é,_	 1
hist	 1
Fhé	 1
eo.	 1
"Níl,	 1
ail_	 1
ifig_	 1
_gcó	 1
uinn	 1
han	 1
ltsin	 1
bual	 1
_Ó	 1
SEAT	 1
Ó	 1
Bean	 1
ghte	 1
Cl	 1
lacha	 1
le."_	 1
Cual	 1
hánac	 1
dhuin	 1
_Clin	 1
sé,_	 1
bhain	 1
mui	 1
óra_	 1
al,	 1
nneo	 1
[i	 1
Na	 1
uit_	 1
ch,_	 1
lón	 1
_FÉI	 1
IN_	 1
ine.	 1
aj	 1
_ann,	 1
é._	 1
"Te	 1
din._	 1
__	 1
linto	 1
paigh	 1
ire.	 1
_gclo	 1
mhist	 1
_inti	 1
tas_	 1
rfai	 1
osad	 1
irgi	 1
_amu	 1
ú?_	 1
Chi	 1
sin!_	 1
ís,_	 1
théa	 1
Pád	 1
reaga	 1
'fhea	 1
_Frea	 1
tear	 1
_gorm	 1
lta,_	 1
_sib	 1
slán	 1
uel,"	 1
roí	 1
graí	 1
ITHE_	 1
inmea	 1
ice_	 1
anaí	 1
ailte	 1
óra	 1
_brí	 1
péal	 1
dir	 1
ighe.	 1
chéi	 1
l?"_	 1
many_	 1
_O	 1
gt_	 1
thid_	 1
UID	 1
_ais.	 1
anois	 1
_thui	 1
"Fan_	 1
fhái	 1
seach	 1
Pa	 1
niúl_	 1
brón	 1
éas,_	 1
ánú	 1
Olls	 1
_bual	 1
fhoir	 1
dual_	 1
nto	 1
Pára	 1
_pi	 1
hána	 1
íos	 1
_boc	 1
nfaid	 1
soil	 1
_or	 1
tarr	 1
pach_	 1
homha	 1
céal.	 1
dé	 1
cis	 1
radh_	 1
airg	 1
_Cli	 1
án,_	 1
namh.	 1
_móid	 1
m!	 1
"Cén_	 1
_You	 1
_slá	 1
uc!	 1
nnac	 1
_Mos	 1
_Mhái	 1
ltit	 1
AN	 1
_bi	 1
rfaid	 1
meac	 1
gtha	 1
_é.	 1
t!_	 1
ósf	 1
daoin	 1
AITHE	 1
féidi	 1
éinea	 1
nig	 1
bás,_	 1
_Mr	 1
aighe	 1
rma	 1
TAC,	 1
An-é	 1
iúl_	 1
_pós	 1
olbo	 1
irce	 1
éile_	 1
_den_	 1
ilig	 1
rde	 1
chroí	 1
nn,	 1
le?	 1
_bpá	 1
ráid	 1
shes_	 1
éile?	 1
_air	 1
d'ini	 1
amh.	 1
_slán	 1
daoi	 1
úra.	 1
_suí_	 1
Fre	 1
Fío	 1
mór	 1
LLA	 1
_MHA	 1
chroc	 1
gach_	 1
_fhoi	 1
"Mai	 1
céin	 1
AC,	 1
agat,	 1
PH	 1
fach_	 1
oscó,	 1
lad	 1
fágth	 1
tob	 1
ey	 1
_dá_	 1
eidh_	 1
aisl	 1
nton,	 1
huail	 1
_Pára	 1
"G	 1
n!"_	 1
dhia	 1
asú	 1
dí_	 1
Éirin	 1
dua	 1
asta	 1
pósfa	 1
dhi	 1
ams	 1
_gasú	 1
_dho	 1
buala	 1
_gabh	 1
AC,_	 1
seo._	 1
_fágt	 1
Mhái	 1
_"ach	 1
beag.	 1
neo	 1
ALLA	 1
igin_	 1
_nuai	 1
anfai	 1
ile:_	 1
íofa_	 1
_trá_	 1
Bin	 1
Níl,_	 1
allaí	 1
'ini	 1
nis_	 1
Freag	 1
Flait	 1
hóg	 1
or_	 1
oifi	 1
_sás	 1
ásta_	 1
mhtha	 1
núin	 1
Cha	 1
_isti	 1
ins	 1
'fr	 1
íp	 1
apac	 1
ÚD	 1
lan!	 1
dul?"	 1
hroch	 1
_"ní	 1
éanf	 1
_éad	 1
irgid	 1
Ach,"	 1
i,_	 1
tas	 1
iomp	 1
sibh	 1
ilte_	 1
lti	 1
histe	 1
sal,	 1
ue	 1
rscéa	 1
éine	 1
e:_	 1
rde.	 1
You	 1
Dolan	 1
shi	 1
aol_	 1
_do_	 1
thóg_	 1
o!_	 1
d",_	 1
bhrei	 1
fhios	 1
ríof	 1
aiche	 1
_sí._	 1
Dh	 1
_anoi	 1
'fhe	 1
slán.	 1
urse	 1
oiléi	 1
urs	 1
mh:	 1
he.	 1
Sé_	 1
caird	 1
ise_	 1
sán	 1
_fái	 1
brise	 1
hór_	 1
re."_	 1
ógra	 1
déan	 1
mé?"_	 1
éam	 1
nan	 1
"ach	 1
fé	 1
éigin	 1
sach	 1
aidi	 1
irli	 1
_bre	 1
htha	 1
crio	 1
_E	 1
chom	 1
án.	 1
Holb	 1
_wi	 1
háini	 1
_Mar_	 1
huirl	 1
"F	 1
incis	 1
phi	 1
fre	 1
rís,	 1
c?	 1
aithe	 1
ada_	 1
"Níor	 1
ghorm	 1
_usái	 1
tighe	 1
íobh_	 1
thuir	 1
adá	 1
al,"	 1
sin!	 1
ó_	 1
bhua	 1
rfi	 1
!?!	 1
éir_	 1
ahua!	 1
_gre	 1
wish	 1
irce_	 1
d",	 1
íl,	 1
Earr	 1
bheas	 1
Mhó	 1
_"ac	 1
asc	 1
tsi	 1
FÉIN	 1
sta,	 1
ipé	 1
_bán,	 1
b_	 1
ud_	 1
at..	 1
fig_	 1
ca,_	 1
Caju	 1
_chéi	 1
mura_	 1
FÉI	 1
_asa	 1
ois,	 1
láin	 1
stóra	 1
_SEA	 1
?!	 1
_sia	 1
daí_	 1
_ball	 1
_Éiri	 1
(	 1
éidi	 1
"ac	 1
ead_	 1
_"Cá	 1
hinse	 1
abhai	 1
_bhi	 1
osa_	 1
Madr	 1
lsc	 1
_Chua	 1
_abh	 1
_Tean	 1
uigh.	 1
théi	 1
el,"_	 1
tada	 1
bhin	 1
bith	 1
"Cé	 1
_one	 1
rsel	 1
lts	 1
one	 1
i?"_	 1
e?	 1
ish	 1
lr	 1
réaga	 1
_tada	 1
da!"_	 1
_dhi	 1
mirce	 1
hins	 1
_iad"	 1
_fát	 1
grei	 1
mbea	 1
dar	 1
_ion	 1
uine.	 1
omht	 1
ti_	 1
muig	 1
fhu	 1
_dti	 1
Cajun	 1
ght	 1
imirc	 1
mpa	 1
gabhá	 1
asal.	 1
sao	 1
hor	 1
adán_	 1
idin.	 1
ley	 1
fhr	 1
dual	 1
_Stri	 1
usái	 1
irf	 1
rtín_	 1
_m'f	 1
hem	 1
_of	 1
orma	 1
fhéi	 1
bhrí_	 1
móide	 1
's	 1
ainc	 1
"An-	 1
mpaig	 1
aph	 1
inti?	 1
_bhío	 1
dul	 1
_brón	 1
_faig	 1
_Thi	 1
mht	 1
alrad	 1
_"An-	 1
_Madr	 1
_Cual	 1
_..	 1
adraí	 1
hear_	 1
U	 1
tar	 1
_Com	 1
sí,	 1
osa,	 1
léi	 1
catha	 1
llaí	 1
n-	 1
"Ach,	 1
_(	 1
uat	 1
Chua	 1
hoirg	 1
arlú	 1
breá	 1
mhth	 1
hreag	 1
feag	 1
uathá	 1
ghte_	 1
raic	 1
bhFr	 1
ih	 1
coil_	 1
_Cui	 1
ton,_	 1
obair	 1
láin_	 1
lct	 1
Your	 1
[	 1
_gn	 1
ca,	 1
_...	 1
lá."	 1
súir	 1
lbor	 1
nach,	 1
-siop	 1
imh_	 1
lca	 1
oy.	 1
Mhór_	 1
_thóg	 1
_ais	 1
in!_	 1
sán_	 1
roí,	 1
idin	 1
olcad	 1
Tala	 1
asá	 1
_fáth	 1
_"Tab	 1
ól	 1
"B	 1
éir	 1
suí	 1
_Dhea	 1
_di,_	 1
_!!!	 1
_pí	 1
sfai	 1
read_	 1
THE	 1
FÉIN_	 1
-éa	 1
rasán	 1
sca,	 1
_abha	 1
ste,	 1
éasca	 1
aíonn	 1
_saol	 1
"n	 1
HLU	 1
or._	 1
galr	 1
leor.	 1
arra_	 1
uirfi	 1
ighea	 1
_oí	 1
_ára	 1
fhrea	 1
oifig	 1
Fíor	 1
ta._	 1
rtín	 1
h,"_	 1
ngain	 1
Mui	 1
sárú_	 1
nm	 1
uahu	 1
usá	 1
ingt	 1
lig_	 1
íche_	 1
_d'fe	 1
uigh	 1
arl	 1
sú	 1
en_	 1
fac	 1
ompa	 1
_Yo	 1
ight	 1
naí_	 1
_mada	 1
iread	 1
_fó	 1
_brot	 1
ste,_	 1
gasú	 1
píp	 1
gorm	 1
lamh_	 1
!!!	 1
nnai	 1
ip	 1
born	 1
lla	 1
elts	 1
_Ea	 1
re."	 1
_bri	 1
Com	 1
_fág	 1
arlú?	 1
_seac	 1
den	 1
abhá	 1
_Ear	 1
_"Ol	 1
'fre	 1
aingt	 1
_Se	 1
_FÉ	 1
ta.	 1
gre	 1
Old_	 1
_amui	 1
t!	 1
oine	 1
..,"_	 1
_pint	 1
ourse	 1
osa,_	 1
ladh	 1
_"Go	 1
dí.	 1
_Pai	 1
_pin	 1
fhéin	 1
_éine	 1
pach	 1
"Tabh	 1
C,	 1
Moscó	 1
headh	 1
wis	 1
_Fha	 1
gcón	 1
aoil	 1
Comh	 1
_PHLU	 1
"Níl_	 1
..,	 1
ó,	 1
_Slán	 1
"Muc	 1
lá.	 1
An-éa	 1
FÉ	 1
Bhu	 1
phio	 1
abhar	 1
beid	 1
_ndé	 1
_man	 1
"Cén	 1
sé,	 1
sco	 1
din.	 1
in,	 1
_AN	 1
onn_	 1
Dhe	 1
sia	 1
_nd	 1
fógr	 1
Old	 1
Yel	 1
hFlai	 1
huil_	 1
_Léi	 1
hfeic	 1
cao	 1
_mac	 1
ghea	 1
fáth_	 1
HLUID	 1
_Scao	 1
gcath	 1
UID_	 1
TA	 1
seac	 1
portr	 1
lá_	 1
_"Go_	 1
Sé	 1
'atha	 1
_Sl	 1
tri	 1
_Mr._	 1
-Boy_	 1
amal	 1
n-éas	 1
_'	 1
Cualá	 1
_PH	 1
strái	 1
fhea	 1
_máth	 1
obac_	 1
pin	 1
ól_	 1
dúbai	 1
_Caj	 1
anb	 1
hih	 1
_dúba	 1
tir_	 1
lan	 1
l."	 1
isti	 1
ctha,	 1
one_	 1
pó	 1
_orm_	 1
elf	 1
_Ó_	 1
rfidh	 1
gra._	 1
AC	 1
héin	 1
idí,_	 1
_muc	 1
"níl_	 1
sadh	 1
Astr	 1
nc	 1
_Pár	 1
bhuil	 1
ailín	 1
pá	 1
rsc	 1
iúl	 1
ms	 1
hAst	 1
oíc	 1
shinn	 1
n-é	 1
hinn	 1
bhui	 1
asca,	 1
réi	 1
sib	 1
al._	 1
mpai	 1
_bhua	 1
jun	 1
aile	 1
limh:	 1
_d'io	 1
_sást	 1
nci	 1
ríofa	 1
éipé	 1
tín	 1
_Earr	 1
gcat	 1
iniú	 1
_'s	 1
rn"_	 1
inimh	 1
ích	 1
eor._	 1
_di_	 1
_Tea	 1
amsa_	 1
átha	 1
ÉIN	 1
ma_	 1
ltith	 1
_dá	 1
tada!	 1
omp	 1
thóg	 1
íche	 1
HE	 1
_ló	 1
_Mhá	 1
ifig	 1
the,_	 1
_...,	 1
d'fea	 1
l._	 1
_Te	 1
thar,	 1
lta,	 1
Cua	 1
rothe	 1
_bás	 1
ais.	 1
lte_	 1
iompa	 1
mar	 1
Boy._	 1
riosa	 1
_AN_	 1
theas	 1
muigh	 1
"An	 1
_tAlb	 1
brot	 1
_usá	 1
i?	 1
_lánú	 1
_on	 1
tAlb	 1
Ó_	 1
ompai	 1
sta._	 1
iléir	 1
SEATA	 1
rtrái	 1
Tigh_	 1
sárú	 1
_m'fh	 1
Boy:_	 1
gclo	 1
t,	 1
meach	 1
áraic	 1
thre	 1
Tuath	 1
them	 1
_lá.	 1
fhe	 1
raí_	 1
Cén	 1
ch,"	 1
gamsa	 1
_Tam	 1
m'fhe	 1
por	 1
_cén_	 1
am!_	 1
)	 1
t.	 1
olan!	 1
fógra	 1
cean	 1
ncis_	 1
_bhFl	 1
uaph	 1
nimh	 1
nfai	 1
críof	 1
hion	 1
nbhe	 1
har_	 1
_fhái	 1
éiniú	 1
bair	 1
daí	 1
thfid	 1
ua!?!	 1
LUID	 1
rú_	 1
Fha	 1
ntas	 1
_siop	 1
adr	 1
niú	 1
oif	 1
iaid	 1
olca	 1
uc_	 1
docht	 1
e?_	 1
mar_	 1
them_	 1
_Oll	 1
fáilt	 1
rm_	 1
_fé	 1
irtín	 1
Bhuel	 1
pac	 1
H_	 1
on,_	 1
_ól_	 1
_Muc!	 1
Ast	 1
_gor	 1
rfac	 1
nnach	 1
_Cua	 1
óir,	 1
a!"	 1
tAl	 1
C,_	 1
bhfei	 1
Íosa,	 1
'iom	 1
_gho	 1
_Yelt	 1
_fhu	 1
árú_	 1
asca	 1
hte	 1
gabh	 1
úra._	 1
draí_	 1
es_	 1
draig	 1
oilé	 1
nneog	 1
breá_	 1
gat,	 1
"ach_	 1
sí.	 1
léa	 1
sca,_	 1
éaga	 1
rma_	 1
eithi	 1
_Sc	 1
sel	 1
em_	 1
éamh_	 1
_Nac	 1
naí,_	 1
eice	 1
uirf	 1
cath	 1
ádrai	 1
tria	 1
ju	 1
_boch	 1
'feag	 1
_tAl	 1
_shin	 1
mada_	 1
fhui	 1
_io	 1
h."_	 1
íl,_	 1
t..._	 1
nne	 1
alam	 1
_lá_	 1
ór_	 1
rinn	 1
fóg	 1
caoil	 1
'ath	 1
aol	 1
_rud,	 1
ág	 1
bre	 1
imi	 1
ALL	 1
óide	 1
alla	 1
HE_	 1
_Sca	 1
Mo	 1
reá_	 1
ajun_	 1
Frain	 1
ghim_	 1
rn	 1
dir,	 1
ó,_	 1
_nga	 1
GH_	 1
_gca	 1
he._	 1
dir,_	 1
_píp	 1
íorsc	 1
feic	 1
_ait_	 1
aoine	 1
hoir	 1
horma	 1
íodar	 1
_sl	 1
gat,_	 1
Muc!	 1
aju	 1
_Be	 1
cis_	 1
lán_	 1
gam",	 1
HALL	 1
_t-si	 1
AL	 1
as,_	 1
'in	 1
Muc?_	 1
inis_	 1
m'f	 1
_tana	 1
agams	 1
bháil	 1
gra.	 1
'fh	 1
re.	 1
pe	 1
ATAC,	 1
cadá	 1
tit)	 1
_gast	 1
e:	 1
read	 1
iú	 1
Dheam	 1
Sca	 1
ne.	 1
m'at	 1
Ye	 1
riapa	 1
irde	 1
_Fa	 1
ul?"	 1
_Dhe	 1
graío	 1
al."_	 1
seanb	 1
uilig	 1
ghor	 1
éidir	 1
ithf	 1
shes	 1
_bpái	 1
dul?	 1
_ndéa	 1
ainm	 1
hfi	 1
Léim_	 1
Yours	 1
..._	 1
dúba	 1
_gcón	 1
aphó	 1
_Ol	 1
é?	 1
brón_	 1
chomh	 1
íoda	 1
arís,	 1
_mhis	 1
áirc_	 1
neac	 1
Bingo	 1
Chuai	 1
c!_	 1
idí._	 1
self_	 1
nimh.	 1
cóna	 1
drai	 1
_doch	 1
thf	 1
án,	 1
_bhre	 1
_Sé	 1
St	 1
_duit	 1
ás,_	 1
cailí	 1
anach	 1
_imi	 1
LU	 1
galra	 1
ípí	 1
al,"_	 1
úl	 1
!!!_	 1
suí_	 1
_Cuir	 1
_ars	 1
ádr	 1
é,	 1
rios	 1
_Lé	 1
LUI	 1
gcó	 1
arfa_	 1
Léim	 1
gtha_	 1
iad",	 1
mbei	 1
ágt	 1
de._	 1
!?	 1
am!	 1
reith	 1
imh:	 1
eán	 1
ualá	 1
ortrá	 1
ndéan	 1
cair	 1
llaí_	 1
GH	 1
_"Ac	 1
ti?"_	 1
_grei	 1
rinn.	 1
_obai	 1
áthai	 1
radh	 1
y._	 1
_sin_	 1
orm._	 1
uinne	 1
adaí_	 1
héin_	 1
he,	 1
ór,_	 1
Fhéi	 1
bréa	 1
hua!	 1
Holbo	 1
ndé	 1
Cui	 1
stear	 1
Cuir	 1
ché	 1
rtha,	 1
iap	 1
ánúi	 1
ingt_	 1
_péa	 1
d'io	 1
Mait	 1
_Tu	 1
ngt_	 1
head	 1
rtr	 1
hFrai	 1
ile:	 1
úbail	 1
stigh	 1
ud,	 1
wishe	 1
holct	 1
PHLU	 1
Bhue	 1
núsac	 1
_fhr	 1
hem_	 1
irea	 1
uc?_	 1
su	 1
th,	 1
_Chih	 1
nb	 1
po	 1
_lach	 1
_gcl	 1
éadaí	 1
có,	 1
EATAC	 1
_ár	 1
mp	 1
_(<-	 1
lac	 1
Pai	 1
opa._	 1
h:	 1
agraí	 1
asúi	 1
hfei	 1
_Mhó	 1
Stri	 1
bré	 1
_port	 1
muc	 1
_d'in	 1
AN_	 1
péal_	 1
_Tuat	 1
séipé	 1
inci	 1
_"Cén	 1
Bea	 1
ágtha	 1
ishes	 1
_éa	 1
rasá	 1
_rud_	 1
msa	 1
reit	 1
lls	 1
ÉI	 1
