_	 1464
e	 449
n	 234
t	 227
i	 209
a	 188
o	 187
r	 161
s	 122
t_	 121
l	 113
n_	 112
e_	 109
d	 96
k	 93
en	 82
m	 74
j	 68
er	 67
_d	 63
g	 60
y	 59
h	 59
r_	 54
en_	 54
w	 52
z	 50
b	 44
s_	 42
_m	 41
_h	 41
et	 40
_i	 39
u	 39
ie	 38
_o	 36
er_	 35
_z	 35
oe	 34
in	 34
_w	 34
f	 34
k_	 34
p	 32
v	 32
_s	 31
st	 31
an	 30
et_	 30
te	 30
ei	 29
de	 29
y_	 28
ij	 28
aa	 28
ne	 28
l_	 26
at	 26
.	 26
_t	 24
is	 24
he	 24
'	 24
_e	 24
_b	 24
oo	 23
le	 23
je	 23
on	 23
._	 22
at_	 22
_k	 22
in_	 22
_f	 21
,	 21
_v	 21
,_	 21
it	 21
a_	 21
re	 21
da	 20
_da	 20
me	 19
or	 19
ar	 19
_n	 19
_l	 19
ze	 19
_'	 19
de_	 18
_he	 18
el	 18
_g	 18
't_	 18
't	 18
al	 18
_a	 17
_de	 17
ee	 17
ll	 16
g_	 16
_'t_	 16
ge	 16
_'t	 16
æ	 15
_me	 15
J	 15
ik	 15
_J	 15
_dat	 14
dat	 14
an_	 14
_dat_	 14
es	 14
_de_	 14
te_	 14
nt	 14
dat_	 14
ke	 13
di	 13
be	 13
_en_	 13
het	 13
ol	 13
ri	 13
is_	 13
_het	 13
ne_	 13
_en	 13
_het_	 12
d_	 12
ou	 12
ch	 12
lle	 12
m_	 12
ik_	 12
li	 12
ro	 12
_ik	 12
_D	 12
wi	 12
ma	 12
het_	 12
_di	 12
D	 12
ve	 12
c	 12
n.	 11
la	 11
W	 11
le_	 11
we	 11
nn	 11
p_	 11
hi	 11
yn	 11
;_	 11
;	 11
it_	 11
il	 11
ier	 11
!_	 11
_ne	 11
_ik_	 11
ha	 11
B	 11
i_	 11
ij_	 11
!	 11
ar_	 11
_W	 11
ien	 11
j_	 11
_B	 11
_H	 10
ta	 10
_ha	 10
H	 10
_al	 10
ste	 10
_in	 10
je_	 10
lle_	 10
n._	 10
zi	 10
ei_	 10
nne	 10
om	 9
wa	 9
aar	 9
re_	 9
_ze	 9
_fo	 9
ea	 9
og	 9
_oo	 9
_j	 9
fo	 9
ok	 9
_in_	 9
nt_	 9
ig	 9
wo	 8
jo	 8
zo	 8
mei	 8
tj	 8
_zo	 8
sch	 8
sc	 8
tr	 8
st_	 8
ier_	 8
_is	 8
nne_	 8
_y	 8
ni	 8
_mei	 8
oor	 8
_hi	 8
_zi	 8
_wi	 8
_st	 8
_T	 8
ien_	 8
T	 8
mi	 7
iet	 7
eg	 7
_K	 7
_ma	 7
_we	 7
en.	 7
ra	 7
vo	 7
_S	 7
ijn	 7
I	 7
oon	 7
of	 7
der_	 7
hie	 7
oer	 7
se	 7
rr	 7
rre	 7
_I	 7
kr	 7
ek	 7
uw	 7
jn	 7
rs	 7
_mi	 7
e,_	 7
eit	 7
nk	 7
K	 7
_wa	 7
_is_	 7
_net_	 7
_net	 7
e,	 7
ns	 7
_hie	 7
S	 7
net_	 7
der	 7
or_	 7
u_	 7
net	 7
gt	 7
ver	 7
_p	 7
ed	 7
_ie	 7
el_	 7
eer	 7
aar_	 7
rk	 6
_dij	 6
tt	 6
rt	 6
ere	 6
br	 6
ji	 6
kj	 6
ou_	 6
ng	 6
He	 6
al_	 6
_dy	 6
as	 6
?_	 6
zil	 6
V	 6
ten	 6
_ta	 6
_za	 6
ol_	 6
mo	 6
_ien_	 6
_my	 6
_be	 6
ont	 6
ti	 6
est	 6
tte	 6
_He	 6
_G	 6
za	 6
_V	 6
_mei_	 6
ta_	 6
dij	 6
_O	 6
ry	 6
_li	 6
_tr	 6
en._	 6
_kr	 6
my	 6
_vo	 6
ijn_	 6
on_	 6
_ta_	 6
mei_	 6
aan	 6
G	 6
oe_	 6
ste_	 6
_mo	 6
kk	 6
rre_	 6
am	 6
ten_	 6
dy	 6
_ien	 6
_zil	 6
jn_	 6
?	 6
op	 6
O	 6
zy	 5
nd	 5
_do	 5
ene	 5
_Z	 5
_sc	 5
kje	 5
no	 5
_ni	 5
fi	 5
_fin_	 5
bbe	 5
lo	 5
jen	 5
De	 5
:_	 5
hier	 5
wie	 5
nde	 5
est_	 5
ill	 5
_hier	 5
_ee	 5
oed	 5
mij	 5
:	 5
ant	 5
ant_	 5
_wo	 5
bb	 5
_so	 5
so	 5
man	 5
op_	 5
bo	 5
olle	 5
_Y	 5
o_	 5
im	 5
eit_	 5
_op_	 5
_al_	 5
ey_	 5
ille	 5
_la	 5
yn_	 5
E	 5
Y	 5
zen	 5
fin_	 5
_op	 5
ui	 5
ko	 5
_sch	 5
M	 5
gs	 5
_jo	 5
ey	 5
fin	 5
_fin	 5
_ko	 5
to	 5
_E	 5
_fi	 5
_of	 5
_ge	 5
_mij	 5
t;	 5
tje	 5
t;_	 5
iet_	 5
hier_	 5
do	 5
ene_	 5
_De	 5
_yn	 5
oll	 5
Z	 5
es_	 5
il_	 5
_M	 5
ig_	 5
pe	 5
ak	 5
f_	 5
dy_	 4
by	 4
as_	 4
ao	 4
æe	 4
_R	 4
kke	 4
ja	 4
go	 4
wol	 4
va	 4
_le	 4
ho	 4
_soe	 4
_Ko	 4
Ko	 4
_dij_	 4
bes	 4
_br	 4
os	 4
nder_	 4
_to	 4
waa	 4
ze_	 4
vi	 4
een	 4
_by_	 4
_va	 4
olle_	 4
_go	 4
t,_	 4
eere	 4
ft	 4
oon_	 4
nge	 4
se_	 4
ter	 4
of_	 4
jie	 4
ye	 4
by_	 4
ille_	 4
ers	 4
_of_	 4
ag	 4
_er	 4
sse	 4
goe	 4
omt	 4
mt	 4
_ont	 4
_hab	 4
rst	 4
-	 4
_goe	 4
ken	 4
ks	 4
nder	 4
soe	 4
n,_	 4
ki	 4
_sa_	 4
man_	 4
om_	 4
sa_	 4
_bes	 4
_for	 4
_dog	 4
_r	 4
all	 4
_dy_	 4
dog	 4
za_	 4
ud	 4
for	 4
oa	 4
dij_	 4
okk	 4
kw	 4
_L	 4
_sa	 4
oor_	 4
ez	 4
si	 4
R	 4
_zy	 4
sta	 4
L	 4
aal	 4
_Jo	 4
ly	 4
hab	 4
_on	 4
t,	 4
ren	 4
ep	 4
sa	 4
n,	 4
og_	 4
_u	 4
ss	 4
_by	 4
yk	 4
ab	 4
_om	 4
_ve	 4
_za_	 4
tro	 4
Jo	 4
_oe	 4
yt	 4
lt	 4
zen_	 3
maa	 3
ot	 3
pp	 3
ed_	 3
wt	 3
em	 3
har	 3
od	 3
_zok	 3
_te	 3
Jk	 3
ors	 3
uwt	 3
e!	 3
_gi	 3
daa	 3
inn	 3
van	 3
Ma	 3
aan_	 3
rei	 3
ev	 3
A	 3
jer	 3
lli	 3
_wie	 3
tze	 3
Tj	 3
_kri	 3
_komt	 3
_mey_	 3
_A	 3
_er_	 3
_een	 3
_Jk	 3
_dit_	 3
inne	 3
_daa	 3
gen_	 3
nen_	 3
tig_	 3
_Bo	 3
ve_	 3
sti	 3
_niet	 3
ak_	 3
_oer	 3
_oor	 3
_Jk_	 3
kri	 3
eis	 3
lok	 3
gen	 3
goed	 3
nke	 3
ts	 3
Jk_	 3
En	 3
_ver	 3
inge	 3
dit_	 3
_oon	 3
rke	 3
_æ	 3
mt_	 3
_P	 3
_ka	 3
am_	 3
wy	 3
en,_	 3
_mey	 3
ogs	 3
ere_	 3
_dogs	 3
_om_	 3
komt	 3
_Ma	 3
aam	 3
ouw	 3
Wa	 3
niet	 3
_van	 3
myn	 3
lie	 3
ein	 3
_Tj	 3
_as_	 3
tz	 3
rie	 3
best	 3
_vi	 3
n!	 3
gst	 3
nie	 3
uit	 3
lis	 3
_my_	 3
Heit	 3
_myn_	 3
hei	 3
ist	 3
P	 3
uwe	 3
_zil_	 3
ppe	 3
n!_	 3
rye	 3
len_	 3
_si	 3
oet	 3
men	 3
krye	 3
dit	 3
En_	 3
_tj	 3
kry	 3
_har	 3
ker_	 3
Da	 3
myn_	 3
mm	 3
ka	 3
_as	 3
onn	 3
_moe	 3
ge_	 3
eze	 3
onne	 3
s._	 3
ur	 3
oek	 3
onk	 3
chi	 3
_nie	 3
gt_	 3
_maa	 3
lei	 3
omt_	 3
nen	 3
_Hei	 3
_moo	 3
sse_	 3
Der	 3
oen	 3
ht	 3
moe	 3
zok	 3
ale	 3
kken	 3
_En_	 3
_Wa	 3
oed_	 3
mey_	 3
_goed	 3
_dit	 3
mey	 3
en,	 3
ov	 3
Bo	 3
rd	 3
moo	 3
ft_	 3
..	 3
ut	 3
gi	 3
tig	 3
ap	 3
ip	 3
ede	 3
s.	 3
len	 3
_Der	 3
van_	 3
roe	 3
ing	 3
dogs	 3
_En	 3
_best	 3
_van_	 3
rt_	 3
_wol	 3
ker	 3
e!_	 3
_tro	 3
zil_	 3
ns_	 3
tu	 3
cht	 3
_kom	 3
_re	 3
kom	 3
ef	 3
_Heit	 3
_Da	 3
rij	 3
aat	 3
Hei	 3
ete	 3
my_	 3
_myn	 3
_wy	 3
_ste	 3
enn	 3
mme	 3
sl	 3
wol_	 3
zoks	 2
_We	 2
allis	 2
_hy_	 2
chip	 2
ir	 2
ron	 2
Daa	 2
ende	 2
oos	 2
iene	 2
egt	 2
lver	 2
æp	 2
int_	 2
uiten	 2
yd_	 2
win	 2
Daar	 2
_wier	 2
ris	 2
_vr	 2
rsta	 2
zer	 2
tjer	 2
qu	 2
isse	 2
den_	 2
_Vo	 2
aam_	 2
ens	 2
Fe	 2
Wy	 2
_helj	 2
bel	 2
_oa	 2
ontn	 2
_aa	 2
R_	 2
ulver	 2
ynne_	 2
Wel	 2
ris_	 2
_dwa	 2
_q	 2
gte_	 2
m._	 2
daale	 2
t?	 2
wæ	 2
T_	 2
voll	 2
_gro	 2
_ji	 2
out_	 2
alers	 2
volle	 2
_wei	 2
_dwaa	 2
ibbe	 2
_leit	 2
e;	 2
bon	 2
_ynn	 2
sk	 2
_buit	 2
mat	 2
dijn	 2
_foo	 2
_ontn	 2
_vin	 2
ond	 2
Zi	 2
orr	 2
_hab_	 2
Do	 2
vin_	 2
ank	 2
_Boer	 2
N	 2
_een_	 2
æk_	 2
_zy_	 2
kje_	 2
scho	 2
oris	 2
_gr	 2
rog	 2
_Het_	 2
oort	 2
_Daa	 2
vol	 2
et,_	 2
Daar_	 2
_Tjal	 2
tog	 2
_lei	 2
e._	 2
lve	 2
llen_	 2
rill	 2
oks_	 2
zille	 2
ul	 2
_wy_	 2
et;_	 2
fol	 2
_Zi	 2
tte_	 2
et,	 2
dw	 2
is._	 2
ede_	 2
oekje	 2
_wol_	 2
_Br	 2
_Wel	 2
aai	 2
jien	 2
nze	 2
ook	 2
_dy't	 2
Al_	 2
_se	 2
ook_	 2
_zei	 2
ort	 2
Je	 2
_Wi	 2
gro	 2
ori	 2
habb	 2
hij	 2
_ui	 2
_quan	 2
insk	 2
eu	 2
_dy'	 2
wel	 2
ua	 2
dan	 2
zon	 2
end	 2
zoks_	 2
az_	 2
yd	 2
ingen	 2
_Tja	 2
raat	 2
ogs_	 2
_oon_	 2
wier_	 2
oa_	 2
ezen_	 2
Yn	 2
helje	 2
_mij_	 2
ae	 2
orre_	 2
ove	 2
chte	 2
eere_	 2
_vor	 2
ks_	 2
_ynne	 2
Sc	 2
_ja	 2
itze	 2
jt	 2
che	 2
min	 2
_fe	 2
_gie	 2
koe	 2
_Ybe	 2
hy	 2
soek	 2
jes	 2
aan!_	 2
_ijn	 2
az	 2
_fol	 2
_ov	 2
lij	 2
kst	 2
tyd	 2
yen	 2
_ook	 2
agt	 2
_Wol	 2
_wu	 2
aaler	 2
kin	 2
ster	 2
en?	 2
_R_	 2
ai	 2
kin_	 2
_bo	 2
lea	 2
oede_	 2
_qua	 2
tog_	 2
bi	 2
kig	 2
fl	 2
oonn	 2
rs_	 2
llis	 2
_no	 2
Het	 2
lis.	 2
iten_	 2
ink	 2
nze_	 2
ut_	 2
tten	 2
lis._	 2
ken_	 2
erma	 2
lg	 2
pæ	 2
_dan	 2
_qu	 2
_az	 2
_Dou	 2
dijn_	 2
_Wat	 2
soekj	 2
erman	 2
Ve	 2
ds	 2
_nen_	 2
Be	 2
mij_	 2
zy_	 2
_ij	 2
elje	 2
ulve	 2
iss	 2
nom	 2
erst	 2
arre	 2
oere	 2
oof	 2
oekj	 2
_zoks	 2
eint	 2
habbe	 2
pj	 2
_ho	 2
Wi	 2
ril	 2
onder	 2
ibb	 2
ynn	 2
_lo	 2
okkig	 2
goede	 2
_J_	 2
Boe	 2
lje	 2
ijk	 2
foor_	 2
ep_	 2
_nen	 2
'k	 2
gie	 2
_waa	 2
alli	 2
_wij	 2
_'k_	 2
vin	 2
_mat_	 2
zyn	 2
Wo	 2
ba	 2
Wat_	 2
itt	 2
maar_	 2
uite	 2
ogt	 2
lokk	 2
_stu	 2
Het_	 2
_Wy	 2
int	 2
_sta	 2
bui	 2
quant	 2
_bar	 2
_dw	 2
_ki	 2
hab_	 2
tten_	 2
Al	 2
_Ie	 2
over	 2
_habb	 2
hy_	 2
elo	 2
Boer	 2
ave	 2
maar	 2
cho	 2
y't_	 2
Ynz	 2
lijk	 2
Heit_	 2
_vin_	 2
_mijn	 2
ver_	 2
_Yn	 2
oonne	 2
'k_	 2
_foor	 2
raa	 2
mat_	 2
ije	 2
_Do	 2
n?	 2
_schr	 2
ie_	 2
vr	 2
arr	 2
jou	 2
ulv	 2
ert	 2
schr	 2
_ly	 2
ltj	 2
epp	 2
gte	 2
rwo	 2
aale	 2
rj	 2
_mat	 2
imm	 2
err	 2
dy't	 2
_fla	 2
_als_	 2
Der_	 2
qua	 2
bri	 2
t._	 2
_Ve	 2
egt_	 2
men_	 2
pe,_	 2
ynne	 2
dwaan	 2
enne	 2
leit	 2
ab_	 2
_Jor	 2
buit	 2
_tjie	 2
llen	 2
dogs_	 2
wei	 2
ok_	 2
_hel	 2
dis	 2
fla	 2
tjien	 2
lae	 2
y'	 2
_lok	 2
abb	 2
bar	 2
eg_	 2
helj	 2
Wel_	 2
n?_	 2
he_	 2
_zoe	 2
Schip	 2
_rei	 2
hip	 2
dwaa	 2
Ybe	 2
onde	 2
Jori	 2
Is_	 2
_N	 2
_ba	 2
_soek	 2
_Yb	 2
hr	 2
eb	 2
iene_	 2
iep	 2
ls	 2
_zoe_	 2
heit	 2
_wit	 2
aler	 2
_tji	 2
eppe	 2
_Al	 2
jen.	 2
okki	 2
ett	 2
_Het	 2
an!	 2
_Schi	 2
_lie	 2
ijt	 2
an!_	 2
kki	 2
fe	 2
zoe	 2
ngen_	 2
waan	 2
_aan_	 2
imme	 2
buite	 2
tjie	 2
...	 2
rig	 2
okken	 2
jalli	 2
Vo	 2
ell	 2
che_	 2
ekje	 2
yk_	 2
_Wat_	 2
itz	 2
_Boe	 2
jes_	 2
_fl	 2
_maar	 2
lers	 2
_az_	 2
_dis	 2
_bu	 2
J_	 2
wit	 2
De_	 2
_men	 2
ekje_	 2
is.	 2
_Ynze	 2
_yn_	 2
yt_	 2
sche	 2
iten	 2
e;_	 2
elj	 2
lokki	 2
_Sch	 2
_Ba	 2
llis.	 2
Sch	 2
erke	 2
zoe_	 2
chr	 2
_bi	 2
ait	 2
y't	 2
_hy	 2
rma	 2
ib	 2
_Wel_	 2
av	 2
art	 2
_T_	 2
Br	 2
Joris	 2
_Daar	 2
nsk	 2
_wel	 2
aait	 2
erk	 2
arre_	 2
best_	 2
_Wol_	 2
stu	 2
onne_	 2
dde	 2
_ook_	 2
jen._	 2
ins	 2
ster_	 2
Tjall	 2
nje	 2
ekj	 2
lv	 2
_dan_	 2
_kin_	 2
onke	 2
_Al_	 2
foor	 2
ngen	 2
uan	 2
ty	 2
jal	 2
quan	 2
vor	 2
leit_	 2
erre	 2
orre	 2
oel	 2
Wol	 2
gr	 2
rkeer	 2
r:	 2
b_	 2
tji	 2
Ynze_	 2
be_	 2
joe	 2
_'k	 2
Om_	 2
als_	 2
_zon	 2
os_	 2
z_	 2
kkig	 2
dwa	 2
mijn_	 2
komt_	 2
_aan	 2
rille	 2
orst	 2
tel	 2
_yt	 2
lj	 2
uant_	 2
_voll	 2
dy't_	 2
zei	 2
ek_	 2
_pæ	 2
_Om_	 2
iev	 2
abbe	 2
rkee	 2
_jou	 2
_als	 2
rd_	 2
kee	 2
We	 2
foo	 2
_kin	 2
jall	 2
_kw	 2
ô	 2
en?_	 2
r:_	 2
taa	 2
_tog	 2
rje	 2
oris_	 2
tra	 2
daal	 2
rman	 2
_koe	 2
_vol	 2
eint_	 2
sche_	 2
ntn	 2
_æk_	 2
_over	 2
_daal	 2
et;	 2
den	 2
isse_	 2
_Der_	 2
nge_	 2
_Je	 2
_bl	 2
ad	 2
won	 2
oede	 2
_kry	 2
pe,	 2
e.	 2
uwt_	 2
gs_	 2
itte	 2
keer	 2
lyk	 2
nz	 2
_Is_	 2
enne_	 2
_Om	 2
_krye	 2
rman_	 2
m.	 2
ette	 2
_æk	 2
ave_	 2
Tjal	 2
_wur	 2
lge	 2
_ove	 2
ege	 2
kken_	 2
Ba	 2
nj	 2
pje_	 2
_te_	 2
inne_	 2
wu	 2
ezen	 2
_vl	 2
vl	 2
_Ynz	 2
ær	 2
_dijn	 2
wt_	 2
_bui	 2
æk	 2
ter_	 2
ite	 2
alge	 2
zill	 2
tyd_	 2
t.	 2
Dou	 2
oks	 2
dd	 2
F	 2
dan_	 2
_De_	 2
ork	 2
reis	 2
wy_	 2
Tja	 2
wier	 2
dy'	 2
hte	 2
iste	 2
zer_	 2
_zill	 2
yn._	 2
okke	 2
_Sc	 2
hel	 2
em_	 2
rw	 2
_Ja	 2
mijn	 2
Ynze	 2
een_	 2
_Jori	 2
rm	 2
_tog_	 2
_Be	 2
keere	 2
_Is	 2
Yb	 2
pje	 2
_reis	 2
Jor	 2
_eer	 2
als	 2
Om	 2
eren	 2
sj	 2
tn	 2
ag_	 2
bu	 2
Wol_	 2
staa	 2
Ie	 2
niet_	 2
oeg	 2
ls_	 2
out	 2
nk_	 2
Is	 2
Schi	 2
uant	 2
ean	 2
rk_	 2
ler	 2
alg	 2
bl	 2
erm	 2
Wat	 2
Ja	 2
t?_	 2
wur	 2
â	 2
jk	 2
_men_	 2
_min	 2
_Wo	 2
q	 2
yn.	 2
wij	 2
aan!	 2
tje_	 2
inne,	 1
_lea	 1
lz	 1
ligt	 1
wagt	 1
vlak_	 1
wt;_	 1
_ste_	 1
ieve	 1
opje_	 1
_Koe_	 1
_voe	 1
tter	 1
jkwo	 1
roonj	 1
kjes_	 1
szen	 1
pt_	 1
af	 1
_wara	 1
rt;_	 1
_sneu	 1
zit_	 1
izen	 1
Vaar_	 1
_mij,	 1
Ia	 1
part;	 1
ânhæ	 1
na	 1
Oer	 1
tjo	 1
elle_	 1
B_	 1
faa	 1
ynt_	 1
id	 1
Krod	 1
_zee	 1
ye_	 1
_bry	 1
oezen	 1
a'n._	 1
fûn	 1
ij-	 1
Stæd	 1
traa	 1
_Man_	 1
rije_	 1
voo	 1
ieuw	 1
Jen_	 1
_Maa	 1
flad	 1
taon_	 1
trog_	 1
ipp	 1
zo_	 1
wra	 1
_St	 1
stut:	 1
Koo	 1
erem	 1
gge._	 1
at,	 1
ran	 1
gebod	 1
oeren	 1
moegl	 1
Dat_	 1
erl	 1
onj	 1
Me	 1
jæp	 1
nom_	 1
ôt_	 1
_plez	 1
bæ	 1
jenor	 1
_gud,	 1
forkr	 1
ens_	 1
_ple	 1
i;_	 1
escho	 1
lbon	 1
äf	 1
ærre	 1
ben_	 1
brill	 1
djerj	 1
Ryk_	 1
_moot	 1
tna	 1
_forw	 1
sla	 1
pel	 1
_vlak	 1
drill	 1
Pro	 1
_flap	 1
rje_	 1
bæn	 1
_Zu	 1
rouw	 1
_Naam	 1
slo	 1
rodma	 1
Zwiet	 1
Glaez	 1
k..	 1
eks	 1
Ybel	 1
elt	 1
dj	 1
wæe!	 1
laez	 1
rik	 1
hær	 1
eæp_	 1
zont	 1
bæn_	 1
imme_	 1
_brog	 1
erwo	 1
and	 1
Zulv	 1
hov	 1
woort	 1
_Hy	 1
_eltj	 1
_hoo	 1
Heere	 1
_see	 1
want_	 1
evog	 1
_kam	 1
eltj	 1
zey	 1
rts	 1
wyn.	 1
_ierr	 1
_Lâ	 1
Hoe	 1
_uw	 1
)_	 1
lak_	 1
erkee	 1
_jon	 1
rs!_	 1
dinge	 1
kwæe!	 1
wagtj	 1
groll	 1
laeze	 1
Sus	 1
ek..	 1
isze	 1
jeno	 1
soet	 1
ierr	 1
egly	 1
æep_	 1
telo	 1
et.	 1
gasp	 1
ir_	 1
oonj	 1
kb	 1
honk_	 1
an:	 1
sth	 1
Bakk	 1
trog	 1
_stud	 1
tno	 1
komt.	 1
yen?_	 1
Hoe_	 1
rdigh	 1
täf	 1
ef?_	 1
boer	 1
ofman	 1
_ro	 1
llyk	 1
oatz	 1
oegly	 1
kæep	 1
ebod	 1
ksthe	 1
ngst	 1
hra	 1
dezer	 1
Lâ	 1
_zin_	 1
moote	 1
_witt	 1
wel_	 1
oos.	 1
tinks	 1
Rein	 1
eid_	 1
Hy_	 1
vie	 1
sneu	 1
ds_	 1
ygev	 1
met	 1
ytt	 1
agti	 1
_want	 1
_Sn	 1
maot_	 1
Bou	 1
Zulve	 1
ienn	 1
_oos_	 1
mmer	 1
zyn.	 1
Li	 1
_kni	 1
_ik,	 1
Kuip-	 1
voor_	 1
_Goud	 1
Douw	 1
_Ik	 1
en)_	 1
ikke	 1
Liæu	 1
winn	 1
_vers	 1
iæ	 1
_gy_	 1
æd_	 1
jerre	 1
rokke	 1
rikj	 1
gg	 1
_vie	 1
_keæ	 1
Pas_	 1
oerli	 1
eeft	 1
heit_	 1
besti	 1
oerl	 1
disze	 1
_Re	 1
zim	 1
oel_	 1
vryge	 1
eerm	 1
_slot	 1
Mr._	 1
jead_	 1
nu_	 1
rns	 1
_alty	 1
_Ry	 1
jkw	 1
erwon	 1
rb	 1
_pl	 1
rdi	 1
sjoeg	 1
_jiet	 1
Jou	 1
ldzi	 1
_oos	 1
eden_	 1
ogst	 1
_kanj	 1
_dag	 1
barge	 1
get	 1
esc	 1
woe	 1
ben	 1
ybren	 1
_bro	 1
elzyn	 1
_Zoo	 1
_Sni	 1
igh	 1
ver,_	 1
pær	 1
âdder	 1
ouwt_	 1
ean.	 1
Jim	 1
giel	 1
Læef	 1
esl	 1
ijkwo	 1
rijt	 1
gy_	 1
Ee	 1
woed	 1
vree	 1
sijn	 1
iæu	 1
sjo	 1
jimm	 1
kig_	 1
lach	 1
_laen	 1
_Dy_	 1
_Jonk	 1
ellin	 1
Tjea	 1
pik	 1
dr	 1
_dou	 1
_æe	 1
ern	 1
heale	 1
itsj	 1
j-	 1
erste	 1
seks	 1
_Gu	 1
Su	 1
ister	 1
ksth	 1
Gud	 1
pær:_	 1
_bees	 1
_Dy	 1
_fû	 1
Oos	 1
ijkw	 1
k,_	 1
bery	 1
nei.	 1
tjes_	 1
aam.	 1
_Bak	 1
rol	 1
lyke	 1
oell	 1
want	 1
ape,	 1
ken)_	 1
nnen	 1
lbo	 1
ean._	 1
_Krod	 1
Ik	 1
eijen	 1
gesl	 1
gstig	 1
gas	 1
ippe	 1
loos	 1
rli	 1
lot?_	 1
oan	 1
_ea	 1
ery_	 1
lers!	 1
hijve	 1
_ja_	 1
_Rein	 1
aspt	 1
wyn._	 1
stik	 1
tb	 1
-ji	 1
itze_	 1
lly	 1
_wol;	 1
oe,_	 1
_gas	 1
estie	 1
moet	 1
jouw	 1
it?	 1
jier_	 1
egen_	 1
_toa	 1
krij	 1
vird	 1
_Iene	 1
_dog_	 1
mei;	 1
ryge	 1
a!	 1
_toa_	 1
elok	 1
re,	 1
Kne	 1
urk_	 1
nt,_	 1
_uwt	 1
pper	 1
isz	 1
eamd	 1
npo	 1
ebode	 1
_toe	 1
urjen	 1
koes_	 1
toon	 1
tie	 1
igge.	 1
dey_	 1
ren,_	 1
dag_	 1
elbo	 1
_lokw	 1
aitze	 1
geb	 1
_lyts	 1
disse	 1
tmans	 1
dman	 1
_âd	 1
din	 1
_â	 1
_zyt	 1
lyt	 1
ver,	 1
_Zoon	 1
yen.	 1
_Op	 1
soet,	 1
_zyn.	 1
pi	 1
aspt_	 1
uug_	 1
mij,_	 1
hrand	 1
_eak	 1
rav	 1
dde_	 1
gtig_	 1
_bryk	 1
ark_	 1
nomt	 1
Jonk	 1
k...	 1
etell	 1
ankbr	 1
ers!	 1
Plat	 1
tao	 1
'e	 1
_dey	 1
hat_	 1
uug	 1
enni	 1
groen	 1
kbr	 1
roed	 1
roo	 1
ooft_	 1
ankb	 1
_soe_	 1
os._	 1
n.-	 1
an._	 1
wæe!_	 1
haft_	 1
hrieu	 1
tnomt	 1
vog	 1
_tje	 1
eget_	 1
oant_	 1
ollen	 1
_Hao_	 1
æeng	 1
oek_	 1
oud	 1
overw	 1
uip-	 1
_eere	 1
_ally	 1
Sjoe	 1
Kopj	 1
ærre_	 1
rwon	 1
oete	 1
Benn	 1
Vaa	 1
lezi	 1
rl	 1
i.	 1
_Stæ	 1
_lyen	 1
_regt	 1
joa	 1
_Pr	 1
_Pa	 1
tsjen	 1
_bee	 1
ren_	 1
Ianke	 1
eerem	 1
_welz	 1
besch	 1
ijkj	 1
winsk	 1
sw	 1
ont,	 1
_kan	 1
lger	 1
pe_	 1
laste	 1
_sjo	 1
eef	 1
elle	 1
Rei	 1
troon	 1
ntna	 1
_ijnp	 1
md	 1
ende_	 1
iete	 1
_bra	 1
_der	 1
folle	 1
Tink_	 1
_krig	 1
deze	 1
bbe_	 1
Stæd_	 1
rod	 1
linge	 1
_Jou_	 1
vir	 1
_Bout	 1
pik_	 1
_joa	 1
_alge	 1
æd	 1
wan	 1
_Oos_	 1
ij,	 1
_gehe	 1
toe,	 1
wonn	 1
wat_	 1
_kape	 1
krijg	 1
_part	 1
Tjead	 1
brie	 1
äft	 1
_Kui	 1
Jonke	 1
giel_	 1
mme_	 1
ers_	 1
_Bysl	 1
elli	 1
Wi_	 1
Toe	 1
_Der'	 1
_Vol	 1
eis,_	 1
_ytte	 1
reis,	 1
wæe	 1
odm	 1
neamd	 1
yts	 1
_Hoe	 1
'in_	 1
uns_	 1
Iet	 1
eve_	 1
anke.	 1
_Man	 1
Naa	 1
_knib	 1
fûn_	 1
theal	 1
Dy_	 1
_zeer	 1
zeld	 1
ytse	 1
Bout_	 1
zeag	 1
its	 1
rge	 1
ut:	 1
tean	 1
Krodm	 1
_nei	 1
g'	 1
_By	 1
æar	 1
_gy	 1
aits	 1
jtte	 1
_haft	 1
eltjo	 1
ebo	 1
hou	 1
_kwæe	 1
iel	 1
jerr	 1
ast	 1
chri	 1
tut	 1
hri	 1
_Zul	 1
_sche	 1
_omro	 1
iz	 1
waait	 1
ot?	 1
_litt	 1
vogte	 1
_Vr	 1
_Gou	 1
æef	 1
ev_	 1
naa	 1
hipp	 1
orts_	 1
eer?	 1
sneun	 1
mde	 1
_zit_	 1
en!	 1
stall	 1
_Een_	 1
tred	 1
_lig	 1
_Dij	 1
_wæss	 1
_troo	 1
tjerr	 1
gehe	 1
erlis	 1
thea	 1
apik	 1
_waai	 1
udjer	 1
eker_	 1
_pær	 1
eij	 1
stra	 1
wiet	 1
zyt_	 1
_pôt	 1
_hovi	 1
warag	 1
_zyt_	 1
oert	 1
iszen	 1
_het;	 1
dje	 1
Fest_	 1
igst_	 1
eele	 1
vry	 1
stud	 1
ven._	 1
s!	 1
æar_	 1
uwt;_	 1
zet	 1
_Naa	 1
_kamm	 1
....	 1
je,_	 1
uu	 1
ono	 1
wara	 1
_Go	 1
_nei.	 1
forwo	 1
welzy	 1
wee	 1
dag	 1
_wie_	 1
woo	 1
_jaa	 1
ierre	 1
igg	 1
uchte	 1
acht_	 1
okwi	 1
chijv	 1
nkbr	 1
hark	 1
ad_	 1
libb	 1
eds	 1
dman_	 1
ibbel	 1
laa	 1
Koe	 1
wol;_	 1
_kwæ	 1
dder_	 1
Sjo	 1
troo	 1
sted	 1
nei	 1
rtrok	 1
_kn	 1
_wat_	 1
_sn	 1
ter:	 1
_liev	 1
pel_	 1
y,_	 1
_groe	 1
raod	 1
vorke	 1
jend	 1
_Iet	 1
_ligt	 1
_Voll	 1
kamm	 1
llin	 1
ally	 1
Briet	 1
aalg	 1
ren?_	 1
nne,_	 1
stig_	 1
_nij	 1
oit	 1
foe	 1
_joa_	 1
udj	 1
oet.	 1
bbel	 1
alen	 1
_Fein	 1
ei._	 1
nks	 1
aste	 1
Js	 1
stoon	 1
bry	 1
nhæ	 1
moel	 1
_lief	 1
lger_	 1
mder	 1
woor	 1
wurk_	 1
vle	 1
nitz	 1
erd	 1
erje_	 1
anj	 1
etten	 1
_elt	 1
onnen	 1
aaren	 1
litt	 1
sn	 1
oene_	 1
sekst	 1
hji	 1
_fûn_	 1
ut:_	 1
eag	 1
Voort	 1
(Fe	 1
ljen.	 1
me_	 1
nker	 1
pæa	 1
jim	 1
nsc	 1
_gasp	 1
_oatz	 1
hoof	 1
wrao	 1
_weiz	 1
re,_	 1
vers	 1
_las	 1
geme	 1
rnstä	 1
zeldz	 1
sthea	 1
aez	 1
_wess	 1
lean,	 1
_mao	 1
ted	 1
iuwt_	 1
_krij	 1
_Kou	 1
hien	 1
oer_	 1
_'er	 1
la'n.	 1
Koe_	 1
_wei_	 1
iepp	 1
gebo	 1
_Dou_	 1
lver_	 1
reeg	 1
_moel	 1
Gek.	 1
ijtte	 1
jtman	 1
ronom	 1
jir	 1
ren?	 1
kje,	 1
eave_	 1
raktj	 1
hat	 1
kker_	 1
ang_	 1
Maar_	 1
Kou	 1
Sn	 1
_gel	 1
ves	 1
_stik	 1
joerd	 1
rig_	 1
_Kr	 1
-heb	 1
ezier	 1
omron	 1
eamde	 1
part	 1
fa	 1
chra	 1
pær:	 1
_rono	 1
_mar	 1
eek	 1
Dy	 1
zet,_	 1
Ja!_	 1
ontu	 1
jiet_	 1
_Ryk_	 1
.._	 1
Gou	 1
_foe	 1
Japi	 1
ief-h	 1
taat;	 1
Zo	 1
hea	 1
_voo	 1
zond	 1
_alg	 1
roed_	 1
_zond	 1
_Sil	 1
gste_	 1
vlean	 1
ber	 1
Oerbo	 1
haal_	 1
_seek	 1
äfti	 1
ht_	 1
haf	 1
_Maar	 1
aak_	 1
gy	 1
w_	 1
etter	 1
jiet	 1
roll	 1
_staa	 1
tal	 1
bonk	 1
_Veer	 1
okwin	 1
ijtma	 1
ân	 1
vaart	 1
Gr	 1
_Ja!_	 1
tien_	 1
_bete	 1
_eene	 1
_maak	 1
Benni	 1
_nea	 1
jaa	 1
mans	 1
nkst	 1
ven	 1
ken.	 1
_Benn	 1
_moon	 1
barre	 1
iel_	 1
_stea	 1
nke.	 1
jtma	 1
wol;	 1
Gu	 1
at;	 1
_Kro	 1
ammen	 1
_Zwie	 1
winne	 1
ienne	 1
an:_	 1
tall	 1
_lijk	 1
wiete	 1
emee	 1
hoo	 1
_gee	 1
aitsj	 1
last	 1
ppe,_	 1
ach	 1
hærr	 1
jong	 1
eldz	 1
harr	 1
ftig	 1
art;_	 1
_Snit	 1
Naam_	 1
oorr	 1
singe	 1
erem_	 1
aate	 1
Goud_	 1
itjes	 1
eslac	 1
lat	 1
ot_	 1
Boere	 1
jven	 1
aaits	 1
ud,_	 1
nomt_	 1
mr	 1
_hat_	 1
arag	 1
rogt	 1
_Nei	 1
ltjor	 1
yn;	 1
_flad	 1
taan!	 1
ligte	 1
tuug_	 1
te!_	 1
ezer	 1
_erns	 1
_is;	 1
fy,	 1
sne	 1
pr	 1
Mar_	 1
ean,_	 1
en.-_	 1
hebb	 1
_Jon	 1
bonke	 1
Di	 1
_vier	 1
aktj	 1
roen	 1
kigs	 1
_pôt_	 1
_Sus	 1
ke.	 1
_æeng	 1
ieri	 1
wit_	 1
æu	 1
_ôf_	 1
_Ti	 1
sis	 1
_Di	 1
k....	 1
nibb	 1
Hij_	 1
Pl	 1
g'in	 1
æn	 1
harre	 1
boere	 1
tman	 1
kwæ	 1
rg	 1
_wurk	 1
gien	 1
_Liæu	 1
vaar	 1
Lam_	 1
wurd	 1
ijven	 1
_Koe	 1
spt_	 1
ip-st	 1
orts	 1
zee	 1
Iu	 1
eave	 1
boltj	 1
ogt_	 1
str	 1
sze	 1
aft	 1
gtje_	 1
er's	 1
erbon	 1
dig	 1
_ontu	 1
dm	 1
geef	 1
_ves	 1
lig	 1
omt.	 1
oud_	 1
_Iurj	 1
liss	 1
onk_	 1
rono	 1
zey_	 1
rouwe	 1
_will	 1
esla	 1
oet,_	 1
tedsc	 1
_stut	 1
_Zulv	 1
yn;_	 1
apik_	 1
tte!_	 1
grol	 1
_Toez	 1
_dou_	 1
hon	 1
zyt	 1
brave	 1
erre_	 1
bra	 1
jor_	 1
akker	 1
jir_	 1
ofm	 1
_uit	 1
Feint	 1
stoo	 1
_Iet_	 1
opj	 1
rh	 1
ij-j	 1
krigg	 1
ek...	 1
Der's	 1
is,_	 1
_Zo	 1
sis_	 1
ang	 1
nei._	 1
ygevo	 1
_oerl	 1
lit	 1
eri	 1
ppe,	 1
ntbæ	 1
_Zwi	 1
ytse_	 1
Breid	 1
Lânh	 1
rbo	 1
gisi	 1
swiep	 1
ebber	 1
Volle	 1
_ue	 1
Ver	 1
Guds_	 1
_hij	 1
Snit	 1
yke_	 1
naam.	 1
_Iank	 1
âdd	 1
kryen	 1
chrie	 1
ne,	 1
eist	 1
edsc	 1
hte_	 1
ierst	 1
Mar	 1
ontb	 1
_laai	 1
pu	 1
oitje	 1
Ybe_	 1
_nim.	 1
_Ybe_	 1
_zey_	 1
ovi	 1
schi	 1
_mar_	 1
æef?	 1
_Jap	 1
Oos_	 1
Op	 1
aat;	 1
we,	 1
Kou_	 1
_Douw	 1
_dri	 1
zens	 1
tre	 1
lye	 1
fen_	 1
_Ja!	 1
ap_	 1
straa	 1
_Bre	 1
eren?	 1
tnaam	 1
gtje	 1
kwin	 1
dsche	 1
oenne	 1
dder	 1
_wijt	 1
ara	 1
weet_	 1
stä	 1
zilt_	 1
_ik,_	 1
ijnp	 1
jnpos	 1
ol;	 1
ryeg_	 1
_fûn	 1
_sw	 1
it!	 1
ling	 1
_Vaar	 1
etert	 1
Lânhæ	 1
-h	 1
egl	 1
kæ	 1
_hei	 1
ote	 1
pôt	 1
Bysli	 1
Dat	 1
ke._	 1
oofma	 1
las	 1
uch	 1
beest	 1
rave_	 1
ren.-	 1
ouwe,	 1
trede	 1
j-j	 1
iuw	 1
Tin	 1
_Hy_	 1
bolt	 1
_Pl	 1
As_	 1
meije	 1
honk	 1
euwe	 1
_wa_	 1
k!	 1
-s	 1
voor	 1
wins	 1
lap_	 1
adde	 1
lisse	 1
_Js_	 1
Een_	 1
ld	 1
Gri	 1
Nei_	 1
eæ	 1
_Ia	 1
eid	 1
_kap	 1
zaalg	 1
imp	 1
r!_	 1
eit!	 1
waan_	 1
ip_	 1
kwol_	 1
omt._	 1
_Ik_	 1
Ian	 1
orsto	 1
_lyt	 1
Vee	 1
igte_	 1
kro	 1
nim	 1
Toez	 1
_(F	 1
_Tink	 1
_zeld	 1
ntb	 1
zit	 1
keæp	 1
_laa	 1
ghe	 1
gl	 1
jkj	 1
_Guds	 1
oden_	 1
ooi	 1
regt	 1
f-	 1
we,_	 1
bel_	 1
_waar	 1
gtig	 1
stäft	 1
ntnom	 1
yg	 1
er!_	 1
_pô	 1
ssen_	 1
erke;	 1
_Su	 1
agtje	 1
mt._	 1
_E_	 1
oer!	 1
aalge	 1
schte	 1
met_	 1
oes	 1
zyn._	 1
lacht	 1
_kjæp	 1
_harr	 1
_'e	 1
onom_	 1
yke	 1
wonne	 1
gehei	 1
hout	 1
tjes	 1
_lang	 1
tbæ	 1
mij,	 1
ktjer	 1
an,	 1
lief-	 1
nist	 1
_slo	 1
kam	 1
_ontb	 1
jerke	 1
het;_	 1
eel	 1
_Gek.	 1
brav	 1
_gis	 1
_oonn	 1
id_	 1
we;	 1
wonde	 1
jead	 1
maak	 1
ender	 1
Ien	 1
stut	 1
_Lam	 1
kkig_	 1
_har_	 1
erbo	 1
zyn;	 1
ruch	 1
_zek_	 1
betel	 1
oes_	 1
_Ta	 1
_La	 1
mooi	 1
un	 1
chte_	 1
wag	 1
wess	 1
_besc	 1
pæar	 1
fm	 1
_wat	 1
amm	 1
_toe,	 1
ryen	 1
oerd_	 1
rwoed	 1
laai	 1
_æen	 1
trij	 1
goenn	 1
keæp_	 1
t:_	 1
oatze	 1
rygev	 1
ip-s	 1
tuu	 1
bli	 1
en)	 1
_mes	 1
_kro	 1
_wond	 1
_verk	 1
too	 1
æss	 1
_Ta_	 1
Mei_	 1
en!_	 1
moot	 1
ijv	 1
ontno	 1
Ban	 1
zeag_	 1
Vru	 1
gevog	 1
ef-h	 1
ieu	 1
jv	 1
neun	 1
onge	 1
aan:_	 1
Iank	 1
mes	 1
blij	 1
_fy,	 1
engst	 1
barg	 1
Zwi	 1
aitz	 1
_wit_	 1
ij,_	 1
fette	 1
Wy_	 1
_zyn	 1
tzer	 1
ânh	 1
_Y_	 1
litte	 1
itj	 1
aod	 1
rolle	 1
giene	 1
irdi	 1
_F	 1
Zil_	 1
_Stæd	 1
sthe	 1
ouwe	 1
Wyb	 1
nibbe	 1
ees	 1
_keæp	 1
kker	 1
jaan:	 1
_koes	 1
foll	 1
dighe	 1
ate_	 1
ladde	 1
_sim	 1
er,	 1
-_	 1
Glae	 1
oors	 1
Lam	 1
aren	 1
faam	 1
bren,	 1
th	 1
Liæuw	 1
esch	 1
allyk	 1
_B_	 1
_nou_	 1
_so_	 1
i;	 1
_uit_	 1
eker	 1
erha	 1
oot	 1
O_	 1
_ron	 1
hovi	 1
_fol_	 1
_pulv	 1
_y_	 1
ikj	 1
tean.	 1
ren,	 1
Vol	 1
_Iur	 1
pper_	 1
wille	 1
_Ha	 1
jon	 1
Tink	 1
stien	 1
_ôf	 1
kwe	 1
riet	 1
Voo	 1
_Sil_	 1
ytte	 1
adde_	 1
eft_	 1
_ga	 1
abbe!	 1
orkr	 1
_Ji	 1
âd	 1
teg	 1
kwins	 1
gee	 1
disz	 1
bin	 1
lling	 1
f-he	 1
udje	 1
ogte	 1
er?_	 1
erh	 1
_pær:	 1
jve	 1
_Ho	 1
_jaan	 1
gst_	 1
fû	 1
eag_	 1
bro	 1
zie	 1
ikken	 1
tzens	 1
_boe	 1
bben	 1
f?	 1
libbe	 1
pa	 1
Kn	 1
lgeme	 1
moeg	 1
rre,	 1
kwo	 1
agtj	 1
_der_	 1
zeer_	 1
ofwin	 1
ogste	 1
_vaa	 1
_Liæ	 1
neam	 1
okw	 1
ug_	 1
fma	 1
atze	 1
_lett	 1
aeze	 1
faam_	 1
chtel	 1
_zokk	 1
Jimm	 1
yge	 1
zin	 1
Hee	 1
nscht	 1
r!	 1
_jou_	 1
ennis	 1
_tri	 1
tin	 1
euwe;	 1
lytse	 1
rak	 1
ontbæ	 1
_wij_	 1
ensch	 1
_Gi	 1
_ble	 1
akk	 1
rbont	 1
_Bou	 1
algem	 1
ftig_	 1
lyts	 1
_wee	 1
_giel	 1
eerma	 1
plez	 1
aaitz	 1
er'	 1
ans_	 1
skjen	 1
oorts	 1
Ybel_	 1
eeft_	 1
llyke	 1
kanj	 1
zet,	 1
_no_	 1
'n._	 1
ans	 1
kjæp	 1
akt	 1
ezi	 1
im_	 1
orwoe	 1
rjen.	 1
_bis	 1
uc	 1
over_	 1
ucht	 1
æpje	 1
_Mr.	 1
Gla	 1
anje_	 1
'n.	 1
joa_	 1
ragt	 1
.-_	 1
rodm	 1
_pul	 1
_hij_	 1
æep	 1
_fy	 1
er's_	 1
joer	 1
kjen	 1
emeen	 1
lot	 1
ieter	 1
-str	 1
igte	 1
zieri	 1
dey	 1
rhaal	 1
ryk!	 1
_Gek	 1
stig	 1
wraod	 1
uis_	 1
ryg	 1
ieve_	 1
ge.	 1
ytte!	 1
vier	 1
_Gr	 1
rigge	 1
tnaa	 1
rste_	 1
eit!_	 1
at;_	 1
tik	 1
jo_	 1
np	 1
rge_	 1
bet	 1
ofw	 1
_ty	 1
plezi	 1
ele_	 1
_ofw	 1
iers	 1
_tyd_	 1
rave	 1
fet	 1
_ier	 1
_zaal	 1
cht_	 1
aktje	 1
sjen	 1
itje	 1
Bout	 1
per_	 1
_Wyb	 1
mpel	 1
rwoe	 1
oe,	 1
lak	 1
aart	 1
htel	 1
_Kneg	 1
_Hee	 1
rand	 1
_sis_	 1
gge.	 1
je:_	 1
sp	 1
_Mar	 1
_Zis_	 1
_pra	 1
zin_	 1
Sni	 1
s;_	 1
Læef?	 1
onje:	 1
eal	 1
rande	 1
heal	 1
eglyk	 1
_Ne	 1
oft	 1
_Jen_	 1
olt	 1
_gu	 1
rnst	 1
Jou_	 1
Der'	 1
moon_	 1
ouw_	 1
pôt_	 1
onge_	 1
Sil	 1
pra	 1
erig	 1
eeke	 1
oegl	 1
goed_	 1
oos._	 1
_praa	 1
_ding	 1
_fet	 1
dzi	 1
Mr.	 1
_nim	 1
nou_	 1
_la'	 1
Proe	 1
trakt	 1
lzyn;	 1
er:	 1
ôf_	 1
_Bep	 1
rogt_	 1
stea	 1
vla	 1
Va	 1
ijve	 1
os.	 1
at,_	 1
elzy	 1
soe_	 1
besc	 1
r?_	 1
_hj	 1
simp	 1
rijg_	 1
Een	 1
orkry	 1
gud,	 1
Bak	 1
Ji	 1
kni	 1
Si	 1
(F	 1
_Na	 1
jæ	 1
riev_	 1
_zet,	 1
Hy	 1
ryen?	 1
lokw	 1
staan	 1
ik,	 1
nij	 1
Mr	 1
negt_	 1
_Bank	 1
nskje	 1
_Ban	 1
_heel	 1
verke	 1
er,_	 1
wurk	 1
krig	 1
i._	 1
min_	 1
ær:	 1
_Ku	 1
tsje	 1
wyn	 1
krikj	 1
_hoof	 1
nt,	 1
_el	 1
Snitz	 1
ntu	 1
slot?	 1
ldz	 1
nis	 1
Goud	 1
eis,	 1
_Want	 1
gisin	 1
ooft	 1
Nei	 1
_simp	 1
lieve	 1
gaspt	 1
seek	 1
_omr	 1
nde_	 1
_Oe	 1
Boer!	 1
loo	 1
_Gri	 1
ha_	 1
npos	 1
elb	 1
bren	 1
tea	 1
_Wi_	 1
dri	 1
ragti	 1
Oerb	 1
_neam	 1
oant	 1
_Gla	 1
nje:	 1
æn_	 1
onker	 1
ird	 1
aart_	 1
_zei_	 1
dez	 1
_met_	 1
E_	 1
ark	 1
glyk_	 1
gis	 1
_zo_	 1
eet	 1
eldzi	 1
oonje	 1
Læe	 1
_Kop	 1
_bli	 1
is,	 1
sjoe	 1
täft	 1
ef-he	 1
kbri	 1
rou	 1
_Zil_	 1
Gi	 1
r'	 1
Jon	 1
bbelb	 1
_ynt_	 1
glyk	 1
liev	 1
r,	 1
_soet	 1
hout_	 1
eme	 1
Hij	 1
jien_	 1
_'er_	 1
ein_	 1
_Jimm	 1
_fa	 1
verwo	 1
neg	 1
gemee	 1
Vaar	 1
_Kuip	 1
_Vaa	 1
urd_	 1
aft_	 1
-jie	 1
te!	 1
hip_	 1
fman	 1
tjor	 1
naam	 1
dzim_	 1
_zin	 1
_barg	 1
kste_	 1
mao	 1
aare	 1
Iurj	 1
uis	 1
onom	 1
taon	 1
esti	 1
_moeg	 1
oort_	 1
moell	 1
_Si	 1
eljen	 1
_fork	 1
per	 1
_pæar	 1
_geb	 1
_wens	 1
rem	 1
s,	 1
ovird	 1
_lye	 1
iste_	 1
regt_	 1
_kjæ	 1
sz	 1
ot?_	 1
brogt	 1
_seks	 1
haal	 1
gel	 1
_sti	 1
ke;	 1
la'n	 1
oet,	 1
ehei	 1
-stra	 1
waare	 1
be!_	 1
ijtm	 1
irdig	 1
rede	 1
_kæ	 1
_tra	 1
kste	 1
ogte_	 1
chon	 1
kroed	 1
voet	 1
nou	 1
_gebo	 1
ol;_	 1
_won	 1
lt_	 1
woed_	 1
roek	 1
æpj	 1
l;_	 1
inge_	 1
vest_	 1
praat	 1
omr	 1
swi	 1
riet_	 1
Voll	 1
heit!	 1
euw	 1
vryg	 1
arg	 1
nh	 1
_all	 1
j,_	 1
red	 1
nkbri	 1
belbo	 1
reid_	 1
_Bakk	 1
bee	 1
flap_	 1
eter	 1
Ben	 1
oitj	 1
add	 1
_Ee	 1
Ho	 1
heis	 1
art_	 1
kryeg	 1
gem	 1
eav	 1
ysl	 1
ij-ji	 1
wr	 1
jen_	 1
Hao_	 1
jnp	 1
euns	 1
barr	 1
joeg	 1
kan	 1
forst	 1
onken	 1
essen	 1
Go	 1
wij_	 1
nkste	 1
ensc	 1
itzer	 1
stäf	 1
ik,_	 1
sim	 1
ryeg	 1
rakt	 1
nnist	 1
_vork	 1
a'n.	 1
_zont	 1
reid	 1
As	 1
s!_	 1
gelo	 1
teloo	 1
vlak	 1
To	 1
Maar	 1
rste	 1
ron_	 1
j-jie	 1
toa	 1
_Gud	 1
sto	 1
foel	 1
knib	 1
_binn	 1
_moet	 1
neuns	 1
men,_	 1
Wybre	 1
izen_	 1
an,_	 1
_vree	 1
ouwt	 1
ntuug	 1
ont,_	 1
maak_	 1
isi	 1
tjerk	 1
's_	 1
yk!	 1
_hie_	 1
alle_	 1
skje	 1
dril	 1
_barr	 1
gevo	 1
hiene	 1
ke;_	 1
art;	 1
uwe;	 1
ven.	 1
ry_	 1
tert	 1
_dey_	 1
meij	 1
maot	 1
jier	 1
hijv	 1
Iurje	 1
_Toe	 1
raod_	 1
k.	 1
pul	 1
pulv	 1
gesla	 1
rstoo	 1
trije	 1
Iene	 1
bod	 1
_Vruc	 1
ssen	 1
ander	 1
post	 1
_kj	 1
_wyn.	 1
Zoon_	 1
amd	 1
meen	 1
eno	 1
_Læ	 1
nim.	 1
vre	 1
chipp	 1
war	 1
_Mei_	 1
eun	 1
rkr	 1
ust	 1
fork	 1
zaal	 1
Na	 1
_âdde	 1
uit_	 1
_tink	 1
Ha	 1
f-heb	 1
ost_	 1
_fy,_	 1
_met	 1
_ti	 1
so_	 1
_Sj	 1
anje	 1
wea	 1
lers_	 1
staon	 1
__	 1
Zw	 1
dzim	 1
tä	 1
jkwol	 1
er!	 1
hrie	 1
stal	 1
oer!_	 1
mron_	 1
rstao	 1
iu	 1
_Oo	 1
gtj	 1
aot_	 1
trak	 1
oend	 1
ijg_	 1
taat	 1
ijkje	 1
_Jim	 1
_jie	 1
hij_	 1
_Fei	 1
rhaa	 1
onje	 1
uds	 1
igt	 1
forr	 1
it?_	 1
_bist	 1
_Voor	 1
ibben	 1
neu	 1
Verm	 1
tzer_	 1
Zis_	 1
uns	 1
rkrye	 1
lot?	 1
Vruc	 1
aon	 1
_Bys	 1
mmen	 1
_daar	 1
_g'i	 1
hæ	 1
_woor	 1
chou	 1
æuw	 1
orw	 1
wiep	 1
lzyn	 1
_mei;	 1
_Læef	 1
Bre	 1
erns	 1
tbæn	 1
_hem_	 1
_oan	 1
lezie	 1
lief	 1
eene	 1
_Ybel	 1
_Me	 1
nitze	 1
ert_	 1
nken	 1
_war	 1
rem_	 1
eloo	 1
kt	 1
minsk	 1
ezie	 1
mmen,	 1
jven.	 1
p-s	 1
eppe,	 1
trok	 1
meen,	 1
_trou	 1
wes	 1
Pa	 1
illen	 1
fman_	 1
eizen	 1
aen.	 1
eksth	 1
Heer	 1
_Je_	 1
nit	 1
oelle	 1
uwe,	 1
_or	 1
swie	 1
gly	 1
toa_	 1
.-	 1
_jim	 1
leiuw	 1
_min_	 1
_reg	 1
Brie	 1
ldzim	 1
-j	 1
_dril	 1
Vr	 1
ery	 1
zens_	 1
ije_	 1
eest	 1
t!_	 1
_wag	 1
ize	 1
lean	 1
ynt	 1
jg_	 1
bont,	 1
yen._	 1
bis	 1
_inne	 1
_g'in	 1
_Mr	 1
r.	 1
_Iu	 1
ilt	 1
eke	 1
s;	 1
leiu	 1
Man	 1
igst	 1
eiste	 1
ppe_	 1
_sj	 1
_sijn	 1
_Tje	 1
et._	 1
_Koo	 1
_zel	 1
_Wybr	 1
sje	 1
verh	 1
hjir_	 1
sk_	 1
_goen	 1
_swi	 1
no_	 1
uwe_	 1
Koofm	 1
tut:_	 1
tien	 1
sjend	 1
zont_	 1
_Gl	 1
_Koof	 1
ek.	 1
_Gie	 1
_fors	 1
blijk	 1
lad	 1
nst	 1
eak	 1
ghei	 1
_Hij_	 1
_vryg	 1
p-st	 1
roene	 1
daar_	 1
igs	 1
inskj	 1
_krik	 1
Ta	 1
ues_	 1
nea	 1
Bys	 1
ead	 1
oertr	 1
Jimme	 1
lin	 1
_Tin	 1
oeg_	 1
wond	 1
urk	 1
_vlea	 1
_disz	 1
tsj	 1
_Hao	 1
kjes	 1
lette	 1
lyen	 1
rikje	 1
lb	 1
_Oerb	 1
_fett	 1
æef?_	 1
zen!	 1
_fen	 1
_dez	 1
Iet_	 1
raate	 1
_woo	 1
(Fes	 1
zeer	 1
trouw	 1
Giet_	 1
aal_	 1
lez	 1
urd	 1
ofwi	 1
_yt_	 1
rlis	 1
ke_	 1
Fein	 1
æp_	 1
riev	 1
Læ	 1
rstaa	 1
_ues_	 1
kæep_	 1
aren.	 1
oere_	 1
ors_	 1
oten_	 1
Gie	 1
are	 1
lver,	 1
_lae	 1
oorre	 1
mpel_	 1
orkee	 1
_sjoe	 1
Knegt	 1
digh	 1
laait	 1
_sis	 1
hærre	 1
hebbe	 1
Hi	 1
uster	 1
jienn	 1
ge._	 1
fti	 1
_zea	 1
_(Fe	 1
ealen	 1
arge	 1
oi	 1
zek_	 1
_wil	 1
'i	 1
ue	 1
aragt	 1
wesse	 1
eene_	 1
_gesl	 1
a!_	 1
e:_	 1
tnom	 1
schra	 1
rha	 1
zier	 1
ple	 1
ijg	 1
sing	 1
nstäf	 1
ntuu	 1
Zis	 1
etel	 1
æa	 1
Zil	 1
_Grij	 1
Ja!	 1
_forr	 1
pæar_	 1
ist_	 1
eit?	 1
par	 1
liep	 1
je,	 1
Bakke	 1
alt	 1
_Lânh	 1
fy	 1
blei	 1
ebbe	 1
_vla	 1
Op_	 1
lijkw	 1
steds	 1
_sij	 1
rkry	 1
ebb	 1
fors	 1
lijkj	 1
_ofwi	 1
n)	 1
_hji	 1
edsch	 1
wat	 1
bol	 1
is;_	 1
krye_	 1
sijn_	 1
Suste	 1
nij-j	 1
fwinn	 1
gu	 1
iæuw	 1
Mei	 1
er?	 1
oende	 1
Pla	 1
keæ	 1
spt	 1
_Mar_	 1
tudje	 1
vorst	 1
yslie	 1
fwin	 1
igge	 1
reege	 1
urj	 1
_teg	 1
_zet	 1
_oend	 1
_Op_	 1
d,	 1
_trog	 1
eest_	 1
n:_	 1
eiz	 1
bryk	 1
Oe	 1
æs	 1
rtro	 1
_vors	 1
mpe	 1
we_	 1
Heit?	 1
_kæe	 1
Ne	 1
mmer_	 1
uip-s	 1
ofma	 1
ink_	 1
forw	 1
_oer_	 1
_bril	 1
ger_	 1
fladd	 1
a'	 1
aam._	 1
_gien	 1
daar	 1
leav	 1
rke;_	 1
uwt;	 1
ud_	 1
_meij	 1
eiuwt	 1
pt	 1
eer?_	 1
ren.	 1
-st	 1
eer_	 1
chran	 1
oenn	 1
Bankb	 1
Verma	 1
_wr	 1
anke	 1
ts_	 1
ken)	 1
oez	 1
_hee	 1
(	 1
ean,	 1
ead_	 1
_Pla	 1
ruc	 1
Grij	 1
oene	 1
_wes	 1
_pr	 1
jæpj	 1
vreeg	 1
eppe_	 1
_Tjea	 1
erre,	 1
dz	 1
gste	 1
an.	 1
koes	 1
ngs	 1
welz	 1
erje	 1
_jong	 1
Wan	 1
la'	 1
_leav	 1
_Ryk	 1
mei;_	 1
joeg_	 1
_Brei	 1
_maot	 1
-hebb	 1
ipper	 1
Kro	 1
alty	 1
_oor_	 1
Kopje	 1
fw	 1
scht	 1
_la'n	 1
orke	 1
oerd	 1
bleiu	 1
_bol	 1
amder	 1
npost	 1
lbonk	 1
_oert	 1
aate_	 1
aste_	 1
ntnaa	 1
_gelo	 1
_Wij	 1
Dij_	 1
_oors	 1
_tjer	 1
ekst	 1
let	 1
_uis	 1
ä	 1
_tred	 1
jtm	 1
kanje	 1
Vruch	 1
heele	 1
eije	 1
æe!	 1
_Glae	 1
jtt	 1
laen.	 1
ei.	 1
_ern	 1
hooft	 1
mee	 1
wil	 1
ijnpo	 1
_ijn_	 1
nkb	 1
_vest	 1
mins	 1
Japik	 1
_Giet	 1
post_	 1
Sust	 1
bber	 1
tegen	 1
_voet	 1
dou	 1
heel	 1
hem	 1
tm	 1
ga	 1
will	 1
_oen	 1
niet;	 1
ers!_	 1
_sted	 1
's	 1
eld	 1
kjæpj	 1
_diss	 1
ijeno	 1
atzen	 1
_oorr	 1
lyk_	 1
_din	 1
lang_	 1
kwol	 1
_deze	 1
nke._	 1
_tyd	 1
een,_	 1
_Mei	 1
moon	 1
toonn	 1
fwi	 1
Fei	 1
_uwt;	 1
_blij	 1
verk	 1
_Japi	 1
Kui	 1
dma	 1
stikk	 1
_vle	 1
rts_	 1
ip-	 1
gud,_	 1
oltje	 1
zim_	 1
_(	 1
traat	 1
_ynt	 1
_gisi	 1
orsta	 1
jkjes	 1
gud	 1
nni	 1
het;	 1
roon	 1
studj	 1
zen!_	 1
hj	 1
Kr	 1
kroe	 1
eh	 1
r,_	 1
æsse_	 1
tut:	 1
ei;	 1
simpe	 1
n:	 1
ape,_	 1
gheit	 1
elbon	 1
tikk	 1
_mes_	 1
pos	 1
ijtt	 1
jæpje	 1
wæs	 1
am.	 1
ger	 1
zilt	 1
ter:_	 1
raat,	 1
waan!	 1
altyd	 1
lyke_	 1
_wæs	 1
Kneg	 1
binne	 1
negt	 1
_tre	 1
Jen	 1
zaa	 1
Dou_	 1
_scho	 1
diss	 1
_As	 1
Ti	 1
_last	 1
sen_	 1
ug	 1
eeren	 1
æen	 1
groe	 1
trou	 1
æe!_	 1
ltyd	 1
oft_	 1
Pr	 1
Koof	 1
Beppe	 1
im.	 1
äftig	 1
_lit	 1
Kuip	 1
jea	 1
Tje	 1
_kwea	 1
itte_	 1
_Proe	 1
tudj	 1
abbe_	 1
kkigs	 1
_lib	 1
_ze_	 1
_boer	 1
vors	 1
ei;_	 1
teds	 1
s,_	 1
_Lam_	 1
Fes	 1
Zul	 1
skj	 1
erj	 1
_Jou	 1
eheis	 1
elje_	 1
_pa	 1
dou_	 1
eet_	 1
dsc	 1
wens	 1
Zoo	 1
ne,_	 1
wæsse	 1
waai	 1
tse	 1
aot	 1
ysli	 1
j-ji	 1
oote	 1
_As_	 1
...._	 1
_zeag	 1
_nou	 1
jerj	 1
kn	 1
chonk	 1
ktj	 1
rieuw	 1
Bank	 1
_zilt	 1
sen	 1
_lokk	 1
ladd	 1
eiuw	 1
aezen	 1
ru	 1
Veerm	 1
bryk!	 1
opje	 1
v_	 1
wæss	 1
jnpo	 1
Zoon	 1
seeke	 1
_Wij_	 1
_pæa	 1
haft	 1
lzy	 1
iæuwe	 1
bist	 1
bete	 1
kamme	 1
rigg	 1
nim._	 1
_Zis	 1
_bri	 1
kwi	 1
ierig	 1
Maa	 1
taan	 1
eden	 1
ighe	 1
ding	 1
elokk	 1
gev	 1
zein	 1
_Verm	 1
heist	 1
ehe	 1
_Fe	 1
ode	 1
rijtm	 1
dog_	 1
û	 1
foel_	 1
staat	 1
t!	 1
Brei	 1
nsk_	 1
slot	 1
n.-_	 1
eize	 1
ooit	 1
binn	 1
g'i	 1
k!_	 1
uwe,_	 1
lat_	 1
Zwie	 1
moet.	 1
_schi	 1
oat	 1
_faa	 1
ngsti	 1
tuug	 1
wurd_	 1
Oo	 1
be!	 1
_âdd	 1
ef?	 1
nist_	 1
alger	 1
k,	 1
atz	 1
eele_	 1
sek	 1
_Oer	 1
wt;	 1
erli	 1
ktje	 1
_Sjoe	 1
wijtt	 1
_Ian	 1
eeg	 1
Sjoer	 1
wei_	 1
bbe!_	 1
am._	 1
_Voo	 1
Zu	 1
eft	 1
Sil_	 1
_zan_	 1
_Va	 1
egen	 1
amme	 1
tert_	 1
erw	 1
inks	 1
iep_	 1
_mins	 1
rog_	 1
_geef	 1
verha	 1
flap	 1
_jimm	 1
koe_	 1
bery_	 1
_gud	 1
_koe_	 1
schij	 1
zan_	 1
isin	 1
ande	 1
kjen_	 1
_wrao	 1
Guds	 1
lyen.	 1
nnis	 1
rbon	 1
rs!	 1
tri	 1
_brav	 1
_Mr._	 1
tæ	 1
tma	 1
ezer_	 1
ær:_	 1
wiepp	 1
jonge	 1
engs	 1
ac	 1
yb	 1
ikk	 1
agtig	 1
_kæep	 1
ieppe	 1
ersta	 1
fy,_	 1
lan	 1
Reint	 1
ernst	 1
kwæe	 1
Iene_	 1
_Plat	 1
_Li	 1
ikje,	 1
ntbæn	 1
Giet	 1
lib	 1
we;_	 1
La	 1
_Wan	 1
ooitj	 1
bode	 1
zein_	 1
_Sust	 1
aan:	 1
praa	 1
Y_	 1
rke;	 1
nu	 1
_hark	 1
zel	 1
nhærr	 1
aat,	 1
Gek..	 1
zyn;_	 1
reden	 1
_tege	 1
-he	 1
æuwe_	 1
_hov	 1
wea_	 1
ys	 1
tter:	 1
_Js	 1
âdde	 1
nstä	 1
_nij-	 1
ltyd_	 1
get_	 1
Re	 1
_or_	 1
toe	 1
kjæ	 1
d,_	 1
od_	 1
p-str	 1
lgem	 1
ûn_	 1
odma	 1
nhær	 1
immer	 1
_O_	 1
arge_	 1
sli	 1
r._	 1
_Hoe_	 1
knibb	 1
_Pro	 1
eeker	 1
jtte_	 1
Bepp	 1
ltje	 1
Bep	 1
dogst	 1
iev_	 1
_Vru	 1
Iur	 1
_vry	 1
f-h	 1
tege	 1
_nu	 1
voe	 1
_wurd	 1
jor	 1
iet;	 1
kbrie	 1
uip	 1
telli	 1
kap	 1
rdig	 1
brog	 1
virdi	 1
mer	 1
oltj	 1
_Dat_	 1
chout	 1
zokk	 1
eis_	 1
_Wy_	 1
rre,_	 1
_wra	 1
_sne	 1
ble	 1
lje_	 1
je:	 1
the	 1
Douw_	 1
ess	 1
_kroe	 1
ea_	 1
mar	 1
kæe	 1
oos_	 1
jaan	 1
eale	 1
Naam	 1
_Ien	 1
ybre	 1
_faam	 1
ost	 1
aon_	 1
eak_	 1
ont_	 1
api	 1
ryk!_	 1
hippe	 1
_hjir	 1
rwonn	 1
_swie	 1
zonde	 1
boden	 1
eren_	 1
alen_	 1
itsje	 1
_bet	 1
eiu	 1
tikke	 1
_tin	 1
ree	 1
_wen	 1
_ytt	 1
weet	 1
Dij	 1
Pas	 1
jouwt	 1
ges	 1
er:_	 1
_(Fes	 1
_Bepp	 1
f?_	 1
_hem	 1
omro	 1
ising	 1
mt.	 1
nor	 1
_verh	 1
_jo_	 1
n;	 1
ærr	 1
_Kou_	 1
)	 1
urje	 1
oofm	 1
mro	 1
ontuu	 1
_ha_	 1
ief-	 1
schou	 1
har_	 1
_Kn	 1
zea	 1
Proek	 1
Plat_	 1
aat;_	 1
Stæ	 1
stean	 1
ikje	 1
ertr	 1
vogt	 1
geeft	 1
vlea	 1
weize	 1
nskj	 1
æpje_	 1
acht	 1
men,	 1
sliep	 1
_haf	 1
Fest	 1
Je_	 1
mar_	 1
_Dij_	 1
_vre	 1
lett	 1
_To	 1
verw	 1
zan	 1
erhaa	 1
tbæn_	 1
elz	 1
lang	 1
esse	 1
_Bri	 1
_Kopj	 1
nje:_	 1
ieuwe	 1
æuwe	 1
oten	 1
_Kne	 1
mder_	 1
_is;_	 1
ooten	 1
ilt_	 1
reg	 1
kwea_	 1
_ô	 1
_Jen	 1
dsch	 1
tink	 1
tæd	 1
ele	 1
fett	 1
'n	 1
ovir	 1
enor	 1
n)_	 1
yeg	 1
rag	 1
y,	 1
toe,_	 1
_kwe	 1
Bysl	 1
stao	 1
erb	 1
insk_	 1
_zey	 1
ues	 1
eeget	 1
rt;	 1
_Een	 1
_zaa	 1
Wybr	 1
enor_	 1
oeten	 1
_ges	 1
Toeze	 1
_wæ	 1
zei_	 1
hee	 1
_fen_	 1
'er	 1
Kop	 1
_bin	 1
laen	 1
rok	 1
eege	 1
uw_	 1
_Lân	 1
jerk	 1
ng_	 1
hie_	 1
euns_	 1
bre	 1
jende	 1
'er_	 1
Want_	 1
itten	 1
gsti	 1
ontna	 1
_Hi	 1
trokk	 1
n;_	 1
Bri	 1
r's_	 1
uwe;_	 1
eæp	 1
æengs	 1
eam	 1
_Ge	 1
gge	 1
rjen	 1
gh	 1
nne,	 1
Wij	 1
rn	 1
rye_	 1
_trij	 1
ryk	 1
t:	 1
wie_	 1
nij-	 1
_geh	 1
_Oos	 1
_sl	 1
yk!_	 1
_oat	 1
jerje	 1
jimme	 1
ighei	 1
_eak_	 1
_wel_	 1
htelo	 1
'in	 1
tse_	 1
waar	 1
_let	 1
erd_	 1
pl	 1
Ta_	 1
oeze	 1
_Zil	 1
haa	 1
Ku	 1
aak	 1
e:	 1
eten_	 1
eit?_	 1
een,	 1
eng	 1
impel	 1
ort_	 1
pulve	 1
oors_	 1
_vaar	 1
zokke	 1
aen._	 1
_g'	 1
it!_	 1
kape,	 1
fen	 1
im._	 1
tzen	 1
Sj	 1
_nu_	 1
talle	 1
_sek	 1
roek_	 1
ief	 1
is;	 1
ape	 1
see	 1
_Sjo	 1
erig_	 1
_lij	 1
tte!	 1
Voor	 1
voete	 1
..._	 1
loos.	 1
ken._	 1
alle	 1
oet._	 1
ybr	 1
ate	 1
Hao	 1
wijt	 1
ânhær	 1
_jouw	 1
_eer?	 1
yen?	 1
mans_	 1
p-	 1
tud	 1
ôf	 1
Want	 1
rieu	 1
_Pas_	 1
oden	 1
schon	 1
djer	 1
_ues	 1
bben_	 1
_oant	 1
_Ben	 1
slach	 1
ltje_	 1
tæd_	 1
vork	 1
akke	 1
witt	 1
_libb	 1
St	 1
_par	 1
evo	 1
mer_	 1
(Fest	 1
kape	 1
_bolt	 1
_pu	 1
bril	 1
kje,_	 1
bont	 1
_Rei	 1
_zein	 1
orwo	 1
_alt	 1
pô	 1
_Nei_	 1
tjor_	 1
jkje	 1
mron	 1
_dr	 1
hovir	 1
mooit	 1
_mooi	 1
_wan	 1
nib	 1
r's	 1
r?	 1
ûn	 1
aat,_	 1
Ge	 1
_dag_	 1
tell	 1
_foel	 1
leave	 1
rsto	 1
sij	 1
reis_	 1
impe	 1
æsse	 1
_heit	 1
_inn	 1
ong	 1
hran	 1
slie	 1
boe	 1
witte	 1
amde	 1
odman	 1
_ke	 1
kigst	 1
fol_	 1
lty	 1
nsch	 1
_hien	 1
_Ver	 1
ntno	 1
kken.	 1
_blei	 1
schri	 1
_Hij	 1
bees	 1
chip_	 1
_foll	 1
_hat	 1
täfti	 1
_uis_	 1
hjir	 1
_zek	 1
_weet	 1
gelok	 1
eve	 1
_wagt	 1
krik	 1
briev	 1
ôt	 1
ltjo	 1
vaa	 1
uste	 1
Veer	 1
gti	 1
rucht	 1
eget	 1
nje_	 1
Ik_	 1
eloos	 1
Grijt	 1
mes_	 1
iuwt	 1
uds_	 1
wen	 1
viers	 1
_Pas	 1
nken)	 1
_Læe	 1
wa_	 1
Gek	 1
_grol	 1
vest	 1
rliss	 1
liep_	 1
a'n	 1
bbe!	 1
asp	 1
Ry	 1
_voor	 1
Gl	 1
yeg_	 1
_lan	 1
wensc	 1
chij	 1
sin	 1
kwea	 1
nnen_	 1
ja_	 1
rtr	 1
rije	 1
weiz	 1
_zit	 1
us	 1
lokwi	 1
ud,	 1
Js_	 1
Lân	 1
_Heer	 1
ef-	 1
Wij_	 1
hem_	 1
rokk	 1
slac	 1
rijg	 1
jg	 1
iet;_	 1
bbery	 1
Man_	 1
ijen	 1
nker_	 1
po	 1
eten	 1
biste	 1
tze_	 1
g'in_	 1
forre	 1
goen	 1
stie	 1
szen!	 1
jou_	 1
l;	 1
nor_	 1
mp	 1
verst	 1
hark_	 1
lac	 1
_stal	 1
lap	 1
rao	 1
zek	 1
_trak	 1
aen	 1
en.-	 1
belb	 1
Liæ	 1
j,	 1
Jap	 1
_Brie	 1
ljen	 1
heb	 1
aod_	 1
inkst	 1
-jier	 1
By	 1
evogt	 1
_Dat	 1
_zan	 1
_wyn	 1
geh	 1
Ryk	 1
ertro	 1
ao_	 1
_Vee	 1
_Zw	 1
