_	 1526
a	 856
n	 460
i	 336
g	 302
ng	 210
g_	 185
t	 183
ng_	 179
o	 173
a_	 166
k	 155
an	 154
s	 150
_n	 147
l	 147
m	 131
p	 105
y	 105
u	 103
na	 101
ang	 98
ang_	 89
.	 85
_a	 81
la	 80
in	 79
r	 77
b	 72
ka	 72
_m	 70
_na	 70
_s	 67
sa	 67
ak	 67
._	 65
pa	 65
ma	 64
h	 63
d	 57
al	 57
_p	 55
at	 54
ag	 52
ta	 49
t_	 47
_k	 47
_ng	 46
n_	 46
ni	 45
_sa	 45
ya	 42
_pa	 42
"	 42
sa_	 41
ay	 41
it	 40
e	 39
on	 39
_sa_	 38
_ng_	 37
o_	 37
y_	 37
ga	 37
il	 36
iy	 36
_ma	 35
ala	 35
w	 35
na_	 34
i_	 34
_an	 32
am	 32
_ni	 31
ra	 31
_i	 31
,	 31
_ang	 30
_t	 30
ba	 30
_ang_	 30
ar	 29
_na_	 29
_ka	 29
iya	 29
hi	 27
aka	 27
_l	 27
is	 27
ha	 27
li	 27
,_	 27
ong	 27
"_	 27
ong_	 26
as	 26
ko	 26
ri	 25
to	 25
ap	 25
ah	 24
un	 24
ay_	 24
gi	 24
lan	 24
um	 23
wa	 23
ata	 23
di	 23
an_	 23
o.	 23
si	 23
ing	 23
ti	 22
ki	 22
s_	 22
niya	 21
mo	 21
_"	 21
_niy	 21
_d	 21
niy	 21
at_	 21
_niya	 21
ab	 21
N	 20
a.	 20
ila	 19
yo	 19
aw	 19
-	 19
a._	 19
_mo	 19
ot	 18
A	 18
_ak	 18
ig	 18
lang	 18
o._	 17
nag	 17
_b	 17
tu	 17
in_	 17
nga	 16
aki	 16
ara	 16
P	 16
_at	 16
_si	 16
ali	 16
ina	 16
ing_	 16
ama	 16
_A	 15
_at_	 15
_N	 15
'	 15
ya_	 15
lang_	 15
nd	 14
ga_	 14
ai	 14
bi	 14
da	 14
_r	 14
ib	 14
_h	 14
lo	 13
iya_	 13
la_	 13
ro	 13
ako	 13
aa	 13
ik	 13
ito	 13
hin	 13
ahi	 12
ul	 12
_S	 12
_ta	 12
rin	 12
_is	 12
_la	 12
K	 12
Na	 12
_tu	 12
mag	 12
S	 12
a,	 12
mi	 11
_K	 11
go	 11
ung	 11
_mag	 11
kin	 11
_P	 11
_ri	 11
ot_	 11
apa	 11
man	 11
a,_	 11
pan	 11
_Na	 11
M	 11
_di	 11
k_	 11
'y_	 11
gk	 11
lu	 11
ilan	 11
'y	 11
ir	 10
mga	 10
Ma	 10
pi	 10
ilang	 10
ari	 10
I	 10
agk	 10
nak	 10
akin	 10
mg	 10
_mg	 10
mu	 10
asa	 10
uma	 10
yon	 10
_mga_	 10
Ka	 10
mga_	 10
yan	 10
is_	 10
awa	 10
pa_	 10
_nag	 10
..	 10
wal	 10
_mga	 10
_M	 10
wala	 10
su	 10
n.	 9
_isa	 9
no	 9
_aki	 9
An	 9
_mo_	 9
_An	 9
agka	 9
di_	 9
_Ma	 9
pu	 9
it_	 9
pag	 9
_akin	 9
_Ka	 9
gka	 9
mo_	 9
ini	 9
nan	 9
aba	 9
alan	 9
n,	 9
isa	 9
yang_	 8
_pa_	 8
as_	 8
si_	 8
_wal	 8
igi	 8
naka	 8
."_	 8
mat	 8
tay	 8
aman	 8
san	 8
."	 8
p_	 8
alang	 8
iti	 8
to_	 8
_w	 8
l_	 8
_pag	 8
ili	 8
king	 8
niya_	 8
tan	 8
aha	 8
umi	 8
ayo	 8
_ba	 8
_wala	 8
_wa	 8
ka_	 8
_ako	 8
Pa	 8
aga	 8
a'	 8
abi	 8
dib	 8
t.	 8
e_	 8
aking	 8
yang	 8
_lu	 8
d_	 7
tak	 7
_nak	 7
_Pa	 7
_rin	 7
_iy	 7
_ku	 7
ban	 7
_ha	 7
gin	 7
ram	 7
tum	 7
kat	 7
ob	 7
ku	 7
oo	 7
_I	 7
o,	 7
bo	 7
B	 7
lis	 7
tin	 7
iyo	 7
ail	 7
n,_	 7
ra_	 7
_tum	 7
kan	 7
g-	 7
tat	 7
tang	 7
_ko	 7
er	 7
mata	 7
b_	 7
ut	 7
n._	 7
ip	 7
pak	 7
_si_	 7
king_	 7
o'	 7
_B	 7
ala_	 7
_iyo	 7
ita	 6
bang_	 6
siya	 6
tang_	 6
ag-	 6
os	 6
anga	 6
kak	 6
_siy	 6
ak_	 6
walan	 6
pal	 6
aila	 6
_"_	 6
ung_	 6
kun	 6
ap_	 6
_Sa	 6
ula	 6
up	 6
_ay	 6
_kun	 6
im	 6
agi	 6
sang_	 6
man_	 6
mba	 6
o'y_	 6
?"_	 6
bang	 6
_hi	 6
gan	 6
kaka	 6
lis_	 6
_naka	 6
nit	 6
ago	 6
tata	 6
siy	 6
una	 6
par	 6
isang	 6
o'y	 6
on_	 6
_siya	 6
kah	 6
?"	 6
st	 6
ngi	 6
isan	 6
o,_	 6
_mu	 6
c	 6
_nga	 6
Sa	 6
ig_	 6
nang	 6
ana	 6
_par	 6
sang	 6
_isan	 6
_pu	 6
nt	 6
mb	 6
?	 6
ko.	 5
May_	 5
wak_	 5
and	 5
_kung	 5
od	 5
lum	 5
_su	 5
iyang	 5
go_	 5
mab	 5
a'y	 5
kong_	 5
niyan	 5
_ay_	 5
_kan	 5
wan	 5
_iyon	 5
kong	 5
pagka	 5
kung_	 5
yong	 5
iyon	 5
agkak	 5
May	 5
kung	 5
_it	 5
kal	 5
w_	 5
hawa	 5
ya'	 5
uh	 5
ndi_	 5
o."	 5
awak_	 5
ito.	 5
et	 5
kas	 5
_lum	 5
_lo	 5
nang_	 5
ipi	 5
para	 5
kam	 5
ira	 5
_pan	 5
ndi	 5
lal	 5
_para	 5
nig_	 5
au	 5
t._	 5
ot.	 5
siya_	 5
inig	 5
es	 5
ito._	 5
ha_	 5
inig_	 5
inag	 5
iyan	 5
to.	 5
wi	 5
_du	 5
pagk	 5
gkak	 5
han	 5
ngan	 5
...	 5
akot	 5
o."_	 5
_ti	 5
ito_	 5
mang	 5
ur	 5
awak	 5
ahin	 5
nig	 5
git	 5
_ito	 5
takot	 5
du	 5
yong_	 5
mang_	 5
_May_	 5
an.	 5
to._	 5
aan	 5
ti_	 5
aya	 5
te	 5
_rin_	 5
amang	 5
aw_	 5
ug	 5
kon	 5
gt	 5
nil	 5
tako	 5
kaha	 5
gay	 5
wak	 5
rin_	 5
gkaka	 5
_pal	 5
haw	 5
a'y_	 5
kot	 5
_May	 5
kai	 5
bu	 5
hawak	 5
gp	 5
po	 5
alay	 4
mo.	 4
abili	 4
uha	 4
_Ka_	 4
ndro	 4
mo._	 4
ao	 4
gayo	 4
atata	 4
_nila	 4
nat	 4
kanya	 4
dr	 4
_Ang	 4
dibd	 4
bd	 4
aula	 4
ilis	 4
atak	 4
tao	 4
awi	 4
_Pau	 4
indi	 4
an._	 4
may_	 4
lala	 4
apak	 4
mahi	 4
rit	 4
Pau	 4
ch	 4
lam	 4
kany	 4
_nan	 4
ibdi	 4
ara_	 4
lama	 4
_loo	 4
ibd	 4
any	 4
iyong	 4
agt	 4
In	 4
.._	 4
aul	 4
tumi	 4
dib_	 4
matay	 4
ya'y	 4
ngay	 4
bdib_	 4
ndr	 4
_loob	 4
And	 4
lig	 4
H	 4
bat	 4
ril	 4
iya'	 4
bdi	 4
ndro.	 4
ton	 4
dro.	 4
so	 4
nal	 4
may	 4
an,	 4
atan	 4
int	 4
_g	 4
bili	 4
tun	 4
kha	 4
ot._	 4
hina	 4
anya	 4
--	 4
_lumi	 4
rito	 4
_dib	 4
li_	 4
ind	 4
_In	 4
kahaw	 4
ya,_	 4
ny	 4
_ngay	 4
ahaw	 4
_nap	 4
_sum	 4
atay	 4
_rito	 4
kit	 4
_mahi	 4
bilis	 4
lay	 4
_And	 4
la.	 4
_Andr	 4
pana	 4
ibdib	 4
he	 4
arir	 4
loo	 4
Ka_	 4
_pana	 4
tatak	 4
_kany	 4
ano	 4
ib_	 4
taon	 4
gta	 4
tong	 4
atat	 4
_Paul	 4
,"_	 4
apaka	 4
bdib	 4
an,_	 4
ika	 4
aon	 4
ns	 4
_bu	 4
nya	 4
iwa	 4
Andr	 4
la._	 4
_tumi	 4
_pagk	 4
ngiti	 4
paa	 4
_bi	 4
_nil	 4
_hin	 4
ting	 4
atag	 4
_da	 4
ngit	 4
abil	 4
laman	 4
_rit	 4
kir	 4
_mo._	 4
ya'y_	 4
napa	 4
ayon	 4
ro_	 4
akaha	 4
ilis_	 4
ahawa	 4
Andro	 4
sum	 4
bil	 4
Paul	 4
ailan	 4
tay_	 4
rir	 4
dro	 4
_Ang_	 4
_dibd	 4
ih	 4
mah	 4
nai	 4
ok	 4
agp	 4
raw	 4
paka	 4
kaila	 4
_mab	 4
napak	 4
nap	 4
put	 4
e.	 4
Paula	 4
Ang	 4
_napa	 4
iw	 4
pin	 4
dibdi	 4
od_	 4
ya,	 4
dam	 4
_di_	 4
ma_	 4
giti	 4
kap	 4
_mo.	 4
uk	 4
lumi	 4
nila	 4
kail	 4
ila_	 4
kh	 4
_mah	 4
ko_	 4
pas	 4
oob	 4
loob	 4
il_	 4
ngayo	 4
,"	 4
gh	 4
ni_	 4
pe	 4
indi_	 4
_ka_	 4
..._	 4
ro.	 4
tag	 4
nagi	 4
gayon	 4
dal	 4
iya'y	 4
sin	 4
ulo	 4
Ang_	 4
akah	 4
ati	 4
_ni_	 4
_nai	 4
aril	 4
_hind	 3
ran	 3
agig	 3
win	 3
umit	 3
_put	 3
akas	 3
uno	 3
_kam	 3
_Pin	 3
amat	 3
kar	 3
nagp	 3
Bu	 3
bal	 3
yu	 3
mbat_	 3
lik	 3
kot._	 3
_ilan	 3
asama	 3
unaw	 3
sumb	 3
_sumb	 3
_magk	 3
akat	 3
_gi	 3
on.	 3
Su	 3
mong	 3
loob_	 3
mbat	 3
a't_	 3
ho	 3
para_	 3
ririn	 3
bok	 3
ra._	 3
_mabi	 3
riri	 3
_gin	 3
mabil	 3
ghi	 3
hil	 3
md	 3
_H	 3
_nata	 3
mal	 3
pit	 3
Ako	 3
anda	 3
ayu	 3
sumba	 3
ibok_	 3
Pin	 3
dam_	 3
_ila	 3
ngo	 3
ihi	 3
nga_	 3
ob_	 3
_Inso	 3
nagt	 3
mong_	 3
Nari	 3
akot.	 3
dro."	 3
langa	 3
tong_	 3
_man_	 3
inal	 3
long_	 3
ibok	 3
sama	 3
_po	 3
irin	 3
_Nari	 3
am_	 3
yo._	 3
_o	 3
amda	 3
akal	 3
ro."_	 3
lat	 3
ngang	 3
_tuma	 3
_Sa_	 3
la,_	 3
nama	 3
_paa	 3
se	 3
sab	 3
tibok	 3
lag	 3
lit	 3
bat_	 3
uti	 3
_mong	 3
kiram	 3
las	 3
iri	 3
agigi	 3
gang	 3
Nar	 3
_kap	 3
asam	 3
nais_	 3
_Su	 3
amb	 3
Kas	 3
_bar	 3
awin_	 3
_ki	 3
_nang	 3
rinig	 3
ura	 3
aab	 3
Ak	 3
_lata	 3
lata	 3
yo_	 3
m_	 3
Ako'	 3
_nam	 3
gon	 3
_sil	 3
tuma	 3
kha_	 3
sam	 3
_Ako	 3
amdam	 3
pala	 3
natat	 3
_Ha	 3
awan	 3
_bun	 3
baril	 3
umb	 3
_il	 3
kot.	 3
ra.	 3
est	 3
rini	 3
_ngi	 3
_"P	 3
_mat	 3
ks	 3
atang	 3
inan	 3
araw	 3
sila	 3
't_	 3
umba	 3
mabi	 3
kala	 3
yo.	 3
nagta	 3
mun	 3
itib	 3
Sa_	 3
ais	 3
akata	 3
ima	 3
umbat	 3
ok_	 3
amata	 3
bar	 3
win_	 3
iya,	 3
umiti	 3
ami	 3
gig	 3
kl	 3
nda	 3
akira	 3
hinan	 3
raw_	 3
ko'	 3
mit	 3
bari	 3
_ko.	 3
tul	 3
naw	 3
_kon	 3
unga	 3
nam	 3
amd	 3
mahin	 3
Ha	 3
_mag-	 3
miti	 3
ama_	 3
ahina	 3
mda	 3
_sab	 3
gigi	 3
_taon	 3
ihin	 3
ko'y_	 3
't	 3
gaw	 3
_Ba	 3
nit_	 3
_Ins	 3
paki	 3
_mon	 3
_muna	 3
_Ak	 3
lar	 3
aman_	 3
amba	 3
ago_	 3
inang	 3
mon	 3
lin	 3
niya'	 3
nah	 3
mitib	 3
awin	 3
long	 3
_nais	 3
tas	 3
agpa	 3
_lam	 3
irini	 3
sil	 3
_lat	 3
hind	 3
_nama	 3
_tun	 3
Ako'y	 3
_Pi	 3
_nagp	 3
!	 3
_Bu	 3
atu	 3
os_	 3
pina	 3
atako	 3
mpa	 3
_Nar	 3
_mun	 3
alis	 3
gpa	 3
"P	 3
_bari	 3
alin_	 3
Pi	 3
tib	 3
_ngit	 3
la,	 3
pang	 3
_may_	 3
iram	 3
ariri	 3
mdam	 3
magk	 3
ramda	 3
ad	 3
ais_	 3
_man	 3
a't	 3
in,	 3
mag-	 3
_Kas	 3
ahil	 3
ac	 3
gap	 3
Ins	 3
ko'y	 3
_may	 3
Ba	 3
ging	 3
_tao	 3
_Ako'	 3
niya,	 3
rap	 3
kata	 3
angan	 3
ramd	 3
agta	 3
_sila	 3
kakah	 3
lon	 3
alag	 3
gan_	 3
lin_	 3
_tin	 3
tibo	 3
nata	 3
_kong	 3
aram	 3
luh	 3
hindi	 3
agh	 3
_lama	 3
kab	 3
muna	 3
_nat	 3
-l	 3
kira	 3
latan	 3
mas	 3
akir	 3
bun	 3
iya,_	 3
Narir	 3
ro."	 3
bok_	 3
nais	 3
wala_	 3
itibo	 3
nso	 3
it.	 3
mp	 3
tumit	 3
oob_	 3
alin	 3
Inso	 3
ibo	 3
so!_	 2
alayo	 2
ke	 2
af	 2
imas_	 2
_tala	 2
anagi	 2
ikod	 2
nasa	 2
gunit	 2
id	 2
maa	 2
ilap	 2
alaga	 2
ailap	 2
_Nag	 2
_tuna	 2
lot_	 2
iet	 2
n."	 2
ahit_	 2
pit..	 2
akit	 2
_ako_	 2
ayo_	 2
eks	 2
he..	 2
etz	 2
abot_	 2
hong_	 2
-sek	 2
ilala	 2
liko	 2
tap	 2
ety	 2
init_	 2
ting_	 2
kb	 2
impa	 2
n."_	 2
rang_	 2
ya.	 2
ging_	 2
Bur	 2
il._	 2
ihint	 2
akba	 2
hik	 2
or	 2
ayon,	 2
_Kasa	 2
apa_	 2
ko,_	 2
t?	 2
ipit	 2
_ka,_	 2
abot	 2
dug	 2
alak	 2
_pala	 2
uot_	 2
ugap	 2
asu	 2
sinal	 2
bala	 2
nilan	 2
ipit.	 2
_tasa	 2
_paan	 2
ginag	 2
ka,_	 2
uto	 2
seks	 2
dala	 2
_Ni	 2
inagt	 2
_Bak	 2
kod_	 2
_Alan	 2
inak	 2
pat	 2
_mo,	 2
kot_	 2
aan_	 2
isy	 2
iko	 2
himas	 2
gal_	 2
_mae	 2
gapa_	 2
yup_	 2
haban	 2
Kal	 2
ikh	 2
nton	 2
W	 2
ikha_	 2
e._	 2
uti_	 2
asa.	 2
br	 2
ada	 2
etzsc	 2
pag-	 2
ami_	 2
o?"_	 2
roo	 2
pit.	 2
isina	 2
aano	 2
panah	 2
_a_	 2
mi_	 2
ako,_	 2
ula._	 2
i.	 2
lita	 2
sw	 2
alis_	 2
_ka,	 2
ie	 2
maes	 2
_kape	 2
kaba	 2
_Ala	 2
aes	 2
Aalis	 2
tol_	 2
kod	 2
ukha	 2
bak	 2
ungo_	 2
ito'	 2
uga	 2
al_	 2
akban	 2
we	 2
sch	 2
abang	 2
Pe	 2
likod	 2
rin,"	 2
Ni	 2
amot	 2
kali	 2
ntay	 2
yon.	 2
stra	 2
abas	 2
naho	 2
rsi	 2
bra_	 2
ae	 2
bago	 2
_Mail	 2
kama	 2
ipa	 2
kasa	 2
_mata	 2
ko."_	 2
_ako,	 2
nagim	 2
ahit	 2
gya	 2
che	 2
min	 2
-a	 2
him	 2
_Hay	 2
Bura	 2
oto	 2
akong	 2
ligid	 2
agawa	 2
lub	 2
gtata	 2
alita	 2
alo	 2
hakba	 2
ambal	 2
t?"	 2
puto	 2
sc	 2
alig	 2
oon	 2
sabi	 2
asa._	 2
on,	 2
er_	 2
obr	 2
aran	 2
rang	 2
"Aa	 2
magka	 2
tr	 2
iya.	 2
gal	 2
ub	 2
oon_	 2
uo	 2
atay_	 2
nagig	 2
igil	 2
Aali	 2
_kah	 2
aghih	 2
ol_	 2
ag-e	 2
kara	 2
agimp	 2
gy	 2
ayan	 2
inta	 2
it..	 2
mdam_	 2
ahin_	 2
araw_	 2
t...	 2
tal	 2
dugo	 2
hin_	 2
ngo_	 2
arin	 2
tasa.	 2
_tas	 2
Maila	 2
_Bura	 2
kban	 2
eksi	 2
taong	 2
_Suga	 2
_tal	 2
mbal	 2
umu	 2
gba	 2
hit	 2
layo	 2
utol_	 2
aka_	 2
iramd	 2
hit_	 2
iya._	 2
_ipi	 2
tinig	 2
iwal	 2
ito'y	 2
ala.	 2
ugong	 2
panag	 2
impan	 2
pun	 2
sa.	 2
str	 2
_"Aal	 2
_mukh	 2
nito	 2
seksi	 2
iro	 2
hu	 2
giti_	 2
ahon	 2
hon	 2
to'y	 2
_tini	 2
bra	 2
kato	 2
ko,	 2
_haba	 2
akam	 2
ter	 2
hinta	 2
_ob	 2
_nagh	 2
ka,	 2
gun	 2
akali	 2
sina	 2
anya_	 2
--_	 2
_nito	 2
mo,	 2
nagaw	 2
-e	 2
una_	 2
-s	 2
lap_	 2
_luh	 2
imp	 2
_Naka	 2
hika	 2
ksin	 2
"Aal	 2
r_	 2
_na._	 2
hint	 2
panga	 2
ek	 2
Ala	 2
nagh	 2
tz	 2
ugapa	 2
layo_	 2
_dul	 2
_isi	 2
abo	 2
ako.	 2
z	 2
rahin	 2
alit	 2
_tak	 2
!_	 2
to'y_	 2
paan	 2
ataya	 2
rot	 2
Al	 2
Burah	 2
nalin	 2
ag-u	 2
obra	 2
mpan	 2
rin,	 2
aho	 2
tra.	 2
kita	 2
ayup_	 2
yup	 2
_dulo	 2
tzsc	 2
aula.	 2
kba	 2
ula,	 2
ngan_	 2
ol	 2
agal_	 2
sap	 2
afety	 2
unit	 2
tago	 2
-_	 2
yan_	 2
umali	 2
wang	 2
mikh	 2
niw	 2
_hab	 2
bas	 2
mae	 2
gipi	 2
inaga	 2
bin	 2
han._	 2
igipi	 2
sila_	 2
urah	 2
Kala	 2
akon	 2
Nietz	 2
rs	 2
ako_	 2
_post	 2
taga	 2
_puno	 2
ikha	 2
abas_	 2
t..	 2
ipin	 2
ahong	 2
Pero	 2
ste	 2
estr	 2
aest	 2
g-e	 2
ulot_	 2
gid	 2
NP	 2
gang_	 2
nin	 2
umat	 2
katag	 2
lot	 2
agbag	 2
bas_	 2
_rin,	 2
sche.	 2
gbago	 2
gipit	 2
gip	 2
_nagi	 2
tulo	 2
luha_	 2
_pos	 2
_sabi	 2
fet	 2
_isin	 2
muna_	 2
aestr	 2
lak	 2
Mai	 2
f	 2
-seks	 2
_ipin	 2
"I	 2
gil	 2
_ara	 2
_him	 2
pan,	 2
_in	 2
aril.	 2
gd	 2
ko."	 2
nala	 2
Bak	 2
mukh	 2
e...	 2
up_	 2
ayup	 2
agd	 2
it...	 2
i._	 2
_Ku	 2
_nit	 2
tung	 2
intay	 2
awang	 2
arap	 2
niwa	 2
sar	 2
ungo	 2
ham	 2
hihin	 2
abi_	 2
kbang	 2
gimpa	 2
he...	 2
gigip	 2
_Nak	 2
stra.	 2
gong_	 2
afe	 2
ingi	 2
_lab	 2
Alan	 2
chika	 2
rito.	 2
agtat	 2
iwan	 2
-se	 2
kamot	 2
alik	 2
akab	 2
niya.	 2
_D	 2
o!	 2
kalay	 2
e..	 2
ta_	 2
magd	 2
sy	 2
_Al	 2
rahi	 2
_lal	 2
zsc	 2
Mail	 2
ato	 2
gina	 2
Hay	 2
Nie	 2
ayang	 2
pakat	 2
isi	 2
fe	 2
iting	 2
mas_	 2
_akon	 2
hakb	 2
igid	 2
s._	 2
post	 2
ko._	 2
d.	 2
ikod_	 2
pakir	 2
ksing	 2
_magd	 2
nso!_	 2
in,"_	 2
Aal	 2
ibi	 2
lah	 2
Sug	 2
bag	 2
_Mai	 2
chik	 2
itan	 2
iki	 2
ilap_	 2
_hima	 2
Niet	 2
akas_	 2
chi	 2
umik	 2
ugo	 2
mik	 2
kt	 2
Kasam	 2
sche	 2
paran	 2
rama	 2
ali_	 2
tzs	 2
zsche	 2
nta	 2
zsch	 2
wang_	 2
nto	 2
agaw	 2
_pi	 2
afet	 2
roon_	 2
-u	 2
_li	 2
lumik	 2
akail	 2
akamo	 2
Kasa	 2
ilig	 2
_dug	 2
g-u	 2
ntay_	 2
estra	 2
no_	 2
ala._	 2
D	 2
ipas	 2
gb	 2
Nak	 2
kaa	 2
_isa'	 2
dah	 2
adal	 2
_Hayu	 2
_ako.	 2
_pun	 2
nso!	 2
mikha	 2
aban	 2
te_	 2
gil_	 2
"A	 2
apan	 2
mot	 2
no'	 2
isa'	 2
haba	 2
tala	 2
fety	 2
yon,_	 2
_obr	 2
atago	 2
che..	 2
tuk	 2
pali	 2
umikh	 2
o!_	 2
sing	 2
aligi	 2
asun	 2
aong	 2
ukh	 2
puno	 2
he.	 2
ilal	 2
t?"_	 2
mpan,	 2
agba	 2
che.	 2
gu	 2
kik	 2
ty	 2
tayan	 2
ula_	 2
-la	 2
ula.	 2
e..._	 2
dugon	 2
etzs	 2
ero_	 2
maest	 2
init	 2
Suga	 2
nakal	 2
ya._	 2
ugon	 2
umal	 2
tuna	 2
han.	 2
akb	 2
gtat	 2
ghih	 2
nawi	 2
pinag	 2
_W	 2
ngin	 2
utol	 2
_kasa	 2
kamat	 2
iwala	 2
ako,	 2
l.	 2
_ar	 2
_kail	 2
Per	 2
anaho	 2
_Niet	 2
agb	 2
Naka	 2
nawin	 2
pag-u	 2
_araw	 2
dul	 2
_obra	 2
agal	 2
roon	 2
pos	 2
dali_	 2
bago_	 2
_luha	 2
taya	 2
_na.	 2
ligi	 2
o?	 2
inali	 2
_nasa	 2
eksin	 2
tunaw	 2
obra_	 2
_nas	 2
ste_	 2
il.	 2
sun	 2
paano	 2
lan_	 2
uha_	 2
ta._	 2
upa	 2
arang	 2
tra	 2
akai	 2
inaka	 2
_ip	 2
rah	 2
hak	 2
laga	 2
_pag-	 2
hong	 2
_tako	 2
ta.	 2
gong	 2
putol	 2
s.	 2
ril.	 2
bot_	 2
kamo	 2
_"Aa	 2
_pin	 2
alaka	 2
rito_	 2
igip	 2
pan,_	 2
iti_	 2
sek	 2
umata	 2
muk	 2
dahi	 2
oste	 2
itang	 2
naga	 2
isin	 2
tol	 2
dulot	 2
naman	 2
nahon	 2
o?"	 2
dulo	 2
ataga	 2
gimp	 2
_dahi	 2
ntong	 2
hih	 2
Inso!	 2
ula,_	 2
uot	 2
_kas	 2
_Nie	 2
dil	 2
ani	 2
kiki	 2
anag	 2
ulot	 2
aong_	 2
Pero_	 2
bung	 2
ietz	 2
bot	 2
ming	 2
hab	 2
l._	 2
zs	 2
ost	 2
api	 2
gawa	 2
nali	 2
ter_	 2
bi_	 2
tini	 2
_paki	 2
_dah	 2
lab	 2
_bung	 2
re	 2
sa._	 2
imas	 2
amo	 2
"Aali	 2
patu	 2
_kama	 2
on,_	 2
s-	 2
na.	 2
mali	 2
_maes	 2
_"A	 2
sari	 2
_muk	 2
tagal	 2
ipina	 2
t..._	 2
oste_	 2
_gina	 2
gbag	 2
tor	 2
uni	 2
sama_	 2
akot_	 2
nagpa	 2
yon,	 2
ksi	 2
utu	 2
tasa	 2
n,"_	 2
_u	 2
ika_	 2
luha	 2
gim	 2
sa'	 2
n,"	 2
dahil	 2
ghihi	 2
in,"	 2
Ku	 2
oy	 2
ero	 2
aghi	 2
kas_	 2
guni	 2
gapa	 2
poste	 2
on._	 2
ape	 2
d._	 2
unawi	 2
tra._	 2
_"I	 2
itin	 2
hihi	 2
_pali	 2
arami	 2
igil_	 2
kape	 2
_kat	 2
laha	 2
dali	 2
ietzs	 2
_kai	 2
agim	 2
to'	 2
_Sug	 2
rami	 2
wan_	 2
hima	 2
en	 2
_Bur	 2
tzsch	 2
urahi	 2
Aa	 2
_pak	 2
palig	 2
_dugo	 2
Hayup	 2
Sugap	 2
nte	 2
aro	 2
anah	 2
so!	 2
us	 2
ril._	 2
_ito'	 2
Hayu	 2
lap	 2
Nag	 2
laka	 2
nya_	 2
na._	 2
gawan	 2
nas	 2
mukha	 2
O	 2
lubos	 1
"Pu	 1
ligt	 1
gke	 1
SINd	 1
uno._	 1
_ha?	 1
_lub	 1
toto	 1
abih	 1
_dum	 1
_ayo	 1
isyer	 1
agay_	 1
ailig	 1
_poo	 1
kin.	 1
aaway	 1
bay	 1
ka._	 1
amban	 1
a--_	 1
huli	 1
ya"	 1
tatl	 1
Nahu	 1
kac	 1
yerto	 1
kla	 1
alika	 1
_nag-	 1
taon_	 1
magp	 1
ako."	 1
_GNP,	 1
alal	 1
ngy	 1
aming	 1
Hig	 1
alimu	 1
mdama	 1
"Eto	 1
uwede	 1
ima_	 1
_maaa	 1
kanin	 1
kalin	 1
kano	 1
kasu	 1
l-	 1
upang	 1
safet	 1
_kit	 1
Pak	 1
apon_	 1
_tor	 1
_yo?"	 1
.pa	 1
iging	 1
_tulo	 1
nar	 1
bati_	 1
rira	 1
_mo:_	 1
_Pani	 1
_gun	 1
anan	 1
hersi	 1
nging	 1
ap._	 1
garap	 1
urot	 1
lumip	 1
Nakam	 1
_buh	 1
bing_	 1
"hiya	 1
aano?	 1
totoh	 1
elt	 1
suot	 1
los	 1
-lar	 1
riran	 1
nakah	 1
hing_	 1
atao	 1
urii	 1
_kamb	 1
ya't_	 1
arawa	 1
pil	 1
bikti	 1
_roo	 1
gyan_	 1
awa._	 1
yos-	 1
an."_	 1
uban	 1
alask	 1
qu	 1
Ih	 1
aiha	 1
laro_	 1
lumab	 1
har	 1
_di-	 1
baiha	 1
_duma	 1
yin,_	 1
..p	 1
_Kasu	 1
Inso.	 1
ente	 1
ersi	 1
Higi	 1
paal	 1
/kal	 1
rapan	 1
-un	 1
ugi	 1
_ahen	 1
_kum	 1
rot.	 1
inoy	 1
agpup	 1
aaw	 1
utuk	 1
Mi	 1
rinla	 1
bswe	 1
ungaw	 1
_ro	 1
-expa	 1
isyo.	 1
ing-s	 1
hanan	 1
Ano'_	 1
agkik	 1
_aa	 1
inte	 1
_san	 1
abu	 1
higp	 1
nyang	 1
kya	 1
utukl	 1
"Itsu	 1
so.	 1
xp	 1
nso._	 1
ru-	 1
agti	 1
akit_	 1
pe.	 1
ti._	 1
ors	 1
rap.	 1
_ko._	 1
ngam	 1
bakit	 1
pago	 1
hinah	 1
loob"	 1
ano_	 1
ja	 1
b"_	 1
CNN	 1
sikl	 1
ba,_	 1
akik	 1
igp	 1
gg	 1
saba	 1
gha	 1
alip	 1
g-exp	 1
rt	 1
puti	 1
y.	 1
ahir	 1
Et	 1
ingga	 1
agad_	 1
"ba	 1
_"U	 1
aula,	 1
alis.	 1
poo	 1
no?"	 1
rakte	 1
achi	 1
_ba,	 1
randa	 1
gla,_	 1
umami	 1
nsa	 1
_akya	 1
kamb	 1
mabu	 1
oda	 1
ingna	 1
dito_	 1
aili	 1
abihi	 1
paala	 1
toha	 1
xpan	 1
lakas	 1
malis	 1
nso.	 1
sona	 1
_hugi	 1
Utang	 1
nong	 1
Iha	 1
-las	 1
_hu	 1
bswel	 1
_"Ma	 1
alar	 1
nagpu	 1
asag	 1
an--	 1
agki	 1
gar	 1
sk	 1
lobo	 1
Puw	 1
l-p	 1
kay	 1
atin	 1
dad	 1
_son	 1
eques	 1
mo:_	 1
_safe	 1
magda	 1
amay_	 1
daa	 1
_"Na_	 1
tot	 1
aaa	 1
[Ka	 1
"E	 1
g-ala	 1
hing	 1
alu	 1
iyaka	 1
hug	 1
_Nata	 1
nag-	 1
di-	 1
_kaba	 1
gitin	 1
nga--	 1
no?	 1
abai	 1
_pro	 1
atily	 1
tind	 1
_"O_	 1
ipig	 1
sa't_	 1
uan,	 1
nahar	 1
ndy	 1
kan_	 1
yuan	 1
usap_	 1
yer	 1
-ala	 1
[Kal	 1
ahapo	 1
_lalo	 1
kingg	 1
gid._	 1
_tung	 1
silan	 1
kapen	 1
/k	 1
bawi.	 1
kit?	 1
iin	 1
uhod	 1
abala	 1
it?	 1
_hawa	 1
isa'y	 1
di-ka	 1
"Ut	 1
bing	 1
_Nap	 1
_putu	 1
_lik	 1
tatag	 1
aih	 1
rog	 1
mban	 1
tily	 1
muot_	 1
acket	 1
han_	 1
n/	 1
aru-l	 1
Naghi	 1
swit.	 1
last_	 1
mak	 1
libi	 1
n--s	 1
st?"	 1
ining	 1
_Oo,	 1
gkaro	 1
wa.	 1
disy	 1
anin	 1
iha	 1
gtin	 1
pa."	 1
ungan	 1
oot.]	 1
"Puwe	 1
nag-e	 1
cket_	 1
tiya	 1
anya,	 1
welt	 1
dalaw	 1
eng_	 1
ikit	 1
tul-	 1
_puti	 1
rili_	 1
_"Per	 1
god	 1
NP,_	 1
lto_	 1
nakap	 1
hat_	 1
syo	 1
tsur	 1
pasna	 1
_SINd	 1
"Isa	 1
bo,_	 1
aas_	 1
on."	 1
gis_	 1
wan._	 1
magpa	 1
_mal	 1
_"N	 1
_sap	 1
way	 1
oy_	 1
Win	 1
bos_	 1
ngaw_	 1
puno_	 1
eses_	 1
kyat_	 1
Pal	 1
bes	 1
gpi	 1
-kala	 1
syo._	 1
ino	 1
tayi	 1
_"It	 1
ngon	 1
_pang	 1
uro	 1
_saba	 1
ukl	 1
pa.	 1
ss?"	 1
"Its	 1
lagya	 1
is._	 1
ede_	 1
aaabs	 1
expa	 1
_ko_	 1
mago	 1
fety"	 1
Sabi	 1
utul	 1
nina	 1
ama._	 1
ap.	 1
_raw	 1
ldil_	 1
j	 1
pinal	 1
maas_	 1
de_	 1
CN	 1
Nata	 1
bih	 1
pe_	 1
atun	 1
lob	 1
lto	 1
Bigla	 1
ating	 1
_lah	 1
asari	 1
away	 1
era._	 1
N_	 1
yaan-	 1
lan.	 1
say	 1
mip	 1
atulo	 1
suo	 1
_"Uta	 1
o...p	 1
Pinag	 1
_kani	 1
luma	 1
Ila	 1
tumat	 1
pwa_	 1
balah	 1
Halik	 1
hinin	 1
nagb	 1
namat	 1
a"	 1
ag-uu	 1
tumal	 1
aiwan	 1
itong	 1
yo?"	 1
kabaw	 1
_ab	 1
n/k	 1
Mis	 1
_mala	 1
ura_	 1
tuksu	 1
_ba't	 1
law	 1
kter	 1
_"Isa	 1
_Wi	 1
unga_	 1
kaya	 1
_S_	 1
jack	 1
aabo	 1
sisyo	 1
_Kal	 1
anyan	 1
pam	 1
te.	 1
magb	 1
kin._	 1
klasa	 1
abaih	 1
magdi	 1
gpup	 1
tlong	 1
uusap	 1
_Il	 1
"b	 1
aklub	 1
mag-e	 1
_Bigl	 1
pamu	 1
igid_	 1
dro._	 1
_Big	 1
est?	 1
..pak	 1
aniw	 1
_bat	 1
_dala	 1
kabab	 1
otoh	 1
Pinoy	 1
undi	 1
_ayok	 1
sabih	 1
GN	 1
"hi	 1
wel	 1
lalo	 1
pakar	 1
kat_	 1
_to	 1
ua	 1
_buha	 1
cket	 1
A.	 1
babai	 1
ast	 1
_tatl	 1
_atin	 1
mula_	 1
tut	 1
ibit	 1
gn	 1
"Pa	 1
x	 1
Alan,	 1
tatan	 1
ona	 1
NN	 1
atiy	 1
Dito.	 1
_bese	 1
onghi	 1
el	 1
tul-p	 1
_[	 1
aiba_	 1
kapw	 1
peng_	 1
_saf	 1
"Magk	 1
andaa	 1
_ano	 1
syer	 1
Sabi_	 1
n/kal	 1
_Ngun	 1
lansa	 1
hilig	 1
rinl	 1
acke	 1
salim	 1
iyo._	 1
_Pan	 1
aaab	 1
fety_	 1
_Mi	 1
uu	 1
inat	 1
maini	 1
Nang	 1
agya	 1
_yo?	 1
kaup	 1
_"hiy	 1
anga_	 1
g-al	 1
mami	 1
gap_	 1
laru	 1
Tama	 1
_sapa	 1
muna,	 1
dala_	 1
-last	 1
putul	 1
tuloy	 1
ige_	 1
arar	 1
angam	 1
ad_	 1
pum	 1
laa	 1
gram	 1
_iyo.	 1
g-una	 1
ngya	 1
--s	 1
_Win	 1
magi	 1
_baka	 1
aluho	 1
umara	 1
GNP	 1
_hak	 1
sapan	 1
lyon	 1
/kala	 1
di-k	 1
o,"_	 1
_ja	 1
mum	 1
alayu	 1
_daw_	 1
_laba	 1
"It	 1
ayin,	 1
arinl	 1
lahat	 1
l!-	 1
as-	 1
Ndik	 1
ty"_	 1
kasar	 1
_pa,_	 1
apil	 1
aini	 1
sarin	 1
re_	 1
NPA._	 1
_requ	 1
ru-l	 1
ayoko	 1
requ	 1
atot	 1
puyos	 1
ngke	 1
PA._	 1
:_	 1
_yo	 1
ngar	 1
_mo,"	 1
yari	 1
oda._	 1
_kaya	 1
Kung	 1
_aga	 1
toh	 1
sali	 1
gkik	 1
nod	 1
_ali	 1
ataka	 1
ingit	 1
-ee	 1
_chik	 1
sn	 1
awa.	 1
los_	 1
tayo.	 1
dild	 1
saman	 1
gpapa	 1
g-las	 1
-p	 1
IN	 1
ning	 1
id.	 1
aaba	 1
aon._	 1
ogr	 1
asa_	 1
_pago	 1
ts	 1
abawi	 1
dadal	 1
noy	 1
_pe	 1
her	 1
SI	 1
progr	 1
Bi	 1
_hug	 1
sing_	 1
nlan/	 1
suma	 1
bab	 1
mumu	 1
Nan	 1
Ut	 1
s-l	 1
be	 1
Ngun	 1
alala	 1
aawa	 1
yert	 1
_pamu	 1
al!-	 1
aupo	 1
_CNN	 1
amumu	 1
hod	 1
ba'	 1
siya'	 1
hat	 1
kter_	 1
l,_	 1
Nagin	 1
kila	 1
uri	 1
yua	 1
al!	 1
ikat	 1
Eto	 1
lim	 1
ibita	 1
gpap	 1
oko	 1
kahap	 1
ggan_	 1
_kay	 1
sanda	 1
pagt	 1
uusa	 1
kin_	 1
_Baka	 1
ama.	 1
Winte	 1
pakin	 1
hila	 1
agpai	 1
lawi	 1
bibi	 1
poot	 1
gin_	 1
_Kung	 1
ru-la	 1
"Per	 1
Uta	 1
oy._	 1
natil	 1
ses_	 1
kaiba	 1
usi_	 1
y"_	 1
nan."	 1
riin	 1
bai	 1
mbang	 1
_"E	 1
Mahig	 1
uloy_	 1
nara	 1
aan--	 1
uyos	 1
awan_	 1
ming_	 1
layaa	 1
Eto_	 1
syo.	 1
req	 1
imuot	 1
amoto	 1
into	 1
nsay_	 1
Ipe	 1
bikt	 1
lobo,	 1
utik	 1
_patu	 1
apwa_	 1
_kaha	 1
Tam	 1
pas-	 1
noy._	 1
nakab	 1
sand	 1
aska	 1
malay	 1
wi._	 1
_tiwa	 1
umuti	 1
_ini	 1
duma	 1
xpand	 1
Saf	 1
taka	 1
_bib	 1
nalam	 1
_Sap	 1
st_	 1
magig	 1
g-se	 1
ahu	 1
_Ilan	 1
tiwal	 1
_aab	 1
-pu	 1
Sapa	 1
akin_	 1
karam	 1
[Kala	 1
l!--a	 1
_GN	 1
lis.	 1
arap.	 1
pen	 1
g-uu	 1
nakik	 1
lupa	 1
last	 1
ach	 1
dya	 1
u-la	 1
lumin	 1
iligt	 1
iss?	 1
ggan	 1
lis._	 1
rogra	 1
_"M	 1
..pa	 1
tiw	 1
i-	 1
agos_	 1
a."	 1
"h	 1
suha	 1
mo,_	 1
:	 1
_bang	 1
mul	 1
akara	 1
Sur	 1
tingi	 1
_Mada	 1
_ko."	 1
suot_	 1
Sig	 1
_iyo_	 1
_Pe	 1
alac	 1
-una	 1
lagay	 1
da.	 1
"M	 1
lupa.	 1
l!	 1
-uus	 1
awi._	 1
Nakak	 1
pr	 1
Big	 1
torsi	 1
tutuk	 1
_pari	 1
Di	 1
_nail	 1
lyo	 1
dikat	 1
uhod_	 1
hir	 1
non	 1
sis	 1
_Di	 1
kalip	 1
syert	 1
anak	 1
suhan	 1
Para_	 1
kit_	 1
yaa	 1
agtin	 1
_bati	 1
tim	 1
usap	 1
uyo	 1
ilyo	 1
At_	 1
na,	 1
iss	 1
akyat	 1
taka_	 1
ilig_	 1
Isa	 1
tindi	 1
nte.	 1
buti_	 1
_magi	 1
und	 1
yaya	 1
"Uta	 1
"Ma	 1
igla	 1
kakaa	 1
matu	 1
Kun	 1
ape.	 1
migi	 1
tagos	 1
akl	 1
eses	 1
"Na	 1
hara	 1
ldi	 1
pas._	 1
-lup	 1
alaan	 1
ano?	 1
katao	 1
_lala	 1
agap	 1
nawa.	 1
hili	 1
_pah	 1
papa	 1
ape._	 1
apt	 1
mam	 1
_susi	 1
Tama.	 1
is,_	 1
--se	 1
pumat	 1
ob"	 1
Napa	 1
magki	 1
_Wala	 1
asali	 1
alaha	 1
yaan	 1
agpu	 1
san_	 1
iti.	 1
kilal	 1
oko_	 1
_roon	 1
ng-	 1
g-l	 1
aala	 1
kaaw	 1
_sar	 1
_masa	 1
maba	 1
_kir	 1
mur	 1
mbala	 1
itap	 1
umaka	 1
Wi	 1
_so	 1
lan._	 1
ahen	 1
asan	 1
_puma	 1
sapa	 1
akaab	 1
uba	 1
ata_	 1
_hal	 1
_mo,_	 1
_ana	 1
hini	 1
urot_	 1
goda.	 1
_Kahi	 1
til	 1
_isa_	 1
-ay_	 1
ain	 1
umin	 1
--ay	 1
arap_	 1
ge	 1
hikac	 1
an/k	 1
yon_	 1
umig	 1
Suri	 1
nito_	 1
_ito.	 1
laro	 1
hugis	 1
otors	 1
gting	 1
on."_	 1
arili	 1
l-put	 1
paswi	 1
nter	 1
sura_	 1
kaya'	 1
swit	 1
ubo	 1
uwed	 1
aptap	 1
Iniw	 1
Mah	 1
ye	 1
in._	 1
ikti	 1
kaib	 1
Ihakb	 1
-eeh	 1
luho	 1
baw	 1
Wa	 1
ket_	 1
tima	 1
an/ka	 1
Nangi	 1
yayar	 1
_Ng	 1
_al	 1
Mad	 1
gra	 1
ld	 1
_bik	 1
tumig	 1
ingo	 1
.]	 1
s--_	 1
gpai	 1
orsi	 1
_Kah	 1
akit?	 1
atil	 1
isuot	 1
Pinil	 1
alim	 1
aru-	 1
buti	 1
_isuo	 1
Dito	 1
ce	 1
gna	 1
ers	 1
_hakb	 1
masa	 1
it?"_	 1
gl	 1
kum	 1
Na_	 1
tanda	 1
alos_	 1
gdil	 1
aswit	 1
Magk	 1
mag-l	 1
Bali	 1
buha	 1
ahara	 1
xpa	 1
kinak	 1
pas.	 1
sing-	 1
gkai	 1
lit_	 1
_nagt	 1
_Tama	 1
uy	 1
uli	 1
nand	 1
_Mahi	 1
jac	 1
Ini	 1
erto	 1
_kahi	 1
ring_	 1
gyan	 1
_iton	 1
Alan_	 1
_Bi	 1
lika	 1
igit	 1
alon	 1
ogram	 1
_d_	 1
gke_	 1
GNP,	 1
hers	 1
nangy	 1
ahap	 1
ace	 1
"Isa_	 1
_be	 1
ag-un	 1
a,"	 1
way_	 1
iya"_	 1
sabi_	 1
_bibi	 1
putu	 1
abay_	 1
"bak	 1
_Nat	 1
_Ila	 1
ingn	 1
_Dum	 1
matut	 1
id_	 1
_Ihak	 1
layua	 1
apaal	 1
_anon	 1
dada	 1
lasan	 1
atiya	 1
bati	 1
adala	 1
_Ta	 1
gpu	 1
alaya	 1
_isu	 1
Safet	 1
mahil	 1
_lar	 1
"Hig	 1
ahili	 1
lara	 1
lask	 1
gpaiw	 1
ikato	 1
_"b	 1
_inak	 1
_bikt	 1
_"H	 1
umab	 1
hirap	 1
but	 1
pigil	 1
quest	 1
lan/k	 1
apen	 1
C	 1
in,_	 1
tore_	 1
aan-	 1
oob"	 1
inati	 1
Pan	 1
niwal	 1
apaa	 1
got	 1
"Hi	 1
tiwa	 1
lyong	 1
bina	 1
ihan	 1
alaru	 1
kakai	 1
poot.	 1
_Sur	 1
igla,	 1
lan,	 1
irand	 1
lala.	 1
agdi	 1
ukhan	 1
-unaw	 1
uw	 1
ita._	 1
uest?	 1
yoko_	 1
niwan	 1
ety"	 1
kakat	 1
ngamb	 1
Dit	 1
_Sabi	 1
no'y	 1
daman	 1
ligta	 1
nter_	 1
_SI	 1
inl	 1
iba	 1
uno.	 1
utul-	 1
bungo	 1
--ay_	 1
_up	 1
_Wal	 1
kabil	 1
ata.	 1
nilit	 1
akak	 1
_tan	 1
Ilan_	 1
g-eeh	 1
ayo.	 1
oot	 1
ibis	 1
u-l	 1
pa,	 1
O_	 1
agad	 1
Kahi	 1
_Wint	 1
kau	 1
hamb	 1
NP,	 1
angke	 1
ko...	 1
muo	 1
NPA	 1
aupo_	 1
aabsw	 1
otoha	 1
b"	 1
ingin	 1
aabal	 1
nsay	 1
ast_	 1
_kiro	 1
so._	 1
a,"_	 1
makam	 1
daw	 1
naha	 1
nandy	 1
hilan	 1
Itsu	 1
apw	 1
-uu	 1
inton	 1
_tang	 1
-uusa	 1
hil_	 1
son	 1
ik_	 1
apagk	 1
bunt	 1
_NPA	 1
ahuli	 1
_aky	 1
gdada	 1
aniwa	 1
ato_	 1
hapo	 1
_Hali	 1
achik	 1
lans	 1
peng	 1
as-l	 1
no.	 1
irot	 1
akya	 1
_titi	 1
_kati	 1
ndyan	 1
amu	 1
limu	 1
angin	 1
It	 1
ag-l	 1
nalag	 1
andal	 1
ktim	 1
ert	 1
nga-	 1
gos	 1
rak	 1
agay	 1
Kum	 1
_Pero	 1
"Pe	 1
mingo	 1
riin_	 1
uan,_	 1
tago_	 1
lala_	 1
Dumar	 1
i-k	 1
gla,	 1
saril	 1
upuy	 1
tayo	 1
ulon	 1
rot._	 1
arara	 1
nita	 1
agkat	 1
CNN_	 1
_y	 1
aya'	 1
ans	 1
gpit_	 1
ul-pu	 1
uban_	 1
Kalak	 1
swelt	 1
ayo._	 1
akt	 1
bal!	 1
gid_	 1
_o,	 1
t.]_	 1
palu	 1
uwe	 1
sung	 1
og	 1
iwan.	 1
-alas	 1
_Nan	 1
Isa_	 1
_per	 1
safe	 1
isuo	 1
_GNP	 1
_Bal	 1
ubos	 1
n--	 1
gaw_	 1
bibit	 1
ikac	 1
s?	 1
upu	 1
bese	 1
asw	 1
yaka	 1
igin	 1
ayok	 1
alah	 1
maram	 1
gda	 1
ahan_	 1
_ham	 1
welto	 1
g-un	 1
nina_	 1
halo	 1
suno	 1
tik	 1
...p	 1
aging	 1
abing	 1
tlo	 1
-lu	 1
ore	 1
aihan	 1
-ay	 1
n/ka	 1
matag	 1
rsis	 1
_ba'	 1
_[Ka	 1
agha	 1
eque	 1
baki	 1
akau	 1
karo	 1
irama	 1
nan.	 1
_"Eto	 1
laan	 1
ild	 1
_"Pe	 1
akter	 1
pand	 1
rand	 1
goda	 1
ses	 1
_hina	 1
atand	 1
kani	 1
Pu	 1
SINdi	 1
alaw	 1
gnan	 1
klas	 1
na,"_	 1
-k	 1
_G	 1
agdil	 1
_libi	 1
hig	 1
agap_	 1
ha?"_	 1
_gu	 1
S_	 1
apta	 1
ahira	 1
kirot	 1
umuro	 1
bitay	 1
bit	 1
Baka_	 1
pand.	 1
_"Pa	 1
yoko	 1
ya't	 1
_Per	 1
ot.]	 1
bis,	 1
id._	 1
labas	 1
nak_	 1
g-sek	 1
Kumak	 1
ramay	 1
ogra	 1
aky	 1
ko..	 1
nghin	 1
in.	 1
akap	 1
agpap	 1
tangk	 1
_"O	 1
Si	 1
_abo	 1
_pum	 1
akaka	 1
tik_	 1
ikila	 1
Baka	 1
-exp	 1
ro._	 1
apip	 1
oha	 1
_Dit	 1
igid.	 1
_Ip	 1
ayuan	 1
ndam	 1
pin_	 1
angk	 1
nod_	 1
tap_	 1
il,_	 1
aru	 1
ihing	 1
dis	 1
alace	 1
agoda	 1
_CN	 1
inter	 1
unod	 1
_tayo	 1
agyan	 1
rsik	 1
_abot	 1
_luma	 1
amum	 1
amay	 1
ganga	 1
gara	 1
abal	 1
yin,	 1
uus	 1
nawa	 1
.]_	 1
bakas	 1
ex	 1
ngna	 1
inlan	 1
apat	 1
_mai	 1
_Mad	 1
oob"_	 1
tutu	 1
ampa	 1
s?"	 1
ndam_	 1
dil_	 1
!--a	 1
yarin	 1
Mada	 1
pap	 1
st?"_	 1
_jac	 1
mula	 1
daan_	 1
hul	 1
kumu	 1
pigi	 1
_kara	 1
"O	 1
_map	 1
ikt	 1
nita.	 1
ninga	 1
gis	 1
nya,_	 1
Wala	 1
era	 1
loy_	 1
lipa	 1
ohan	 1
o...	 1
_Ipe_	 1
uho	 1
ag-ex	 1
dit	 1
is,	 1
kikil	 1
maas	 1
isu	 1
aring	 1
atutu	 1
nito.	 1
rapa	 1
ss?"_	 1
_Kun	 1
E	 1
_Saf	 1
_Sige	 1
P,	 1
gpal	 1
apila	 1
alaa	 1
aas	 1
_ito_	 1
g-la	 1
pa,_	 1
siklo	 1
ksu	 1
buhay	 1
o'_	 1
gid.	 1
ipigi	 1
alos	 1
umigi	 1
_bina	 1
inoy.	 1
mpas-	 1
ska.	 1
mala	 1
pakab	 1
Miss	 1
o:	 1
Itsur	 1
_Si	 1
apwa	 1
_naki	 1
per	 1
_Nagi	 1
yo?"_	 1
s,	 1
swel	 1
_bes	 1
jacke	 1
Wal	 1
naki	 1
/ka	 1
ahila	 1
apipi	 1
agot	 1
puy	 1
ck	 1
_prog	 1
apo	 1
asna_	 1
rar	 1
ngk	 1
alama	 1
ngg	 1
alipa	 1
il,	 1
Palac	 1
swi	 1
bib	 1
sunod	 1
nati	 1
rton	 1
At	 1
klub	 1
ese	 1
igpi	 1
mipas	 1
o..	 1
tunga	 1
g-ex	 1
"Is	 1
nakas	 1
unita	 1
akte	 1
tingn	 1
karak	 1
muti_	 1
mata.	 1
and.	 1
kaaba	 1
"Et	 1
akapi	 1
kapwa	 1
tiy	 1
agdad	 1
harap	 1
Surii	 1
rogr	 1
as-lu	 1
bay_	 1
gkiki	 1
ge_	 1
umaa	 1
ulong	 1
iss?"	 1
aiwa	 1
_jack	 1
ababa	 1
lo_	 1
muot	 1
_Nagh	 1
_Iha	 1
rakt	 1
gamb	 1
ot.]_	 1
Miss?	 1
saf	 1
pit_	 1
"Higi	 1
_mo:	 1
dyan	 1
iro_	 1
prog	 1
lalar	 1
_tay	 1
isa_	 1
Pini	 1
_bir	 1
bihi	 1
"Puw	 1
akiki	 1
sus	 1
libis	 1
lagy	 1
rto	 1
papaa	 1
_[K	 1
_ra	 1
kil	 1
ril,	 1
_k_	 1
Mahi	 1
abuti	 1
pang_	 1
ayi	 1
inagk	 1
Il	 1
hira	 1
agda	 1
_Mis	 1
uyos-	 1
ag-a	 1
_"Is	 1
pai	 1
Ndi	 1
a."_	 1
irot.	 1
andam	 1
ngke_	 1
p.	 1
Nagi	 1
Nguni	 1
elto	 1
say_	 1
aabs	 1
yi	 1
pig	 1
_mul	 1
dika	 1
gga	 1
lip	 1
-lupa	 1
ohana	 1
gtas_	 1
__	 1
_CNN_	 1
ksuh	 1
_aabo	 1
.pak	 1
as.	 1
ayaan	 1
ipasn	 1
itay	 1
pari	 1
ata._	 1
oh	 1
tas_	 1
_Oo	 1
_upan	 1
iti._	 1
pw	 1
uhay_	 1
mipa	 1
_Pak	 1
Nah	 1
ngaw	 1
igt	 1
_Suri	 1
tala_	 1
pip	 1
an-	 1
mag-a	 1
nte._	 1
main	 1
mata_	 1
tiyak	 1
katot	 1
umam	 1
inin	 1
Pina	 1
yos--	 1
ga--_	 1
asuno	 1
_Ngu	 1
labi	 1
ndal	 1
_dis	 1
ag-la	 1
sik	 1
reque	 1
paluh	 1
ngara	 1
wede	 1
_liko	 1
wit	 1
_nar	 1
is.	 1
hal	 1
imu	 1
igl	 1
elto_	 1
_O	 1
gdad	 1
ugis_	 1
_[Kal	 1
loy	 1
sa't	 1
parir	 1
exp	 1
ty_	 1
ga--	 1
noy.	 1
_o,_	 1
pasw	 1
_uma	 1
_Kala	 1
est?"	 1
_nara	 1
gham	 1
laska	 1
_tat	 1
utik_	 1
bawi	 1
yuan,	 1
map	 1
PA	 1
it?"	 1
mbal!	 1
pon_	 1
maaab	 1
atlon	 1
_Dito	 1
yon."	 1
pah	 1
awi.	 1
alagy	 1
undi_	 1
kapi	 1
ginto	 1
ente.	 1
"O_	 1
bis	 1
angar	 1
_req	 1
ety_	 1
alawi	 1
_upa	 1
bal!-	 1
agot_	 1
git_	 1
aska.	 1
takl	 1
Ndika	 1
irap	 1
--a	 1
_Kum	 1
os-	 1
iton	 1
/	 1
kina	 1
ilit_	 1
_"Na	 1
ket	 1
!-	 1
ahil_	 1
taon.	 1
_Ini	 1
umip	 1
klo	 1
gon_	 1
ti.	 1
_"Puw	 1
sye	 1
_At	 1
_maa	 1
Mag	 1
a-	 1
ba't_	 1
mabut	 1
huli_	 1
yon._	 1
_hamp	 1
aa_	 1
aon.	 1
agkar	 1
ldil	 1
ngin_	 1
uksuh	 1
sona_	 1
-eehe	 1
yay	 1
ataon	 1
ayin	 1
ngh	 1
dama	 1
"U	 1
apeng	 1
_kund	 1
_poot	 1
ahat	 1
nail	 1
Ta	 1
_laha	 1
bita	 1
rama_	 1
Iniwa	 1
_umal	 1
_"ba	 1
akala	 1
Pala	 1
kikit	 1
susi	 1
_ngan	 1
mara	 1
ugis	 1
Utan	 1
uksu	 1
pamum	 1
aroo	 1
una,	 1
Safe	 1
aga_	 1
agham	 1
umur	 1
kundi	 1
Puwe	 1
agy	 1
.paki	 1
gingi	 1
_kato	 1
_mas	 1
arak	 1
gad	 1
_Baki	 1
Natat	 1
_lara	 1
bsw	 1
ke_	 1
nagha	 1
ikl	 1
_ati	 1
ainit	 1
masal	 1
hugi	 1
_puto	 1
magot	 1
migil	 1
paiw	 1
itayi	 1
Nat	 1
puyo	 1
pa."_	 1
bos	 1
hen	 1
ent	 1
al!--	 1
Hi	 1
sura	 1
_kapw	 1
lace_	 1
_Bula	 1
kluba	 1
talag	 1
kamba	 1
rtong	 1
isyo	 1
'_	 1
putik	 1
walaa	 1
"Eto_	 1
uli_	 1
ue	 1
sal	 1
mapip	 1
tumaa	 1
asna	 1
ka.	 1
!--ay	 1
ag-ee	 1
_Napa	 1
asn	 1
rot_	 1
a"_	 1
_"Par	 1
gam	 1
gad_	 1
sag	 1
kiro	 1
ikil	 1
inga	 1
una,"	 1
tatlo	 1
inala	 1
_"Its	 1
ayari	 1
a?	 1
hampa	 1
aroon	 1
luhod	 1
ghini	 1
Sige_	 1
akan	 1
gpala	 1
"Utan	 1
rap_	 1
_tit	 1
kte	 1
akan_	 1
pupu	 1
amot_	 1
nla	 1
akaa	 1
abay	 1
yin	 1
uan	 1
tapta	 1
no?"_	 1
iyo_	 1
itapt	 1
_Mah	 1
INdik	 1
_Bali	 1
angya	 1
te._	 1
kano_	 1
iba_	 1
_j	 1
Bula,	 1
g-a	 1
unto	 1
_Iniw	 1
atl	 1
pro	 1
mapi	 1
ige	 1
Ano'	 1
-puto	 1
apag	 1
abut	 1
ukha_	 1
labin	 1
_dal	 1
obo,	 1
ily	 1
lup	 1
ayon_	 1
tulon	 1
"Par	 1
"Pero	 1
gyaya	 1
bunga	 1
_kaaw	 1
-ka	 1
iwan_	 1
oda.	 1
PA.	 1
_Bul	 1
_SIN	 1
asaga	 1
wi.	 1
et_	 1
gr	 1
patun	 1
_di-k	 1
ksuha	 1
irapa	 1
asal	 1
aalal	 1
_nagb	 1
kasun	 1
nong_	 1
pt	 1
_pat	 1
umak	 1
_nala	 1
.p	 1
ptap_	 1
karoo	 1
ril,_	 1
ita_	 1
nagk	 1
rsikl	 1
as._	 1
--sek	 1
mut	 1
_pr	 1
_Sapa	 1
ahar	 1
khan	 1
"Mag	 1
bo,	 1
pera.	 1
Paniw	 1
litap	 1
ing-	 1
ehers	 1
anan.	 1
eq	 1
unt	 1
ihan.	 1
aro_	 1
gyay	 1
_Wa	 1
_kar	 1
sna	 1
expan	 1
g-uus	 1
kit?"	 1
yat_	 1
absw	 1
aril,	 1
Nagh	 1
ildil	 1
tayin	 1
hana	 1
inla	 1
rsisy	 1
umipa	 1
Kuma	 1
usa	 1
mo:	 1
Madal	 1
sur	 1
-laro	 1
atoto	 1
katiy	 1
aluh	 1
tuks	 1
ban_	 1
_palu	 1
ptap	 1
nggan	 1
lubo	 1
layu	 1
kabi	 1
gkar	 1
maaa	 1
asung	 1
_pin_	 1
gay_	 1
da._	 1
Puwed	 1
Kung_	 1
umar	 1
tohan	 1
_ah	 1
_um	 1
wit.	 1
nili	 1
inili	 1
apan_	 1
upa.	 1
igpit	 1
Ilan	 1
no._	 1
lan,_	 1
kund	 1
upo	 1
tilyo	 1
puma	 1
kato_	 1
sabay	 1
_raw_	 1
tore	 1
que	 1
kaawa	 1
laru-	 1
U	 1
agkan	 1
rap._	 1
_Sig	 1
grama	 1
hay_	 1
_pam	 1
kahit	 1
n-	 1
halos	 1
mig	 1
gtak	 1
inil	 1
Ipe_	 1
t.]	 1
_Miss	 1
_dit	 1
Balit	 1
ska._	 1
ag-al	 1
Duma	 1
ili_	 1
_Oo,_	 1
pon	 1
mumut	 1
eh	 1
Bula	 1
Nap	 1
sap_	 1
[	 1
_Pino	 1
gigin	 1
luba	 1
iktim	 1
agod	 1
iyon.	 1
kachi	 1
Hal	 1
-kal	 1
i-kal	 1
palay	 1
an--s	 1
ring	 1
Par	 1
ndaa	 1
mot_	 1
de	 1
oy.	 1
G	 1
ghin	 1
iyo.	 1
amp	 1
kumur	 1
kapil	 1
_"Pu	 1
ingon	 1
ilan.	 1
ayon.	 1
_kin	 1
_pahi	 1
lalon	 1
_ba,_	 1
hamp	 1
baka	 1
pta	 1
[K	 1
ahigp	 1
unton	 1
ayua	 1
_nga_	 1
akar	 1
beses	 1
Sapag	 1
pan_	 1
_guni	 1
_lib	 1
abin	 1
igta	 1
Ngu	 1
s,_	 1
suh	 1
Kasun	 1
iin_	 1
umut	 1
hiya	 1
_disy	 1
balan	 1
_Nahu	 1
tapt	 1
Bakit	 1
sna_	 1
apon	 1
kati	 1
binat	 1
ahan	 1
lig_	 1
ba,	 1
nd._	 1
aib	 1
_lob	 1
nilal	 1
angi	 1
l!--	 1
Its	 1
_tuk	 1
wede_	 1
gpit	 1
raram	 1
-ex	 1
_Pina	 1
ru	 1
uklas	 1
uhan.	 1
_At_	 1
l-pu	 1
asan_	 1
uriin	 1
wed	 1
motor	 1
bs	 1
ede	 1
mabas	 1
ahig	 1
erton	 1
_T	 1
eher	 1
lasa	 1
SIN	 1
anon	 1
akasu	 1
lahan	 1
_lobo	 1
_nal	 1
Bigl	 1
ehe	 1
os--_	 1
gtakl	 1
oot.	 1
ikach	 1
sa'y	 1
_suma	 1
lakal	 1
o:_	 1
yos	 1
no'y_	 1
iya"	 1
_daw	 1
_Paki	 1
sumag	 1
pe._	 1
_Safe	 1
umaba	 1
isa't	 1
hap	 1
igtas	 1
mo,"	 1
atut	 1
!--	 1
NN_	 1
Dum	 1
moto	 1
arira	 1
Oo	 1
ky	 1
gkat_	 1
rawan	 1
obo,_	 1
giti.	 1
sagap	 1
klo_	 1
akin.	 1
nan_	 1
ikita	 1
umaas	 1
ahul	 1
ul-p	 1
agtak	 1
gkat	 1
ona_	 1
hod_	 1
ano?"	 1
ndya	 1
ss?	 1
ahent	 1
pahir	 1
Sap	 1
nya,	 1
st?	 1
aramd	 1
baba	 1
hay	 1
_haw	 1
an/	 1
aup	 1
abs	 1
ngon_	 1
nasag	 1
narar	 1
tima_	 1
otor	 1
rii	 1
Ihak	 1
lipas	 1
anina	 1
aal	 1
ty"	 1
era.	 1
Bal	 1
pipi	 1
ati_	 1
laan_	 1
kape.	 1
_ina	 1
alans	 1
buh	 1
_kaa	 1
Hali	 1
tongh	 1
u-lar	 1
Pakir	 1
ed	 1
_Ipe	 1
andy	 1
lib	 1
aula_	 1
_pas	 1
maka	 1
rami_	 1
_sus	 1
yat	 1
obo	 1
_Duma	 1
_Ih	 1
_anak	 1
uks	 1
laya	 1
Walan	 1
rawa	 1
hamba	 1
unawa	 1
unit_	 1
ako._	 1
hiy	 1
bihin	 1
ibis,	 1
and._	 1
ly	 1
ampas	 1
daw_	 1
biro	 1
hang_	 1
aiba	 1
yak	 1
naghi	 1
_Ano'	 1
Oo,_	 1
gos_	 1
nakau	 1
akabi	 1
ayar	 1
bis,_	 1
Wint	 1
_"Ut	 1
pagod	 1
_magb	 1
l,	 1
ipas.	 1
os--	 1
atung	 1
dito	 1
ul-	 1
s-lup	 1
uloy	 1
_chi	 1
lan/	 1
_bunt	 1
uest	 1
a?"	 1
tit	 1
murot	 1
Nd	 1
y"	 1
iran	 1
mar	 1
A._	 1
ce_	 1
bik	 1
away_	 1
ramin	 1
lalag	 1
Kasu	 1
amin	 1
aon_	 1
_NP	 1
pupuy	 1
umag	 1
_init	 1
agin	 1
s?"_	 1
baih	 1
gdi	 1
tlon	 1
ack	 1
ska	 1
_Kuma	 1
iklo_	 1
_"Mag	 1
_labi	 1
usi	 1
swe	 1
apang	 1
uhan	 1
iyak	 1
_Tam	 1
_matu	 1
pagti	 1
ng-se	 1
paa_	 1
NPA.	 1
mpas	 1
palak	 1
_ko..	 1
ano'	 1
Ip	 1
mai	 1
sa'y_	 1
ii	 1
tukla	 1
umago	 1
unod_	 1
_Pala	 1
]	 1
kach	 1
an."	 1
_ahe	 1
]_	 1
titi	 1
ma._	 1
anong	 1
_pera	 1
susi_	 1
isye	 1
equ	 1
_"Hig	 1
-put	 1
nakai	 1
_kumu	 1
ansay	 1
aya't	 1
arakt	 1
dik	 1
n--se	 1
eehe	 1
ma.	 1
_ag	 1
_sand	 1
"baki	 1
uming	 1
abab	 1
magba	 1
pila	 1
gtas	 1
T	 1
puno.	 1
kitan	 1
ayaa	 1
tl	 1
ilyon	 1
_Hal	 1
es_	 1
Nahul	 1
_tind	 1
"N	 1
nd.	 1
ildi	 1
aano'	 1
inah	 1
Napat	 1
bir	 1
no'_	 1
tors	 1
nagba	 1
dum	 1
asar	 1
...pa	 1
ues	 1
_paa_	 1
anak_	 1
_magp	 1
p._	 1
eeher	 1
ety"_	 1
ba_	 1
po_	 1
iklo	 1
hika_	 1
dumam	 1
pala.	 1
alam	 1
_bin	 1
ngnan	 1
upan	 1
nila_	 1
aklu	 1
_bak	 1
imuo	 1
INdi	 1
Sige	 1
ansa	 1
ngyay	 1
gpupu	 1
Para	 1
yo?	 1
abswe	 1
ask	 1
malik	 1
pup	 1
"hiy	 1
ha?"	 1
wit._	 1
dildi	 1
ndaan	 1
pas-l	 1
cke	 1
bunto	 1
_"hi	 1
gkaib	 1
pasn	 1
orsik	 1
upuyo	 1
g-ee	 1
ques	 1
aiw	 1
inga-	 1
_pina	 1
nagka	 1
ghamb	 1
nlan	 1
Kahit	 1
titin	 1
rara	 1
Oo,	 1
_re	 1
hent	 1
"H	 1
agpal	 1
nasa_	 1
tsura	 1
ace_	 1
g-s	 1
_lubo	 1
angy	 1
limuo	 1
yar	 1
ersis	 1
paiwa	 1
ss	 1
luban	 1
mami_	 1
kti	 1
ahe	 1
_Pal	 1
_tul	 1
eng	 1
yok	 1
daan	 1
atul	 1
laga_	 1
naili	 1
Ano	 1
dy	 1
ina_	 1
gki	 1
_c	 1
_"Et	 1
klu	 1
higpi	 1
nl	 1
_biro	 1
Magka	 1
a?"_	 1
_Pini	 1
_tiw	 1
disye	 1
_Ano	 1
-al	 1
tungo	 1
_ban	 1
Kah	 1
aabot	 1
upa."	 1
apatu	 1
patul	 1
nyan	 1
ob"_	 1
pera	 1
tsu	 1
hapon	 1
_"bak	 1
wan.	 1
ktima	 1
hiya"	 1
igit_	 1
alas	 1
Kalan	 1
ba't	 1
ngga	 1
Ng	 1
it._	 1
_kab	 1
"Para	 1
hente	 1
nghi	 1
mo,"_	 1
_pagt	 1
ndali	 1
ga-	 1
ee	 1
ore_	 1
kaab	 1
ubos_	 1
atlo	 1
gnan_	 1
sunga	 1
kahi	 1
pahi	 1
_sari	 1
inaha	 1
_nand	 1
ingg	 1
s--	 1
litan	 1
na,"	 1
i-ka	 1
gkan	 1
_tuks	 1
Is	 1
ano'y	 1
uhay	 1
ita.	 1
tukl	 1
taklu	 1
Sab	 1
pwa	 1
_mabu	 1
aswi	 1
ahat_	 1
y._	 1
eeh	 1
INd	 1
ya"_	 1
_kita	 1
adali	 1
Baki	 1
"Na_	 1
upo_	 1
pipig	 1
_agad	 1
gti	 1
akaba	 1
laba	 1
biro_	 1
_gint	 1
kyat	 1
u-	 1
muti	 1
P,_	 1
_main	 1
_pa,	 1
kasam	 1
_mapi	 1
wa_	 1
khang	 1
ilit	 1
uno_	 1
Pino	 1
gint	 1
Bul	 1
dyan_	 1
laraw	 1
_ha?"	 1
andya	 1
Paki	 1
_alit	 1
_C	 1
ongh	 1
_Du	 1
_"h	 1
_ch	 1
hang	 1
lika_	 1
akaup	 1
o,"	 1
ngn	 1
tand	 1
_"Hi	 1
wa._	 1
kala_	 1
_pasw	 1
yakan	 1
a--	 1
along	 1
ha?	 1
_kina	 1
rili	 1
gla	 1
muro	 1
agkai	 1
_sona	 1
gamba	 1
q	 1
kaupo	 1
sisy	 1
kita_	 1
pila_	 1
lac	 1
_Nah	 1
got_	 1
s-lu	 1
_dito	 1
GNP,_	 1
lawin	 1
gdild	 1
_mula	 1
gkano	 1
Pani	 1
_Nang	 1
_halo	 1
_NPA.	 1
Du	 1
ng-s	 1
saga	 1
lt	 1
agos	 1
_Sab	 1
ukla	 1
Higit	 1
_tore	 1
lace	 1
aliko	 1
abaw	 1
