_	 2946
¤	 240
_¤	 203
¡	 138
¥	 136
¦	 130
_¥	 115
_¡	 112
_¦	 107
ª	 76
­	 69
M	 67
M_	 66
³	 63
¸	 62
¬	 62
_¡M	 60
¡M	 60
_¡M_	 60
¡M_	 60
_ª	 58
º	 55
©	 54
§	 54
·	 53
_­	 52
_¸	 51
±	 51
¹	 50
«	 49
_¬	 49
¨	 48
°	 47
_©	 46
µ	 46
®	 45
_«	 42
_·	 42
¶	 41
´	 41
~_	 40
~	 40
_¨	 40
_³	 40
²	 39
_¶	 39
»	 39
¾	 38
À	 37
_±	 37
_§	 37
½	 35
_®	 35
_°	 34
C	 34
º_	 34
_¹	 33
_´	 32
q	 32
_µ	 31
C_	 31
Ä	 30
Ó	 29
@	 29
|	 29
û	 29
ªº	 28
û_	 28
_²	 27
q_	 27
Q	 27
_¾	 26
|_	 26
@_	 26
Ó_	 25
¡C	 24
_¡C_	 24
_¡C	 24
¡C_	 24
_ªº	 24
_ªº_	 24
ªº_	 24
A	 23
£	 23
O	 23
Á	 22
O_	 22
A_	 21
£_	 20
Q_	 20
¤Q	 20
p	 19
¼	 19
D	 19
Ü	 19
_Ä	 19
G	 19
¯	 19
_»	 19
·|	 18
Ç	 18
ó	 18
Ç_	 18
·|_	 18
_·|_	 18
_·|	 18
u	 18
Ü_	 18
P	 18
ø	 18
u_	 17
p_	 17
ä	 17
Æ	 17
Ã	 17
_½	 17
W	 16
ø_	 16
Æ_	 16
F_	 16
ó_	 16
ä_	 16
H	 16
F	 16
H_	 16
_À	 16
¤@	 15
W_	 15
³_	 15
D_	 15
´ä	 15
_Á	 15
P_	 15
ô_	 14
¡A_	 14
_¡A_	 14
j	 14
X	 14
_¤@_	 14
_´ä	 14
_¤@	 14
­û_	 14
¤@_	 14
­û	 14
ô	 14
_´ä_	 14
_¼	 14
_¯	 14
j_	 14
´ä_	 14
¡A	 14
¹q	 14
_¡A	 14
b	 13
¿	 13
¤Q_	 13
±_	 13
ê_	 13
X_	 13
ï	 13
b_	 13
_¦~	 13
Â	 13
_º	 13
¦~_	 13
_¤Q	 13
ê	 13
T	 13
_¤Q_	 13
_­û_	 13
¦~	 13
_­û	 13
o	 13
»_	 13
_¦~_	 13
Ð	 13
E	 12
Ï	 12
ò_	 12
ò	 12
¾Ç	 12
a	 12
Î	 12
Õ	 12
µ_	 12
Ï_	 12
Î_	 12
_¾Ç_	 12
L	 12
_Ã	 12
§_	 12
÷	 12
_¾Ç	 12
B	 12
À_	 12
½_	 12
â	 12
¾Ç_	 12
w	 11
_¹q	 11
Õ_	 11
L_	 11
¹q_	 11
Ñ	 11
_©ó_	 11
_¹q_	 11
©ó	 11
{	 11
U	 11
É	 11
w_	 11
_©ó	 11
Ñ_	 11
a_	 11
G_	 11
]	 11
]_	 11
÷_	 11
°_	 11
©ó_	 11
Å	 11
­_	 11
o_	 11
B_	 10
ö	 10
¦b	 10
T_	 10
Ú	 10
¥X	 10
_¥X_	 10
d	 10
¥X_	 10
_¥X	 10
â_	 10
_¦b_	 10
_¦b	 10
{_	 10
ö_	 10
È	 10
ü	 10
ï_	 10
¤£	 10
¦b_	 10
h	 10
¤­	 9
_¬O_	 9
K	 9
d_	 9
·~	 9
ù	 9
_¬O	 9
_¤£_	 9
N	 9
¬O_	 9
Ð_	 9
¤E	 9
È_	 9
N_	 9
_·~	 9
Ì_	 9
v	 9
Ò	 9
¬O	 9
_·~_	 9
Ú_	 9
_Â	 9
Ò_	 9
`	 9
¤£_	 9
ª_	 9
é	 9
i	 9
Ø	 9
_¤£	 9
·~_	 9
`_	 9
i_	 9
Ì	 9
É_	 9
¸Ü	 8
á	 8
¾÷	 8
_¸Ü_	 8
e	 8
¸û_	 8
n	 8
²_	 8
_¨Æ	 8
_¸Ü	 8
Ê	 8
_¥D_	 8
_¨Æ_	 8
¸Ü_	 8
_¿	 8
_¸û	 8
è	 8
¤é	 8
_¸û_	 8
¨Æ_	 8
¤À	 8
á_	 8
s	 8
_ªø_	 8
K_	 8
¸û	 8
v_	 8
¹_	 8
_Å	 8
ü_	 8
_¥D	 8
¥D_	 8
¨Æ	 8
ªø_	 8
h_	 8
e_	 8
õ	 8
¥D	 8
¸_	 8
ªø	 8
ù_	 8
¦³	 8
è_	 8
¤_	 8
_ªø	 8
S_	 7
­Ó	 7
¤H_	 7
¾_	 7
ë	 7
×_	 7
_¤E	 7
E_	 7
¬F_	 7
¦P_	 7
_¤½	 7
t	 7
¬°	 7
_¤§	 7
®É	 7
__	 7
Ê_	 7
_¥Î	 7
å	 7
¤j_	 7
_¤º	 7
å_	 7
¸p_	 7
S	 7
ì_	 7
õ_	 7
_¥Î_	 7
¸p	 7
_¤E_	 7
¤§	 7
_¾÷	 7
í_	 7
_¤j_	 7
¤W	 7
í	 7
¥Î_	 7
¤E_	 7
U_	 7
¤j	 7
_¤H	 7
·_	 7
_¤º_	 7
Ô	 7
¦P	 7
_¤j	 7
_¤H_	 7
¤T	 7
¬_	 7
Ø_	 7
^	 7
®É_	 7
Ô_	 7
¤º_	 7
_¸p_	 7
¦a	 7
ì	 7
_¬F_	 7
¤§_	 7
_®É	 7
¥Î	 7
_¾÷_	 7
×	 7
_¸p	 7
¤º	 7
¦a_	 7
l	 7
_¤½_	 7
¥|	 7
¬F	 7
¤H	 7
¤½	 7
¾÷_	 7
_®É_	 7
_¤§_	 7
¤½_	 7
_¬F	 7
§@	 6
µo_	 6
¡B_	 6
_¦Ê	 6
µo	 6
¸ê	 6
¡G	 6
¸Ó	 6
é_	 6
¦Ê_	 6
t_	 6
¤­_	 6
¦^¡G	 6
_¤é	 6
}	 6
¥»	 6
¦^	 6
­Ó_	 6
_*_	 6
_¦P	 6
¤W_	 6
_§@_	 6
¦Ê	 6
_¦³	 6
_¦P_	 6
¤é_	 6
_¡B_	 6
*_	 6
¡_	 6
^¡G	 6
Äµ	 6
_¤G	 6
_¸Ó_	 6
¶±_	 6
Q¤	 6
¥~	 6
_¦Ê_	 6
Äµ_	 6
¸Ó_	 6
Á_	 6
_¦³_	 6
_¤W_	 6
^¡	 6
_Äµ	 6
_¤­_	 6
_Äµ_	 6
_¤­	 6
_¥~_	 6
§@_	 6
_¸ê	 6
_µo	 6
_¥~	 6
_¡B	 6
Í	 6
_¶±	 6
²Ä	 6
ë_	 6
_µo_	 6
_¸Ó	 6
¸ê_	 6
}_	 6
_­Ó	 6
_¶±_	 6
¨Ó	 6
¥_	 6
_§@	 6
¦^¡	 6
¤G_	 6
¶±	 6
¤Q¤	 6
¤G	 6
æ_	 6
¦³_	 6
_¸ê_	 6
¡B	 6
_¤é_	 6
_­Ó_	 6
*	 6
¥~_	 6
æ	 6
¤À_	 6
_¤W	 6
_¤À_	 6
n_	 6
_*	 6
_¤À	 6
_¤G_	 6
_²Ä	 6
´_	 5
_¬d	 5
¦Ü	 5
_¬d_	 5
Ö_	 5
¤¤	 5
_¥Ñ_	 5
_¤â	 5
Ö	 5
_«e	 5
_°ê_	 5
¤è_	 5
¬d_	 5
°ª_	 5
_³q	 5
¤â_	 5
«e	 5
©_	 5
_«e_	 5
Ý	 5
_¦Ü	 5
¬°_	 5
ç	 5
¥Ñ	 5
«e_	 5
¤â	 5
ú	 5
_¤¤	 5
I	 5
°ê	 5
Ë	 5
¤¤_	 5
_µ¥_	 5
­»	 5
°ê_	 5
_¦a	 5
_¤©_	 5
_³q_	 5
_°ª_	 5
_¦a_	 5
_¤©	 5
I_	 5
l_	 5
¥Ñ_	 5
«_	 5
ç_	 5
_¦Ü_	 5
µ¥	 5
µ¥_	 5
_µ¥	 5
­»_	 5
¦Ü_	 5
¤è	 5
³q_	 5
³q	 5
_¬°_	 5
¤C	 5
_¤¤_	 5
_°ª	 5
ú_	 5
°ª	 5
_¤è	 5
_¤è_	 5
Í_	 5
»P	 5
_¤â_	 5
_¥Ñ	 5
¤©	 5
¤©_	 5
_°ê	 5
¬d	 5
_¬°	 5
¼_	 4
k	 4
³~	 4
¶D_	 4
_½Õ	 4
_¸ô	 4
Àò_	 4
ÀA_	 4
y	 4
_¤å	 4
¥Ü	 4
¶D	 4
_¦w_	 4
_«Ç_	 4
³~_	 4
_¶D_	 4
¸ô	 4
s_	 4
_¥Í	 4
©²	 4
_¦¸_	 4
¶}	 4
à	 4
_Àò	 4
¤Î_	 4
©ö_	 4
¥|_	 4
_Ä³_	 4
_©²	 4
¥L_	 4
_«Ç	 4
«Ø_	 4
«¬	 4
_¦¸	 4
_¤T_	 4
_ÀA_	 4
_¤¸	 4
_ÀA	 4
¥q	 4
®u	 4
_®u_	 4
¬G	 4
¦¸	 4
_¨Ï_	 4
_¤S_	 4
¤T_	 4
_­»_	 4
_Ä³	 4
x_	 4
ÀA	 4
¥Í	 4
¤å	 4
¥L	 4
_»P_	 4
®U	 4
_Àò_	 4
Ã_	 4
Ë_	 4
«Ø	 4
_¤C_	 4
_¶}	 4
_µ·_	 4
¸Ë_	 4
¾¹	 4
¨Ï_	 4
_¨Ï	 4
¤¸	 4
¥Ð_	 4
_¥i	 4
²£	 4
x	 4
_¥L	 4
_»P	 4
_¦w	 4
ºû	 4
µ·_	 4
_¥H_	 4
_®Õ	 4
_¶}_	 4
à_	 4
³Q	 4
¤¸_	 4
¥q_	 4
_¤Î	 4
¦p	 4
¥Ð	 4
¥i	 4
V	 4
_«Ø	 4
¤S	 4
_®u	 4
k_	 4
_«Ø_	 4
¥Í_	 4
_©ö	 4
»P_	 4
_¬ü	 4
¥i_	 4
µ{	 4
_¶D	 4
[	 4
«Ç	 4
_½Õ_	 4
_³Q_	 4
¤»	 4
_¥Í_	 4
_¬G	 4
_¤Î_	 4
_¤C	 4
_¸Ë	 4
_¥i_	 4
_¥q	 4
¤å_	 4
¤C_	 4
¦n	 4
_³Q	 4
¶}_	 4
½Õ_	 4
ã	 4
½Õ	 4
_³~_	 4
_¤T	 4
¤K	 4
_¥L_	 4
_¤å_	 4
¹ª	 4
®Õ	 4
¦¸_	 4
_©ö_	 4
_µ·	 4
©²_	 4
¦w	 4
V_	 4
_®Õ_	 4
_­»	 4
_¸ô_	 4
³ø	 4
_¥H	 4
¦w_	 4
z	 4
«Ç_	 4
_¸Ë_	 4
Ä³_	 4
¬G_	 4
¬ü	 4
§ï	 4
¿_	 4
¤Î	 4
_¥Ð	 4
¨Ó_	 4
µ·	 4
¦ó	 4
¸Ë	 4
Ä³	 4
Àò	 4
¸ô_	 4
_³~	 4
®u_	 4
¨Ï	 4
_¤S	 4
³Q_	 4
_¬G_	 4
©ö	 4
_¥q_	 4
¥H	 4
_¤¸_	 4
_©²_	 4
¤S_	 4
®Õ_	 4
_¥Ð_	 4
f_	 4
¡Ð	 4
¥[	 4
¥H_	 4
f	 4
¤»_	 3
Á~	 3
_ªí_	 3
_¦W_	 3
©e	 3
ªí	 3
²Ä¤	 3
¤J_	 3
_¥¼_	 3
±Æ_	 3
_­n	 3
y_	 3
¹L_	 3
³£_	 3
ª©	 3
_¦n	 3
_²{_	 3
¶i_	 3
_¤h	 3
¤O_	 3
±±	 3
¥u_	 3
µÈ	 3
«ù	 3
_«¬	 3
î_	 3
«á	 3
¯à	 3
ª÷	 3
_½u_	 3
_Áp_	 3
_ºû_	 3
_ª÷_	 3
_­±	 3
´£	 3
_¤»_	 3
_·Ï	 3
_©w	 3
¹F	 3
¤U_	 3
_µL	 3
©M	 3
î	 3
©e_	 3
¦ô_	 3
_«á_	 3
Â_	 3
µ{_	 3
_¤O	 3
|¤	 3
ªÌ	 3
_²Ä¥	 3
_±ø_	 3
Ý_	 3
_¥»	 3
_´£_	 3
¥ç_	 3
Áp	 3
_¥ç_	 3
¤h	 3
°__	 3
g_	 3
_°ò	 3
_Â¾_	 3
_¹ï	 3
_²£_	 3
_µ{	 3
_²Ä¥|	 3
_ª÷	 3
¥|¤Q	 3
_¥|_	 3
_±±_	 3
_¯²	 3
_³£_	 3
Áp_	 3
_¹ï_	 3
¤K_	 3
_¬j_	 3
_¤J	 3
_¥Ü	 3
_¯²_	 3
²z	 3
_¥|	 3
_µ{_	 3
J_	 3
¹F_	 3
°ò	 3
_¦ô	 3
_·Ï_	 3
[_	 3
­n	 3
þ	 3
Ãö_	 3
_­±_	 3
_ºû	 3
©w	 3
²Ä¥	 3
_°ò_	 3
J	 3
_«ù_	 3
|¤Q	 3
_¤Ú_	 3
ß_	 3
¥»¦	 3
¾¹ªº	 3
¤á_	 3
_¶V	 3
¡v	 3
³ï	 3
µL	 3
_¤U	 3
±Æ	 3
³B	 3
¬j	 3
_¯à	 3
¹ªº	 3
­±	 3
¥¼_	 3
¦ì_	 3
ºû_	 3
_¶V_	 3
_¤h_	 3
_©w_	 3
_µÈ	 3
_±±	 3
_±Æ	 3
¥ç	 3
_³£	 3
_¾Ú	 3
_¥ç	 3
_Â¾	 3
¯²_	 3
_­«	 3
¹L	 3
¤J	 3
_°_	 3
¼W	 3
_©e	 3
¾Ú	 3
_¹L	 3
_¥»_	 3
ª÷_	 3
(	 3
_¦n_	 3
¨â	 3
±ø_	 3
¤ë_	 3
µÈ_	 3
_¥¼	 3
·Ï_	 3
_¦h_	 3
«ù_	 3
©w_	 3
¹C	 3
Á`	 3
_­n_	 3
©M_	 3
¡E	 3
_±Æ_	 3
¤Ú	 3
Ä¤	 3
_(	 3
¦h_	 3
¾Ú_	 3
¯à_	 3
_¥[	 3
²£_	 3
µL_	 3
_¼W_	 3
¦W	 3
_¯à_	 3
¹ï	 3
±Ð	 3
_³ï	 3
¤Ú_	 3
_«¬_	 3
_¶i_	 3
_«ù	 3
«á_	 3
ß	 3
­n_	 3
ªÌ_	 3
²{_	 3
®_	 3
¤O	 3
_¤J_	 3
_±ø	 3
_¦ô_	 3
Ä¥|¤Q	 3
°ò_	 3
¦ì	 3
_²Ä¤	 3
_­«_	 3
|¤Q¤	 3
_µL_	 3
_©M	 3
¹D	 3
«¬_	 3
³ï_	 3
·s	 3
_¤U_	 3
¤á	 3
_Á~	 3
_¤»	 3
ð_	 3
_¤ë_	 3
²Ä¥|¤	 3
Á~_	 3
¯²	 3
_¹F	 3
_Ãö	 3
g	 3
½u_	 3
ªí_	 3
¥|¤Q¤	 3
_²£	 3
_ªí	 3
Â¾	 3
¦W_	 3
¥h	 3
ð	 3
_¦ì	 3
_¤ë	 3
r	 3
´£_	 3
_Á`_	 3
¥[_	 3
¨_	 3
Ä¥	 3
_½u	 3
_¤á	 3
·Ï	 3
_¹L_	 3
_¦W	 3
§O	 3
½u	 3
_´£	 3
_©e_	 3
¦h	 3
_¤Ú	 3
_Á~_	 3
_¥u_	 3
¹ï_	 3
²{	 3
¦_	 3
_¾Ú_	 3
_±Ð_	 3
¦¨_	 3
¦n_	 3
¤ë	 3
Ä¥|¤	 3
¦ô	 3
_¥Ü_	 3
±Ð_	 3
_Ãö_	 3
_¤K	 3
¦¨	 3
­±_	 3
¶V	 3
²Ä¥|	 3
­«_	 3
¤U	 3
_¥[_	 3
Ãö	 3
¶V_	 3
Á`_	 3
þ_	 3
_Á`	 3
_¤K_	 3
¬j_	 3
¼W_	 3
±±_	 3
¥»_	 3
_©M_	 3
_«á	 3
¶i	 3
Ä¥|	 3
_²{	 3
_¶i	 3
_µÈ_	 3
¤h_	 3
´Ú	 3
_Áp	 3
¥|¤	 3
±ø	 3
³£	 3
_¤O_	 3
¶Â	 3
_°__	 3
¾¹ª	 3
_¼W	 3
_¥u	 3
_¹F_	 3
_¬j	 3
»¦	 3
¥u	 3
­«	 3
Û	 3
_¦h	 3
_³ï_	 3
¥Ü_	 3
Â¾_	 3
_¦ì_	 3
_±Ð	 3
_¤á_	 3
¥¼	 3
_´Ú	 2
¬À¬°§	 2
®q¹q	 2
°Ó	 2
·s»D¡	 2
_ªÌ_	 2
®U¹D¨	 2
²z¾¹	 2
±N_	 2
¡Ð·	 2
»D¡	 2
_¿Ô	 2
_³N	 2
¦â	 2
·í_	 2
±q_	 2
³Ì_	 2
_¨ä_	 2
µ½	 2
_ÄÒ	 2
¥ô_	 2
¤F_	 2
¡Ð¥»	 2
_©Ò	 2
°T_	 2
¶l_	 2
_Ãú	 2
Ãú_	 2
º¨ÓÀ	 2
_°Ï_	 2
¨­	 2
s¥h	 2
¹D¨Ó	 2
_ªÑ	 2
_¤p_	 2
¤­¦	 2
U®	 2
^¡G§ï	 2
q¹q¤	 2
_¦ó	 2
ª©³B	 2
s»D	 2
U®U¹D	 2
_¨Ó	 2
»F_	 2
_§å	 2
³ø¡	 2
±è_	 2
¨|_	 2
¤Q¤E	 2
_©]_	 2
_¥¿	 2
U¹D¨Ó	 2
_ºj_	 2
_¨|_	 2
_§C_	 2
_ÃÑ_	 2
³Ì	 2
_ºj	 2
_¦@_	 2
®U®U¹	 2
p¦ó	 2
P®q¹	 2
q¤l	 2
s»D¡Ð	 2
s»D¡	 2
_¦æ_	 2
¶W	 2
_´À_	 2
_®Ô	 2
_¯d_	 2
_¦í_	 2
¥ó_	 2
_Ãþ_	 2
¦@	 2
º¨	 2
_±ç	 2
©ú_	 2
±ç	 2
¿ï	 2
¨ì	 2
G§ïª	 2
_¨â_	 2
_§O	 2
¤l¤	 2
»F	 2
«K	 2
_«°_	 2
¯ß_	 2
ÄÒ_	 2
U®U	 2
±`_	 2
_Â§_	 2
³ø_	 2
¥Õ	 2
CÀ	 2
«~_	 2
_²b	 2
Q¤­¦	 2
_¥ó_	 2
ºØ	 2
_­º	 2
¦p¦	 2
ñ_	 2
¥´	 2
¶¤_	 2
z¾¹ª	 2
¥t_	 2
§å_	 2
_®ð	 2
s»	 2
®q	 2
´T	 2
_³Æ_	 2
ª½_	 2
«°	 2
U®U¹	 2
­È_	 2
Q¤­	 2
®×	 2
Ð·s	 2
´T_	 2
¬ù_	 2
_¡v	 2
h¯	 2
P®	 2
«K_	 2
¬À¬	 2
l¤é	 2
±ç_	 2
z¾	 2
Q¤E¦^	 2
_¤k	 2
ü¬À¬°	 2
q¤	 2
_¤]_	 2
_¦æ	 2
_¤ô	 2
¡H	 2
_±o	 2
­×_	 2
¶¤	 2
_©ñ	 2
_­È	 2
¥´_	 2
§C_	 2
¡Ð¥»¦	 2
U¹	 2
_ªÑ_	 2
_¸¹	 2
¡G§ïª	 2
¹CÀ	 2
_­q	 2
°§A®	 2
_¸¹_	 2
§õ_	 2
_«~_	 2
_²b_	 2
«°_	 2
¨ÓÀ	 2
_¬P®q	 2
_¥t	 2
¡ã	 2
_®a_	 2
±o_	 2
B²	 2
D¨Ó_	 2
_©I	 2
_³Ì_	 2
§ïª©³	 2
ü¬	 2
´Á	 2
A®	 2
Ð¥»¦	 2
ø¡Ð·	 2
³õ	 2
_³Æ	 2
§õ	 2
¤é³ø¡	 2
ÓÀs¥h	 2
²¦	 2
®U®	 2
_§C	 2
ÓÀ	 2
l¤é³ø	 2
q¤l¤	 2
·s»D	 2
±o	 2
¥h¯ß	 2
E¦^	 2
¬P®	 2
¥t	 2
_±`_	 2
§l_	 2
_­Ô_	 2
®U¹	 2
_´Ú_	 2
G§ï	 2
_¨B	 2
_³Á_	 2
¹q¤l	 2
¤k_	 2
_¼u	 2
CÀ¸	 2
_Á³_	 2
¤Q¤E¦	 2
Ð·s»D	 2
_ª«	 2
¬ü¬	 2
_¬P®	 2
»D	 2
½ü_	 2
¤u_	 2
_ºô_	 2
³B²	 2
Â§	 2
_ª§_	 2
ª£	 2
_½ü_	 2
¤u	 2
s¥h¯	 2
°O	 2
_¥´	 2
¨¬	 2
§C	 2
Às¥	 2
_´T	 2
_°T_	 2
ø¡	 2
»¦a	 2
´Ú_	 2
_»õ_	 2
_¤Ö_	 2
_¤u	 2
_§l	 2
¹ªº¨Ó	 2
_©]	 2
ªº¨	 2
q¹q¤l	 2
ÃÑ_	 2
¤Q¤­	 2
_´T_	 2
_¥´_	 2
¨­_	 2
¨B	 2
®U¹D	 2
»D¡Ð	 2
¯_	 2
E¦^¡	 2
_®Ô_	 2
_¿ï_	 2
D¡Ð¥	 2
_¦¬_	 2
_§l_	 2
¥¿	 2
¿ï_	 2
©]	 2
©Ò_	 2
_§½	 2
»õ	 2
ü¬À¬	 2
_±o_	 2
_³Á	 2
s¥	 2
³Æ_	 2
Á³	 2
_±è_	 2
_»õ	 2
¦Ó	 2
¦]	 2
_±q_	 2
G§	 2
_¥t_	 2
½Í	 2
¥ô	 2
­º	 2
À¬	 2
_§õ_	 2
´À_	 2
_±è	 2
Às¥h¯	 2
_¿Ô_	 2
¯ß	 2
A®U®	 2
¿Ô_	 2
_¤ô_	 2
_§½_	 2
«~	 2
²L	 2
_)	 2
ïª	 2
_®a	 2
h¯ß_	 2
«Ý	 2
_¤~	 2
¤]	 2
¨â_	 2
é³ø¡	 2
ª§	 2
_¨ü	 2
_«K_	 2
¥h¯	 2
_³ò_	 2
p¦	 2
_´Á_	 2
¦]_	 2
»D¡Ð¥	 2
³Á	 2
_¨®_	 2
²b	 2
_©ú	 2
¬ü¬À	 2
_ª£_	 2
Û_	 2
_»F_	 2
ø¡Ð	 2
_ª«_	 2
B²z¾¹	 2
¸¹	 2
®g	 2
³ø¡Ð·	 2
·í	 2
À¸	 2
¤E¦^¡	 2
¹q¤	 2
_§Ó_	 2
q¹	 2
_ª§	 2
Ð·s»	 2
_²¦	 2
_¥¿_	 2
§½	 2
A®U	 2
¿Ô	 2
¬P	 2
_±N	 2
¦¬_	 2
­Ô	 2
¥¿_	 2
´À	 2
q¤l¤é	 2
É]	 2
©ñ_	 2
_¦­	 2
¨ÓÀs	 2
¡Ð¥	 2
§ïª	 2
_¶¤_	 2
¹D¨Ó_	 2
§A®U	 2
_¤p	 2
_¤u_	 2
³N_	 2
_´À	 2
§A®	 2
§A®U®	 2
²z¾¹ª	 2
­º_	 2
_«~	 2
·j_	 2
P®q¹q	 2
Ð·	 2
ºq	 2
¡H_	 2
»{	 2
_­º_	 2
º¨Ó	 2
§ïª©	 2
»¦a_	 2
_¨|	 2
_¨â	 2
ª«_	 2
Às	 2
B²z¾	 2
z_	 2
_§õ	 2
©]_	 2
_·j	 2
¤E¦^	 2
_¯d	 2
_¬ü_	 2
_¦p	 2
_¨®	 2
§Ó_	 2
¤l¤é	 2
³B²z	 2
_É	 2
D¨Ó	 2
_ª½	 2
_±¾_	 2
¬°§A®	 2
_ª£	 2
_ºq	 2
_§`_	 2
_­×	 2
_¼u_	 2
¤]_	 2
¦r	 2
³ò_	 2
³Á_	 2
¤ô_	 2
P®q	 2
¬À¬°	 2
_¦¨_	 2
¨ä	 2
_°T	 2
A®U®U	 2
_¦p_	 2
¡G§ï	 2
_¨Ó_	 2
¬À	 2
l¤	 2
¥»¦a	 2
¡G§	 2
_¦¨	 2
½X	 2
_¿ï	 2
²z¾	 2
_±¾	 2
±¾	 2
´Á_	 2
¯d	 2
_o	 2
¾¹ªº¨	 2
À¬°§A	 2
_¬ù_	 2
¹ê	 2
©I_	 2
_ÀH_	 2
ªO	 2
_©ú_	 2
_¬ù	 2
Q¤E	 2
_Á³	 2
_ÃÑ	 2
³ø¡Ð	 2
_­È_	 2
¨ä_	 2
m	 2
¤Ö	 2
©I	 2
¨ü_	 2
¤Ö_	 2
©³B²	 2
_®g_	 2
¶W_	 2
°Ê	 2
D¡	 2
U¹D	 2
_±q	 2
z¾¹	 2
³N	 2
ªÑ_	 2
¹D¨	 2
·j	 2
_¡v_	 2
_¤]	 2
¬ü_	 2
¦ó_	 2
Á³_	 2
¨ü	 2
_°Ó_	 2
¤l¤é³	 2
¤F	 2
¦^¡G§	 2
_­×_	 2
®ð	 2
_Â§	 2
¤­¦^¡	 2
°Ï_	 2
©Ò	 2
G§ïª©	 2
±N	 2
_¶W_	 2
®ð_	 2
_ªO_	 2
¬°§	 2
_¨­	 2
ÀH_	 2
¹q¤l¤	 2
_»{_	 2
ª§_	 2
_ºq_	 2
_¦Ó	 2
_¶W	 2
_°Ó	 2
¬°§A	 2
_¥ó	 2
_¦¬	 2
_Ãþ	 2
Ãþ	 2
_®g	 2
°O_	 2
ÅK	 2
±q	 2
_¦]	 2
_¨­_	 2
°Ï	 2
_¬ü¬	 2
¡u	 2
_©Ò_	 2
»õ_	 2
Q¤E¦	 2
¦p_	 2
_­q_	 2
_¤Ö	 2
_¦ó_	 2
Às¥h	 2
é³	 2
®q¹	 2
­¦^¡	 2
¦@_	 2
_¬ü¬À	 2
°§A®U	 2
§l	 2
ü¬À	 2
©³B²z	 2
_ÀH	 2
_Äv_	 2
_©I_	 2
_±N_	 2
¼u_	 2
_¨ä	 2
¤p_	 2
_·í	 2
ø¡Ð·s	 2
ºô_	 2
_·í_	 2
¤é³ø	 2
¥ó	 2
_¦@	 2
­È	 2
D¡Ð	 2
Ð¥	 2
³Æ	 2
_´Á	 2
º¨ÓÀs	 2
_®×	 2
¨®_	 2
¥h¯ß_	 2
®a_	 2
_°Ï	 2
_±`	 2
¨ì_	 2
U¹D¨	 2
¯d_	 2
À¬°§	 2
_¹ê_	 2
ª£_	 2
_ªÌ	 2
r_	 2
Ð¥»	 2
¦¬	 2
ªÑ	 2
¤~_	 2
­¦^¡G	 2
©³	 2
_¹ê	 2
)	 2
§`_	 2
_¦­_	 2
¦æ_	 2
ªº¨Ó	 2
ª©³B²	 2
®Ô_	 2
¹ê_	 2
_«°	 2
_¨¬_	 2
Ãú	 2
±è	 2
­¦^	 2
_ªO	 2
©ñ	 2
®U®U	 2
¤­¦^	 2
Ãþ_	 2
_ºô	 2
¤é³	 2
ÄÒ	 2
_·j_	 2
_®ð_	 2
¡v_	 2
¦Ó_	 2
D¡Ð¥»	 2
¼u	 2
¥@	 2
§O_	 2
¨B_	 2
¤l	 2
°Ó_	 2
Äv	 2
_ÅK	 2
¨ÓÀs¥	 2
_ª½_	 2
®×_	 2
·s»	 2
¤ô	 2
_³ø	 2
©³B	 2
_ÄÒ_	 2
_¶Â	 2
¦í_	 2
m_	 2
¬P®q	 2
¤E¦	 2
²¦_	 2
¦í	 2
®g_	 2
_¨B_	 2
ª½	 2
ÀH	 2
­q_	 2
_¥ô_	 2
^¡G§	 2
_¶l_	 2
_¤~_	 2
±¾_	 2
_³N_	 2
_É]	 2
_¶l	 2
°T	 2
_©ñ_	 2
ÅK_	 2
ºq_	 2
E¦^¡G	 2
ªO_	 2
s¥h¯ß	 2
¸¹_	 2
_¤k_	 2
ÓÀs¥	 2
Ð¥»¦a	 2
ÃÑ	 2
¶l	 2
¨|	 2
É]_	 2
Â§_	 2
q¹q	 2
²b_	 2
ºj_	 2
¥»¦a_	 2
_§Ó	 2
é³ø	 2
³ò	 2
ºô	 2
ª©³	 2
_§`	 2
_¨ì	 2
§½_	 2
_¦í	 2
¤p	 2
_Ãú_	 2
§å	 2
¬ü¬À¬	 2
_­Ô	 2
¦­_	 2
_ÅK_	 2
ïª©³	 2
¤k	 2
_¨¬	 2
°§	 2
_«K	 2
_Äv	 2
|¤Q¤E	 2
ñ	 2
_³Ì	 2
±`	 2
D¨	 2
z¾¹ªº	 2
°§A	 2
_É]_	 2
¦æ	 2
¨¬_	 2
§Ó	 2
¶Â_	 2
­¦	 2
¡Ð·s	 2
_¦Ó_	 2
­×	 2
½ü	 2
_¥ô	 2
¦p¦ó	 2
¬ù	 2
_»{	 2
¬P®q¹	 2
ª«	 2
Q¤­¦^	 2
¹CÀ¸	 2
ïª©	 2
©ú	 2
_¨ì_	 2
¤~	 2
_¬P	 2
_§O_	 2
B²z	 2
³B²z¾	 2
E¦	 2
l¤é³	 2
¹ªº¨	 2
­q	 2
_²¦_	 2
Äv_	 2
£¹	 2
_¶¤	 2
¡Ð·s»	 2
é³ø¡Ð	 2
_®×_	 2
_½ü	 2
§A	 2
ïª©³B	 2
Ä_	 2
®q¹q¤	 2
_³ò	 2
_³ø_	 2
À¬°	 2
_¶Â_	 2
¦­	 2
ÓÀs	 2
_¨ü_	 2
§`	 2
¨®	 2
_»F	 2
¤Q¤­¦	 2
»{_	 2
_±ç_	 2
ªº¨ÓÀ	 2
®Ô	 2
­Ô_	 2
h¯ß	 2
ºj	 2
®a	 2
_¦]_	 2
_§å_	 2
_¾¹_	 1
¼{	 1
®Ö_	 1
°¾_	 1
¤Q¦r	 1
±K	 1
_³f	 1
_¶m	 1
¯F	 1
©¥»¦	 1
@¡ã	 1
²z_	 1
GMG¡ã	 1
Ý¡	 1
_³x_	 1
Áö_	 1
¡ã¹C	 1
ØºØ	 1
ãÅé®Ä	 1
_©À_	 1
_§t	 1
õ¤F	 1
@¡	 1
ó¤À	 1
¥ª	 1
_±Ä	 1
¨ú	 1
_Á¿	 1
E¤Tº	 1
¸g_	 1
¤T¦^¡	 1
ºØ¤£	 1
²Ä¤»	 1
³Ó	 1
µy_	 1
¥dªº	 1
_­µ_	 1
G¥@¡ã	 1
)½Ò_	 1
¥þ_	 1
PÃa	 1
_­W_	 1
_¯u_	 1
®d	 1
_§Y	 1
«×	 1
T¦	 1
¦¡¦³«	 1
¤À¿ë±	 1
ÃÒ	 1
_·³_	 1
E´ä²£	 1
_ºX_	 1
O¡E	 1
_¦Ò	 1
_À´	 1
Êµ{¦	 1
_Ày_	 1
©O_	 1
¶ë	 1
²³	 1
°Æ_	 1
¡E¤	 1
¥Õ¯È	 1
¦ó¡H	 1
¬A	 1
¥b_	 1
{¦¡	 1
_±ö	 1
¤D	 1
_¼w	 1
_¦R_	 1
½Í¤	 1
Ü¥	 1
Åã¥Ü	 1
¡u·	 1
r«¬¦	 1
ÄÝ¡u	 1
¤­¤Q¤	 1
·F	 1
_ÂÅ	 1
³f_	 1
¼á	 1
_«h_	 1
ÃÒ_	 1
_¤D_	 1
_¥N	 1
³B_	 1
_À»	 1
_«H	 1
_ªk_	 1
Á{	 1
¥Õ_	 1
¡ã¹CÀ	 1
_(°	 1
ã¹CÀ¸	 1
_ª®	 1
_°¾	 1
½Ð_	 1
_³Ó	 1
À¿ë±	 1
²M_	 1
¶À_	 1
_²Ä¤C	 1
Äá_	 1
ý	 1
ª©¥	 1
_¦ü	 1
¥P_	 1
_¿Ä	 1
Æ½	 1
q¸	 1
¦^¡G¥	 1
_«p_	 1
Q¤T	 1
¥Ø	 1
À¸µn³	 1
_¥Ö	 1
Á¿	 1
¦¡¦	 1
dªººØ	 1
_(¥	 1
L½Í	 1
_«×_	 1
¬A_	 1
Ó¬	 1
½ø_	 1
À°Êµ	 1
­ì	 1
Ày	 1
¸ß_	 1
(ºa	 1
_²L_	 1
_¶ë	 1
^¡GMG	 1
­­_	 1
±¡	 1
½Ä	 1
GMG	 1
_¤d	 1
¨M	 1
¦Ò	 1
_¯»	 1
¿ë±½´	 1
_ºò_	 1
_©À	 1
_­t_	 1
¤d	 1
Áö	 1
Ý§	 1
(°	 1
±Û	 1
ã¹C	 1
¤T¦	 1
¬ì_	 1
Â¦â	 1
G¦	 1
·³_	 1
¤T´	 1
¤W¥[	 1
¤»¤	 1
ûÅã	 1
®d_	 1
µØ_	 1
â­Óª©	 1
_±æ_	 1
_¥ø_	 1
»È	 1
Ó¬Û	 1
_¨Ì	 1
²M	 1
GMG¡	 1
©Z	 1
_¥Á_	 1
À§O¡	 1
¨â­Ó	 1
ÄÝ¡u·	 1
ªÀ_	 1
_¶À	 1
¥O_	 1
_®v_	 1
_¥@_	 1
¼Æ½	 1
_¡Ñ	 1
_°Ê	 1
¤´Ä	 1
§¡_	 1
ªG¤´	 1
§Ç_	 1
²î_	 1
_·N	 1
_¦U_	 1
¥þ	 1
Õ¯È	 1
Y	 1
·Ó	 1
Ä¤»	 1
_¶µ	 1
^¡G¦	 1
_´w_	 1
_«µ	 1
«Î	 1
_²Ä¤­	 1
_­¼	 1
_®i	 1
_¦r_	 1
¡G²L	 1
_¼{_	 1
R_	 1
¤C¤Q	 1
¡G¥	 1
Û¾	 1
¿Ä	 1
Ó¬Û¾÷	 1
_¬Q_	 1
¤µ_	 1
¼v_	 1
±½´y	 1
_¹º	 1
Äw	 1
³t	 1
´µ	 1
¡½ÄÁ	 1
¹ª_	 1
n»PÃa	 1
¨Ã	 1
±ö_	 1
²L½Í¤	 1
CÀ¸µ	 1
ºa	 1
_´U_	 1
_Äò_	 1
_²@_	 1
ïµ	 1
_·¡	 1
ïµ½¡@	 1
´Ú¼Æ½	 1
Åã¥Ü¥	 1
Q¤T¦	 1
³Ó_	 1
¡E´ä	 1
¥Ç	 1
_¶^_	 1
ºûÅ	 1
_ÀN	 1
»è	 1
_«p	 1
_´Ü_	 1
p¦ó¤À	 1
¼o_	 1
_¥Ç_	 1
_¥N_	 1
é®	 1
_ªð	 1
a¡E¥	 1
¹º	 1
±½´y¾	 1
¿ý	 1
_¹G_	 1
_¦Ì_	 1
§ïµ½¡	 1
_­­_	 1
¡v¤	 1
¯ë_	 1
§O¡E	 1
L½Í¤T	 1
»·	 1
­W_	 1
_oªÌ	 1
¬`	 1
»´	 1
_§Ç_	 1
¿à	 1
_¬`	 1
q¸£¹C	 1
_½Í	 1
¸ª	 1
_±À°Ê	 1
¬¦p	 1
G²L½Í	 1
_§â	 1
°÷_	 1
¥dªºº	 1
_¡½Ä	 1
_¤f_	 1
(°O	 1
ºÃ_	 1
_¯u	 1
¦R	 1
_¦¿	 1
_­t	 1
_¬ï	 1
Ä¤C	 1
_¥]_	 1
_§N_	 1
_¿O	 1
¾Ì	 1
u·	 1
n»	 1
_«ü_	 1
µ{¦¡	 1
³¹_	 1
®|	 1
­W	 1
_¶À_	 1
¼Æ½X·	 1
_¼Ó_	 1
_)½	 1
¡ã_	 1
_²v	 1
E¥Õ	 1
¦û	 1
¯Á	 1
»PÃ	 1
»¦³¤	 1
ÄÝ¡	 1
_¬A	 1
±´	 1
µ½¡@	 1
­¤Q¤	 1
E¤T	 1
®|_	 1
Ø¤£¦P	 1
ªººØº	 1
_°¦	 1
À¿ë±½	 1
_°õ	 1
­Ì	 1
_«æ_	 1
°õ_	 1
_·À_	 1
_¾Ì_	 1
¦^¡G²	 1
_¦V	 1
¥»¦³¤	 1
_¶q	 1
_²Ó_	 1
G¦p¦ó	 1
)­	 1
_Åx_	 1
_µM_	 1
_±K	 1
¶°_	 1
_²Ó	 1
º¡	 1
­ì_	 1
¥dª	 1
¥ò_	 1
_¯]_	 1
_«Ü	 1
¥b	 1
_²z_	 1
_ÃÒ_	 1
¡E¥Õ	 1
¤Q¤T¦	 1
§ï_	 1
L½Í¤	 1
_³¹	 1
¬Q_	 1
p¦ó¤	 1
¸£¹C	 1
Ý§ï	 1
õ¤	 1
¦r«¬	 1
X·Ó¬	 1
­p_	 1
K¦^¡	 1
­Ì_	 1
¶¯_	 1
¥Ø_	 1
_¡Q_	 1
¶·_	 1
|¤Q¤K	 1
_§U	 1
_¥Ò	 1
_§Q_	 1
¾÷¡	 1
_¥ò	 1
_Ã¯_	 1
_oªÌ_	 1
_Ä~	 1
_¾Ô_	 1
Åù_	 1
PÃa¡E	 1
²î	 1
Å_	 1
¡E´ä²	 1
º¦n»P	 1
¦¡¦³	 1
_¸Ñ	 1
_¾Ö	 1
¶S	 1
_(°O	 1
_§¡_	 1
Í¤T´	 1
\	 1
¥Ü¥	 1
«Ý§ï	 1
_»ù_	 1
_²×	 1
_°Û_	 1
Óª©¥»	 1
§i_	 1
_¼·_	 1
Ãa¡	 1
·¡_	 1
¡u·¥	 1
º¡_	 1
°â_	 1
¬Ò_	 1
Äò	 1
K¦^	 1
Â¦	 1
_ËÝ_	 1
»È_	 1
¥l_	 1
¿ë±½	 1
³õ_	 1
ÄÁ°	 1
©±	 1
½å	 1
_Â@_	 1
_¥B_	 1
_¬A_	 1
À°	 1
_½X	 1
_¶¯	 1
Ü¥dªº	 1
Q¤T¦^	 1
_»Ý	 1
¤f_	 1
«¬¦	 1
ä²	 1
_²î_	 1
¾ã	 1
_°¾_	 1
_½ø_	 1
_µ¹_	 1
¸Ñ_	 1
_ùØ	 1
_±Ï	 1
Åù	 1
_Ã¯	 1
ªv	 1
_±À	 1
±x	 1
_¥Ø_	 1
_´f_	 1
_Â@	 1
_¥@	 1
¯È¤W	 1
_¥]	 1
¼w	 1
Ä¤­¤	 1
_¾¹	 1
¬¦p¦	 1
º¦n»	 1
«¬¦p	 1
_¹D	 1
÷¡	 1
_ÂI	 1
_¤É_	 1
«ü	 1
ÄÁ°¶	 1
±À	 1
½×	 1
_­ì	 1
_ùØ_	 1
À§O¡E	 1
_­¼_	 1
_¤µ_	 1
¶¯	 1
_§ë	 1
³x	 1
ã_	 1
¿ý_	 1
¤­¤Q	 1
§}_	 1
dª	 1
÷¡E	 1
@¡ã¹	 1
¤T´Ú	 1
¥P	 1
_½Æ	 1
_ºÃ	 1
[¶Â	 1
§â_	 1
Â@	 1
©À	 1
´Ä	 1
^¡GM	 1
Ä~	 1
\_	 1
_Á{_	 1
¡E¤Tº	 1
Âø_	 1
µ{¦	 1
°Û	 1
ë±	 1
¡ã¹	 1
_¨ó_	 1
½Í¤T´	 1
±½´	 1
_²³	 1
ãÅé	 1
¹s_	 1
£¹q¸£	 1
¡G¦p¦	 1
¥N_	 1
_§i_	 1
§P_	 1
t¡v¤	 1
ÁÈ_	 1
¡G¦p	 1
^_	 1
¨Ì	 1
®i_	 1
«h	 1
_)½Ò	 1
ººØºØ	 1
½¡@¾	 1
u·¥	 1
_©±	 1
ÅA_	 1
Â¦â¤	 1
¾ãÅé®	 1
¾Ö	 1
½×_	 1
_·t_	 1
ûÅ	 1
²Ä¤C¤	 1
_¹ô	 1
_Åª_	 1
ÃP	 1
Êµ{¦¡	 1
ªp_	 1
_´U	 1
½ÄÁ°	 1
´ÄÝ	 1
½¡@	 1
_µy	 1
ä²£¹	 1
¡G¥@	 1
_µf_	 1
_Äá_	 1
[¶Â¦â	 1
¡Ñ_	 1
_§ë_	 1
_«Ü_	 1
_®µ	 1
y¾¹	 1
¤´ÄÝ	 1
À¸µ	 1
_¤f	 1
¦r_	 1
_ª®_	 1
¾ãÅé	 1
_¬Ò	 1
¦Ì_	 1
³x_	 1
_ÂÅ_	 1
¶¦¨_	 1
¸µn³	 1
ªk_	 1
¦X	 1
_o¥ª_	 1
PÃa¡	 1
_±Û_	 1
¸µn³õ	 1
¤»¤Q¤	 1
_¥þ	 1
ª©¥»¦	 1
_©î	 1
¦ó¤	 1
®È_	 1
Û¾÷¡E	 1
¨D	 1
_¦V_	 1
¦³«Ý§	 1
¦p¦ó¡	 1
£¦P_	 1
º¦	 1
_½å_	 1
½X_	 1
³t¡	 1
Êµ	 1
Ä¤C¤Q	 1
´y¾¹	 1
¦n»	 1
_¸m	 1
_§¡	 1
³«Ý§ï	 1
_¼o	 1
¦X_	 1
§}	 1
Ä¤»¤Q	 1
ËÝ_	 1
â­	 1
Åé®Ä	 1
v¤@­	 1
_§ï_	 1
Z_	 1
½X·	 1
_)­»	 1
G²L	 1
·N	 1
²£¹q¸	 1
¬`_	 1
«Ý§	 1
K¦	 1
¯È	 1
£¹C	 1
_µØ_	 1
Ú¼Æ½X	 1
©À_	 1
r«¬¦p	 1
@¾ãÅé	 1
¤Q¦r«	 1
_³Ó_	 1
¸m_	 1
¤@­û_	 1
ó¤	 1
À³	 1
¦¿	 1
_Åª	 1
_¥\	 1
_Åù_	 1
°¶¦	 1
^¡G²	 1
_¥Õ_	 1
{¦¡¦	 1
_¸ß	 1
»Ú	 1
±æ	 1
u·¥³	 1
À¸¨â	 1
¥Õ¯È¤	 1
_(°O_	 1
_®|_	 1
_®i_	 1
ª®_	 1
_®t	 1
^¡G¦p	 1
ºa_	 1
ªk	 1
_ªÀ	 1
²Ó	 1
¡G¦	 1
_¹S_	 1
C¤Q	 1
¥æ	 1
_»´	 1
oª	 1
_¤Ï_	 1
_¬ï_	 1
_«µ_	 1
»¤Q¤	 1
²v	 1
¥l	 1
¶Â¦â¤	 1
CÀ¸µn	 1
_¹D_	 1
_(ºa	 1
¦^¡G¦	 1
ÂÅ	 1
´µ_	 1
¹CÀ¸¨	 1
°Êµ	 1
§Q	 1
_(ºa_	 1
±a_	 1
¥ª_	 1
[¶Â¦	 1
_§P	 1
Á°¶¦¨	 1
¹q¸£¹	 1
©¡_	 1
­Óª©¥	 1
C¤	 1
¾÷¡E	 1
_¯ë	 1
³¤À	 1
½Ã	 1
¦¿_	 1
®i	 1
CÀ¸¨â	 1
_§Ç	 1
T´Ú¼	 1
_Äò	 1
dªºº	 1
_§}_	 1
_¹G	 1
¥@¡ã¹	 1
Í¤T´Ú	 1
_«T_	 1
v¤@­û	 1
¡v¤@­	 1
Ý§ïµ	 1
¤s_	 1
¡GMG¡	 1
_¤F	 1
_µ½_	 1
®û	 1
·Ó¬	 1
_¥b_	 1
C¤Q¤	 1
½¡@¾ã	 1
·ù_	 1
W¥[¶Â	 1
¤Q¦	 1
_®|	 1
ºØºØ	 1
³«	 1
^¡G¥	 1
½ø	 1
_¬Q	 1
Àx	 1
¤À§	 1
µM	 1
_­z_	 1
¤­¤	 1
_¥\_	 1
«Â	 1
X·Ó	 1
_«Î	 1
¹G_	 1
_¦¿_	 1
«Ü_	 1
¨â­	 1
¬ì	 1
¦ü	 1
_§_	 1
¡G¥@¡	 1
_ù	 1
_±Ä_	 1
Q¤K	 1
ª®	 1
»ö	 1
ó¡H	 1
¦^¡GM	 1
¥Ò_	 1
¥³t¡	 1
¤»¤Q	 1
¥æ_	 1
§¡	 1
â¤Q¦	 1
´î_	 1
Åk_	 1
_À³	 1
¥Ü¥d	 1
±À°	 1
_©¹	 1
E¤	 1
´ÄÝ¡	 1
_¹_	 1
¹ªº¦	 1
¹S	 1
°]	 1
²¾	 1
°s_	 1
_¹__	 1
Õ¯	 1
¦U	 1
Ó¬Û¾	 1
_¼Ð_	 1
½Æ_	 1
_µû_	 1
_¦Ò_	 1
µû	 1
_§ï	 1
_¡u	 1
_±À°	 1
¨Ã_	 1
_²î	 1
_¸g	 1
¬Õ	 1
_°â_	 1
¸Ñ	 1
G²L½	 1
_±a	 1
¨M_	 1
dªº	 1
_°õ_	 1
_½×_	 1
_¥}_	 1
ººØº	 1
§Y	 1
_¿ý	 1
À»_	 1
¦³«	 1
¤@­	 1
Åã	 1
²L_	 1
Æ½X·Ó	 1
¡I	 1
_¡H	 1
¥\_	 1
_¨ó	 1
¼y_	 1
£¹q¸	 1
¥Ç_	 1
_¥Ö_	 1
G¤´Ä	 1
§r_	 1
_(¥|_	 1
ÀN	 1
¥ø_	 1
»è_	 1
Q¦r«¬	 1
·ù	 1
«Ü	 1
_¡Q	 1
©±_	 1
_¶U_	 1
Ü¥d	 1
ØºØ¤	 1
_Åk_	 1
n»P	 1
_»@_	 1
_½Í_	 1
_Á{	 1
_§Y_	 1
_»Ý_	 1
»PÃa	 1
¤£¦	 1
µM_	 1
_¶¯_	 1
®Ö	 1
_ªÀ_	 1
_µM	 1
p¦ó¡H	 1
Åª	 1
_³B_	 1
»Ú_	 1
_¥h	 1
ÅT_	 1
´ä²£	 1
¹ô	 1
_©¡_	 1
¡½	 1
¿à_	 1
±Ï_	 1
_ÅT_	 1
_¡u_	 1
_¹S	 1
(º	 1
¥}_	 1
_Áö	 1
ã¹	 1
_­I_	 1
»@	 1
_¤õ_	 1
³t¡v	 1
_¤µ	 1
_ÃP_	 1
±¡_	 1
ºò	 1
Æ½X·	 1
_»Ú_	 1
_´N_	 1
»´_	 1
¡E¥Õ¯	 1
_¶·_	 1
¹S_	 1
¼o	 1
§P	 1
_²¾_	 1
_§}	 1
_¶U	 1
_§Q	 1
ÀN_	 1
_¼á_	 1
_°|_	 1
_²¾	 1
_©`	 1
¸µ	 1
_½Ð_	 1
_¶°	 1
_Àx	 1
£¹CÀ¸	 1
²L½	 1
_²×_	 1
®È	 1
­¤Q	 1
_±´	 1
´î	 1
¦â¤Q¦	 1
¬É_	 1
¹ªº¦n	 1
¯u	 1
¶°	 1
_¹ª_	 1
T´Ú¼Æ	 1
®t	 1
½Í¤T	 1
¼Æ	 1
¶À	 1
µ½¡@¾	 1
½Í_	 1
¶S_	 1
°¦_	 1
_¥Ø	 1
¡¦³	 1
G¥@¡	 1
_§r_	 1
§t	 1
ºX	 1
Í¤	 1
©`_	 1
¦û_	 1
ã¥Ü	 1
ë±½´	 1
E¤Tºû	 1
¥O	 1
_»Ú	 1
¤w_	 1
ÄÁ°¶¦	 1
«æ	 1
)­»	 1
½´y¾¹	 1
_»è	 1
ý_	 1
_©Z_	 1
²Ä¤­¤	 1
µn³õ	 1
_±¡	 1
°¶	 1
¤K¦^	 1
°Ê_	 1
¤£¦P	 1
_¥_	 1
·¥³t¡	 1
ïµ½	 1
õ¤F_	 1
­t	 1
±ö	 1
_´µ_	 1
_±Û	 1
§U	 1
·t_	 1
_¨Ì_	 1
@¾ã	 1
¤À¿	 1
_»ù	 1
_Åx	 1
¥B	 1
_Ë	 1
_­p	 1
_·F	 1
ªG¤´Ä	 1
·¥³	 1
¯»	 1
¥³t	 1
_¿O_	 1
­I	 1
_¸u	 1
_®µ_	 1
¡u_	 1
_´î	 1
´ÄÝ¡u	 1
¡GM	 1
_¡½	 1
_»È	 1
_­Ì_	 1
­µ	 1
ªG¤	 1
¤d_	 1
²Ä¤­	 1
Ä¤»¤	 1
Ã¯_	 1
µn	 1
ÅA	 1
q¸£	 1
¹q¸	 1
ë±½	 1
À¸¨â­	 1
¤´	 1
´ä²	 1
_ÄP_	 1
¦ó¡H_	 1
»ù	 1
µ½¡	 1
X·	 1
À»	 1
¶q_	 1
_¤F_	 1
´w	 1
¦o	 1
³¹	 1
¸µn	 1
·¥	 1
¾Ö_	 1
¿ë	 1
_¯]	 1
â¤Q	 1
_«È_	 1
_¦û_	 1
_©`_	 1
¦³«Ý	 1
_¦A	 1
¡Q	 1
_²M	 1
_¹ô_	 1
§N	 1
O¡	 1
W¥[	 1
_o¥ª	 1
_¥Ò_	 1
_«æ	 1
²³_	 1
_»ö	 1
_±K_	 1
_¨ú_	 1
_¶S	 1
¤K¦	 1
¤f	 1
_¥l_	 1
Ø¤	 1
°¦	 1
½Ò_	 1
­­	 1
½Ð	 1
ØºØ¤£	 1
÷¡E´ä	 1
¶ë_	 1
ªº¦n»	 1
¨ó	 1
_¾Ô	 1
¥@_	 1
¨S_	 1
§__	 1
¹CÀ¸µ	 1
«Î_	 1
(¥	 1
ÂI_	 1
_¸ß_	 1
´Ü_	 1
²¤_	 1
_¤s_	 1
§â	 1
_·³	 1
_ºX	 1
·s_	 1
GM	 1
«Ý§ïµ	 1
ó¤À¿ë	 1
_¡Ñ_	 1
¥d	 1
÷¡E´	 1
±À°Ê	 1
¬É	 1
_¸Ñ_	 1
À´	 1
»Ý	 1
Tº	 1
_¥þ_	 1
_¶ë_	 1
R	 1
µn³õ¤	 1
ªp	 1
¤´ÄÝ¡	 1
Ày_	 1
_®Ö_	 1
¸g	 1
¯F_	 1
«p_	 1
±K_	 1
_²³_	 1
¶U_	 1
â¤Q¦r	 1
©¹	 1
¹O	 1
_)­»_	 1
MG¡	 1
_ËÝ	 1
_§t_	 1
ã¹CÀ	 1
¥»¦³	 1
»Ý_	 1
¸ª_	 1
¥h_	 1
MG¡ã_	 1
Í¤T	 1
_¤d_	 1
_¨Ã_	 1
Óª	 1
®µ_	 1
¶Â¦â	 1
_»·	 1
¦V_	 1
ÄÁ	 1
±À°Êµ	 1
ùØ_	 1
¦ó¡	 1
¡¦³«	 1
¨ó_	 1
)­»_	 1
_¹O	 1
Ú¼Æ	 1
£¹q	 1
Õ¯È¤W	 1
¶µ_	 1
_«Ý_	 1
Øº	 1
Û¾÷¡	 1
_¤w	 1
¡¦	 1
a¡	 1
_¹s	 1
¥N	 1
p¦ó¡	 1
_«T	 1
¥]	 1
_¦X	 1
À´_	 1
ûÅã¥Ü	 1
E´ä²	 1
y¾¹ªº	 1
_¦ü_	 1
_¤É	 1
ÄP_	 1
_»´_	 1
¥³	 1
ó¡	 1
T¦^	 1
_®È	 1
°Û_	 1
_³¹_	 1
¥__	 1
Ãa	 1
È¤	 1
¤W¥[¶	 1
¤Ï_	 1
Ý¡u·	 1
ÄªG¤´	 1
ËÝ	 1
¡@	 1
@¾	 1
¬Õ_	 1
¼y	 1
_®È_	 1
_´Ü	 1
Ý¡u·¥	 1
½ÄÁ	 1
§ë_	 1
´Ü	 1
_¡I_	 1
_½×	 1
_ºÃ_	 1
_¬ì	 1
_®t_	 1
_¼á	 1
_·À	 1
´N_	 1
²×_	 1
@­û	 1
«h_	 1
_²M_	 1
n³õ¤	 1
ûÅã¥	 1
µ{¦¡¦	 1
â­Óª	 1
_¾Ö_	 1
°s	 1
¸ß	 1
¬ï_	 1
¥Á_	 1
ÅT	 1
¶q	 1
¶¦¨	 1
¥Ã_	 1
_¶µ_	 1
G¡	 1
â­Ó	 1
¤Q¤K¦	 1
_§N	 1
¬ï	 1
_¥P	 1
_¼y	 1
À°Êµ{	 1
¾¹ªº¦	 1
½´y	 1
«ü_	 1
_»@	 1
^¡G¥@	 1
_°O	 1
½X·Ó	 1
_°÷	 1
³¡	 1
G²	 1
¸£¹	 1
[¶	 1
_³B	 1
³õ¤F	 1
Åé	 1
«µ	 1
Ä¤C¤	 1
_³Õ	 1
_»·_	 1
_¨D_	 1
¹Ï_	 1
­¤	 1
°¶¦¨	 1
_¥Á	 1
È¤W¥[	 1
«Â_	 1
_·¡_	 1
_§â_	 1
_¼o_	 1
G¦p¦	 1
_¶°_	 1
°õ	 1
ªð	 1
¤Ï	 1
¤É	 1
¥Ö	 1
½´y¾	 1
ãÅ	 1
Á{_	 1
£¦P	 1
©î	 1
¶U	 1
_)½Ò_	 1
_¬Õ	 1
¥@¡	 1
¸u	 1
_¤õ	 1
Õ¯È¤	 1
¼{_	 1
Ý¡u	 1
«×_	 1
_¡H_	 1
§Q_	 1
_²z	 1
_µy_	 1
¥B_	 1
¦â¤Q	 1
«æ_	 1
Åã¥	 1
¿O_	 1
_§r	 1
G¤	 1
_®Æ_	 1
À¿ë	 1
_¥²	 1
Ú¼Æ½	 1
Óª©¥	 1
_­I	 1
¤À§O	 1
ë±½´y	 1
¦ó¤À¿	 1
Â@_	 1
n»PÃ	 1
«È_	 1
_Ày	 1
¥Ö_	 1
_®Ö	 1
_¨M	 1
±Ä	 1
Åª_	 1
ÁÈ	 1
³¤	 1
_³Õ_	 1
¦â_	 1
_´f	 1
¡½ÄÁ°	 1
¤À¿ë	 1
_Äw_	 1
·À	 1
_±x_	 1
ÄP	 1
Q¤K¦^	 1
¸¨â	 1
@­û_	 1
®Äª	 1
±a	 1
_¬`_	 1
¥[¶Â	 1
_)­	 1
²¤	 1
¹Ï	 1
¦n»P	 1
¼á_	 1
¡@¾ã	 1
_½ø	 1
_¬Ò_	 1
¦o_	 1
½å_	 1
¹C_	 1
¦ü_	 1
¦r«¬¦	 1
¬Û¾÷	 1
ºØº	 1
_©Z	 1
W¥	 1
©¥»¦³	 1
ÄªG	 1
´N	 1
_±Ï_	 1
Êµ{	 1
¤T¦^	 1
¥]_	 1
¼·_	 1
Åx_	 1
_¥b	 1
_·t	 1
@­	 1
£¦	 1
­µ_	 1
¹__	 1
®Æ	 1
_ªv	 1
_¦R	 1
_­z	 1
oªÌ	 1
¿O	 1
_¹º_	 1
³¤À§O	 1
¤õ	 1
¥}	 1
¤C¤	 1
¡Q_	 1
G¥@	 1
_³¡_	 1
_­µ	 1
¥[¶Â¦	 1
_¥æ_	 1
_(º	 1
Û¾÷	 1
_°Û	 1
¤s	 1
§ïµ	 1
_±æ	 1
_®d	 1
®ÄªG¤	 1
¨S	 1
¬Û¾÷¡	 1
»¤	 1
ªºº	 1
¿Ä_	 1
¦â¤	 1
o¥ª	 1
_¹ª	 1
_¯F_	 1
é®Äª	 1
¨¹	 1
¹ô_	 1
_§U_	 1
_¼Ð	 1
¯»_	 1
Åé®Äª	 1
¬Û¾	 1
t¡	 1
Q¦r«	 1
®t_	 1
¶^	 1
Y_	 1
®ÄªG	 1
¯]	 1
_¦o_	 1
¦A_	 1
¤Tºû	 1
Ø¤£	 1
Â¦â¤Q	 1
±´_	 1
_©î_	 1
°Êµ{	 1
­p	 1
_Á¿_	 1
_Äw	 1
_°Ê_	 1
¡Ñ	 1
_¬ì_	 1
_²Ä¤»	 1
°¾	 1
µû_	 1
«p	 1
W¥[¶	 1
Âø	 1
¦Ò_	 1
_·s_	 1
_½Æ_	 1
(ºa_	 1
Ã¯	 1
_¥B	 1
¾÷¡E´	 1
µn³	 1
_µû	 1
¨ú_	 1
_¼·	 1
_¨D	 1
¤TºûÅ	 1
°]_	 1
»ö_	 1
¡v¤@	 1
À¿	 1
_ÅT	 1
_»ö_	 1
_­p_	 1
¤K¦^¡	 1
¨Ì_	 1
_¶m_	 1
­I_	 1
½´	 1
Äª	 1
¨D_	 1
¤@­û	 1
o¥	 1
_¦o	 1
´y¾	 1
_Äá	 1
¥²	 1
µØ	 1
¥[¶	 1
_«Â_	 1
_«×	 1
G¤´	 1
ä²£¹q	 1
_´N	 1
_¦Ì	 1
¯ë	 1
ä²£	 1
´w_	 1
°¶¦¨_	 1
_®û_	 1
_¦â	 1
«o_	 1
G¡ã	 1
y¾¹ª	 1
L½	 1
o¥ª_	 1
_³¡	 1
¸£¹CÀ	 1
E¥	 1
Tºû	 1
â¤	 1
_Åk	 1
¸£	 1
Ãa¡E¥	 1
ºX_	 1
_²@	 1
·N_	 1
ÃP_	 1
³æ_	 1
«T_	 1
±Ä_	 1
¼Æ½X	 1
¥Õ¯	 1
µf	 1
¸¨	 1
{¦	 1
¼w_	 1
¥Ò	 1
¶¦	 1
_º¡_	 1
_Âø	 1
Á°¶¦	 1
¦³¤À	 1
»¦³	 1
»¤Q¤­	 1
_¥P_	 1
_À´_	 1
_©¹_	 1
_¸ª	 1
_¥h_	 1
¥@¡ã	 1
¦r«	 1
¥ø	 1
_¨¹_	 1
¦n»PÃ	 1
¬¦p¦ó	 1
v¤@	 1
TºûÅ	 1
_ºò	 1
ªº¦n	 1
·¥³t	 1
_³õ	 1
µ¹_	 1
ººØ	 1
_§P_	 1
ºØºØ¤	 1
_­Ì	 1
¹D_	 1
_±´_	 1
­z	 1
¡E¥	 1
_¨¹	 1
´f	 1
«µ_	 1
@¾ãÅ	 1
»¦³¤À	 1
_°]_	 1
±Ï	 1
°Êµ{¦	 1
Äw_	 1
_¹O_	 1
¡u·¥³	 1
_¼w_	 1
Ä¤­¤Q	 1
°÷	 1
_¡I	 1
¦V	 1
«H_	 1
ÄÝ	 1
½¡	 1
¯È¤W¥	 1
·À_	 1
_³æ	 1
«H	 1
MG	 1
_®v	 1
¶Â¦	 1
¥\	 1
_§__	 1
­z_	 1
_ªð_	 1
±½	 1
_¡½ÄÁ	 1
_«H_	 1
a¡E¥Õ	 1
_°Æ	 1
G¦p	 1
²@_	 1
½Ò	 1
_¥l	 1
È¤W¥	 1
Z	 1
_Åù	 1
Åk	 1
T¦^¡G	 1
_½Ã	 1
´f_	 1
_±a_	 1
½Ã_	 1
©¡	 1
_°s_	 1
O¡E¤	 1
´y¾¹ª	 1
_ªk	 1
)½	 1
ºØ¤£¦	 1
À§O	 1
_«o_	 1
»·_	 1
t¡v	 1
Ãa¡E	 1
_(¥|	 1
_¦û	 1
_À»_	 1
X·Ó¬Û	 1
¤µ	 1
ÂI	 1
_¦â_	 1
§r	 1
y¾	 1
_¦A_	 1
_´î_	 1
ºº	 1
Ü¥dª	 1
®û_	 1
ãÅé®	 1
©`	 1
­Óª	 1
_¿ý_	 1
¥Á	 1
_²¤_	 1
_¨S_	 1
¸m	 1
u·¥³t	 1
_¬É	 1
Ø¤£¦	 1
­¼	 1
È¤W	 1
¾¹_	 1
_ªp	 1
»PÃa¡	 1
©O	 1
¡@¾ãÅ	 1
¸¨â­Ó	 1
¼·	 1
´Ú¼	 1
²@	 1
³õ¤F_	 1
ªG	 1
¡G²L½	 1
¡@¾	 1
¼Ó	 1
_©O_	 1
À§	 1
_¯ë_	 1
_«Î_	 1
­¤Q¤­	 1
§U_	 1
½Æ	 1
ÄªG¤	 1
²£¹	 1
§i	 1
_¥O_	 1
_ªv_	 1
À°Ê	 1
_¿Ä_	 1
²Ä¤»¤	 1
_¤Ï	 1
½X·Ó¬	 1
³t¡v¤	 1
_o¥	 1
_©¡	 1
_¯Á_	 1
Ä~_	 1
¦p¦ó¤	 1
¥²_	 1
PÃ	 1
_¼v	 1
_°s	 1
§ïµ½	 1
_¶S_	 1
_«o	 1
²L½Í	 1
é®Ä	 1
¤Tº	 1
°â	 1
_¥O	 1
¹q¸£	 1
_µØ	 1
_·s	 1
_¸g_	 1
·³	 1
±æ_	 1
G¤´ÄÝ	 1
_¼y_	 1
ºûÅã	 1
¡GMG	 1
K¦^¡G	 1
²£¹q	 1
¬Û	 1
¤À§O¡	 1
ª©¥»	 1
©¹_	 1
®Ä	 1
_Âø_	 1
(¥|	 1
_¤D	 1
ó¡H_	 1
¬Q	 1
_³x	 1
_½Ð	 1
_¶^	 1
²v_	 1
¼Ð_	 1
ã¥	 1
C¤Q¤T	 1
²¾_	 1
_Ä~_	 1
¯u_	 1
º¦n	 1
ÂÅ_	 1
µ½_	 1
»¤Q	 1
³f	 1
_¥Ç	 1
T¦^¡	 1
¤Q¤T	 1
«Ý_	 1
_°â	 1
Æ½X	 1
¾Ô	 1
¼Ó_	 1
_¨M_	 1
_oª	 1
_·ù_	 1
_·ù	 1
ºÃ	 1
_À³_	 1
_¼Ó	 1
_¹C	 1
_«Â	 1
±x_	 1
_·N_	 1
§N_	 1
³Õ_	 1
¬¦	 1
_ªp_	 1
E¥Õ¯È	 1
·¡	 1
_¤w_	 1
_³f_	 1
_¥Õ	 1
¯]_	 1
é®ÄªG	 1
_°|	 1
´U_	 1
r«¬	 1
O¡E¤T	 1
_¸ª_	 1
_½X_	 1
(°O_	 1
¸¨â­	 1
´Ú¼Æ	 1
³õ¤	 1
·F_	 1
¤C¤Q¤	 1
_¥ò_	 1
_¹C_	 1
§Ç	 1
_µ½	 1
_ÀN_	 1
©Z_	 1
Á¿_	 1
oªÌ_	 1
´y	 1
Äá	 1
Q¦	 1
_¥Ã_	 1
ïµ½¡	 1
¶µ	 1
¡½Ä	 1
Ä¤­	 1
_¿à	 1
¾Ì_	 1
¿ë±	 1
®v	 1
²×	 1
¹s	 1
_¯»_	 1
_´w	 1
_¦r	 1
Àx_	 1
°|_	 1
¥Ã	 1
@¡ã¹C	 1
_½å	 1
a¡E	 1
_«È	 1
_°]	 1
©¥	 1
«È	 1
µf_	 1
³Õ	 1
_¨S	 1
¶m	 1
_¥Ã	 1
ã¥Ü¥	 1
Ú¼	 1
±Û_	 1
Ý§ïµ½	 1
_¿à_	 1
¹O_	 1
¤D_	 1
_ÃP	 1
ºûÅã¥	 1
_±x	 1
®v_	 1
_ÁÈ_	 1
_ÂI_	 1
À¸¨	 1
£¹CÀ	 1
_©±_	 1
_ÁÈ	 1
ªº¦	 1
ó¤À¿	 1
¤Q¤K	 1
_®Æ	 1
_¬É_	 1
_§i	 1
¹G	 1
©î_	 1
_ÄP	 1
_¹Ï	 1
_°÷_	 1
¨â­Óª	 1
¤õ_	 1
¸u_	 1
_¥__	 1
¡I_	 1
_¸m_	 1
°Æ	 1
_¦X_	 1
_±ö_	 1
¹º_	 1
_¶·	 1
_«Ý	 1
´U	 1
_½Ã_	 1
G¡ã_	 1
_¯Á	 1
G¥	 1
»@_	 1
¤£¦P_	 1
Åé®	 1
n³	 1
MG¡ã	 1
¨¹_	 1
Äò_	 1
Q¤K¦	 1
_«h	 1
_°Æ_	 1
²Ä¤C	 1
ªººØ	 1
n³õ	 1
µ¹	 1
_¯F	 1
À¸µn	 1
_¥²_	 1
_¶q_	 1
_¥æ	 1
¾Ô_	 1
_¨Ã	 1
·t	 1
_¤s	 1
­Óª©	 1
³¡_	 1
¦A	 1
_³õ_	 1
¼Ð	 1
·Ó¬Û¾	 1
®µ	 1
n³õ¤F	 1
TºûÅã	 1
)½Ò	 1
Á°	 1
¾ãÅ	 1
¦Ì	 1
_¦U	 1
¦³¤	 1
¶^_	 1
²Ó_	 1
¼v	 1
_¼{	 1
_®û	 1
³¤À§	 1
°|	 1
¥³t¡v	 1
_¹Ï_	 1
T´	 1
_­­	 1
µy	 1
¤É_	 1
_µ¹	 1
¦¡	 1
_¼v_	 1
ªÀ	 1
q¸£¹	 1
E¥Õ¯	 1
©¥»	 1
­t_	 1
¯È¤	 1
½ÄÁ°¶	 1
_´µ	 1
À³_	 1
»ù_	 1
_±¡_	 1
Åx	 1
Á°¶	 1
¥ò	 1
_¾Ì	 1
«¬¦p¦	 1
ùØ	 1
_¥}	 1
E´ä	 1
¤T´Ú¼	 1
_³æ_	 1
CÀ¸¨	 1
§O¡E¤	 1
_°¦_	 1
_¹s_	 1
Óª©	 1
_²¤	 1
¦³¤À§	 1
¡E¤T	 1
ºò_	 1
¡E´	 1
¤w	 1
´ä²£¹	 1
_¬Õ_	 1
_·F_	 1
§O¡	 1
_µf	 1
ªv_	 1
­¼_	 1
_ÅA	 1
§Y_	 1
¡G²	 1
§ë	 1
(¥|_	 1
{¦¡¦³	 1
³«Ý	 1
¶·	 1
ã¥Ü¥d	 1
¬Ò	 1
_ÃÒ	 1
¤W¥	 1
¯Á_	 1
v¤	 1
_®d_	 1
¶m_	 1
¦U_	 1
ªð_	 1
_«ü	 1
_»È_	 1
§t_	 1
t¡v¤@	 1
E´	 1
¡¦³«Ý	 1
Q¦r	 1
^¡G²L	 1
«o	 1
r«	 1
T´Ú	 1
³æ	 1
_¥ø	 1
¦ó¤À	 1
_©O	 1
_²L	 1
_­ì_	 1
_­W	 1
_¸u_	 1
_Áö_	 1
_°O_	 1
ºØ¤	 1
_²v_	 1
«T	 1
·Ó¬Û	 1
³«Ý§	 1
_Àx_	 1
¦R_	 1
®Æ_	 1
_»è_	 1
¥Ü¥dª	 1
_º¡	 1
_¨ú	 1
_ÅA_	 1
