_	 2030
a	 762
o	 327
i	 326
k	 295
a_	 279
e	 272
u	 208
n	 185
l	 183
h	 167
_k	 166
e_	 157
i_	 145
o_	 133
m	 129
_a	 106
ka	 98
_i	 95
Ô	 95
'	 93
,_	 92
,	 92
ma	 88
_m	 83
ua	 77
na	 74
p	 72
_h	 67
ke	 64
ä	 64
_ka	 63
K	 62
ÿ	 61
_K	 60
ak	 59
ai	 57
_ma	 55
ho	 53
_n	 52
u_	 52
an	 50
ke_	 50
_i_	 49
.	 48
ah	 47
le	 47
la	 46
ka_	 45
au	 45
_Ka	 44
Ka	 44
Š	 43
_l	 43
a,	 42
a,_	 42
na_	 40
_a_	 40
._	 40
_Ô	 39
ia	 38
lo	 38
_'	 38
_ke	 38
ko	 37
hi	 37
ku	 37
_p	 37
Ôo	 36
ana	 36
_ka_	 35
no	 34
ä_	 34
_o	 34
ha	 33
_ke_	 32
_o_	 31
ol	 31
ia_	 30
am	 30
pu	 30
w	 29
ik	 29
_ÿ	 29
el	 29
al	 29
Ôa	 28
ahi	 28
le_	 28
'o	 28
H	 28
ne	 28
la_	 28
ua_	 27
_H	 27
a'	 27
ai_	 26
ki	 25
me	 25
he	 24
_Kam	 24
a.	 24
ama	 24
Kam	 24
pua	 24
a._	 23
wa	 23
oh	 23
_ko	 23
aku	 23
au_	 23
on	 22
_e	 22
aÔ	 22
_e_	 22
_ho	 22
ele	 22
Kama	 21
in	 21
_Ôo	 21
ana_	 21
_Kama	 21
_ak	 21
_me	 20
_mai	 20
ei	 20
Ôi	 20
Ôo_	 20
mai	 20
ea	 20
pa	 20
ho_	 19
iki	 19
A	 19
ÿo	 19
_'o	 19
_aku	 19
"	 19
'o_	 19
_ia	 18
ul	 18
lä	 18
ake	 18
i,_	 18
apu	 18
ok	 18
ap	 18
i,	 18
'a	 18
O	 18
_'o_	 17
oÔ	 17
apua	 16
oa	 16
_he	 16
_iä	 16
'i	 16
iä_	 16
_iä_	 16
_P	 16
_no	 16
iä	 16
_Ôo_	 16
P	 16
e,_	 15
mak	 15
e,	 15
ua'	 15
_ha	 15
ma_	 15
aka	 15
a'a	 15
ÿa	 15
map	 14
oho	 14
I	 14
_ia_	 14
Kamap	 14
ih	 14
mapua	 14
amap	 14
kah	 14
amapu	 14
_I	 14
ne_	 14
mapu	 14
_lä	 14
hi_	 14
ele_	 14
ole	 13
ua'a	 13
aÔa	 13
pua'	 13
Š_	 13
_lo	 13
lu	 13
pua'a	 13
Šn	 13
oho_	 13
ÿi	 13
iho	 12
he_	 12
nä	 12
_me_	 12
Ôi_	 12
hik	 12
'a_	 12
M	 12
hiki	 12
me_	 12
apua'	 12
hu	 12
nu	 12
il	 12
_ma_	 12
puaÔa	 11
uaÔa	 11
noho	 11
iki_	 11
puaÔ	 11
ake_	 11
no_	 11
mau	 11
nei	 11
_mak	 11
kua	 11
_an	 11
äu	 11
aÿ	 11
I_	 11
äua	 11
_w	 11
noh	 11
_ana	 11
o'	 11
_ÿo	 11
ula	 11
_M	 11
_u	 11
_noho	 11
li	 11
aha	 11
_noh	 11
ahi_	 11
_I_	 11
noho_	 11
uaÔ	 11
ki_	 11
kŠ	 11
a'a_	 10
nä_	 10
kul	 10
'i_	 10
_ana_	 10
ë	 10
ole_	 10
_wa	 10
N	 10
_ai	 10
ino	 10
_kŠ	 10
ona	 10
_Ôa	 10
make	 10
_"	 10
ea_	 10
lŠ	 10
ko_	 10
un	 10
_pu	 10
kahi	 10
hoÔ	 9
_N	 9
Ÿ	 9
_akul	 9
akul	 9
ou	 9
oe	 9
i'	 9
He	 9
_nei	 9
_kau	 9
š	 9
make_	 9
_pa	 9
L	 9
_hoÔ	 9
na,	 9
kahi_	 9
na,_	 9
uk	 9
ÿo_	 9
_ne	 9
kau	 9
kai	 9
akua	 9
kula	 9
akula	 9
loa	 9
po	 9
ni	 9
"_	 9
aua	 8
ö	 8
_kona	 8
wai	 8
_pua	 8
ila	 8
_mau_	 8
lo_	 8
."_	 8
kona	 8
_kon	 8
hiki_	 8
ÿe	 8
ea,	 8
mail	 8
_O	 8
_A	 8
i.	 8
_loa	 8
kä	 8
ala	 8
ea,_	 8
_mail	 8
_L	 8
maila	 8
aila	 8
."	 8
_mai_	 8
_po	 8
_kah	 8
eh	 8
kon	 8
Šna	 8
ua'a_	 8
mau_	 8
mai_	 8
_al	 8
_Kah	 8
mea	 8
oÔi	 8
_mau	 8
ü	 8
_make	 8
O_	 8
Kah	 8
'O	 8
hol	 8
ail	 8
_He	 8
op	 8
ua,	 7
_he_	 7
_puaÔ	 7
ha_	 7
ao	 7
oÿ	 7
ola	 7
'u	 7
_nä	 7
Pele	 7
kou_	 7
kaua	 7
Ôol	 7
'e	 7
_ko_	 7
ou_	 7
kaua_	 7
Pe	 7
ua,_	 7
aua_	 7
oa_	 7
ono	 7
ula_	 7
ihola	 7
!	 7
le,	 7
alo	 7
_Pele	 7
_'O_	 7
hola	 7
mo	 7
kai_	 7
oka	 7
kula_	 7
_Pe	 7
_ÿo_	 7
ahik	 7
_Pel	 7
aila_	 7
ona_	 7
Kahik	 7
ü_	 7
nŠ	 7
_lŠ	 7
_'O	 7
_Kahi	 7
ei_	 7
_kaua	 7
Pel	 7
kou	 7
'O_	 7
ila_	 7
_iho	 7
!_	 7
o,_	 7
hel	 7
_ih	 7
_mea	 7
_ihol	 7
o,	 7
Kahi	 7
ihol	 7
ahiki	 7
le,_	 7
_kä	 7
kona_	 7
hele	 6
aÔo	 6
läu	 6
läua	 6
_nei_	 6
kŠn	 6
ali	 6
um	 6
_nŠ	 6
ÿi_	 6
ahine	 6
hele_	 6
_läua	 6
i'i	 6
Ma	 6
hola_	 6
A_	 6
_hi	 6
_Ko	 6
Ko	 6
ahin	 6
ow	 6
u,	 6
o'o	 6
_Lon	 6
_kŠn	 6
ine	 6
hine_	 6
una	 6
Ôa,_	 6
ale	 6
olo	 6
äua_	 6
Ôa_	 6
_läu	 6
_wah	 6
oÔi_	 6
hoÔi_	 6
_hoÔi	 6
nak	 6
ola_	 6
Lono	 6
Ôa,	 6
_Ma	 6
‘	 6
ele,	 6
nei_	 6
ine_	 6
hine	 6
hoÔi	 6
ala_	 6
_ki	 6
Lo	 6
u.	 6
u,_	 6
än	 6
uka	 6
hin	 6
wah	 6
_Lo	 6
_ÿa	 6
_Lono	 6
ele,_	 6
pan	 6
_akua	 6
Lon	 6
_Pu	 5
_No	 5
om	 5
pana	 5
_hel	 5
_la	 5
No	 5
E	 5
opa	 5
aha_	 5
ku_	 5
Ho	 5
kan	 5
ui	 5
Ôole	 5
Ha	 5
hal	 5
anu	 5
_nŠ_	 5
wahin	 5
we	 5
kol	 5
ae	 5
_ku	 5
oÔo	 5
iÿ	 5
lel	 5
_kë	 5
:_	 5
lä_	 5
_ÿi	 5
ana,_	 5
_ah	 5
ino_	 5
_hiki	 5
uÔ	 5
aw	 5
aÔa,_	 5
_Mak	 5
kë	 5
ahu	 5
_hik	 5
oe_	 5
Ol	 5
:	 5
aka_	 5
ÿol	 5
ana,	 5
nŠ_	 5
ani	 5
_hal	 5
kua_	 5
Mak	 5
_Ôi	 5
aÔa,	 5
aik	 5
man	 5
na.	 5
_wahi	 5
up	 5
wahi	 5
akua_	 5
lua	 5
_Ha	 5
š_	 5
_Ol	 5
_na	 5
_Ho	 5
_nä_	 5
_kai	 5
aÔa_	 5
_hele	 5
Šne	 5
na._	 5
Pu	 5
kele	 4
_kü_	 4
_aku_	 4
kü_	 4
loh	 4
uak	 4
_Na	 4
ho'i_	 4
a'u	 4
_ho'	 4
äkou	 4
i._	 4
_Ka_	 4
ei,	 4
po'o	 4
Ka_	 4
uka_	 4
o'i	 4
Ôole_	 4
_A_	 4
_law	 4
läkou	 4
ike	 4
ameh	 4
_mea_	 4
_ahi	 4
awa	 4
lu_	 4
_läko	 4
äk	 4
naka	 4
_HŸ!	 4
_ua	 4
i'i_	 4
opan	 4
hoÿ	 4
lop	 4
_hu	 4
ameha	 4
_hoÿ	 4
Ÿ!_	 4
nš_	 4
mŠ	 4
Na	 4
wea	 4
nö	 4
ël	 4
hah	 4
käu	 4
ëlä	 4
Kowe	 4
ÿan	 4
Ôan	 4
_kan	 4
eia	 4
ina	 4
_hah	 4
_ÿan	 4
law	 4
ho'i	 4
_uka	 4
u._	 4
opana	 4
uÔi	 4
nau	 4
wae	 4
eha	 4
Šu	 4
ohe_	 4
_ala	 4
_uk	 4
oku	 4
Olopa	 4
ho'	 4
uan	 4
ame	 4
_lŠu	 4
ike_	 4
_Olop	 4
Ÿ!	 4
lok	 4
HŸ	 4
lopa	 4
aku_	 4
_ÿana	 4
kü	 4
oma	 4
uÔi_	 4
oko	 4
uaÔa_	 4
läko	 4
kal	 4
owe	 4
_käu	 4
Ôino	 4
_HŸ!_	 4
mea_	 4
Olo	 4
ua._	 4
la,	 4
ua.	 4
mea,	 4
_haha	 4
ai.	 4
HŸ!	 4
akai	 4
kel	 4
la,_	 4
_Olo	 4
owea	 4
anak	 4
ohe	 4
Šne_	 4
käua	 4
_kü	 4
_ua_	 4
mea,_	 4
äkou_	 4
Šua	 4
_'i	 4
ÿole	 4
_nš_	 4
haha	 4
una_	 4
ÿana	 4
o'i_	 4
lŠua	 4
_ho'i	 4
ek	 4
ei,_	 4
uaÔa,	 4
_kahi	 4
Kowea	 4
lopan	 4
_HŸ	 4
lŠu	 4
ÿana_	 4
meh	 4
e'	 4
Ôin	 4
ÿole_	 4
Olop	 4
elo	 4
Šk	 4
olu	 4
po'	 4
nš	 4
äko	 4
läk	 4
Kow	 4
i."_	 4
_käua	 4
HŸ!_	 4
li_	 4
i."	 4
_lŠua	 4
_Kowe	 4
_Kow	 4
en	 4
apuaÔ	 4
_no_	 4
a'e	 4
meha	 4
aÿa	 4
_läk	 4
iÔ	 4
_lu	 4
_ai_	 4
uÿ	 4
akai_	 4
_nš	 4
kŠne	 3
'eh	 3
_këia	 3
aia_	 3
_ÿä	 3
ÿäina	 3
lelo	 3
lawa	 3
lo,_	 3
Make	 3
He_	 3
kolo	 3
oha	 3
aÿo	 3
kŸ	 3
_lawa	 3
uani	 3
ela	 3
_lok	 3
'A	 3
hŠ	 3
a'a,	 3
hš	 3
e'e	 3
naka_	 3
_au_	 3
koke_	 3
ia.	 3
ki'	 3
äina	 3
He'e_	 3
manu	 3
ka'	 3
onu	 3
aÿi	 3
nu_	 3
a'eho	 3
kŠna	 3
kuÔ	 3
olo_	 3
_këi	 3
loko_	 3
_ÿe	 3
eik	 3
oka'e	 3
‘l	 3
ka'eh	 3
oke_	 3
amau	 3
kekah	 3
‘lŠ	 3
akel	 3
_He'	 3
han	 3
ai,	 3
oe,_	 3
li'i	 3
Kamau	 3
ÔaÔ	 3
ama_	 3
ane	 3
akele	 3
'a,_	 3
noa	 3
ëi	 3
lun	 3
uanih	 3
maku	 3
alo,	 3
kŠ_	 3
ëlä_	 3
nau_	 3
ÿäin	 3
_'ia_	 3
_aia	 3
ae_	 3
_kek	 3
aÔo_	 3
äua._	 3
Ke	 3
öl	 3
_heia	 3
aniho	 3
a'eh	 3
iho_	 3
kok	 3
kino	 3
Kau	 3
lŠua_	 3
lei	 3
eho	 3
omak	 3
_a'	 3
li'	 3
_hŠ	 3
ua'a,	 3
alo,_	 3
hau	 3
koke	 3
_uka_	 3
_loko	 3
këi	 3
_kän	 3
hoÔo	 3
'ö	 3
ekahi	 3
onok	 3
eka	 3
läua_	 3
oÿo	 3
nei,_	 3
'eho	 3
keiki	 3
onoka	 3
äua.	 3
luna	 3
_hale	 3
_lun	 3
eiki	 3
hana	 3
hale_	 3
kei	 3
hŠna	 3
lo,	 3
_kŠne	 3
ai."	 3
_He'e	 3
kin	 3
ali'	 3
öle	 3
hŠn	 3
_kŠ_	 3
'ia	 3
_ÔaÔo	 3
këia	 3
Ahu	 3
anih	 3
_kaha	 3
mah	 3
hoÔok	 3
nua	 3
_kin	 3
okah	 3
ai."_	 3
_kai_	 3
He'e	 3
lelo_	 3
_hŠna	 3
upa	 3
•	 3
ekah	 3
awai	 3
keik	 3
uh	 3
'e_	 3
_Ah	 3
pü	 3
_luna	 3
anu_	 3
mu	 3
‘lŠ_	 3
kaha	 3
pü_	 3
äna	 3
e'e_	 3
pak	 3
nei,	 3
Ôu	 3
eiki_	 3
_man	 3
Ôu_	 3
niho	 3
_po'o	 3
_Kau	 3
luan	 3
noka'	 3
_keik	 3
okahi	 3
ali'i	 3
oko_	 3
iau	 3
_keka	 3
ulu	 3
luna_	 3
_ÿäi	 3
_kŠna	 3
nih	 3
oke	 3
_hei	 3
ÿäi	 3
_alo	 3
oka'	 3
ëia_	 3
ka'e	 3
_Ahu	 3
äin	 3
_on	 3
_hoÔo	 3
_ÔaÔ	 3
ëia	 3
He'	 3
hale	 3
noka	 3
aÿi_	 3
Ôai	 3
_nö	 3
Pele,	 3
elo_	 3
loko	 3
kän	 3
ale_	 3
_mea,	 3
_Ôana	 3
Ôok	 3
_ala_	 3
kek	 3
_nei,	 3
nok	 3
äi	 3
këia_	 3
_Ôai	 3
_kei	 3
heia	 3
ÿä	 3
pe	 3
a'a,_	 3
aia	 3
'a,	 3
umo	 3
heiau	 3
lŠ_	 3
_kŸ	 3
oÔok	 3
makua	 3
_kino	 3
_Ôan	 3
eiau	 3
_po'	 3
ÔaÔo	 3
nui	 3
manu_	 3
hei	 3
loa_	 3
Pele_	 3
_Make	 3
_au	 3
Ôana	 3
wa_	 3
_hŠn	 3
pana_	 3
Ôe	 3
Ah	 3
Šua_	 3
_ia.	 3
Lonok	 3
keka	 3
'ia_	 3
_aia_	 3
_'ia	 3
_ÿäin	 3
ÿu	 3
oe,	 3
ai,_	 3
kalo	 2
_Ôino	 2
Ôah	 2
'a._	 2
_Nau	 2
hau_	 2
ka._	 2
uluan	 2
_in	 2
_Hel	 2
laÔ	 2
huli	 2
_MŠ	 2
Ôao	 2
_poÿ	 2
mua_	 2
loaÔa	 2
Noho	 2
_Ôai_	 2
poÿe_	 2
akaka	 2
_hoÿo	 2
maka_	 2
Ÿ_	 2
_Ôoe	 2
ÔAÔ	 2
ÿep	 2
loha	 2
kea,	 2
enei:	 2
_Ku	 2
i:_	 2
o._	 2
aouka	 2
naÿ	 2
_'A	 2
a'i	 2
_kël	 2
lol	 2
_Noh	 2
ku,	 2
hameh	 2
_loaÔ	 2
nana	 2
Hele	 2
em	 2
oaÔ	 2
_ÿeÿ	 2
eho_	 2
_Pua	 2
lama_	 2
hoÿo	 2
ela_	 2
niho_	 2
hul	 2
hai	 2
_mä	 2
_Mo	 2
oÔoka	 2
E_	 2
ene	 2
AÔo	 2
i:	 2
_.	 2
ham	 2
ilo	 2
kël	 2
ÿahu	 2
äna_	 2
iÿa.	 2
'ole_	 2
loÔ	 2
owa	 2
nänä	 2
maiÔ	 2
mala	 2
onom	 2
noÔi	 2
_Noho	 2
Li	 2
pu_	 2
äua,_	 2
•l	 2
ia._	 2
änä	 2
aue	 2
_han	 2
Inä_	 2
a'a._	 2
hame	 2
kuÔi_	 2
_ik	 2
_nän	 2
_mua	 2
_._	 2
nän	 2
ho._	 2
epa	 2
Puaou	 2
Šh	 2
eÿepa	 2
_He_	 2
Šnau_	 2
pa_	 2
ha,	 2
_ÿik	 2
ä,	 2
humoe	 2
o.	 2
maul	 2
uÿu	 2
"E	 2
alu	 2
ÔAÔo	 2
'ole	 2
_ÿeÿe	 2
_Naup	 2
aouk	 2
Ahum	 2
_ino	 2
Ško	 2
meham	 2
honu	 2
ika	 2
laÔo_	 2
AÔol	 2
Ôel	 2
koa_	 2
käua.	 2
_Inä_	 2
Kaman	 2
poÿe	 2
kolu	 2
oÔe	 2
aih	 2
'oe	 2
inoa	 2
_Puao	 2
a;_	 2
ona._	 2
_ë!_	 2
'ol	 2
maiÔa	 2
ÿike_	 2
_Oÿa	 2
AÔole	 2
iki.	 2
Šna_	 2
waiÿ	 2
ei:	 2
pi	 2
e._	 2
hakai	 2
KA	 2
_pau	 2
ÿia	 2
kele,	 2
hiw	 2
lele	 2
aman	 2
kaka	 2
_kok	 2
_kŸ_	 2
Ôokah	 2
_wai	 2
iwa	 2
nänä_	 2
kali'	 2
hiwa_	 2
Make_	 2
pau	 2
K•	 2
'ula,	 2
Noh	 2
inoÔi	 2
_K•	 2
hala_	 2
_pü	 2
Ôa._	 2
_pi	 2
ki'u	 2
ana.	 2
uaou	 2
_Ho'	 2
hop	 2
pah	 2
_aloh	 2
noÔin	 2
penei	 2
_ÿole	 2
ÿa._	 2
'o,	 2
änä_	 2
uakel	 2
kŸ_	 2
No_	 2
mal	 2
kih	 2
ÿepa_	 2
iÔa	 2
koa	 2
ÿeÿ	 2
epa_	 2
_Ôia_	 2
lä,	 2
nake	 2
hoa	 2
kaÿi_	 2
luani	 2
ukol	 2
Ho'o	 2
auk	 2
kup	 2
ouka	 2
_ao	 2
lauea	 2
_lä_	 2
•la	 2
ehame	 2
'a.	 2
kak	 2
'o,_	 2
këlä	 2
Ahumo	 2
hai_	 2
iÿa	 2
Hel	 2
aliÔi	 2
_mua_	 2
kuÔi	 2
_uÔ	 2
K•l	 2
ÿau	 2
nö_	 2
Kame	 2
Kauko	 2
kali	 2
_nö_	 2
K•lau	 2
Hi	 2
lam	 2
hahau	 2
oi	 2
maulu	 2
aÔole	 2
ue	 2
aÿol	 2
_nan	 2
_Ôol	 2
ka.	 2
_ÿike	 2
lohe	 2
pali	 2
eha,	 2
iÔi	 2
aiÔa	 2
ÿeÿe	 2
hum	 2
olua,	 2
a'i_	 2
Naup	 2
_Oÿ	 2
_hana	 2
_ÿol	 2
nan	 2
auea	 2
läua,	 2
akea,	 2
haÿ	 2
Kauk	 2
pau_	 2
moe	 2
a'a.	 2
lohe_	 2
_kol	 2
_kaik	 2
lama	 2
pal	 2
kino_	 2
oÿi_	 2
Oÿah	 2
haÿa	 2
Lonom	 2
ÿa.	 2
meha,	 2
_haÿa	 2
uao	 2
_käna	 2
Šl	 2
lole	 2
ÿale	 2
_na_	 2
k‘	 2
ei:_	 2
pene	 2
a'u.	 2
mana	 2
uka.	 2
aliÔ	 2
Noho_	 2
noÔ	 2
_one	 2
Maka	 2
ahai_	 2
one	 2
aÿole	 2
hiki'	 2
_pe	 2
iÿa._	 2
haka	 2
noma	 2
_mŠ	 2
onoma	 2
_uÔi_	 2
_ÿaÿo	 2
aÿale	 2
iku	 2
pŸ	 2
_Ahum	 2
_hoÿi	 2
"ÔA	 2
ahi,	 2
Pun	 2
Škou_	 2
ikih	 2
nuake	 2
kana	 2
_ÿia	 2
_a'u	 2
In	 2
oÔino	 2
_inoa	 2
šÔ	 2
po'o,	 2
_ÿaÿ	 2
a;	 2
iki'u	 2
K•la	 2
Nau	 2
_nana	 2
'ula	 2
ana._	 2
Ôoe_	 2
eham	 2
hi,_	 2
lea	 2
U	 2
_koa_	 2
"ÔAÔo	 2
_Ôolu	 2
Ôoe	 2
ha,_	 2
aul	 2
'A'	 2
i'ul	 2
olu_	 2
_"E	 2
Kapu	 2
lawai	 2
ina,_	 2
_Kapu	 2
_iki.	 2
auea_	 2
äua,	 2
_koke	 2
mua	 2
a:_	 2
Hele_	 2
ahau	 2
ki'ul	 2
_iki	 2
hahai	 2
lua,_	 2
eha,_	 2
akal	 2
Kapua	 2
pen	 2
umoe	 2
ÔAÔol	 2
_pen	 2
_mo	 2
Makal	 2
kahak	 2
aiÿa	 2
Ôolua	 2
paka	 2
eiau_	 2
oÿi	 2
ÿaÿol	 2
ne,_	 2
kanak	 2
oÿe_	 2
_Ôia	 2
owai	 2
ema	 2
paha_	 2
eÿep	 2
ui,	 2
_poÿe	 2
iÿi	 2
hak	 2
_ai."	 2
laÔo	 2
_Ôin	 2
aiÔ	 2
'A'ol	 2
ui,_	 2
A'ol	 2
_hala	 2
_"ÔAÔ	 2
MŠl	 2
ÔA	 2
'A'o	 2
Inä	 2
alel	 2
nomak	 2
A'ole	 2
_ÿia_	 2
A'	 2
pun	 2
Ôana_	 2
ÿau_	 2
hŠnau	 2
e.	 2
_kua	 2
nom	 2
_'ö	 2
o'o,_	 2
anaka	 2
ÿik	 2
kea	 2
ölel	 2
Ôolu	 2
hoÿi_	 2
mä	 2
Oÿahu	 2
_hua	 2
Šwae	 2
_ai.	 2
AÔ	 2
ma'u	 2
hon	 2
ÿalel	 2
ui_	 2
_pah	 2
Ôoka	 2
eÿ	 2
aup	 2
ulaÔ	 2
mok	 2
Kameh	 2
inoÔ	 2
iw	 2
upaka	 2
käua_	 2
kaÿi	 2
ma'	 2
i'u	 2
lan	 2
;_	 2
ula,_	 2
ne,	 2
uma	 2
_Li	 2
'eho_	 2
uea	 2
Puao	 2
akali	 2
;	 2
maka	 2
ÿe_	 2
kolu_	 2
hala	 2
aika	 2
kaÿ	 2
enei	 2
akua,	 2
Ôino_	 2
loÔe	 2
kua,_	 2
paha	 2
_"ÔA	 2
'öle	 2
lua,	 2
wea_	 2
i'ula	 2
aupa	 2
_pau_	 2
ÿaÿ	 2
iki'	 2
aupak	 2
uaouk	 2
Naupa	 2
iwa_	 2
aou	 2
_Pun	 2
Ho'	 2
hiwa	 2
kolo_	 2
ukolo	 2
aulu	 2
auko	 2
ÿal	 2
nuak	 2
Oÿa	 2
oÿe	 2
_K•l	 2
aloh	 2
omaku	 2
Ke_	 2
Šnau	 2
wae_	 2
lau	 2
kum	 2
•lau	 2
"ÔAÔ	 2
ep	 2
i'i,_	 2
uli	 2
amanu	 2
_hop	 2
'i,_	 2
_Ho'o	 2
eÿe	 2
uea_	 2
_pü_	 2
_Maka	 2
amo	 2
loaÔ	 2
Kap	 2
iau_	 2
amaul	 2
laue	 2
a:	 2
Pua	 2
_uÔi	 2
ahau_	 2
_Oÿah	 2
_mana	 2
uake	 2
ulua	 2
awaiÿ	 2
kulaÔ	 2
haÿal	 2
nei:_	 2
Ôa.	 2
u."_	 2
waiÿa	 2
'i,	 2
_Kap	 2
oaÔa	 2
_mu	 2
_ë	 2
nakea	 2
lä,_	 2
ÔinoÔ	 2
hoÿi	 2
ö_	 2
Šw	 2
hana_	 2
ane_	 2
au.	 2
_loa_	 2
uni	 2
_Hi	 2
_"Ô	 2
_K•la	 2
kea,_	 2
Mo	 2
kakai	 2
ni_	 2
uko	 2
_ahi_	 2
pakak	 2
_k‘	 2
Ôia	 2
ÿah	 2
ahi,_	 2
ula,	 2
_Inä	 2
oi_	 2
ki.	 2
_haÿ	 2
ÔaÔol	 2
Ku	 2
ë!	 2
akea	 2
kŠne_	 2
käna	 2
moe,	 2
moku	 2
'ul	 2
'ölel	 2
akak	 2
ahak	 2
ouk	 2
ahai	 2
Škou	 2
aiÿa.	 2
_maka	 2
_'oe	 2
aÔol	 2
_paha	 2
umoe,	 2
u."	 2
_Kauk	 2
ÿike	 2
_Ôoe_	 2
alele	 2
_In	 2
ÿeÿep	 2
_No_	 2
_pene	 2
ku,_	 2
ÿia_	 2
ulaÔo	 2
_ia._	 2
anake	 2
poÿ	 2
aulua	 2
aloha	 2
_nänä	 2
aukol	 2
ÿaÿo	 2
liÔ	 2
upak	 2
_Hele	 2
nŠn	 2
_Kame	 2
ona.	 2
humo	 2
_maiÔ	 2
liÔi	 2
ho.	 2
lele_	 2
wai_	 2
li'i,	 2
aiÿ	 2
_Ke	 2
'u_	 2
olua	 2
i'i,	 2
nei:	 2
hua	 2
Ôai_	 2
o'o,	 2
?	 2
_kana	 2
ë!_	 2
ina,	 2
ua'a.	 2
'u.	 2
aÿal	 2
_ë!	 2
ÿepa	 2
Ôia_	 2
aiku	 2
uka._	 2
A'o	 2
owea_	 2
moe,_	 2
aoh	 2
_MŠl	 2
Oÿ	 2
hi,	 2
MŠ	 2
kua,	 2
ahaka	 2
•laue	 2
këlä_	 2
Šwa	 2
_koa	 2
ä,_	 2
kaik	 2
_këlä	 2
'öl	 2
ölelo	 2
oÔin	 2
"Ô	 2
_amo_	 1
aihe	 1
ono_	 1
kanu	 1
ŠmŠ_	 1
ki'i	 1
ÔoÔ	 1
uma'	 1
oa._	 1
wau."	 1
pe,_	 1
_nö,_	 1
mokup	 1
onuak	 1
la.	 1
a'ela	 1
_HoÔo	 1
ÿu_	 1
mai,_	 1
puni.	 1
_OÔ	 1
hopu_	 1
na:	 1
Hon	 1
_nona	 1
Eia_	 1
oaliÔ	 1
aÔi	 1
_kahu	 1
_k‘l	 1
lana	 1
noa?_	 1
nö,	 1
_pake	 1
_kolu	 1
_hohš	 1
_ÿoe_	 1
aÿe,	 1
olohe	 1
okuÔ	 1
hopu	 1
Hi'	 1
KE	 1
aÔohe	 1
ma'um	 1
lŠk	 1
ahiw	 1
ino,	 1
OM	 1
_Ô‘_	 1
p‘l	 1
ÿiliÿ	 1
_Ôš	 1
ÿoli_	 1
kupo'	 1
ihel	 1
NA._	 1
Šna,_	 1
lŠkou	 1
ÿohan	 1
opŸni	 1
ulu_	 1
ahuku	 1
ia."_	 1
'äp	 1
ekele	 1
_a'u.	 1
_HšÔ	 1
wŠ	 1
Ôohe	 1
HO'	 1
kunŠn	 1
okok	 1
Makem	 1
huku	 1
aimŠ	 1
polo	 1
iÿow	 1
_OÔa	 1
_'Ew	 1
unuan	 1
aÔa.	 1
mŠkou	 1
aena_	 1
Ö	 1
Ôaolo	 1
_Mäla	 1
aÔoh	 1
OMAK	 1
akä	 1
a'u._	 1
awai'	 1
emak	 1
loa;	 1
_kiÿ	 1
_ÿino	 1
ÿowa	 1
noa_	 1
äpan	 1
naka,	 1
ö,_	 1
uiki,	 1
inoa?	 1
koloh	 1
Kama,	 1
"._	 1
ŠkuÔi	 1
naÔo_	 1
akui	 1
upo'o	 1
moÿ	 1
oa;_	 1
?"._	 1
o'oma	 1
n•na	 1
_lŠ._	 1
_kalo	 1
_'ike	 1
mŠna	 1
Mäla	 1
'äpan	 1
_Waim	 1
pol	 1
Keke	 1
ÿoma	 1
hoh	 1
Pane	 1
naÿau	 1
iÔa._	 1
Liÿi	 1
iÔi_	 1
oeu,_	 1
oa;	 1
oeu	 1
HO'OM	 1
_ÿuh	 1
oali	 1
šilow	 1
ahünö	 1
oÔoku	 1
oÿo_	 1
Puni_	 1
kumu	 1
Hoe	 1
_Kahu	 1
Ôop	 1
_wau	 1
hu,_	 1
kŸku	 1
_ÿoh	 1
ohan	 1
eho._	 1
oÔa	 1
_"He_	 1
ahun	 1
waho_	 1
_kum	 1
ea._	 1
Kën	 1
ÿopa	 1
ÿili	 1
ano	 1
ola.	 1
_"Ke	 1
'ana,	 1
hehi_	 1
ako	 1
hui_	 1
_loa,	 1
polol	 1
enuhe	 1
na;_	 1
poÔ	 1
kele_	 1
ina._	 1
_Nak	 1
maha_	 1
ohš	 1
nŠna_	 1
_ä	 1
hauÿ	 1
iau.	 1
oÿom	 1
kä_	 1
Šnak	 1
_Ôao	 1
nai_	 1
ahi.	 1
_MŠla	 1
_Kana	 1
ÔopŸ	 1
loÔe,	 1
öpü_	 1
_loa.	 1
unua	 1
kaiku	 1
na:_	 1
koi	 1
mŠnal	 1
naÿo	 1
_Kë	 1
'öp	 1
Moe_	 1
Šlama	 1
ua'öl	 1
Hawai	 1
ahu_	 1
hun	 1
öpü	 1
lawe	 1
_Haw	 1
maunu	 1
umoku	 1
ano_	 1
_HaÔi	 1
hu,	 1
oÔu	 1
n•nau	 1
".	 1
amaun	 1
hä_	 1
ouka_	 1
le:_	 1
lema	 1
paÿa_	 1
upal	 1
pane_	 1
'oka	 1
_pŠne	 1
ele:_	 1
hola.	 1
mŠk	 1
uÿi,	 1
k‘i	 1
kaha_	 1
äp	 1
heh	 1
uloa_	 1
loha_	 1
Ôohe_	 1
luhi_	 1
ünöw	 1
uakaÿ	 1
pono_	 1
Ÿnin	 1
ënä_	 1
_kau_	 1
na'o	 1
uhe	 1
_ala,	 1
_'öpü	 1
_p‘l	 1
Kaua'	 1
mu_	 1
_moÿo	 1
mŠn	 1
_Kua	 1
nanau	 1
anaÔo	 1
olole	 1
Ôšil	 1
uah	 1
_maku	 1
wai.	 1
AUA_	 1
aÔel	 1
wau	 1
uli,_	 1
ne._	 1
_No'	 1
ao,_	 1
_Kup	 1
_Ahul	 1
KE_	 1
_‘	 1
_aha	 1
Ewa	 1
_Na_	 1
oÔa,	 1
_än	 1
mo_	 1
_waen	 1
ÿoh	 1
hana,	 1
_lal	 1
moÿo_	 1
_"Aia	 1
ahiwa	 1
_mŠko	 1
malan	 1
ea:	 1
Pëlä	 1
ka,_	 1
äÿa	 1
kauma	 1
loÔel	 1
kihš	 1
Kokok	 1
moÿo	 1
MŠloÔ	 1
_Haÿ	 1
kuako	 1
uÿulo	 1
AUA	 1
kŠk	 1
_kiko	 1
kŠne,	 1
lea,	 1
iliÿi	 1
oÿoma	 1
_Kën	 1
Ôahi	 1
ÿuhä_	 1
šÔo	 1
_uÿi	 1
a'ö	 1
Liÿil	 1
nik	 1
uapuÿ	 1
nuh	 1
Ôšilo	 1
'u._	 1
lŠ,	 1
Manaÿ	 1
Ai	 1
kŠna_	 1
ÿulo	 1
šil	 1
_Ôike	 1
aewae	 1
ÿowai	 1
_läÿ	 1
"He	 1
manaÔ	 1
"Ke	 1
_Kamo	 1
NA	 1
_koÔ	 1
ahel	 1
O'OM	 1
uik	 1
kil	 1
ämala	 1
_kane	 1
Öl	 1
kö	 1
Šua,_	 1
aimŠn	 1
nau,_	 1
Ôahiw	 1
hope	 1
nuhe_	 1
känak	 1
Kahu	 1
olom	 1
_kuÔ	 1
_ao,	 1
pŸni	 1
pul	 1
opŸn	 1
aluan	 1
ala,	 1
anau	 1
a."_	 1
loa,_	 1
omake	 1
ena	 1
_Liÿi	 1
_hul	 1
onu,_	 1
'oe,_	 1
Hina,	 1
noa?	 1
iko	 1
aÿa_	 1
šnuak	 1
_lalo	 1
"Ke_	 1
kelei	 1
hohš	 1
šÔa	 1
_Kuai	 1
_poÔ	 1
HaÔi	 1
_mai,	 1
kŠka	 1
uku,_	 1
anau,	 1
_one_	 1
okumo	 1
ua'i	 1
_naÿ	 1
_Mok	 1
hu.	 1
waewa	 1
"He_	 1
nui_	 1
_pi'i	 1
ÿi,	 1
ši	 1
aÿau	 1
‘ia_	 1
_?".	 1
ikaÿi	 1
mahin	 1
ile	 1
_akŠk	 1
ilei,	 1
ohana	 1
_Iä_	 1
ANA	 1
aolom	 1
__	 1
ope	 1
k‘l	 1
oÔo_	 1
one.	 1
Naku	 1
HO	 1
HŠkuÔ	 1
ÿomak	 1
ÿe,_	 1
aÿo_	 1
Kal	 1
'ike_	 1
oa'a_	 1
apuÿ	 1
šÔano	 1
ahün	 1
nini_	 1
Kek	 1
_ÿuhä	 1
lema'	 1
lŠko	 1
_Koko	 1
_P‘lŠ	 1
_HŠku	 1
HO'O	 1
kemak	 1
ini	 1
ölea	 1
aÔi_	 1
W	 1
_'ik	 1
loa._	 1
P‘lŠ	 1
aun	 1
kalok	 1
kupo	 1
olei	 1
unu	 1
iÔi,	 1
iÿi_	 1
aikun	 1
mäma	 1
_P‘l	 1
uaÔah	 1
ama,	 1
umok	 1
loa'a	 1
_pio	 1
_mäm	 1
okalo	 1
_n•n	 1
aunu	 1
elan	 1
Haÿi_	 1
_Ha'	 1
nöwai	 1
‘.	 1
nona.	 1
olei_	 1
ai._	 1
elani	 1
_wai_	 1
kumu_	 1
inoa_	 1
_aÿe	 1
_ki'i	 1
uaÔao	 1
_Moe	 1
_pë	 1
una;_	 1
"Ai	 1
_Puni	 1
Šm	 1
p‘	 1
ihela	 1
Honui	 1
ikama	 1
ikile	 1
onui	 1
ila,_	 1
lowai	 1
au,	 1
Ôaoh	 1
Pa	 1
•nau	 1
_moku	 1
_käne	 1
äl	 1
'Öle	 1
hšÔa	 1
_Ôaoh	 1
ali_	 1
ena_	 1
la._	 1
anaÿ	 1
‹	 1
_nui	 1
"Eia_	 1
au,_	 1
akui,	 1
hü	 1
uku	 1
_iaÔu	 1
ni.	 1
mele,	 1
_lol	 1
wau.	 1
le:	 1
_PŠh	 1
Le'a	 1
äÿ	 1
loa.	 1
_Hina	 1
_kupu	 1
"E!	 1
'uma	 1
äina,	 1
ämal	 1
ÿil	 1
k‘lŠ_	 1
opaÿ	 1
lani	 1
_wŠw	 1
AU	 1
pio	 1
iÿowa	 1
ha._	 1
_hui_	 1
MŠlo	 1
ki,	 1
maika	 1
aiho	 1
pa'a_	 1
_Pa	 1
ilowa	 1
huk	 1
aiho_	 1
kaika	 1
n•	 1
AN	 1
ohoa	 1
Kuai	 1
Šwae_	 1
upuna	 1
o'u	 1
unŠ	 1
wea:_	 1
lŠua,	 1
au."	 1
opaÿa	 1
eke	 1
_iŠ	 1
_?"	 1
uhe_	 1
_"He	 1
Ÿkulu	 1
oha.	 1
Man	 1
kulu_	 1
"Le'a	 1
_pon	 1
AKA_	 1
iÔa.	 1
Šhon	 1
holo_	 1
_Ak	 1
P‘lŠ_	 1
ki'i_	 1
aka,_	 1
_hauÿ	 1
nanak	 1
amah	 1
öwai	 1
_HO	 1
uku,	 1
opŸ	 1
KŠwae	 1
Mokum	 1
_"E!	 1
OÔa	 1
_"'A	 1
Haÿi	 1
Šnai_	 1
umah	 1
e'a	 1
MŠlam	 1
oÔe,_	 1
'OM	 1
Akani	 1
uÿi	 1
Le'	 1
nikö	 1
mŠko	 1
ai'	 1
_Hea_	 1
hu._	 1
koÔ	 1
Nak	 1
huli_	 1
ahu._	 1
aihel	 1
mohoa	 1
nui,	 1
kulu	 1
_'ana	 1
Lil	 1
aohi	 1
_Pane	 1
iaÔ	 1
Kok	 1
_Kal	 1
mahi	 1
_hoa	 1
uaÔa.	 1
mäu	 1
kema	 1
wai._	 1
_Hoe	 1
akol	 1
noaoh	 1
ÿino	 1
onua	 1
lawa_	 1
_kup	 1
Pël	 1
Šho	 1
_Man	 1
_pun	 1
hšÔan	 1
ao,	 1
_pio_	 1
una,	 1
aÔela	 1
ëlä,_	 1
ma,	 1
alema	 1
ane,	 1
PŠ	 1
_KE_	 1
Šwaew	 1
ni._	 1
Waim	 1
'oe_	 1
No'u_	 1
_kŸku	 1
_‘."	 1
uÿi,_	 1
o'om	 1
kem	 1
kumok	 1
nui,_	 1
'oe,	 1
eu	 1
ala,_	 1
'öpü	 1
Ôano_	 1
'Öl	 1
lalo	 1
anu._	 1
ea:_	 1
'u."	 1
Šku	 1
"A	 1
äÿau_	 1
Hea	 1
A.	 1
_HoÔ	 1
aÔu	 1
pŸÔ	 1
liÔi,	 1
hšn	 1
_kaum	 1
_'öp	 1
eleia	 1
Kai	 1
_Kaua	 1
Hin	 1
koÔu	 1
'ik	 1
ki."_	 1
pana,	 1
"'A'	 1
upali	 1
poÔo	 1
liÿi_	 1
huku,	 1
mala_	 1
wea,	 1
Oli	 1
o'o_	 1
ÿuh	 1
"'A	 1
ila,	 1
Pane_	 1
oli_	 1
_Ôai.	 1
uÿu_	 1
ohi_	 1
kile	 1
ini_	 1
ÿe,	 1
ina.	 1
hŠnai	 1
kuah	 1
_mele	 1
ÿino_	 1
MŠla	 1
šÔan	 1
alok	 1
läÿau	 1
uli_	 1
_polo	 1
pŸÔoÔ	 1
Pë	 1
mäua_	 1
Kamoh	 1
eu,	 1
eiai	 1
uli,	 1
e:_	 1
•nau_	 1
oaohi	 1
oa'	 1
ANA._	 1
_'Öle	 1
kapu	 1
ona:	 1
_Pan	 1
lawe_	 1
naÿa	 1
kahun	 1
ikil	 1
_kou	 1
_Keke	 1
oÔu_	 1
koÔu_	 1
eu,_	 1
_a'el	 1
?".	 1
Hi'a	 1
O'O	 1
a?	 1
_lŠk	 1
'ela	 1
ekel	 1
li'i_	 1
alua	 1
puÿ	 1
pŠne_	 1
ÔoÔa	 1
_wŠ	 1
ua'ö	 1
nuan	 1
Šua,	 1
ÿoe_	 1
iaiku	 1
kunŠ	 1
äpa	 1
_puni	 1
kiÿ	 1
kama	 1
KAUA	 1
pëlä,	 1
_ai,_	 1
ikunŠ	 1
lea,_	 1
iaÔu	 1
mele	 1
_'ANA	 1
make.	 1
olome	 1
ÔO	 1
_E	 1
kik	 1
hi.	 1
_"Eia	 1
Kë	 1
Ôana,	 1
'ä	 1
Ho'ok	 1
?_	 1
mai,	 1
na;	 1
iŠ	 1
Š.	 1
ünöwa	 1
Kënä_	 1
_hšÔa	 1
a'öl	 1
wŠwae	 1
mana'	 1
awe	 1
PŠho	 1
uÔu_	 1
ÿi,_	 1
aÔa._	 1
mämal	 1
_hiwa	 1
ÿenu	 1
'E	 1
_loa;	 1
Pele:	 1
a'öle	 1
'omal	 1
Ho'om	 1
Mana	 1
we_	 1
kuÔu_	 1
_huli	 1
iho._	 1
uaka	 1
šnu	 1
ÿul	 1
leiai	 1
hikil	 1
_iaÔ	 1
na'o_	 1
loa,	 1
anaÔ	 1
pule	 1
äÿau	 1
ma,_	 1
Koko	 1
ilo_	 1
Šna,	 1
_pane	 1
Kaiki	 1
_one.	 1
huaka	 1
opu	 1
oÿop	 1
_Liÿ	 1
iku,	 1
hauÿo	 1
Puÿul	 1
ŠmŠ	 1
_uka.	 1
kona.	 1
ÿop	 1
ewae_	 1
mŠmŠ	 1
pël	 1
aÔao	 1
PŠhon	 1
ia."	 1
_hiw	 1
HŠk	 1
puÿu_	 1
ënä	 1
HoÔo	 1
iki,_	 1
oaÔa_	 1
_ali	 1
OÔahu	 1
Šnai	 1
aikaÿ	 1
no,	 1
owai.	 1
Hawa	 1
a'u."	 1
ihon	 1
_nui,	 1
Hoeu	 1
‹_	 1
Ÿn	 1
_'Ewa	 1
KAU	 1
ÔO_	 1
hšÔ	 1
_mŠm	 1
_naÿa	 1
_a'e	 1
käne	 1
Kupa	 1
ahu,_	 1
_äna_	 1
ua'i_	 1
Ô‘	 1
Ei	 1
e'a_	 1
uni.	 1
käna_	 1
_hopu	 1
Ôoi_	 1
_HO'	 1
_ÿoe	 1
_Wa	 1
_Kan	 1
kanik	 1
nalo,	 1
_Ke_	 1
Ôaol	 1
Eia	 1
Le	 1
amoho	 1
_waih	 1
nu.	 1
_"Ai	 1
"Aia_	 1
aikih	 1
unŠne	 1
pule_	 1
'OMA	 1
_Hawa	 1
‘ia	 1
_W	 1
hope,	 1
ahuk	 1
io	 1
ma'u.	 1
pakel	 1
nau,	 1
_akä_	 1
Ewalu	 1
pŸÔo	 1
KA_	 1
ihonu	 1
kahu	 1
uiki	 1
olea	 1
ünö	 1
_KAUA	 1
iÔi,_	 1
nuiki	 1
Haÿ	 1
Ôela_	 1
au._	 1
'el	 1
'Ölel	 1
oeu,	 1
HaÔi_	 1
hu_	 1
ome	 1
wai'	 1
_Oli_	 1
MAKA	 1
Ua	 1
pali_	 1
pŸnin	 1
mäm	 1
_Hoeu	 1
_Hon	 1
iku,_	 1
ki._	 1
lani,	 1
_akŠ	 1
_Kai	 1
_pŸÔo	 1
omala	 1
huak	 1
Oli_	 1
liÿ	 1
kuapu	 1
_Moku	 1
Ew	 1
una;	 1
_HO'O	 1
ÿenuh	 1
omal	 1
Ôši	 1
wai,_	 1
Ôe,_	 1
änaka	 1
uapu	 1
_"_	 1
_pŸ	 1
_pule	 1
upo	 1
upun	 1
_Ua_	 1
HšÔ	 1
holo	 1
imŠna	 1
uahün	 1
ahu,	 1
Hi'a_	 1
Ôike_	 1
_akä	 1
ama,_	 1
ŸÔo	 1
Ôahu	 1
a'um	 1
_MŠlo	 1
omea	 1
_p‘lŠ	 1
kaum	 1
una,_	 1
na'	 1
_"'	 1
nö,_	 1
hea	 1
'um	 1
ema'u	 1
Ôahu_	 1
nini	 1
P‘l	 1
‘_	 1
Ahul	 1
"E!_	 1
_'öl	 1
HšÔo	 1
ki."	 1
pon	 1
"Ei	 1
akaÿ	 1
Ÿkul	 1
kiko	 1
lŠ._	 1
_Lil	 1
ikaÿ	 1
Le'a_	 1
Šnalo	 1
_'A'o	 1
wea:	 1
Kama_	 1
WaimŠ	 1
oÔop	 1
uma'u	 1
olol	 1
Kahuk	 1
maha	 1
aua'i	 1
_'a	 1
ahü	 1
Hal	 1
luhi	 1
Hale	 1
'u."_	 1
'o‹_	 1
O'	 1
oha._	 1
kapu_	 1
_moÿ	 1
läÿ	 1
auÿo	 1
hela	 1
Iä_	 1
_äna	 1
_'oe,	 1
wea,_	 1
kŠhea	 1
nai	 1
ole,	 1
walu	 1
ANA.	 1
ihe	 1
šn	 1
aloka	 1
upo'	 1
"Aia	 1
ÔoÔa,	 1
ehi_	 1
E!_	 1
ele:	 1
_pŠn	 1
Ôelo	 1
Hina	 1
_‘."_	 1
_uÿ	 1
uahü	 1
Ÿni	 1
walu_	 1
köle	 1
p‘lŠ_	 1
_KŠ	 1
anui	 1
hoali	 1
'ike	 1
oa?	 1
Ha'i_	 1
okoke	 1
_läÿa	 1
_amo	 1
_Hea	 1
_KE	 1
waen	 1
_Kaik	 1
MAKA_	 1
ai'i_	 1
ohš_	 1
a."	 1
änak	 1
Š,_	 1
ÿoli	 1
ÿopaÿ	 1
umu	 1
onoao	 1
umaha	 1
ÿoha	 1
ola._	 1
_n•na	 1
naÔ	 1
ÿoe	 1
_pol	 1
ikoi	 1
uÿo	 1
kikoi	 1
Ôai."	 1
Šla	 1
_aha_	 1
_hoh	 1
_ao_	 1
ana'o	 1
i'a_	 1
iŠ_	 1
Ÿk	 1
Pëlä_	 1
puna	 1
Kup	 1
Puÿu	 1
ÿow	 1
_nŠn	 1
nu,_	 1
KŠw	 1
loka	 1
_ana.	 1
niho.	 1
hea_	 1
Šhea_	 1
_mŠmŠ	 1
uakol	 1
Ua_	 1
non	 1
akä_	 1
_ao,_	 1
pŠne	 1
Nakui	 1
ke.	 1
kau_	 1
Mä	 1
_holo	 1
pae	 1
_Kek	 1
aÿe,_	 1
koi_	 1
puna_	 1
_kal	 1
_Ô‘	 1
Öle	 1
okum	 1
ahuna	 1
pŸn	 1
ha.	 1
honua	 1
oa,	 1
aohi_	 1
lei_	 1
HŠ	 1
ino,_	 1
Ôik	 1
iliÿ	 1
Mäl	 1
_wau.	 1
alu_	 1
iho.	 1
äla	 1
pŠ	 1
MA	 1
Kanak	 1
Šne,_	 1
pe,	 1
HoÔ	 1
kŸk	 1
kua.	 1
lea._	 1
_'ä	 1
k‘ia_	 1
aÔu_	 1
ÔokuÔ	 1
?"	 1
oal	 1
_'E	 1
_k‘ia	 1
Ôoh	 1
uanu	 1
li,_	 1
_Oli	 1
_Ôši	 1
"Eia	 1
‘i	 1
aiÔa.	 1
'Ö	 1
_P‘	 1
uhä	 1
uai	 1
oÔopŸ	 1
honu,	 1
iki."	 1
_hope	 1
_Lilo	 1
kui,	 1
aka,	 1
_pël	 1
_?	 1
pio_	 1
kŸkul	 1
Ôai.	 1
ikam	 1
_lohe	 1
Hoeu,	 1
_mäma	 1
o'oka	 1
hšnua	 1
kuap	 1
ën	 1
akŠk	 1
_KAU	 1
oÔelo	 1
kuahü	 1
_mäu	 1
Ewal	 1
oaÔa,	 1
ewae	 1
enu	 1
oli	 1
KAUA_	 1
mahe	 1
ea.	 1
"'	 1
PŠh	 1
lomea	 1
uap	 1
moku_	 1
Š._	 1
uhä_	 1
ikihš	 1
ema'	 1
_am	 1
lokal	 1
anu.	 1
uako	 1
ilei	 1
mŠmŠ_	 1
aew	 1
uaihe	 1
'ela_	 1
iki._	 1
‘."	 1
alo_	 1
helan	 1
umu_	 1
eiaik	 1
liÔi_	 1
ka,	 1
_'öle	 1
Šlo	 1
eho.	 1
_Kupa	 1
Ahuli	 1
one_	 1
_ahi.	 1
iÿili	 1
öwai,	 1
_Kok	 1
kun	 1
_ona	 1
"L	 1
'uma'	 1
ilow	 1
Kan	 1
O'OMA	 1
enuh	 1
nona	 1
_pi'	 1
ope,	 1
_Akan	 1
oloh	 1
_luhi	 1
ikiho	 1
huna,	 1
no,_	 1
_p‘	 1
uhi_	 1
ÔaÔoh	 1
No'	 1
pëlä	 1
ahi._	 1
iaik	 1
pa'a	 1
ope,_	 1
kumo	 1
uanui	 1
lei,_	 1
iki,	 1
iai	 1
P‘	 1
äm	 1
ehi	 1
‘."_	 1
paÿa	 1
a'u_	 1
aena	 1
kŠhe	 1
ikö	 1
_Mana	 1
_kik	 1
unŠn	 1
okuÔi	 1
'AN	 1
owai_	 1
alan	 1
akua.	 1
_Wai	 1
_pae	 1
_lŠ.	 1
ouka.	 1
aua'	 1
OMAKA	 1
Šne,	 1
_pa'	 1
ke._	 1
_kolo	 1
oÿopa	 1
lome	 1
öp	 1
"K	 1
Akan	 1
lŠ.	 1
Kupal	 1
Ôela	 1
_kŸk	 1
_Ua	 1
'OMAK	 1
öwa	 1
No'u	 1
aÿau_	 1
_nu	 1
'öpü_	 1
Ôole,	 1
hui	 1
ki,_	 1
Ôš	 1
ewa	 1
ohi	 1
akuah	 1
Aka	 1
oku_	 1
wai,	 1
oa?_	 1
lem	 1
kap	 1
Wa	 1
_ÿoha	 1
ni,_	 1
kuak	 1
šÔole	 1
lea.	 1
aikam	 1
noao	 1
Moe	 1
_non	 1
onoa	 1
waih	 1
_kap	 1
_luh	 1
Haw	 1
_Iä	 1
E!	 1
hua'ö	 1
auma	 1
A._	 1
_ki'	 1
_aÔel	 1
_"E!_	 1
HŠku	 1
aohe_	 1
puÿu	 1
ule_	 1
kölea	 1
_a'u_	 1
onuik	 1
oaoh	 1
_Mä	 1
'ANA.	 1
pi'	 1
_aÿ	 1
lŠ,_	 1
kiÿow	 1
_HŠ	 1
_huak	 1
_waho	 1
Ôe,	 1
Wai	 1
nal	 1
Na_	 1
_hš	 1
Ölelo	 1
OÔah	 1
_Mäl	 1
waew	 1
hä	 1
amo_	 1
maik	 1
uni._	 1
_Ha'i	 1
Ôano	 1
kalo,	 1
uÔu	 1
aohe	 1
kanu.	 1
aiÔa_	 1
_'äp	 1
KŠ	 1
_lŠ,	 1
maun	 1
_Haÿi	 1
nuani	 1
hi._	 1
_kuap	 1
_PŠho	 1
Kua	 1
wal	 1
_wŠwa	 1
_E_	 1
äne_	 1
_KŠw	 1
_k‘lŠ	 1
hšnu	 1
_ha_	 1
ÿuhä	 1
Aia	 1
iÿo	 1
hün	 1
_"Ke_	 1
_Ôoi_	 1
_Puÿu	 1
_mŠk	 1
a'o_	 1
nöwa	 1
apu_	 1
anaÿo	 1
wŠwa	 1
o‹	 1
•n	 1
alana	 1
aumah	 1
onu,	 1
eiau.	 1
Halem	 1
Šhonu	 1
oa'a	 1
ihšnu	 1
loha.	 1
ana'	 1
pae_	 1
_ia."	 1
HšÔol	 1
ikun	 1
'Ewa	 1
_No'u	 1
akema	 1
_Ôšil	 1
_hua'	 1
_'Ö	 1
Kalu	 1
kŠnak	 1
_Pëlä	 1
aum	 1
paÿ	 1
omea,	 1
pana.	 1
_'A'	 1
HaÔ	 1
iköl	 1
_kuÔu	 1
kam	 1
uÿul	 1
anui_	 1
_Ko_	 1
AKA	 1
_kumu	 1
kihon	 1
one._	 1
ölea,	 1
leia	 1
_mah	 1
aiku,	 1
Šnal	 1
aewa	 1
aiki	 1
_"'A'	 1
Iä	 1
ÿom	 1
awe_	 1
_hoa_	 1
apuÿu	 1
Kamo	 1
okup	 1
_kanu	 1
_pal	 1
aÿe	 1
luh	 1
anikö	 1
_"A	 1
älam	 1
a'el	 1
_Hale	 1
ili	 1
_Hal	 1
_pŠ	 1
_hui	 1
uni_	 1
Ška_	 1
_aÔe	 1
owea:	 1
Šhe	 1
ihšn	 1
'ana	 1
Ôi,_	 1
_ona:	 1
ahu.	 1
akŠka	 1
Puni	 1
_'äpa	 1
hš_	 1
Hea_	 1
moho	 1
_Ôik	 1
_"H	 1
moh	 1
au."_	 1
pë	 1
Ak	 1
_"Le	 1
_U	 1
_Kalu	 1
iau._	 1
_HaÔ	 1
lolei	 1
_ÿin	 1
_"L	 1
_uÿi,	 1
ake._	 1
ö,	 1
_Ôoi	 1
k‘ia	 1
a'o	 1
hohš_	 1
_kŠhe	 1
hünö	 1
aol	 1
p‘lŠ	 1
kamah	 1
_ahi,	 1
äne	 1
wŠw	 1
ikoi_	 1
aho	 1
Pan	 1
alem	 1
öw	 1
_pŸÔ	 1
_ÔO	 1
o'o‹	 1
eloÔe	 1
oa,_	 1
Šnaka	 1
äina.	 1
Lilo_	 1
ai'i	 1
_HŠk	 1
_pan	 1
kane	 1
_Aka	 1
lana,	 1
aho_	 1
pono	 1
Hš	 1
wai'i	 1
olea.	 1
_pa'a	 1
nalo	 1
Ô‘_	 1
'ANA	 1
"'A'o	 1
ake.	 1
low	 1
Ÿku	 1
o'o‹_	 1
aila,	 1
aolo	 1
_kapu	 1
naÿo_	 1
_alo_	 1
mahel	 1
_ai,	 1
iÿil	 1
hünöw	 1
älama	 1
'om	 1
pŠn	 1
Moku	 1
ŸÔoÔa	 1
Lilo	 1
li,	 1
_hau	 1
nŠne	 1
OMA	 1
_pua'	 1
hehi	 1
UA_	 1
lal	 1
aÔaol	 1
kŠna,	 1
Ÿnini	 1
aÔahi	 1
ole,_	 1
_lä,_	 1
"H	 1
Kaua	 1
_mäua	 1
uhi	 1
po'o_	 1
hua'	 1
ÿin	 1
mäua	 1
'äpa	 1
ohoal	 1
e:	 1
n•n	 1
Ölel	 1
ne.	 1
ahe	 1
elei	 1
poÔo_	 1
_Hš	 1
_wae	 1
šilo	 1
_Hi'a	 1
Ška	 1
okupo	 1
Kekel	 1
šÔol	 1
ina_	 1
liÿi	 1
akolu	 1
Šhea	 1
mŠm	 1
pi'i_	 1
_k‘i	 1
'Ew	 1
awa_	 1
nŠne_	 1
pa'	 1
ÿuloa	 1
ÔopŸn	 1
iÔa_	 1
imŠ	 1
Ha'	 1
i'a	 1
waiho	 1
pi'i	 1
pane	 1
_Hin	 1
waena	 1
_Puÿ	 1
kupu	 1
_Pël	 1
mŠ_	 1
_Kënä	 1
"Le	 1
aÔe	 1
kino,	 1
po'o‹	 1
Puÿ	 1
ani,_	 1
ona:_	 1
lalo,	 1
hoÿom	 1
ëlä,	 1
_nŠna	 1
'ok	 1
mel	 1
_heh	 1
_KŠwa	 1
lom	 1
_iŠ_	 1
Kana	 1
kui	 1
_kiÿo	 1
šnua	 1
_"K	 1
ni,	 1
_'Öl	 1
_pali	 1
ule	 1
'an	 1
HoÔop	 1
ahele	 1
käne_	 1
_loa'	 1
_lawe	 1
_lŠko	 1
aunua	 1
nöw	 1
köl	 1
_hehi	 1
_PŠ	 1
opu_	 1
Kalua	 1
ŸÔoÔ	 1
_pae_	 1
_"Le'	 1
_Naku	 1
puni	 1
oao	 1
_kuak	 1
_KA	 1
_hol	 1
_pëlä	 1
lolea	 1
lei,	 1
OÔ	 1
eloÔ	 1
hoal	 1
Kaik	 1
Honu	 1
nu,	 1
imŠn	 1
auÿ	 1
_n•	 1
_"Ei	 1
nuik	 1
_mok	 1
_ÿen	 1
_HšÔo	 1
Ôoi	 1
'o‹	 1
Ôaohe	 1
UA	 1
_mahe	 1
huna	 1
_?"._	 1
Mälam	 1
_'an	 1
lowa	 1
_lä,	 1
NA.	 1
oha_	 1
ihš	 1
im	 1
uloa	 1
o'u_	 1
_koÔu	 1
a?_	 1
kiho	 1
_Pë	 1
huli,	 1
äma	 1
_OÔah	 1
MAK	 1
pali'	 1
iköle	 1
anik	 1
_'oe_	 1
Kënä	 1
kihšn	 1
Puna	 1
akem	 1
iaÔu_	 1
uÿoli	 1
kupun	 1
a'uma	 1
_Honu	 1
Kuaih	 1
'Ewal	 1
_pak	 1
_loh	 1
nŠna	 1
owea,	 1
_ÔO_	 1
kilei	 1
•na	 1
kua._	 1
_nö,	 1
_aÔ	 1
oa.	 1
loa'	 1
Ôi,	 1
Aia_	 1
kŠh	 1
_mel	 1
oÔe,	 1
aim	 1
_lole	 1
waho	 1
ÿahu,	 1
ŠloÔe	 1
_Hi'	 1
nu._	 1
ani,	 1
oÔel	 1
_hšÔ	 1
loa;_	 1
_ÿenu	 1
_pul	 1
pake	 1
oÔa,_	 1
auÿol	 1
ŠloÔ	 1
äpana	 1
kui,_	 1
emake	 1
Ko_	 1
nin	 1
ÿa_	 1
ulo	 1
kuÔu	 1
_aliÔ	 1
k‘lŠ	 1
upu	 1
ew	 1
ün	 1
naÔo	 1
_kou_	 1
ŸÔ	 1
ŠkuÔ	 1
aÔah	 1
nuhe	 1
kŠka_	 1
akaÿi	 1
_maik	 1
niköl	 1
Ôoku	 1
'okah	 1
uÿol	 1
o‹_	 1
ÔeloÔ	 1
kahi,	 1
Š,	 1
o'ok	 1
_aÿe,	 1
_pono	 1
'eho.	 1
ÿahu.	 1
Ha'i	 1
kane,	 1
_manu	 1
_Puna	 1
_Moe_	 1
_‘.	 1
Mok	 1
_poÔo	 1
aen	 1
läua.	 1
amoh	 1
Šlam	 1
ÿen	 1
AK	 1
_lŠ,_	 1
_kŠh	 1
Ôike	 1
hoÿop	 1
kiÿo	 1
ane,_	 1
"Le'	 1
luanu	 1
amahi	 1
io_	 1
okal	 1
läÿa	 1
_'AN	 1
Puna;	 1
hoa_	 1
Lonoa	 1
akŠ	 1
Liÿ	 1
'oma	 1
_ÿu	 1
uaih	 1
hikih	 1
kani	 1
ao_	 1
KŠwa	 1
äina_	 1
