_	 2090
n	 418
h	 330
i	 203
t	 202
c	 191
g	 183
ng	 147
_t	 141
a	 123
_n	 120
_c	 114
u	 113
n_	 106
g_	 105
nh	 105
ng_	 105
i_	 103
à	 92
m	 74
o	 70
r	 65
Ü	 64
.	 64
_Ç	 63
l	 63
Ç	 63
c_	 58
th	 57
_th	 57
h_	 53
s	 51
_nh	 51
_l	 50
t_	 50
y	 47
,	 47
._	 47
,_	 47
_s	 47
a_	 46
á	 45
nh_	 44
ch	 42
_h	 41
k	 39
o_	 39
_m	 39
u_	 39
hi	 37
_v	 37
v	 37
à_	 37
_k	 37
T	 35
‰	 34
_kh	 34
kh	 34
©	 33
_ch	 33
p	 32
_T	 32
b	 31
å	 31
_b	 31
ó	 30
d	 30
ô	 30
_ng	 29
_g	 29
y_	 29
m_	 28
_d	 28
N	 27
tr	 27
_là	 26
e	 26
là	 26
ì	 25
_tr	 25
Š	 24
¶	 24
Ó	 24
an	 23
û	 23
ê	 23
ôn	 22
C	 22
ó_	 22
àn	 22
Ã	 21
ph	 21
Ü©	 21
H	 20
_cûa	 20
cû	 20
cûa	 20
hÜ	 20
_ph	 20
_cû	 20
ä	 20
ûa	 20
_p	 20
ûa_	 19
cûa_	 19
_cûa_	 19
©i	 19
_là_	 19
là_	 19
ho	 18
ha	 18
_r	 18
ác	 18
â	 18
_gi	 17
©i_	 17
ên	 17
_có_	 17
ông	 17
_có	 17
có	 17
gi	 17
có_	 17
_C	 17
in	 16
À	 16
ông_	 16
Œ	 16
Æ	 16
Ö	 15
qu	 15
_q	 15
há	 15
_qu	 15
i‰	 15
uy	 15
hô	 15
gÜ	 15
_N	 15
iŠ	 15
"	 15
nhi	 15
q	 15
_nhi	 15
hà	 14
ra	 14
®	 14
ân	 14
§	 14
ên_	 14
Ãt	 14
..	 14
ình	 13
Ãt_	 13
åi	 13
gÜ©i	 13
Šu_	 13
ìn	 13
Šu	 13
ú	 13
gÜ©	 13
Ü©i_	 13
ân_	 13
Ü©i	 13
và	 13
gÜ©i_	 13
†	 13
åi_	 13
_và	 13
iŠu	 12
‹	 12
hiŠ	 12
hôn	 12
hiŠu_	 12
hiŠu	 12
on	 12
ì_	 12
hông	 12
iŠu_	 12
Ü_	 12
inh	 12
nhiŠ	 11
khôn	 11
_H	 11
hông_	 11
x	 11
¡	 11
nhiŠu	 11
‰t	 11
_cá	 11
không	 11
_khôn	 11
ay	 11
khô	 11
Ü®	 11
_m¶	 11
m¶	 11
_sa	 11
_nhiŠ	 11
‰n	 11
»	 11
cá	 11
sa	 11
ào	 11
_khô	 11
_m¶t_	 10
án	 10
Ü®c	 10
ngÜ©i	 10
m¶t_	 10
_ÇÜ®c	 10
Ön	 10
ÇÜ®c	 10
V	 10
¶t_	 10
inh_	 10
àng	 10
ngÜ©	 10
ÇÜ®	 10
hì	 10
_ngÜ©	 10
ác_	 10
_ÇÜ®	 10
Ù	 10
_V	 10
®c	 10
_x	 10
ho_	 10
_m¶t	 10
ån	 10
ào_	 10
¶t	 10
ình_	 10
_ngÜ	 10
ay_	 10
m¶t	 10
ã	 10
_ÇÜ	 10
ÇÜ	 10
ngÜ	 10
iŒ	 10
_thì	 9
ò	 9
A	 9
‰t_	 9
®c_	 9
hì_	 9
:_	 9
‹_	 9
p_	 9
ÇÜ®c_	 9
:	 9
°	 9
các	 9
thì	 9
_thì_	 9
hàn	 9
ti	 9
an_	 9
f	 9
ra_	 9
_nhÜ	 9
S	 9
Î	 9
_các	 9
Ón	 9
thì_	 9
_nà	 9
L	 9
ch_	 9
nà	 9
nhÜ	 9
àng_	 9
Ü®c_	 9
ron	 8
_Çã_	 8
ong_	 8
h»	 8
_cho	 8
hú	 8
©ng	 8
ta	 8
_sÓ	 8
hÜ_	 8
á_	 8
ày	 8
_cho_	 8
_"	 8
hu	 8
úc	 8
©n	 8
un	 8
Ü©n	 8
cho	 8
Çã	 8
cho_	 8
Àu	 8
au	 8
ro	 8
Ü©ng	 8
rong_	 8
Ü©ng_	 8
©ng_	 8
‰n_	 8
_ti	 8
ã_	 8
M	 8
_Çã	 8
_L	 8
rong	 8
G	 8
sÓ	 8
Ü§	 8
Ó_	 8
úc_	 8
Th	 8
ành	 8
ong	 8
Çã_	 8
ao	 7
ar	 7
nhÜ_	 7
_ra_	 7
_S	 7
ua	 7
và_	 7
vi	 7
í	 7
ai	 7
Æn_	 7
_khá	 7
ai_	 7
òn	 7
_vi	 7
Šn	 7
æ	 7
ñ	 7
ø	 7
Û	 7
Æn	 7
_ra	 7
...	 7
_nhÜ_	 7
_Th	 7
iê	 7
ách_	 7
anh	 7
hay_	 7
_ñ	 7
ách	 7
º	 7
ành_	 7
_lå	 7
hay	 7
Ø	 7
re	 7
_và_	 7
§i	 7
Ng	 7
lå	 7
?	 7
khá	 7
"_	 7
ao_	 7
h†	 6
hành_	 6
_Tr	 6
_Ç‹_	 6
i‰t	 6
ÜÖ	 6
Tr	 6
ung	 6
hành	 6
_låi	 6
Šn_	 6
Ç‰	 6
Õ	 6
?_	 6
_dâ	 6
_mà	 6
_låi_	 6
Ç‹_	 6
iên	 6
_ta	 6
_Ç‰	 6
ày_	 6
.._	 6
låi_	 6
ë_	 6
_Ng	 6
_dân	 6
i‰t_	 6
rÃ	 6
_së	 6
i,	 6
ÜÖng	 6
ôi	 6
së	 6
_Ç‰n	 6
_rÃt_	 6
ë	 6
_Ç‰n_	 6
hi‰	 6
ÇÀ	 6
ia	 6
së_	 6
¿	 6
ÜÖn	 6
§i_	 6
hå	 6
thÜ	 6
i,_	 6
Ò	 6
Ç‰n_	 6
_rÃt	 6
sÓ_	 6
_thÜ	 6
Öng	 6
Ç‰n	 6
dâ	 6
_sÓ_	 6
Ø_	 6
rÃt_	 6
_ÇÀ	 6
_rÃ	 6
Óng	 6
_tro	 6
hÃ	 6
°_	 6
Ç‹	 6
_M	 6
än	 6
_tron	 6
Àu_	 6
..._	 6
tron	 6
al	 6
_së_	 6
trong	 6
låi	 6
dân	 6
tro	 6
_Ç‹	 6
mà	 6
rÃt	 6
_khi	 5
h»ng_	 5
gà	 5
»ng_	 5
_tå	 5
_ÇÀu	 5
ài	 5
s¿	 5
ÇÀu	 5
»n	 5
bä	 5
_ngà	 5
N_	 5
äi_	 5
_Ç¶	 5
di	 5
h,_	 5
Ì_	 5
‰u_	 5
há_	 5
uy_	 5
nh,_	 5
_bä	 5
_sao_	 5
thà	 5
_khi_	 5
ng,	 5
_sao	 5
_-	 5
hiê	 5
_này	 5
_các_	 5
_P	 5
khi	 5
di_	 5
ÇÀu_	 5
_thà	 5
tô	 5
dân_	 5
_tô	 5
ngà	 5
h,	 5
_dân_	 5
¿_	 5
äi	 5
-_	 5
iên_	 5
-	 5
g,	 5
nha	 5
P	 5
_ngu	 5
a,_	 5
‰u	 5
hi_	 5
NgÜ	 5
húc	 5
_G	 5
»ng	 5
_si	 5
Ç¶	 5
khi_	 5
_nguy	 5
w	 5
ôn_	 5
E	 5
Óng_	 5
©_	 5
Ûng_	 5
ta_	 5
NH	 5
h»ng	 5
h»n	 5
nguy	 5
_ngh	 5
¢	 5
_di	 5
_ÇÀu_	 5
ngh	 5
_Ph	 5
hiŒ	 5
sao_	 5
ôi_	 5
các_	 5
gu	 5
g,_	 5
Ûng	 5
(	 5
_nha	 5
hiên	 5
sao	 5
_-_	 5
_cÛ	 5
si	 5
vÆ	 5
¶c	 5
Œ_	 5
_(	 5
Ûn	 5
Î_	 5
_s¿_	 5
húc_	 5
ng,_	 5
hÕ	 5
cÛ	 5
_di_	 5
s¿_	 5
_s¿	 5
guy	 5
h‰	 5
tu	 5
gh	 5
này	 5
nh,	 5
ngu	 5
tå	 5
a,	 5
Ì	 5
_vÆ	 5
Ph	 5
Æy	 5
quy	 4
n.	 4
_khÕ	 4
thàn	 4
nào_	 4
uyŠn	 4
khác	 4
_quy	 4
_sau	 4
hÆ	 4
la	 4
)_	 4
iŒc	 4
_.	 4
viŒc	 4
_cÛn	 4
i‰n	 4
_hay	 4
lfar	 4
nhau	 4
án_	 4
m._	 4
_khác	 4
_tØ	 4
¶n	 4
häi	 4
_Qu	 4
hÜ©	 4
_h†	 4
_này_	 4
_we	 4
¡c_	 4
hÌ_	 4
†i_	 4
vào	 4
_phäi	 4
_tí	 4
hÜ©ng	 4
Óc	 4
anh_	 4
uÓ	 4
hâ	 4
ån_	 4
phäi	 4
we	 4
wel	 4
Àm	 4
nên	 4
el	 4
hân_	 4
häi_	 4
_vào_	 4
y,_	 4
_hay_	 4
nh»	 4
I	 4
_ha	 4
_NgÜ	 4
chÌ_	 4
yŠ	 4
_viŒc	 4
_Nh	 4
yê	 4
øng	 4
nói	 4
ang_	 4
Nh	 4
fa	 4
†i	 4
_nên	 4
_sin	 4
bi	 4
Ùc_	 4
ung_	 4
ói	 4
_nh»n	 4
_mà_	 4
sinh_	 4
Œc	 4
¡t	 4
g.	 4
hác	 4
tØ	 4
vào_	 4
¢ng	 4
Q	 4
lf	 4
_a	 4
_w	 4
_nh»	 4
hÜ©n	 4
ang	 4
_nói	 4
_cách	 4
welf	 4
_tha	 4
uyŠ	 4
Á	 4
hä	 4
phä	 4
_Á	 4
át	 4
thu	 4
nh»n	 4
_chu	 4
far	 4
_nê	 4
bi‰	 4
æm	 4
cä	 4
òn_	 4
nê	 4
_tØ_	 4
_chÌ	 4
_nó	 4
hanh	 4
nói_	 4
_thu	 4
ng.	 4
B	 4
li	 4
mì	 4
»_	 4
_sinh	 4
hân	 4
_welf	 4
elfar	 4
cÛng_	 4
hÃt	 4
_Q	 4
n,_	 4
lfa	 4
_vÆy	 4
vÆy	 4
_hÜ	 4
phúc_	 4
c.	 4
_cä	 4
ª	 4
át_	 4
hÃt_	 4
hiên_	 4
Y	 4
¢ng_	 4
ài_	 4
_thÜ©	 4
_._	 4
mình	 4
_phä	 4
Ch	 4
phú	 4
thành	 4
phúc	 4
ói_	 4
han	 4
_hå	 4
thÜ©n	 4
_hi	 4
sinh	 4
phäi_	 4
nh»ng	 4
_mìn	 4
g†	 4
¥	 4
_bi	 4
Ùc	 4
tØ_	 4
_mì	 4
_wel	 4
hÓ	 4
welfa	 4
hau	 4
are	 4
tha	 4
_thàn	 4
_vào	 4
_nhau	 4
thÜ©	 4
øn	 4
mìn	 4
fare	 4
ä_	 4
_bi‰	 4
_nào	 4
¡c	 4
_mình	 4
yŠn	 4
_nói_	 4
¢n	 4
tí	 4
này_	 4
chu	 4
mà_	 4
cÛn	 4
nào	 4
cÛng	 4
ính_	 4
m.	 4
elf	 4
Qu	 4
¶ng	 4
lfare	 4
¶c_	 4
ín	 4
khÕ	 4
uÆ	 4
àn_	 4
)	 4
Ön_	 4
e_	 4
_viŒ	 4
sau	 4
n,	 4
y,	 4
viŒ	 4
ính	 4
u.	 4
nó	 4
¶ng_	 4
co	 4
Å	 4
¡t_	 4
cách	 4
cách_	 4
_chÌ_	 4
chÌ	 4
_nào_	 4
elfa	 4
sin	 4
hÌ	 4
_cÛng	 4
_tì	 3
h¡	 3
na	 3
Sº	 3
_tín	 3
uÓc	 3
hÎ_	 3
ran	 3
àm_	 3
_làm_	 3
m,_	 3
vŠ	 3
_NgÜ©	 3
_an_	 3
NgÜ©i	 3
äo	 3
hi‰u_	 3
Înh_	 3
næm	 3
_tåi	 3
_K	 3
_sác	 3
tính	 3
gia	 3
_"C	 3
Kh	 3
_phi	 3
con_	 3
Ù_	 3
_sá	 3
_tiŠn	 3
ù	 3
u°i	 3
Ån	 3
Sºu	 3
b¢	 3
Có	 3
_bäo	 3
làn	 3
rÜ©n	 3
gì	 3
_thi	 3
_phá	 3
Óc_	 3
sau:	 3
oá	 3
_sách	 3
sau:_	 3
tåi_	 3
În	 3
i§	 3
hi‰u	 3
ºu	 3
al_	 3
än_	 3
u._	 3
tôi	 3
g._	 3
Àn	 3
San	 3
/_	 3
tìn	 3
_hån	 3
NG	 3
hàng	 3
Çán	 3
†c_	 3
au:_	 3
§c	 3
àm	 3
ï	 3
Æt_	 3
h.	 3
re_	 3
ÜÖng_	 3
Æy,_	 3
hò	 3
Ç¶ng_	 3
Çá	 3
g†i	 3
_bäo_	 3
Œc_	 3
_gì_	 3
Ãm	 3
Ë	 3
æm_	 3
u¶c_	 3
hÙ	 3
khác_	 3
š	 3
_qua	 3
_b¢n	 3
åc	 3
_f	 3
_an	 3
Öi_	 3
NH_	 3
ái_	 3
_ch»	 3
bì	 3
mu	 3
Có_	 3
oà	 3
thi	 3
æn	 3
mån	 3
_phú	 3
uÆn_	 3
hÜÖ	 3
_phúc	 3
l_	 3
uyê	 3
¶_	 3
_næ	 3
_ho	 3
Àn_	 3
trÜ	 3
Š_	 3
‡i	 3
Æy,	 3
_Sa	 3
_g†	 3
b¢ng_	 3
_bì	 3
Ü§c	 3
tôi_	 3
_mån	 3
‰_	 3
_næm	 3
hán	 3
yên	 3
hÀ	 3
Ån_	 3
_tính	 3
_b¢	 3
Àm_	 3
_nÜ	 3
uyên	 3
làm	 3
hÕi_	 3
u,_	 3
o,	 3
_con_	 3
Ü§c_	 3
hà_	 3
fare_	 3
nÜ	 3
hÕi	 3
Õi	 3
bình_	 3
chi‰	 3
Òi	 3
Õi_	 3
ri	 3
uyŠn_	 3
tåi	 3
_/_	 3
oå	 3
iŠn	 3
tin	 3
i‰u	 3
u¶	 3
sách	 3
_g†i_	 3
hŒ_	 3
hŒ	 3
nh._	 3
con	 3
_chi‰	 3
sá	 3
qua	 3
ni	 3
iŒu	 3
òng_	 3
_nhiê	 3
_dø	 3
òng	 3
tì	 3
_dÅ	 3
_tåi_	 3
áng_	 3
iŠn_	 3
b¢ng	 3
he	 3
_quÆ	 3
_khá_	 3
ch»	 3
hai	 3
nÜ§c_	 3
heo	 3
K	 3
ái	 3
Ç¶n	 3
_D	 3
ua_	 3
_tình	 3
huy	 3
†c	 3
rÜ©	 3
_Ch	 3
_tu	 3
_kho	 3
chi	 3
_tôi_	 3
rung_	 3
_khÕi	 3
u,	 3
h._	 3
AN	 3
Înh	 3
trÜ©	 3
g?	 3
_co	 3
/	 3
_Çán	 3
D	 3
yŠn_	 3
_trÜ	 3
bi‰t_	 3
_gia	 3
run	 3
_tìn	 3
_g†i	 3
m,	 3
nhiên	 3
_b¢ng	 3
Öng_	 3
nên_	 3
_San	 3
hai_	 3
äo_	 3
_vŠ	 3
_giá	 3
næ	 3
Öi	 3
dÅ	 3
_làm	 3
_bi‰t	 3
_làn	 3
bà	 3
giá	 3
bìn	 3
_Ç¶n	 3
phi	 3
u:	 3
†n	 3
ng?	 3
on_	 3
_ta_	 3
bäo_	 3
_tôi	 3
må	 3
_må	 3
_bà	 3
yên_	 3
hÓn	 3
hÆn_	 3
tình	 3
u°	 3
b¢n	 3
nh.	 3
uyên_	 3
nÜ§	 3
bäo	 3
rung	 3
g†i_	 3
hàng_	 3
hoá	 3
nhiê	 3
_quÆn	 3
‡i_	 3
khÕi	 3
hÜÖng	 3
cä_	 3
n._	 3
ru	 3
_Çá	 3
iŒc_	 3
phá	 3
kho	 3
Ón_	 3
khá_	 3
u¶c	 3
quÆn	 3
_tiŠ	 3
_sau:	 3
sác	 3
øng_	 3
ánh	 3
are_	 3
eo	 3
hác_	 3
au:	 3
hån	 3
ti‰	 3
quÆn_	 3
§c_	 3
_Ã	 3
khÕi_	 3
viŒc_	 3
_bìn	 3
_Kh	 3
tín	 3
_chi	 3
i§i_	 3
_B	 3
_trÜ©	 3
hÖ	 3
quÆ	 3
sách_	 3
ne	 3
NgÜ©	 3
_nÜ§	 3
rÜ	 3
õ	 3
hÜÖn	 3
H_	 3
hó	 3
i§i	 3
dø	 3
o,_	 3
_mu	 3
ng._	 3
_Ç¶ng	 3
àu	 3
nÜ§c	 3
iá	 3
ï_	 3
áng	 3
_gì	 3
oàn	 3
Sa	 3
in_	 3
h‰_	 3
_cä_	 3
Æt	 3
tiŠ	 3
gì_	 3
š_	 3
tính_	 3
Ç¶ng	 3
_na	 3
_con	 3
tiŠn	 3
làm_	 3
_nÜ§c	 3
_/	 3
rÜ©ng	 3
_ti‰	 3
nt	 3
ây	 3
tiŠn_	 3
hÎ	 3
‡	 3
i‰u_	 3
uÆn	 3
trÜ©n	 3
_bình	 3
bình	 3
bi‰t	 3
hÆn	 3
°i	 3
au_	 3
"C	 3
u:_	 3
_nên_	 3
Œu	 3
i‹m_	 2
c©_	 2
nhÃt_	 2
hau_	 2
_Tåi	 2
_thô	 2
hi‹m	 2
c©	 2
_hÜÖ	 2
_Lš	 2
_gi»	 2
_Ç¶_	 2
forni	 2
y‰t_	 2
_Vâ	 2
hÀm	 2
Hoàn	 2
tual	 2
nd	 2
Clara	 2
dÅn	 2
Tåi_	 2
¶i_	 2
heo_	 2
_cái_	 2
hún	 2
_Ca	 2
em	 2
_c©	 2
_cÖ	 2
_quy‰	 2
forn	 2
sÓn	 2
_hiŒ	 2
rÒi	 2
Tron	 2
rang_	 2
M‡i_	 2
_ä	 2
_san	 2
h‰t	 2
_nhâ	 2
tru	 2
or	 2
ñi	 2
sÓng_	 2
åt	 2
_nhÆ	 2
tr†	 2
_L¶	 2
nhÜn	 2
gày_	 2
Òi_	 2
y.	 2
T_	 2
phi‰	 2
Tra	 2
uÓc_	 2
Üªng	 2
no	 2
_quá	 2
_nh¡	 2
»a_	 2
c...	 2
hÖn	 2
ureka	 2
gàn	 2
l®	 2
hau.	 2
nhÃ	 2
_fun	 2
hÜng	 2
_tÜ	 2
thay	 2
_hà	 2
_än	 2
Œn	 2
§m,	 2
ifo	 2
_phò	 2
cái	 2
."_	 2
åo_	 2
ch£	 2
y‰	 2
_TH	 2
åc_	 2
_cà	 2
bài	 2
oàng	 2
CA	 2
_Cal	 2
_thá	 2
Üª	 2
tu°i	 2
rê	 2
lúc	 2
Œu_	 2
nhÜng	 2
hát_	 2
cà	 2
nÖi	 2
‹m_	 2
_Vân	 2
nhå	 2
Öng?	 2
trung	 2
_tru	 2
_chà	 2
tº_	 2
ual_	 2
Và_	 2
Çó	 2
Ü§n	 2
ung._	 2
danh	 2
ia,_	 2
_Hà_	 2
_thoá	 2
tai	 2
h†._	 2
hÖn_	 2
ình._	 2
_rÒ	 2
_fu	 2
san	 2
b¡t	 2
NG_	 2
_tu°	 2
trun	 2
nhân	 2
i.	 2
Calif	 2
ti‰ng	 2
Ë_	 2
ghi	 2
_Côn	 2
_hÖn_	 2
_thÓn	 2
hau._	 2
i»	 2
càn	 2
ngày	 2
g?_	 2
ia_	 2
_änh	 2
_nhÃ	 2
i‰ng_	 2
tháng	 2
_næm_	 2
hiŒp	 2
_nhà_	 2
_h†c_	 2
ê_	 2
anta	 2
_TØ	 2
_to	 2
dan	 2
nia,_	 2
h°_	 2
mång_	 2
_tr†	 2
õ_	 2
_quyŠ	 2
gÜu	 2
_Phøn	 2
u"	 2
_Çánh	 2
_nay	 2
_ti‰n	 2
ch£ng	 2
ình.	 2
Lš	 2
_hŒ_	 2
Than	 2
thiŒ	 2
gi»_	 2
gi§i_	 2
_fund	 2
_hÜª	 2
Û_	 2
ara_	 2
phòn	 2
_còn_	 2
_tÙ	 2
høn	 2
hÓng	 2
eka	 2
thÃ	 2
guyên	 2
if	 2
rnia	 2
_sÓng	 2
i»_	 2
."	 2
_hÖn	 2
à.	 2
Cho_	 2
MÏ	 2
uy‰	 2
_bän_	 2
dà	 2
bän	 2
nån	 2
_TØ_	 2
øc	 2
»a	 2
L¶	 2
h©	 2
r©i	 2
húng_	 2
rang	 2
_phi‰	 2
au._	 2
Cô	 2
guyê	 2
_Cô	 2
_Hoà	 2
nguy_	 2
à._	 2
_ngày	 2
c._	 2
h†c_	 2
¥p	 2
Æy_	 2
alifo	 2
Thanh	 2
r†	 2
_Cla	 2
û_	 2
_MÏ	 2
_còn	 2
_nhà	 2
_nÖi_	 2
_danh	 2
Tran	 2
lif	 2
tr†n	 2
_no	 2
_b¡t_	 2
Çánh	 2
da	 2
íc	 2
quy‰t	 2
gû	 2
Santa	 2
hi‹	 2
_dÅn_	 2
Ói	 2
_thôi	 2
h¡c	 2
àu_	 2
tº	 2
ANH_	 2
r©	 2
Ç©	 2
_cÜ_	 2
_dan	 2
_càn	 2
§n	 2
_tº	 2
_Và	 2
thô	 2
còn_	 2
c,	 2
_h†c	 2
høng	 2
quy‰	 2
TØ	 2
anh,	 2
_Cl	 2
h¡c_	 2
mutu	 2
und	 2
TH	 2
ÇÎ	 2
høng_	 2
thá	 2
Clar	 2
guy_	 2
thÓn	 2
h‹	 2
_Công	 2
ui_	 2
ant	 2
c..	 2
hoå	 2
ti‰n	 2
iŒu_	 2
_c©_	 2
_ñin	 2
càng	 2
(_	 2
uá_	 2
h£n	 2
u"_	 2
_trun	 2
Cla	 2
Ca	 2
rek	 2
_nÖi	 2
_Tron	 2
thuÓ	 2
ara	 2
huÓc	 2
háng	 2
hòn	 2
G_	 2
_làng	 2
tôn	 2
_Á_	 2
ÇÎnh	 2
_nh¡c	 2
_già	 2
ngàn	 2
h†c	 2
£ng_	 2
ngày_	 2
rên	 2
Cali	 2
Công	 2
ích_	 2
_thuÓ	 2
ek	 2
_càng	 2
uê_	 2
trên_	 2
chuy	 2
ånh	 2
ung.	 2
huÓc_	 2
h£ng	 2
dÜ§	 2
_hi‹	 2
g¥p	 2
h£ng_	 2
©i,	 2
nhÆ	 2
Vân	 2
gi»	 2
_hoå	 2
_(_	 2
Tro	 2
_dÅn	 2
hí	 2
_Tåi_	 2
ANH	 2
fu	 2
utua	 2
†ng	 2
ch£n	 2
!_	 2
nhÆn	 2
làng	 2
åt_	 2
_Çó	 2
_vÎ	 2
lara	 2
_ch»_	 2
_änh_	 2
_nÖ	 2
Ç¶_	 2
òa	 2
vÆy_	 2
_nhÀm	 2
is	 2
g¥p_	 2
‹m	 2
tåo_	 2
TØ_	 2
Côn	 2
thán	 2
ñinh	 2
§m,_	 2
fund	 2
_sÓn	 2
Tuy	 2
Theo	 2
lara_	 2
hÜª	 2
_chuy	 2
ånh_	 2
†._	 2
phòng	 2
nhà	 2
_nhân	 2
tÜ_	 2
_thán	 2
hÜªng	 2
HA	 2
mutua	 2
sï_	 2
fun	 2
thoá	 2
ây_	 2
_dà	 2
ªng	 2
_cÆ	 2
_nå	 2
Tu	 2
_Ho	 2
¶i	 2
_b¡	 2
nh¡c_	 2
_thai	 2
§m	 2
_hÜÖn	 2
nh¡	 2
dÜ§i	 2
UY	 2
hi‹m_	 2
nh¡c	 2
le	 2
_no_	 2
phá_	 2
_h‰t	 2
thí	 2
_tôn	 2
phi‰u	 2
dÜ§i_	 2
døn	 2
_phá_	 2
i‰ng	 2
_nhÜn	 2
hiŒu	 2
£ng	 2
_quá_	 2
_Sºu	 2
rÒ	 2
_ngàn	 2
_Sant	 2
†.	 2
nhÀm	 2
gi§	 2
còn	 2
y‰t	 2
Ö_	 2
ñinh_	 2
_tåo_	 2
orn	 2
ên,	 2
_Có	 2
es	 2
_la	 2
ali	 2
i._	 2
iŒp	 2
_Tuy	 2
nhau_	 2
¡m	 2
_nån	 2
l®i_	 2
eo_	 2
thoát	 2
Tha	 2
_thÓ	 2
Tåi	 2
æng_	 2
lú	 2
giàu	 2
Ï	 2
hoát	 2
s_	 2
Òn	 2
_mutu	 2
_Theo	 2
vŠ_	 2
_)_	 2
_sï_	 2
_vÆy,	 2
quá_	 2
ªng_	 2
_Phø	 2
quyŠ	 2
ka	 2
già	 2
båc	 2
_nhÆn	 2
Ho	 2
urek	 2
tình_	 2
thay_	 2
M‡i	 2
chàng	 2
_b¡t	 2
_lú	 2
trên	 2
_nhÀ	 2
_tº_	 2
xu	 2
cÖ	 2
ui	 2
úng_	 2
ÜÖng?	 2
_rÒi	 2
_vŠ_	 2
rnia,	 2
Phø	 2
Üªng_	 2
änh_	 2
Üªn	 2
hanh_	 2
p.	 2
Cl	 2
reka	 2
_hi‹m	 2
êu	 2
i‹	 2
hÓng_	 2
Ãy_	 2
ªn	 2
Ói_	 2
mång	 2
nÖi_	 2
th‹	 2
lifo	 2
lúc_	 2
for	 2
ur	 2
oàng_	 2
§ng	 2
_vÆy_	 2
°i_	 2
_bu	 2
©i,_	 2
_tÜ_	 2
vÎ	 2
_l®i_	 2
tua	 2
®i_	 2
Vâ	 2
Theo_	 2
utual	 2
nta	 2
c°	 2
êm_	 2
_t‰	 2
gày	 2
Tå	 2
thôi	 2
_li	 2
Ü§i_	 2
thÆ	 2
cÜ_	 2
_g¥p_	 2
Tuy_	 2
rên_	 2
_trê	 2
lar	 2
orni	 2
_thÎ_	 2
no_	 2
óm	 2
b¡	 2
tÙ	 2
_cÜ	 2
dÜ	 2
_Hoàn	 2
r†n	 2
_da	 2
Cal	 2
Œn_	 2
_Hà	 2
_trên	 2
Ç©i	 2
®i	 2
_The	 2
_thÎ	 2
to	 2
NgÜu	 2
thai	 2
_lúc	 2
_)	 2
_Và_	 2
hòng	 2
huÓ	 2
uy‰t	 2
c,_	 2
_thay	 2
_Cali	 2
nta_	 2
Hà_	 2
_tr†n	 2
The	 2
_lò	 2
cò	 2
i‹m	 2
_hÜªn	 2
_CA	 2
ång_	 2
nhân_	 2
_E	 2
tho	 2
h†.	 2
_lúc_	 2
_gi§i	 2
tai_	 2
cÜ	 2
lò	 2
æng	 2
ánh_	 2
húng	 2
_bài	 2
Œp	 2
!	 2
thÓ	 2
_tai	 2
_Tuy_	 2
_e	 2
Vân_	 2
vÆy,_	 2
mut	 2
Ï_	 2
mình.	 2
C_	 2
_NH	 2
_c°_	 2
nhà_	 2
fo	 2
u°i_	 2
_døn	 2
_gi§	 2
Á_	 2
tu°	 2
ga	 2
thÎ_	 2
c°_	 2
‰ng	 2
iàu	 2
Ãy	 2
_nhå	 2
ñin	 2
sÓng	 2
_ÇÎn	 2
Üu	 2
_Vân_	 2
U	 2
ÇÎnh_	 2
_dÜ	 2
næm_	 2
oát	 2
h°	 2
nes	 2
_thÆ	 2
_tai_	 2
_Lš_	 2
Sant	 2
_h‰	 2
Công_	 2
tÜ	 2
ång	 2
_Tro	 2
_Có_	 2
êm	 2
ut	 2
MÏ_	 2
_tho	 2
chà	 2
_g¥	 2
_mut	 2
h£	 2
ª_	 2
h»_	 2
Trang	 2
cái_	 2
_ch£	 2
Ün	 2
b¡t_	 2
_hÖ	 2
_Ç©	 2
_bå	 2
anh,_	 2
_th‹	 2
£	 2
Phøng	 2
sï	 2
òa_	 2
tual_	 2
_thiŒ	 2
háng_	 2
lifor	 2
_ñinh	 2
hÜn	 2
_M‡i	 2
ià	 2
ornia	 2
_Clar	 2
nia	 2
g¥	 2
änh	 2
gi§i	 2
_l®i	 2
_cÀ	 2
i©	 2
uá	 2
_ÇÎnh	 2
_ÇÎ	 2
nhÆn_	 2
hø	 2
tri	 2
_nghi	 2
nhÃt	 2
uy‰t_	 2
rni	 2
_båc	 2
Y_	 2
qua_	 2
M‡	 2
l®i	 2
_ch£n	 2
Cho	 2
_ñi	 2
tåo	 2
cÀ	 2
nå	 2
ích	 2
tr†ng	 2
_M‡	 2
Phøn	 2
hôi	 2
vÆy,	 2
thuÓc	 2
_Tå	 2
êu_	 2
nay	 2
hË	 2
quá	 2
ên,_	 2
M_	 2
_tin	 2
_qua_	 2
ual	 2
_thÃ	 2
iforn	 2
t.	 2
úng	 2
_Ç©i	 2
_Sº	 2
oát_	 2
alif	 2
t‰	 2
anta_	 2
_M‡i_	 2
_thí	 2
døng	 2
_Ãm	 2
_MÏ_	 2
gi©	 2
_bän	 2
_hŒ	 2
_gi©	 2
em_	 2
ng?_	 2
_gi»_	 2
_g¥p	 2
p._	 2
_phòn	 2
_chàn	 2
Và	 2
nguyê	 2
thÎ	 2
Hoà	 2
au.	 2
£n	 2
Hà	 2
utu	 2
rn	 2
Lš_	 2
nhâ	 2
Çánh_	 2
Trong	 2
r†ng	 2
_dÜ§	 2
_cò	 2
‰ng_	 2
trê	 2
Üng	 2
hoát_	 2
Ãm_	 2
_xu	 2
dÅn_	 2
bu	 2
nÖ	 2
thai_	 2
_giàu	 2
_Tran	 2
_nhÃt	 2
_c°	 2
hát	 2
cÆ	 2
ch»_	 2
_l®	 2
nghi	 2
ÇÎn	 2
ifor	 2
hÜªn	 2
bän_	 2
_mång	 2
Hoàng	 2
_tåo	 2
hòng_	 2
_hàn	 2
mình_	 2
nia,	 2
ure	 2
en	 2
nhau.	 2
y._	 2
uê	 2
º_	 2
ia,	 2
Ü§i	 2
_døng	 2
_cái	 2
_sï	 2
_Tu	 2
ún	 2
åo	 2
_tu°i	 2
bå	 2
thÓng	 2
Ü§ng	 2
nhÀ	 2
_dÜ§i	 2
phò	 2
chàn	 2
càng_	 2
quyŠn	 2
_Tra	 2
¥p_	 2
_cº	 1
_phà	 1
_n‰u	 1
_thÜ®	 1
Œu,	 1
ÔM	 1
_vÅn_	 1
uÀn_	 1
_Khô	 1
_liên	 1
_Gene	 1
_hoån	 1
hÕe	 1
n‰	 1
iŒp._	 1
ua,	 1
_Quê_	 1
_ái_	 1
_Dow	 1
arri	 1
_l¡m.	 1
dÀu,_	 1
ÔM_	 1
thÜ®	 1
B_	 1
_nhan	 1
thÙc	 1
Ð÷NG_	 1
_trùn	 1
phân_	 1
_dày	 1
ctr	 1
r†ng!	 1
_Ç©i,	 1
ÇŠu_	 1
nghiŒ	 1
ghiên	 1
Næm	 1
_xui	 1
"Ch	 1
eur	 1
_TÃt_	 1
hÕe_	 1
Çøc..	 1
_eure	 1
xuÃ	 1
rri	 1
_t¡m_	 1
nên,_	 1
dài_	 1
ôm	 1
nd,_	 1
_ñ‹	 1
_xui_	 1
ºu.	 1
_hiŒu	 1
_mÙc_	 1
_tên_	 1
nh:_	 1
_hÀu	 1
_ngõ_	 1
THIN	 1
ric_	 1
tæn	 1
_THAN	 1
h‰t_	 1
ñÜ©n	 1
_vÎn	 1
thín	 1
Ð÷N	 1
_Chún	 1
INGE	 1
Tr©i	 1
Y,_	 1
o._	 1
ThÃ	 1
_ca	 1
lectr	 1
chi‰n	 1
_thÜÖ	 1
lec	 1
hÃm_	 1
n..	 1
‘xÜ§n	 1
ST_	 1
Y“	 1
cÖ_	 1
CANH_	 1
hi‰t	 1
ris	 1
månh_	 1
toàn	 1
tÙc_	 1
_Chú	 1
nºa	 1
ùng_	 1
_s§m	 1
n¢	 1
_do	 1
_VÜÖn	 1
s§m	 1
nhË	 1
Pháo	 1
sÜ	 1
hÜng,	 1
ngõ	 1
_thÆt	 1
are.	 1
hoåt_	 1
_t‰:_	 1
_tÙ_	 1
_mà._	 1
tæng	 1
chung	 1
u°i,	 1
(hay_	 1
hê	 1
quân	 1
thú	 1
iÃc	 1
uÆt_	 1
_ÇÓi_	 1
ene	 1
_"NgÜ	 1
nhan	 1
äm_	 1
k‰t:	 1
này.	 1
"ph	 1
xá	 1
nera	 1
"Th	 1
_chÃm	 1
ûa,	 1
_á	 1
v¶	 1
m‡i	 1
et.	 1
_ÇÃ	 1
_su	 1
tôn_	 1
khoán	 1
thiŒu	 1
ÇÀy_	 1
Mi	 1
i©:_	 1
_Hôn	 1
THANH	 1
"Ng	 1
h®p_	 1
ctric	 1
ùn	 1
_Sºu,	 1
_tÓt	 1
_thi‰	 1
tÆt_	 1
_khÕe	 1
_CˆN	 1
xú	 1
hanh,	 1
nên,	 1
iÍ	 1
uÒn_	 1
Œc..	 1
ô_	 1
_Tr©	 1
iêu	 1
Li	 1
Bà	 1
_hãn	 1
xæn	 1
_VÂN_	 1
ris_	 1
_hàng	 1
sØng_	 1
s¡c	 1
hun	 1
‰t?_	 1
gian_	 1
_sØng	 1
_n»	 1
ngø_	 1
_màu	 1
hånh_	 1
_xác_	 1
QuÓ	 1
mà._	 1
t?	 1
hÜ®n	 1
m¡t_	 1
hác!	 1
_gâ	 1
gào,	 1
_hóa	 1
tÒn._	 1
h»a	 1
_toà	 1
_môn_	 1
_TÃt	 1
hÓ_	 1
¥t_	 1
_Nhà	 1
NHC_	 1
_hôm_	 1
_liŒ	 1
d_	 1
ày"_	 1
håi	 1
eka,	 1
trep	 1
NhiŠu	 1
Ga	 1
hoän	 1
_trô	 1
_nay_	 1
_QuÓ	 1
thu¶	 1
fund_	 1
gian	 1
_bây_	 1
n»	 1
xin	 1
ho._	 1
..."_	 1
_cº.	 1
n»a_	 1
heo,	 1
hôm_	 1
Öng?"	 1
_th©	 1
_t‰:	 1
CˆN	 1
_v¶	 1
thu¶c	 1
_tê	 1
øc.	 1
l¡m.	 1
nhË_	 1
_‘	 1
_(HÕa	 1
_Çáng	 1
_la_	 1
ral_	 1
_há	 1
hÕng_	 1
_båc_	 1
¡m_	 1
ka,_	 1
‰p._	 1
iàu"	 1
øng._	 1
ho¥c	 1
ÂN_	 1
IN_	 1
¡m.	 1
isco_	 1
_vài	 1
(HÕa_	 1
NgÜu_	 1
l¡	 1
i‰m	 1
_hò	 1
(h	 1
_Àm_	 1
Çu°	 1
_phào	 1
_ni	 1
_rõ	 1
Eurek	 1
VÜÖng	 1
ch»a	 1
uôn_	 1
isc	 1
xuÃt	 1
vÓ	 1
hoán_	 1
_vin	 1
_bÓn_	 1
T˜	 1
_ñ­C_	 1
mô	 1
Òn_	 1
‰m	 1
_mã,_	 1
=_	 1
tÄu_	 1
næm.	 1
Ü§ng_	 1
NA	 1
ÂN	 1
mà.	 1
m§i	 1
"Cò	 1
_l©i_	 1
HƒT_	 1
ành._	 1
_feet	 1
HÐ	 1
‘xÜ	 1
_chún	 1
Do	 1
nºa"_	 1
n¢m_	 1
§ng_	 1
_lË	 1
_Çøc	 1
_thuy	 1
Ä	 1
Ãc_	 1
_nghŒ	 1
HAY	 1
ka...	 1
L¶c_	 1
Quí_	 1
ñ‹	 1
dày"	 1
ectri	 1
cÙ_	 1
HAN	 1
phát	 1
chú	 1
Üu"	 1
_gÒm_	 1
thính	 1
n...	 1
Ãt..	 1
_gÓc_	 1
liŒ	 1
hiŒu_	 1
_tÆt	 1
hån._	 1
thích	 1
Thành	 1
_Tha	 1
_nh©	 1
hiŒp.	 1
Nh»n	 1
_Har	 1
_Tình	 1
hÜ®ng	 1
_d¡t_	 1
_ÁI_	 1
nay._	 1
hõm_	 1
‰:	 1
"Cho_	 1
nh)	 1
uÀn	 1
guyŠn	 1
_xô_	 1
m‡	 1
uyŒ	 1
ES	 1
_cÀm	 1
_ÁI	 1
Khô	 1
s§m,_	 1
nguyŠ	 1
xô_	 1
_kia_	 1
huyên	 1
ER)_	 1
rÎ	 1
_vinh	 1
_sÜ§n	 1
_hình	 1
tay	 1
rÖi	 1
Phúc	 1
giác	 1
trÈ	 1
ninh	 1
uân_	 1
Fran	 1
xúc_	 1
rà	 1
_CÓ_	 1
_nºa	 1
_â	 1
_ñông	 1
TÙ_	 1
¥t	 1
_cÀn	 1
thÃy	 1
_ái	 1
NGE	 1
ân.	 1
_vi‰	 1
iác	 1
_Lin	 1
ou	 1
e._	 1
hÙc	 1
_mút_	 1
_k‰t:	 1
huyê	 1
màu_	 1
ch†n	 1
_HU	 1
_buÒ	 1
ºu,_	 1
kh¡p_	 1
QuÓc	 1
_tÌ_	 1
_thª_	 1
®ng,	 1
ù._	 1
ow	 1
quê	 1
bài._	 1
_Eu	 1
_nhåt	 1
_"N	 1
_ân_	 1
_xäy	 1
xæng	 1
hª_	 1
_Çâ	 1
_cÖ_	 1
Ùng	 1
xä	 1
giä	 1
Thàn	 1
"phú	 1
ÁI_	 1
eet.	 1
rình	 1
ines	 1
_chÓn	 1
_Qua	 1
_hó	 1
Öng..	 1
ñông	 1
_Thà	 1
ñôn	 1
_siê	 1
do_	 1
_tíc	 1
hiŒn_	 1
_là:	 1
anc	 1
chÓn_	 1
_A	 1
Eur	 1
Šn...	 1
gø	 1
tÃt_	 1
ThÃt_	 1
_Tru	 1
Har	 1
theo,	 1
tric	 1
ºu_	 1
_xóm.	 1
ghï	 1
ào,	 1
_cÆy,	 1
gâ	 1
gÓc	 1
iŒu,	 1
_Ai_	 1
_quä_	 1
_xæng	 1
ng..	 1
_Ç°_	 1
uä	 1
khoä	 1
m¥t_	 1
gành_	 1
HÕa	 1
_b‰n_	 1
Øng	 1
cäi_	 1
GIN	 1
Sºu,_	 1
Õa	 1
_dán_	 1
_HUY	 1
Y“N_	 1
b©_	 1
_nghË	 1
ntin	 1
co_	 1
h‰t?_	 1
ou_	 1
Tôn_	 1
a"	 1
dÙt	 1
tròn_	 1
trep_	 1
_t°_	 1
ó._	 1
nhåt_	 1
Çó_	 1
_CˆN_	 1
trôi	 1
_bÜ	 1
b‰	 1
Gi§i	 1
_Ç©i_	 1
c¿c_	 1
thân_	 1
t°_	 1
°i,	 1
nh©_	 1
_Lu	 1
Ch‰_	 1
_m‡i	 1
DÜÖ	 1
ric	 1
Væn_	 1
®p_	 1
_vÓ	 1
sco_	 1
thêm	 1
_liŒu	 1
ch‰	 1
uÃt_	 1
_vÅ	 1
N	 1
iÃ	 1
lo	 1
hÀu	 1
kh°_	 1
Çøc	 1
Câu	 1
_Næm_	 1
k‰	 1
nd,	 1
_giä	 1
_tÄu	 1
rò	 1
sung_	 1
_Pháo	 1
Çó._	 1
ñÜ©	 1
ri‰t	 1
eu	 1
bu¶c_	 1
ine	 1
c¿	 1
thÜÖn	 1
vàng_	 1
_(h	 1
VÂN_	 1
_"Th	 1
nes_	 1
Õn	 1
lòa	 1
_tinh	 1
A.	 1
ác!_	 1
HI	 1
_tÄ	 1
anh:	 1
"Than	 1
iêu_	 1
_xuÃt	 1
Œc...	 1
_m†	 1
_dÙt_	 1
_màu_	 1
Pháo_	 1
gây_	 1
_Th†.	 1
_ho¥	 1
_chÓ	 1
út	 1
_i	 1
ngành	 1
_vÆn	 1
_ù	 1
chÎ	 1
nung	 1
_(BES	 1
i‰p.	 1
_Bà	 1
Ch‰	 1
_vŒ_	 1
eral_	 1
sanh	 1
ngào,	 1
th©i_	 1
_CAN	 1
ua,_	 1
hËn_	 1
TµN	 1
ncis	 1
_ch»a	 1
¡p_	 1
nga	 1
yŒn	 1
trù	 1
kia	 1
_Væn	 1
Î?_	 1
_CÛ	 1
óm._	 1
_nan	 1
hÙ?_	 1
_lên	 1
Væ	 1
hiÍm_	 1
Çu°i_	 1
hoån_	 1
_em_	 1
trôi_	 1
_ch‰_	 1
thÃy_	 1
_Mi	 1
_Bån	 1
liên	 1
n¶i_	 1
_HÀ	 1
h†n_	 1
_thÃy	 1
vÎn	 1
muôn	 1
_ch‰	 1
_Bài_	 1
†ng!	 1
_Khán	 1
Phi	 1
hÃy	 1
i©_	 1
_giáp	 1
iàu"_	 1
Tìn	 1
ù.	 1
û,	 1
nghŒ_	 1
m†i	 1
siê	 1
låm_	 1
dày	 1
a...	 1
Œc.	 1
_b‰	 1
Lu	 1
ày.	 1
Æp_	 1
h)	 1
_giän	 1
_cÙ_	 1
m¡t	 1
_Ele	 1
Chún	 1
_Çem_	 1
rÖ	 1
ow_	 1
_lš_	 1
GING	 1
Th†.	 1
ic_	 1
th‹.	 1
†ng!_	 1
ng...	 1
_thª	 1
ván	 1
lË_	 1
EST_	 1
tri‰t	 1
_NH	 1
_T˜	 1
LAN_	 1
_mã,	 1
eo,_	 1
phâ	 1
cÀm_	 1
ER	 1
tÙ_	 1
r¢ng	 1
chún	 1
_fe	 1
Äu_	 1
_xác	 1
_Phi,	 1
_xin_	 1
_v¶i	 1
_Bài	 1
ThÃt	 1
ner	 1
m¥	 1
Elect	 1
bÜ	 1
alen	 1
giao	 1
"S	 1
iŒc..	 1
Còn	 1
"NgÜu	 1
_ÇÖn	 1
"Cho	 1
_MAL	 1
Khôn	 1
m¶ng_	 1
TÓng	 1
Quan_	 1
tông	 1
_cÆp_	 1
ñà	 1
Eu	 1
cº	 1
môn	 1
_ñÜ©	 1
mÙ	 1
_L¶c	 1
.."	 1
Œp._	 1
tÆ	 1
‰n,_	 1
Ai_	 1
sÙc_	 1
theo	 1
_ñàn	 1
_‘xÜ	 1
_nhõm	 1
_NA	 1
mÓi	 1
cÆy,_	 1
_tæn	 1
UY“N_	 1
UY“	 1
IN	 1
lÀn	 1
rù	 1
rep_	 1
døng.	 1
hÙc_	 1
ninh_	 1
sc	 1
tÄu	 1
TÓng,	 1
_thÙ	 1
thÃt_	 1
_dÙ	 1
Quí	 1
_t¶	 1
_ª	 1
nhiÍ	 1
_mà.	 1
Sºu.	 1
_nº	 1
phÓ_	 1
_Quí	 1
SI	 1
_khÙ?	 1
SINGE	 1
ghiŒp	 1
åc,	 1
_trà	 1
ian_	 1
ALE	 1
Cò	 1
"Có	 1
_ñ‹_	 1
GER)_	 1
Åu_	 1
hÕng	 1
_t¡	 1
_m§	 1
NG	 1
siêu_	 1
_dÙt	 1
_tÒ	 1
bÜ§	 1
Cˆ	 1
lên:	 1
_Vale	 1
_‘xÜ§	 1
_dÀu	 1
_cûa,	 1
TÃt	 1
giän	 1
giáp_	 1
anci	 1
g†c	 1
_låm_	 1
Çi_	 1
_TÔM_	 1
_rÒi_	 1
GI	 1
_nghï	 1
dÙt_	 1
_lành	 1
Ç°_	 1
to,	 1
tê	 1
_NAM_	 1
trình	 1
ct	 1
Ím	 1
ån,_	 1
quä_	 1
vŒ	 1
_Th†	 1
_ª_	 1
_mÓi	 1
_ñÜ	 1
_Ch‰_	 1
_hån.	 1
vàng	 1
ñàn	 1
_ñôn	 1
HIN_	 1
hÃy_	 1
bây_	 1
HŒ_	 1
_m¶n	 1
_tròn	 1
_cu¶	 1
hu¶c	 1
_siêu	 1
_là:_	 1
_thÖ_	 1
uÓc.	 1
giÃc	 1
_uÓng	 1
TÓn	 1
bao_	 1
_mÙc	 1
ƒ	 1
y"_	 1
tên	 1
mÙc_	 1
_xé	 1
buÒn	 1
dán	 1
Â	 1
Çû_	 1
Phúc_	 1
i‰n_	 1
_Çêm	 1
Tµ	 1
hÃm	 1
ròn_	 1
hêm	 1
Qua	 1
xuÃt_	 1
fare.	 1
_ph°_	 1
thÖ_	 1
vi‰t_	 1
_Çû_	 1
¥c_	 1
chuyŒ	 1
_thu¶	 1
phiên	 1
ày"	 1
hã	 1
Gi§i_	 1
w_	 1
uÃ	 1
Tam	 1
oàn_	 1
_tÆt_	 1
Æp	 1
xæ	 1
t...	 1
_vÎnh	 1
_xúc_	 1
guyŠ	 1
am_	 1
_str	 1
_"Ch	 1
_nh©_	 1
"Còn_	 1
_dÅu_	 1
i‰p	 1
_Cˆ	 1
cº..	 1
iä	 1
hó_	 1
vÆn	 1
cÆy,	 1
rris_	 1
háo	 1
_,_	 1
_nun	 1
cûa,_	 1
_n¶i	 1
HÐ÷N	 1
cûa,	 1
lên:_	 1
vÓn_	 1
t¡m_	 1
u°i,_	 1
HÐ÷NG	 1
_Tìn	 1
ngay	 1
hõm	 1
Çây	 1
thà.	 1
Ót_	 1
iŒp.	 1
lš_	 1
_VÛ_	 1
dÅu	 1
	 1
hêm_	 1
Ãu.	 1
(BE	 1
_Cho_	 1
LA	 1
_TÔ	 1
VÜÖn	 1
uÃt	 1
TÔM	 1
_trÎ	 1
_gÒm	 1
Çäm	 1
Àm._	 1
ic	 1
v§	 1
ngû	 1
L¶_	 1
hÆt	 1
§i,_	 1
áo_	 1
_m‡	 1
_Ãm,_	 1
tích	 1
eet._	 1
n¶	 1
Ô	 1
÷N	 1
õm_	 1
MAL	 1
(HÕa	 1
_Câu	 1
iúp	 1
_Çe	 1
Dow	 1
CA_	 1
DÜÖng	 1
Ü§m	 1
lê	 1
_Jon	 1
i‰p._	 1
_này.	 1
THI	 1
_s¡c_	 1
_yêu_	 1
lenti	 1
_håi_	 1
ch†n_	 1
_r¢n	 1
khác!	 1
Ç©i,	 1
ones	 1
_phâ	 1
_hã	 1
_Ti	 1
are._	 1
"phúc	 1
_cÀn_	 1
vài_	 1
_bu¶c	 1
_Quan	 1
_Çó.	 1
_thê	 1
n‰u	 1
hôm	 1
tr©i_	 1
ay.	 1
Øn	 1
hình_	 1
I	 1
hi‰m_	 1
_m¥t	 1
_sanh	 1
Çe	 1
n»a	 1
Th†	 1
BEST	 1
Àu?	 1
ral	 1
AY	 1
tích_	 1
_tôn_	 1
mã,	 1
str	 1
ƒT_	 1
TµNH_	 1
à:_	 1
_khó_	 1
Valen	 1
_ÇÖn_	 1
‰t:	 1
tines	 1
_mÙ	 1
_nhó	 1
cäi	 1
_Tì	 1
"Còn	 1
MALE	 1
strep	 1
º...	 1
dân._	 1
th‹._	 1
vinh_	 1
I_	 1
ã,_	 1
ˆ	 1
_Linh	 1
_b‰n	 1
bào	 1
_quê_	 1
g?"_	 1
Jones	 1
khÙ?	 1
kÿ	 1
_mÃt.	 1
Ç°	 1
NHC	 1
_t¡m	 1
thú_	 1
ùng	 1
_kÿ_	 1
_tÌ	 1
danh_	 1
_,	 1
‰t:_	 1
hãng	 1
_HÐ÷N	 1
trÎ	 1
tÌ_	 1
_G.A.	 1
phiê	 1
oåi_	 1
liê	 1
ánh,_	 1
nghï	 1
_VÜÖ	 1
_kÿ	 1
úp_	 1
_Ng†c	 1
vÆn_	 1
m¶ng	 1
_S¡c_	 1
rùn	 1
vÓn	 1
Ç©i,_	 1
Çê	 1
_dÀu,	 1
xúc	 1
uí	 1
nti	 1
_Sºu_	 1
_n‹	 1
(hay	 1
rìn	 1
et	 1
ka,	 1
_m¥t_	 1
_thân	 1
Çâ	 1
_l¡	 1
.."_	 1
_ÜÖng	 1
chÎ_	 1
Ü®n	 1
_cu¶c	 1
r¢n	 1
t¡	 1
_(HÕ	 1
ÜÖng.	 1
thêm_	 1
_ThÃt	 1
dá	 1
Çäm_	 1
rr	 1
_NgÜu	 1
thê	 1
Linh,	 1
tre	 1
_lo	 1
hóa_	 1
Lin	 1
hung	 1
†n_	 1
_nån,	 1
dán_	 1
_CANH	 1
_lê	 1
_(B	 1
Õe_	 1
Ën_	 1
_giú	 1
vài	 1
cÀn_	 1
iŒn	 1
_hÒi_	 1
¿c_	 1
_ThÃ	 1
VÜ	 1
Tô	 1
ener	 1
ALE_	 1
r¢ng_	 1
_loå	 1
_dÀ	 1
äy	 1
âu	 1
ch‰_	 1
GE	 1
o¥	 1
thª	 1
ˆN	 1
nhåc	 1
nhÀm.	 1
_CÓ	 1
tin_	 1
Fra	 1
"HŒ_	 1
_=_	 1
_LAN	 1
S¡	 1
loåi	 1
_Ãy_	 1
Tin	 1
_t‰,_	 1
xóm._	 1
yŠn.	 1
_cäi	 1
TUY“	 1
hãn	 1
Phú	 1
hõ	 1
§ng,_	 1
giúp	 1
ep_	 1
mÃt.	 1
ºu."	 1
inh)	 1
_muô	 1
xÜ§n	 1
uyŠn.	 1
Ãu._	 1
nang_	 1
híc	 1
R)_	 1
hu¶	 1
_xó	 1
_"Có_	 1
_VÂ	 1
_Eure	 1
÷	 1
cÆp_	 1
bu¶c	 1
øc..	 1
vi‰t	 1
_m†i_	 1
Šn.	 1
_hô	 1
låm	 1
_Çây,	 1
_CÛn	 1
hËn	 1
thÙ	 1
_hì	 1
óa	 1
_nån_	 1
t°	 1
viŒc.	 1
Çøc.	 1
hï_	 1
sÙ	 1
muôn_	 1
isco	 1
Çáng	 1
vin	 1
thuy	 1
_cÖn	 1
Ü®ng	 1
®c,_	 1
_t°	 1
åc,_	 1
_xin	 1
EST	 1
s§m,	 1
_hÀ	 1
lòn	 1
Y,	 1
trai	 1
ây,	 1
håi_	 1
ba	 1
rô	 1
thi‰t	 1
NH	 1
_m†i	 1
_G.	 1
tÒn	 1
oåt	 1
Çem_	 1
_GI	 1
xui	 1
_Th‰_	 1
uÀ	 1
_NAM	 1
phân	 1
bÓn	 1
LAN	 1
nhõm	 1
_bài.	 1
nay.	 1
Ð÷	 1
_bi‰n	 1
Gan	 1
ri‰t_	 1
_sun	 1
nhanh	 1
n¢m	 1
_ÇÃu	 1
_thú_	 1
_dân.	 1
Ùng_	 1
yêu_	 1
NhÜ	 1
nån_	 1
thiŒp	 1
_r¢	 1
khoá	 1
tuÀn_	 1
m§i,	 1
_ki	 1
Bài_	 1
_nang	 1
_Ta	 1
_khoá	 1
Lo	 1
uan_	 1
_phiê	 1
a..._	 1
sØng	 1
Minh	 1
hoán	 1
mã	 1
"Sº	 1
_ñàn_	 1
Öng.	 1
_dày"	 1
ING	 1
Àu,	 1
_"H	 1
rai_	 1
_chun	 1
_Ngû	 1
t:_	 1
iên,	 1
giác_	 1
VŠ_	 1
øc_	 1
phào_	 1
giàu"	 1
_nºa"	 1
È	 1
ctri	 1
t‰:_	 1
áo	 1
_Gi§	 1
	 1
rõ_	 1
oäng	 1
cÛ_	 1
San_	 1
Th‰_	 1
_nay.	 1
hi‰n	 1
dày"_	 1
_Jone	 1
TÙ	 1
‹.	 1
_n»a	 1
eurek	 1
Khan	 1
UY_	 1
h¡p_	 1
_s¡c	 1
liŒu	 1
lent	 1
_tuÀn	 1
ÿ_	 1
xóm	 1
_fee	 1
giá_	 1
_tÆ	 1
THAN	 1
õm	 1
lòng	 1
tric_	 1
_bÓn	 1
phÓ	 1
thÆt_	 1
_ván	 1
oän	 1
_nhË_	 1
Tinh	 1
_ho¥c	 1
_m¶ng	 1
_THI	 1
_mÓi_	 1
_F	 1
Õng	 1
DÜÖn	 1
cu	 1
_Tô	 1
oåt_	 1
bi‰n	 1
Óng,_	 1
_h†._	 1
mút	 1
hông?	 1
Óc._	 1
Ùt_	 1
la_	 1
hÙng_	 1
_SI	 1
làng_	 1
ghiê	 1
N‰	 1
trô	 1
r©i_	 1
_"ph	 1
ÇÃ	 1
und_	 1
_B_	 1
uyŒn_	 1
liŒu_	 1
xô	 1
Fr	 1
h:_	 1
_TÓ	 1
ày._	 1
bài.	 1
_ñ­	 1
håt	 1
uÒn	 1
Ãm,	 1
ti‰p.	 1
c!	 1
c..._	 1
CÛ	 1
tÄ	 1
båc,_	 1
_h®	 1
m§	 1
_phai	 1
trò	 1
_Ha	 1
rÎ?	 1
lòa_	 1
xæng_	 1
sÜ§ng	 1
Bå	 1
_ga	 1
u."	 1
_rõ_	 1
Sºu,	 1
gÒm_	 1
giáp	 1
_Do	 1
uÆt	 1
_cÖn_	 1
ncisc	 1
_trÎ?	 1
_l©	 1
cº.	 1
g?"	 1
s§	 1
Çu	 1
˜_	 1
phai_	 1
hÙ?	 1
sÜ§n	 1
HUY	 1
h¡p	 1
hiên,	 1
arr	 1
(BEST	 1
(B	 1
hôi_	 1
uä_	 1
bÎ	 1
äy_	 1
thôi.	 1
Tôn	 1
ÇŠu	 1
h©i_	 1
ST	 1
_Y	 1
t..	 1
Ü®c,	 1
HI	 1
_tri	 1
ectr	 1
uÒ	 1
chui	 1
Næ	 1
_Fran	 1
ri‰	 1
_m¡t_	 1
chuyê	 1
_Trun	 1
thâ	 1
_Gi	 1
_T˜_	 1
_v§	 1
to,_	 1
Tình	 1
ÇÃu.	 1
_S¡	 1
_giác	 1
khoän	 1
Gener	 1
_QuÓc	 1
c¿c	 1
lect	 1
Tru	 1
_m¡	 1
Tình_	 1
_v§i	 1
tÒn.	 1
th©	 1
Hôn_	 1
†ng_	 1
_Væn_	 1
d¡	 1
_y	 1
xét_	 1
_ngay	 1
_Y,	 1
_ñô	 1
tinh_	 1
CÛng	 1
ghŒ	 1
ÿ	 1
_Çäm	 1
_chÙn	 1
_ti‰p	 1
_cÙ	 1
mÓi_	 1
døc	 1
_LAN_	 1
qua,_	 1
N_	 1
nghË	 1
chÙng	 1
rep	 1
Œp_	 1
sung	 1
_xét_	 1
.A	 1
dÅu_	 1
_Çû	 1
_Than	 1
_sÜ§	 1
_hÒ	 1
nin	 1
‹._	 1
_Næm	 1
_næm.	 1
tÃt	 1
quê_	 1
_vŠ,	 1
dÀu	 1
S¡c	 1
v¶i	 1
Tì	 1
Ãu	 1
nh)_	 1
hác!_	 1
_Çu°	 1
C	 1
nºa"	 1
tÓt	 1
HÀ	 1
§ng,	 1
_xuÃ	 1
_kh¡	 1
u?	 1
hánh	 1
_yê	 1
thÆn_	 1
phát_	 1
cisco	 1
ván_	 1
àu"	 1
ông?_	 1
ây,_	 1
_Phá	 1
lË	 1
_thâ	 1
_Minh	 1
hóm	 1
kho.	 1
reka,	 1
t._	 1
cisc	 1
t¡m	 1
_bâ	 1
ÇÖ	 1
_À	 1
øc...	 1
tuÀ	 1
b‰n_	 1
_lÀn_	 1
_th©i	 1
Ái_	 1
tine	 1
ki	 1
khÕe_	 1
®ng	 1
_hóa_	 1
nhiÍm	 1
Çä	 1
DÜ	 1
_ngø	 1
_NhÜ	 1
_Khá	 1
_Næ	 1
_S¡c	 1
“	 1
_n‰u_	 1
nhåc_	 1
Ü®ng,	 1
hóa	 1
_yêu	 1
HÀu_	 1
CANH	 1
vŠ,_	 1
vua_	 1
_vàn	 1
iên,_	 1
_vÓn_	 1
_in	 1
vi_	 1
b©	 1
Chú	 1
_tÙc	 1
­C	 1
lÀ	 1
khÕe	 1
giúp_	 1
g†c_	 1
_Bå	 1
gû,	 1
‰p	 1
Gan_	 1
_tÒn	 1
Va	 1
yŒ	 1
.A.	 1
_Val	 1
Phi,_	 1
hË_	 1
_trù	 1
gia_	 1
_DÜÖn	 1
_gan_	 1
ones_	 1
_"Tha	 1
_"Sº	 1
_s§m,	 1
THI	 1
g..	 1
_n¢m	 1
hính_	 1
‰p.	 1
_VÛ	 1
nån,	 1
_dài_	 1
_ph°	 1
uyŒn	 1
xác_	 1
phai	 1
Üng,	 1
bÓn_	 1
sang_	 1
hÒ	 1
.A._	 1
_Çu	 1
_chui	 1
®n	 1
es._	 1
‰t?	 1
vÎnh_	 1
hào	 1
thÙc_	 1
ngø	 1
_sÙ	 1
÷NG_	 1
Ãc	 1
hà.	 1
_vua_	 1
mÃ	 1
_nên,	 1
k‰t	 1
Không	 1
hôi._	 1
ÇÓi_	 1
ràn	 1
_VŠ	 1
iá_	 1
_thÖ	 1
_Kha	 1
NAM	 1
xin_	 1
bÎ_	 1
Ày	 1
ân._	 1
àng,_	 1
iŒu,_	 1
næm._	 1
is_	 1
iŒp_	 1
h‰t?	 1
Harri	 1
rôi	 1
æn_	 1
HƒT	 1
_lòng	 1
Há	 1
AM_	 1
âu_	 1
_kh°	 1
_uÓ	 1
døng_	 1
E_	 1
gào,_	 1
_"Còn	 1
_the	 1
chui_	 1
entin	 1
qua,	 1
Šn..	 1
era	 1
_trìn	 1
ng!	 1
eet	 1
_ÇŠu	 1
uân	 1
_(BE	 1
_tr©	 1
_Hán	 1
ƒT	 1
­	 1
Th†._	 1
Gi	 1
_‘x	 1
_låm	 1
ån,	 1
HANH	 1
Jon	 1
_bào	 1
xó	 1
_n¶i_	 1
_Ch‰	 1
µN	 1
ranc	 1
Gi§	 1
_tin_	 1
hui_	 1
_Gi§i	 1
T˜_	 1
tinh	 1
sØn	 1
hånh	 1
_xä	 1
_thêm	 1
dài	 1
_TU	 1
Bån_	 1
s¡c_	 1
æm._	 1
iŒc.	 1
_ba	 1
_Çem	 1
_pha	 1
tông_	 1
_h‰t_	 1
_ÇÀy	 1
alent	 1
nhóm_	 1
h®	 1
_nhõ	 1
_bÜ§	 1
"T	 1
Üng,_	 1
Ãt.	 1
_døc_	 1
trì	 1
trùn	 1
hòa	 1
ºa	 1
nes.	 1
Minh_	 1
_ñÜ©n	 1
nghŒ	 1
h†_	 1
HÐ÷	 1
NG_	 1
tÃ	 1
_hát_	 1
tÓt_	 1
phào	 1
Àu?_	 1
_El	 1
_tra	 1
_MALE	 1
l©i_	 1
ét	 1
_khoä	 1
_rÖi	 1
äng	 1
THA	 1
HANH_	 1
_chÙ	 1
Hôn	 1
tri‰	 1
rình_	 1
gõ	 1
_eur	 1
giän_	 1
phà	 1
xäy	 1
_nhóm	 1
_hån_	 1
båc_	 1
_LuÆt	 1
"p	 1
_ÇŠ	 1
iao	 1
Ím_	 1
ng?"_	 1
_ÇÓi	 1
_VÂN	 1
dân.	 1
_Fr	 1
È._	 1
­C_	 1
?"_	 1
_gan	 1
hoåt	 1
inh,_	 1
ˆN_	 1
chi‰u	 1
Thà	 1
_vi‰t	 1
vá	 1
gû,_	 1
HŒ	 1
_vàng	 1
gÜu"	 1
gành	 1
Linh	 1
fee	 1
_tÙc_	 1
_Hôn_	 1
"Có_	 1
tràn_	 1
Ng†c_	 1
nhÀm_	 1
cÙ	 1
iáp	 1
vÅ	 1
"Tha	 1
_tông	 1
“N_	 1
rris	 1
AY_	 1
o.	 1
uÓng_	 1
_tay	 1
Ai	 1
_v¶i_	 1
_NhiŠ	 1
_NHƒ	 1
_TÓn	 1
fe	 1
hï	 1
åm_	 1
_=	 1
"Sºu.	 1
ó.	 1
huyŠn	 1
mú	 1
rÒi_	 1
‰,	 1
_Væ	 1
tÓ	 1
thª_	 1
tíc	 1
HÀu	 1
d¡t	 1
_buÒn	 1
_"HŒ_	 1
s._	 1
i‰m_	 1
_hÕn	 1
hòa_	 1
r©i,_	 1
_chÃ	 1
bâ	 1
u?_	 1
Î?	 1
CÛn	 1
cÖn	 1
_mù_	 1
_tích	 1
_Khan	 1
G.A	 1
enti	 1
˜	 1
cu¶	 1
xäy_	 1
m‡i_	 1
NHƒT	 1
_sÙc_	 1
°i,_	 1
t¶c.	 1
_nhåc	 1
A_	 1
h)_	 1
vÅn	 1
dÙ	 1
Hô	 1
hÜng_	 1
ån.	 1
_ngào	 1
trÎ?	 1
_b©	 1
m§i,_	 1
_Çêm_	 1
ngõ_	 1
_HÐ	 1
æm.	 1
_s§	 1
ình,	 1
Ha	 1
cº...	 1
_toàn	 1
ghï_	 1
n..._	 1
_Y,_	 1
__	 1
_v§i_	 1
Ç©i_	 1
Òi,	 1
ån._	 1
_c¿c	 1
_TÃ	 1
und,_	 1
Õe	 1
trÈ.	 1
_Elec	 1
_Çi_	 1
feet	 1
quân_	 1
loå	 1
à:	 1
ào,_	 1
lành.	 1
l©	 1
bào_	 1
NhÜ_	 1
BEST_	 1
_n¶	 1
_thÃt	 1
thân	 1
Çem	 1
t¶c._	 1
_th‹.	 1
ghËn	 1
ph°	 1
nghï_	 1
lành	 1
gan	 1
n¶i	 1
ch†	 1
Öng?_	 1
oä	 1
tuÀn	 1
CÓ	 1
pha	 1
_bao	 1
_Çøc.	 1
ph°_	 1
Çø	 1
ING	 1
nung.	 1
_HAY_	 1
huyŠ	 1
N	 1
feet.	 1
thà._	 1
ancis	 1
_LA	 1
_ca_	 1
Còn_	 1
CAN	 1
kh°	 1
bây	 1
_hÀu?	 1
_tæ	 1
_hÕ	 1
rì	 1
_nin	 1
rôi_	 1
iác_	 1
÷NG	 1
h‹._	 1
Ü®c,_	 1
_ai	 1
h‹.	 1
es.	 1
m¶n	 1
_Bån_	 1
_gi©:	 1
Duy_	 1
ranci	 1
§i,	 1
nh©	 1
Khánh	 1
SING	 1
uÓng	 1
_gây	 1
_Lou	 1
gÓc_	 1
ghŒ_	 1
_d¡	 1
Quê_	 1
_Çó_	 1
fund,	 1
_Ái	 1
cis	 1
_giao	 1
_"Cho	 1
_muôn	 1
Çây,	 1
rÈ.	 1
rÈ._	 1
Dow_	 1
là:	 1
ca_	 1
mÃt	 1
tu°i,	 1
_thíc	 1
_sØn	 1
_håi	 1
giao_	 1
_nhiÍ	 1
gi©:_	 1
khÙ?_	 1
m¥t	 1
_gÓ	 1
et._	 1
_kia	 1
hoä	 1
_r¢ng	 1
thÃt	 1
_sÙc	 1
J	 1
LE_	 1
Ü§ng,	 1
_ÜÖn	 1
_Tinh	 1
_Câu_	 1
BE	 1
¢m	 1
rai	 1
vua	 1
Òn.	 1
_thú	 1
_xúc	 1
_ân	 1
ø_	 1
Õa_	 1
HÕ	 1
_Tam_	 1
oán_	 1
Ta	 1
_m§i,	 1
toàn_	 1
re._	 1
loåi_	 1
..."	 1
_c¿	 1
_dài	 1
xui_	 1
khÙ	 1
iän	 1
_Tin	 1
Õng_	 1
Ele	 1
Chúng	 1
_ÇÃu.	 1
_lš	 1
_Ái_	 1
Tinh)	 1
_bu¶	 1
_(ha	 1
ÁI	 1
kh¡p	 1
ngay_	 1
_quä	 1
ºa"_	 1
_hìn	 1
mù_	 1
r©i,	 1
_vŠ,_	 1
_DÜÖ	 1
ÇÓ	 1
_bao_	 1
_ÜÖ	 1
toà	 1
Nh»ng	 1
_Cho	 1
_stre	 1
_gian	 1
ñÜ©ng	 1
er	 1
nd_	 1
_phÓ	 1
hanh:	 1
_Nh»	 1
Üu_	 1
_m¡t	 1
_liê	 1
_G.A	 1
(HÕ	 1
rÒi,_	 1
Jone	 1
Ùn	 1
eka..	 1
_dÅu	 1
ent	 1
lš	 1
rùng_	 1
Y“N	 1
inh)_	 1
håc_	 1
_NhÜ_	 1
nhåt	 1
úp	 1
AM	 1
ôi._	 1
_giÃc	 1
_Thàn	 1
_rÖ	 1
ka.	 1
ñông_	 1
LE	 1
mù	 1
Çi	 1
=	 1
a"_	 1
_do_	 1
ºa"	 1
o¥c	 1
hiŒp_	 1
_gÓc	 1
Quê	 1
ho¥c_	 1
_SING	 1
_CÛng	 1
_ván_	 1
_tÃt	 1
HÕa_	 1
ñÜ	 1
_sØ	 1
gàn_	 1
®p	 1
i‰n,_	 1
_tràn	 1
_Gan	 1
åm	 1
k‰t:_	 1
_lên:	 1
môn_	 1
_NHC	 1
enera	 1
_Hô	 1
nan	 1
t‰,	 1
_sung	 1
uan	 1
HAY_	 1
_"T	 1
Khanh	 1
gây	 1
_bào_	 1
_mã	 1
_HA	 1
_GIN	 1
nhó	 1
hÕn	 1
ian	 1
g...	 1
_trai	 1
tu°i_	 1
gi©_	 1
ã,	 1
thi‰	 1
VÂ	 1
C_	 1
d,	 1
ánh,	 1
_trôi	 1
_lan_	 1
_ù.	 1
n:_	 1
iáp_	 1
_vÓn	 1
_t¶c.	 1
_THA	 1
Hán_	 1
_Ãm,	 1
_cÀm_	 1
gÒm	 1
muô	 1
heo,_	 1
khó	 1
_SIN	 1
HIN	 1
í_	 1
ñô	 1
ho¥	 1
månh	 1
_(H	 1
àng,	 1
ác!	 1
_Quí_	 1
stre	 1
LuÆ	 1
_xét	 1
ale	 1
cÀn	 1
trùng	 1
t‰,_	 1
a.	 1
Bån	 1
hi‰n_	 1
NGER)	 1
tÙc	 1
hÙn	 1
rÈ	 1
bi‰n,	 1
màu	 1
m¡	 1
hÀu?	 1
NgÜu"	 1
Çû	 1
_chÎ_	 1
quä	 1
TUY“N	 1
hóm_	 1
chúng	 1
_VÜ	 1
TÔM_	 1
liên_	 1
TU	 1
ec	 1
_Ü	 1
lÀn_	 1
ên:	 1
_s¡	 1
one	 1
dÀu,	 1
hín	 1
ING_	 1
_n‹_	 1
Üng_	 1
hích	 1
LuÆt	 1
kia_	 1
N‰u	 1
_Hán_	 1
tràn	 1
sØ	 1
GER)	 1
Val	 1
oån	 1
_to,_	 1
oån_	 1
tay_	 1
_bÎ	 1
xóm.	 1
n‹_	 1
ay._	 1
_bÜ§m	 1
_lòa	 1
gay_	 1
_Çê	 1
_gây_	 1
_qua,	 1
TÃ	 1
Bài	 1
_båc,	 1
nån,_	 1
ºu,	 1
quâ	 1
vàn	 1
_môn	 1
_k‰	 1
†_	 1
_thÙc	 1
Çây,_	 1
_Eur	 1
_c¿c_	 1
_Há	 1
háo_	 1
Çêm_	 1
LuÆt_	 1
Ái	 1
hìn	 1
chÃm	 1
_tuÀ	 1
(H	 1
này._	 1
áp_	 1
ghËn_	 1
hi,_	 1
ºu."_	 1
_"HŒ	 1
Hƒ	 1
nhóm	 1
_"Cò	 1
Ð÷NG	 1
R	 1
Ày_	 1
giú	 1
_Lou_	 1
_tæng	 1
_xóm	 1
àu"_	 1
_ù._	 1
tròn	 1
_phát	 1
n:	 1
CˆN_	 1
Åu	 1
h©i	 1
_N‰u	 1
Tr©i,	 1
Næm_	 1
nghËn	 1
bÜ§m,	 1
_tÃt_	 1
Çó.	 1
_Phi	 1
_"phú	 1
hån_	 1
gø_	 1
_HÀu	 1
Ü§m,	 1
sÜ§	 1
thuyŠ	 1
_THI	 1
Ng†c	 1
_cÆp	 1
_xi	 1
Ü§m,_	 1
reka.	 1
_Çây	 1
gi©:	 1
Äu	 1
thíc	 1
_"Ng	 1
Ti	 1
tÆt	 1
hiÍ	 1
l¡m._	 1
Œp.	 1
hÀu?_	 1
_lË_	 1
_Harr	 1
ôm_	 1
Harr	 1
_xæ	 1
ka..	 1
_Çø	 1
_tÄu_	 1
ci	 1
_kh°_	 1
ÇÃu	 1
Franc	 1
_quê	 1
Ngû_	 1
sun	 1
Ën	 1
µNH	 1
n‹	 1
lan_	 1
hÀm.	 1
Çáng_	 1
©:_	 1
_Gan_	 1
rùng	 1
_st	 1
VŠ	 1
hánh,	 1
hÙng	 1
Gen	 1
Š,_	 1
_kho.	 1
xÜ§ng	 1
_mú	 1
_Ng†	 1
_trò	 1
_giúp	 1
kh¡	 1
_ngû	 1
G.	 1
b‰n	 1
tra	 1
ành.	 1
r¢	 1
GI	 1
R)	 1
_t¶c	 1
hª	 1
UY“N	 1
_"Sºu	 1
NhiŠ	 1
_Dow_	 1
Ãm,_	 1
tæng_	 1
_cº..	 1
_eu	 1
iÍm_	 1
d¡t_	 1
làng,	 1
i‰n,	 1
Œu,_	 1
mút_	 1
Ùt	 1
ÇŠ	 1
äng_	 1
_tay_	 1
ÇÃu._	 1
Àu,_	 1
_Phúc	 1
n‰u_	 1
_m§i	 1
º..._	 1
v¶i_	 1
gÓ	 1
_tri‰	 1
SIN	 1
_Tôn_	 1
_nhË	 1
ect	 1
Nhà	 1
_thà.	 1
s.	 1
Khá	 1
t¶c	 1
huyŒ	 1
len	 1
cÆy	 1
_Nhi	 1
(BES	 1
vÎ_	 1
lên	 1
_thÆn	 1
Çu°i	 1
MA	 1
_mÃ	 1
_Ga	 1
_hÕng	 1
uÓc._	 1
e.	 1
inh,	 1
_ñà	 1
neral	 1
_tÓ	 1
_khó	 1
_Khôn	 1
chÙ	 1
?"	 1
sanh_	 1
_xú	 1
gÜu_	 1
ñ­	 1
siêu	 1
sco	 1
_kh¡p	 1
_ch†	 1
_sang	 1
xÜ	 1
út_	 1
buÒ	 1
hÓn_	 1
_h‰t?	 1
_bÎ_	 1
µNH_	 1
é	 1
_ÇÓ	 1
cÀm	 1
CÓ_	 1
uô	 1
vi‰	 1
Câu_	 1
gay	 1
am	 1
Òm_	 1
VÛ_	 1
ràn_	 1
_Va	 1
_bÓ	 1
trìn	 1
g!_	 1
thÖ	 1
_chÎ	 1
_lÀ	 1
_hôm	 1
Í	 1
_cu	 1
cu¶c	 1
thôi_	 1
gû_	 1
bài_	 1
INGER	 1
tæ	 1
_tr©i	 1
Ù?	 1
giÃc_	 1
ÇÓi	 1
Phi,	 1
iao_	 1
_cÛ_	 1
BES	 1
Ngû	 1
ntine	 1
_mù	 1
lan	 1
_vài_	 1
_quân	 1
Th‰	 1
Khán	 1
yêu	 1
hiÍm	 1
_Li	 1
_in_	 1
ÇÜ®c,	 1
i©:	 1
_Min	 1
(ha	 1
Nhi	 1
eo,	 1
TÃt_	 1
trÎ?_	 1
vinh	 1
nu	 1
¢m_	 1
H	 1
_phÓ_	 1
_hoåt	 1
‘	 1
nc	 1
ãng_	 1
_hành	 1
_TÓng	 1
st	 1
ngào	 1
chÓn	 1
_Duy	 1
ãng	 1
_ninh	 1
ài._	 1
_lÀn	 1
¡p	 1
NHƒT_	 1
thÆt	 1
v§i_	 1
¿c	 1
cu¶c_	 1
_b©_	 1
_"S	 1
v§i	 1
‰:_	 1
_CA_	 1
ng?"	 1
Sºu_	 1
_Jo	 1
_TUY“	 1
TµNH	 1
äm	 1
båc,	 1
Øng_	 1
d,_	 1
huyŒn	 1
ñàn_	 1
_hiŒn	 1
_Duy_	 1
_L¶_	 1
nci	 1
‘x	 1
Quan	 1
ines.	 1
_MA	 1
_phân	 1
_L¶c_	 1
cÖn_	 1
Óng,	 1
_bây	 1
Ng†	 1
_Çäm_	 1
_vÆn_	 1
ngû,_	 1
_vá	 1
"NgÜ	 1
_nu	 1
Gene	 1
chÃm_	 1
hui	 1
Min	 1
	 1
ghË	 1
_h†_	 1
tên_	 1
_dá	 1
iúp_	 1
ch»a_	 1
_ôn	 1
_ngø_	 1
_rÒi,	 1
_n¢	 1
_uÓn	 1
HC	 1
do	 1
trÈ._	 1
_TµNH	 1
h‹_	 1
øng.	 1
_theo	 1
_gÒ	 1
áp	 1
h†n	 1
khó_	 1
_mÃt	 1
the	 1
Tr©	 1
y"	 1
vŠ,	 1
hÀm._	 1
chÓ	 1
_Gen	 1
A._	 1
_d¡t	 1
s¡	 1
_khÙ	 1
arris	 1
_Tr©i	 1
trai_	 1
Òn._	 1
ÇÖn_	 1
gan_	 1
_tÒn.	 1
mã,_	 1
¶c.	 1
iŒn_	 1
û,_	 1
hÒi_	 1
_n¢m_	 1
l©i	 1
bÜ§m	 1
sau_	 1
_nung	 1
uôn	 1
ãn	 1
Câ	 1
_TµN	 1
mÃt..	 1
vÅn_	 1
µ	 1
ep	 1
rõ	 1
nhõm_	 1
_Tam	 1
‰,_	 1
hiŒu,	 1
Òm	 1
_quâ	 1
là:_	 1
_TÔM	 1
_gia_	 1
dÀ	 1
xét	 1
_h®p_	 1
_trÈ	 1
_xæn	 1
F	 1
buÒn_	 1
_TÙ_	 1
_tên	 1
_loåi	 1
IN	 1
_ngû,	 1
a..	 1
Çêm	 1
_Nhà_	 1
th©i	 1
QuÓc.	 1
_giá_	 1
vu	 1
nhõ	 1
G.A._	 1
_vu	 1
_cäi_	 1
"Sºu	 1
_Fra	 1
_"Có	 1
ròn	 1
ca	 1
"HŒ	 1
_n»a_	 1
oán	 1
_mô	 1
_ô	 1
_mÓ	 1
chÙn	 1
vŒ_	 1
es_	 1
u."_	 1
_lòa_	 1
"N	 1
_TUY	 1
ù_	 1
håt_	 1
hiŒn	 1
yŒn_	 1
kÿ_	 1
_LuÆ	 1
Àm.	 1
ñ­C	 1
TUY	 1
VÂN	 1
_m¥	 1
HUY_	 1
t‰:	 1
eral	 1
gÒ	 1
_hòa_	 1
óa_	 1
_dán	 1
_vua	 1
VÛ	 1
_Câ	 1
nes._	 1
t..._	 1
tÌ	 1
_San_	 1
Òi,_	 1
_Ai	 1
thÜÖ	 1
Elec	 1
xÜ§	 1
_månh	 1
TÔ	 1
_mút	 1
yŠn..	 1
‰m_	 1
g!	 1
tình,	 1
_VŠ_	 1
hi‰t_	 1
hãng_	 1
h®p	 1
È.	 1
xé	 1
_ông	 1
ng!_	 1
Ãt...	 1
G.A.	 1
hú_	 1
gÜu"_	 1
GER	 1
©:	 1
_ÇÀy_	 1
mÙc	 1
_Ge	 1
bÓ	 1
gõ_	 1
ñ‹_	 1
Duy	 1
h©_	 1
_u	 1
_nga	 1
t:	 1
ghiŒ	 1
hung.	 1
o¥c_	 1
rÒi,	 1
døc_	 1
_trì	 1
VÜÖ	 1
Ù?_	 1
_lòn	 1
_sÜ	 1
AL	 1
thÆn	 1
th‹_	 1
_xá	 1
"H	 1
HC_	 1
_chú	 1
hÆt_	 1
re.	 1
¶c._	 1
_giÃ	 1
_"p	 1
_Àm	 1
_Ngû_	 1
hÖ_	 1
_n‰	 1
_rÖi_	 1
iú	 1
_ngõ	 1
vÎnh	 1
_cÆy	 1
IN	 1
_Th‰	 1
_Quê	 1
gào	 1
NHƒ	 1
_HÐ÷	 1
_hòa	 1
_xô	 1
ti‰p	 1
lòng_	 1
ER)	 1
_to,	 1
tr©i	 1
ÇÖn	 1
nun	 1
giÃ	 1
_m‡i_	 1
eka.	 1
_em	 1
_gi©_	 1
ú_	 1
_HUY_	 1
ét_	 1
nang	 1
ôi.	 1
_hÒi	 1
tr©	 1
nay_	 1
_GI	 1
_hát	 1
¡m._	 1
oåi	 1
‰n,	 1
Lou_	 1
_Tôn	 1
Lou	 1
_Lo	 1
hån.	 1
¥c	 1
_Çó._	 1
_sau_	 1
Trun	 1
_vŒ	 1
c!_	 1
g..._	 1
bu¶	 1
Phá	 1
®c,	 1
óm.	 1
S¡c_	 1
rÖi_	 1
_TÙ	 1
ÇÀy	 1
ñ­C_	 1
sang	 1
iÍm	 1
ee	 1
r†ng_	 1
danh,	 1
_Ç°	 1
_thín	 1
I	 1
ngû,	 1
HU	 1
kho._	 1
t¶	 1
Tam_	 1
tÒ	 1
_xäy_	 1
xác	 1
Ge	 1
chÃ	 1
_h†.	 1
_Çä	 1
iÃc_	 1
_Ãy	 1
giàu_	 1
Ót	 1
El	 1
chi‰m	 1
ên:_	 1
_ÇŠu_	 1
hÜ®	 1
L¶c	 1
trà	 1
h»a_	 1
rÎ?_	 1
NGER	 1
MALE_	 1
Nhà_	 1
thÜ®n	 1
ûa,_	 1
mÓ	 1
_Nh»n	 1
Kha	 1
_th‹_	 1
_ÇÖ	 1
ngàn_	 1
óm_	 1
_vi_	 1
_h®p	 1
nh:	 1
_Tµ	 1
m†i_	 1
eka,_	 1
ho.	 1
xi	 1
eure	 1
_bài_	 1
hích_	 1
oäng_	 1
m†	 1
Vale	 1
“N	 1
hu¶c_	 1
uÓn	 1
cÆp	 1
_trÈ.	 1
c..."	 1
_HAY	 1
_k‰t	 1
_N‰	 1
hi‰m	 1
uâ	 1
ông?	 1
hoäng	 1
t?_	 1
_Çu°i	 1
®ng,_	 1
NAM_	 1
_tÃ	 1
_N‰u_	 1
_J	 1
Hán	 1
_lan	 1
_DÜ	 1
hÒi	 1
_t‰,	 1
_ch†n	 1
_(hay	 1
Jo	 1
nº	 1
sÙc	 1
hình	 1
ài.	 1
CÛng_	 1
chun	 1
_døc	 1
_Du	 1
Væn	 1
håc	 1
_hånh	 1
TÓ	 1
su	 1
_NHƒT	 1
hào_	 1
anh:_	 1
hà._	 1
_ñ­C	 1
Trung	 1
_ông_	 1
_Çi	 1
Š,	 1
‘xÜ§	 1
_tÓt_	 1
Sºu."	 1
_Phú	 1
N‰u_	 1
bao	 1
hi,	 1
_l¡m	 1
Eure	 1
nghiê	 1
_ai_	 1
hính	 1
h:	 1
hôi.	 1
l¡m	 1
º..	 1
Óc.	 1
iän_	 1
_vÅn	 1
ình,_	 1
Du	 1
und,	 1
AN_	 1
_HÀu_	 1
_hãng	 1
Ð	 1
uí_	 1
hoån	 1
_l©i	 1
iàu_	 1
_vÎ_	 1
_Ãm_	 1
Nh»	 1
hÀm_	 1
º.	 1
Üu"_	 1
