р	 1397
_	 658
ѕ	 510
рѕ	 438
_р	 324
І	 307
Ѕ	 296
рЅ	 287
рІ	 277
і	 264
рі	 258
Ї	 171
х	 132
а	 95
ар	 95
е	 87
ер	 85
_рІ	 85
ї	 81
_рѕ	 80
Г	 77
рї	 77
Їр	 76
_рі	 76
ѕр	 72
Ћ	 70
Ф	 69
_рЅ	 68
хр	 65
іЋ	 63
ріЋ	 63
х_	 62
рЅх	 62
Ѕх	 62
рЇ	 60
░	 60
░р	 57
Фр	 52
рІЇ	 51
ІЇ	 51
Гр	 50
Ѕар	 45
рЅх_	 45
Ћр	 45
Ц	 45
рІер	 45
рЅа	 45
Іер	 45
ѕх	 45
Ѕа	 45
рѕх	 45
рЅар	 45
рІе	 45
Іе	 45
Ѕх_	 45
ў	 44
рѕГ	 44
_рІер	 44
_рІе	 44
ѕГ	 44
ўр	 43
ріар	 42
іа	 42
іар	 42
ріа	 42
рѕЇ	 41
арѕ	 41
ѕЇ	 41
Ю	 40
рѕѕ	 39
рѕѕр	 39
ѕѕ	 39
ѕѕр	 39
рѕў	 38
ѕўр	 38
ріЋр	 38
ѕў	 38
Цр	 38
рѕўр	 38
іЋр	 38
_рЅа	 36
_рЅар	 36
б	 35
ІФ	 35
рІФ	 35
ѕЮ	 34
рѕЮ	 34
│	 33
Ї_	 33
Ѕ░	 32
Ѕ░р	 32
ерѕ	 32
рЅ░р	 32
рЅ░	 32
ІЇр	 31
ѕхр	 31
рѕхр	 31
рІЇр	 31
ѕрѕ	 30
рѕЇр	 30
љ	 30
ѕЇр	 30
љр	 29
│р	 27
░рѕ	 27
Ір	 27
ІФр	 26
рІФр	 26
Г_	 26
іЋ_	 25
іљ	 25
Ћ_	 25
ріљ	 25
ЋрІ	 25
ріЋ_	 25
рЅй	 24
Ѕй	 24
іљр	 24
ѕГр	 24
рѕГр	 24
_ріа	 24
й	 24
ріљр	 24
_ріар	 24
хрѕ	 23
Їб	 23
б_	 23
рЇб	 23
рѕФ	 23
Џ	 23
ѕФ	 23
рЇб_	 23
Їб_	 23
Њ	 22
рІГ	 22
ІГ	 22
ріЋрІ	 22
іЋрІ	 22
рІх	 21
Іх	 21
Ѕарѕ	 21
рЅарѕ	 21
іЦр	 20
іЦ	 20
ріЦ	 20
ріЦр	 20
Ю_	 20
І░	 19
ѕГ_	 19
Юр	 19
хрЅ	 19
рѕЮ_	 19
Ё	 19
▓	 19
іе	 19
рІ░	 19
ѕЮ_	 19
іЊ	 19
ріе	 19
ріЊ	 19
рѕГ_	 19
Црѕ	 18
«	 18
ріер	 18
ІЇ_	 18
ўрѕ	 18
іер	 18
ерЅ	 18
ѕхрЅ	 18
рѕхрЅ	 18
рІЇ_	 18
ѕўрѕ	 17
«р	 17
ФрЅ	 17
Џр	 17
рѕўрѕ	 17
арі	 17
рѕЏ	 17
рѕе	 17
ѕЏ	 17
ері	 17
рѕІ	 17
арІ	 17
Бр	 17
Б	 17
ѕе	 17
ЇрЅ	 17
_ріЦр	 17
_ріЦ	 17
Іерѕ	 17
рІерѕ	 17
Їрѕ	 17
ѕІ	 17
рѕІр	 16
_рѕўр	 16
рЅ░рѕ	 16
Їрі	 16
▓р	 16
Ѕ░рѕ	 16
ѕрІ	 16
рІ░р	 16
рѕФр	 16
ѕФр	 16
_рѕѕ	 16
І░р	 16
Црі	 16
Ф_	 16
рѕер	 16
ѕІр	 16
_рѕѕр	 16
ѕер	 16
_рѕў	 16
рІГр	 15
рїѕр	 15
рЅЦ	 15
рѕѕрѕ	 15
рїѕ	 15
іарѕ	 15
Грѕ	 15
Іхр	 15
ѕЏр	 15
їѕ	 15
Ѕхр	 15
Ѕ│	 15
ЅЦ	 15
ѕѕрѕ	 15
ІГр	 15
рЅ│	 15
ѕЮр	 15
рѕЏр	 15
рІхр	 15
ЇрЇб_	 15
їѕр	 15
ріарѕ	 15
ЇрЇб	 15
рѕЮр	 15
рЅхр	 15
Грі	 15
ЇрЇ	 15
ріЦрі	 14
іЊ_	 14
Іері	 14
ј	 14
Њ_	 14
ріЊ_	 14
іЦрі	 14
Фрѕ	 14
рІері	 14
░рІ	 14
јр	 14
Іѕ	 13
ФрІ	 13
ќ	 13
ђр	 13
рІѕ	 13
є	 13
Іѕр	 13
рІѕр	 13
хрІ	 13
ђ	 13
єр	 13
йр	 12
Х	 12
рѕЇрЇ	 12
Ѕйр	 12
ѕЇрЇб	 12
Е	 12
єрі	 12
ѕє	 12
рѕє	 12
рѕєр	 12
ѕЇрЇ	 12
ріќ	 12
іќ	 12
џ	 12
рЅйр	 12
рЅй_	 12
Ѕй_	 12
ѕрЅ	 12
бр	 12
рѕєрі	 12
ѕєрі	 12
ѕєр	 12
й_	 12
ѕх_	 11
рїЇ	 11
ріљрЅ	 11
рѕх_	 11
ЦріЋр	 11
_ріљр	 11
_ріе	 11
ЦріЋ	 11
іЦріЋ	 11
Ёр	 11
љрЅ	 11
ќр	 11
Ѕђр	 11
џр	 11
ЅЦр	 11
рЅђ	 11
іљрЅ	 11
Ѓ	 11
Ірѕ	 11
ѕЇ_	 11
їЇ	 11
Ѕђ	 11
рЅЦр	 11
рЅђр	 11
Џрѕ	 11
љрІ	 11
рѕЇ_	 11
_ріљ	 11
ІрІ	 10
іќр	 10
арѕхр	 10
рѕІрІ	 10
ріГ	 10
Іхрѕ	 10
рІЇрѕ	 10
рІхрѕ	 10
Їрї	 10
іГ	 10
ріќр	 10
ІЇрі	 10
ЅЁ	 10
рІЇрі	 10
ѕІрІ	 10
іГр	 10
арѕх	 10
ріГр	 10
рЅЁ	 10
ІЇрѕ	 10
рѕФрЅ	 10
_ріер	 10
ѕФрЅ	 10
арЅ	 10
▒	 10
љрІЇ	 10
Ир	 9
_рї	 9
іарѕх	 9
рІерЅ	 9
Брѕ	 9
іљрІ	 9
Ѕ│р	 9
ЋрІх	 9
ГрЅ	 9
ѕ░р	 9
Ђ	 9
рІФрѕ	 9
рѕ░	 9
ріарі	 9
ѕѕрІ	 9
ѕЏрѕ	 9
ѕ░	 9
ЦрѕФ	 9
њр	 9
рѕѕрІ	 9
И	 9
І░рѕ	 9
І▓р	 9
іарІ	 9
іФ	 9
ріљрІ	 9
рІ▓	 9
рІФрІ	 9
рІ▓р	 9
І▓	 9
ІФрѕ	 9
рѕ░р	 9
ріарІ	 9
рѕЏрѕ	 9
Ђр	 9
ріФ	 9
арѕГ	 9
ІерЅ	 9
њ	 9
ІФрІ	 9
арї	 9
рІ░рѕ	 9
ІІ	 9
рЅ│р	 9
іарі	 9
рІІ	 9
рїБ	 8
іб	 8
ЅИр	 8
ібр	 8
рІ«р	 8
Ѕарі	 8
Њр	 8
рЅИ	 8
рЅБр	 8
_рІГ	 8
рѕЂ	 8
ѕЂ	 8
░рі	 8
«рЅ	 8
рібр	 8
Ѕ░рІ	 8
рЅарі	 8
_рІГр	 8
рЅ░рІ	 8
еріа	 8
рЇЇ	 8
А	 8
Хр	 8
ріб	 8
іФр	 8
Ер	 8
_рІФр	 8
ЅХ	 8
ѕ│	 8
ЇЇ	 8
еріар	 8
Ё_	 8
_рІФ	 8
рЇЇр	 8
рЇЇрЅ	 8
ѕГрі	 8
рѕЂр	 8
│рІ	 8
_рІѕр	 8
ЇЇрЅ	 8
ЅарѕГ	 8
І«	 8
рѕ│	 8
їБр	 8
ІФ_	 8
рЅИр	 8
рІФ_	 8
рЅБ	 8
рѕџ	 8
ріФр	 8
ѕџ	 8
рѕГрі	 8
рЅХ	 8
ЅБ	 8
рІ«	 8
▒р	 8
ЅИ	 8
їБ	 8
іљрІЇ	 8
ѕЂр	 8
рѕ│р	 8
ФрЅх	 8
рїБр	 8
І«р	 8
_рІѕ	 8
ЇЇр	 8
ѕФрЅх	 8
Ѕр	 8
ѕ│р	 8
ЅБр	 8
ерЅ░р	 7
ФрЅх_	 7
рІІр	 7
іЋрЅ	 7
ЋрЅ	 7
рѕЁ	 7
░рѕў	 7
ЅИрІЇ	 7
рѕџр	 7
ІЕ	 7
рЅЦрѕ	 7
ЋрІхр	 7
рѕЦ	 7
рѕЦрѕ	 7
рІЕ	 7
ѕџр	 7
ўрі	 7
ѕЦрѕ	 7
рѕ«	 7
рЅЁр	 7
рѕЦр	 7
љрЅар	 7
ерЅ░	 7
ерІ	 7
ѕФ_	 7
ЅИрІ	 7
рЅИрІ	 7
рѕўрі	 7
░рѕўр	 7
ІІр	 7
Фрі	 7
ѕЦ	 7
ЅарІ	 7
їЇр	 7
рЅарІ	 7
ѕЦр	 7
ИрІЇ	 7
јрЅ	 7
рІ▓рѕ	 7
Ѕхрѕ	 7
рІ│р	 7
рѕѕрЅ	 7
І│р	 7
рІѕрѕ	 7
ЅЁр	 7
▓рѕ	 7
ІГ_	 7
ѕЁ	 7
іљрЅа	 7
ѕ«	 7
ѕЦрѕФ	 7
љрЅа	 7
рЅхрѕ	 7
Іеріа	 7
Ц_	 7
Іѕрѕ	 7
рІ│	 7
рѕФ_	 7
рїЇр	 7
ЅЦрѕ	 7
ріЋрЅ	 7
ИрІ	 7
ѕўрі	 7
ерї	 7
ѕѕрЅ	 7
│рѕ	 7
рІГ_	 7
І▓рѕ	 7
І│	 7
рІј	 6
_рЅ░	 6
«рЅй	 6
ц	 6
Ѓ_	 6
іерЅ	 6
│рЅ	 6
рѕхрѕ	 6
Џ_	 6
ЅхрІ	 6
Џрѕх	 6
ЇрЅх	 6
ЇрЅ░р	 6
Ар	 6
арѕГр	 6
іарї	 6
љрѕ	 6
љрІЇр	 6
рІў	 6
їѕрѕ	 6
ѕерї	 6
рѕ«р	 6
ѕј	 6
│_	 6
ХрЅ	 6
_рЇ	 6
ќрѕ	 6
ѕрі	 6
Іў	 6
рѕерї	 6
рїѕрѕ	 6
_рѕЮр	 6
хрЅ░р	 6
Юрі	 6
ІрІГ	 6
ѕјр	 6
рІГрѕ	 6
рѕј	 6
ѕЏрѕх	 6
ЇрЅ░	 6
хрЅ░	 6
ѕ«р	 6
Ѕ│_	 6
ЇрЅх_	 6
_рѕЮ	 6
арІ▓	 6
д	 6
Іх_	 6
Іјр	 6
ерѕџ	 6
ўрї	 6
ѕЇрї	 6
хрі	 6
Іерѕџ	 6
рѕјр	 6
Ёрѕ	 6
рЅ│_	 6
╣	 6
арІ▓р	 6
ріерЅ	 6
ерѕџр	 6
ІрІГ_	 6
йрі	 6
рЅйрі	 6
рЅхрІ	 6
ѕЮрі	 6
_рЅ░р	 6
ІГрѕ	 6
_рѕхр	 6
Іј	 6
ѕхрѕ	 6
іЋрІх	 6
рѕЮрі	 6
рІјр	 6
г	 6
ѕІрІГ	 6
Ѕйрі	 6
ЇріЋ	 6
ўрЅ	 6
_рѕх	 6
ріарї	 6
рІх_	 6
рѕЇрї	 6
іќрѕ	 5
ГрЇ	 5
ѕ▒	 5
рІЕр	 5
ЋрІ░	 5
рѕ▒	 5
ф	 5
рѕўрЅ	 5
рЅХр	 5
рѕЅ	 5
Ѕ░рѕў	 5
ріќрЅ	 5
рѕГрѕ	 5
ѕўрї	 5
рЅарЅ	 5
ѕрѕФ	 5
рЅе	 5
ІІрѕ	 5
ІјрЅ	 5
_рѕІр	 5
│рі	 5
рїЃ_	 5
ѕг	 5
їЃ_	 5
арІх	 5
йрѕ	 5
арїЇ	 5
рЅ▓	 5
рЅБрѕ	 5
ЮрЇ	 5
ѕЮрЇ	 5
рЇѕ	 5
░рѕГ	 5
Їѕр	 5
Ѕ▓	 5
ІЕр	 5
џрѕ	 5
ерѕГ	 5
ѕрѕЇ	 5
іЋрІ░	 5
_рібр	 5
рЅйрѕ	 5
ір	 5
░рї	 5
ріќрѕ	 5
ріерѕ	 5
░рІЇ	 5
ГріЋ	 5
рѕўрї	 5
_рѕІ	 5
рЅЁрѕ	 5
ѕГрѕ	 5
Іўр	 5
ѕхрЅ░	 5
ЅХр	 5
Ѕе	 5
рЅ╣	 5
арІхр	 5
ѕЅ	 5
џрІ	 5
Ѕ╣	 5
ѕрѕў	 5
рЅ░рі	 5
Ері	 5
ЅХрЅй	 5
ѕѕрѕў	 5
ѕрІЇ	 5
╣_	 5
ерѕГр	 5
іЊр	 5
ЅБрѕ	 5
ЦрѕФр	 5
ріЮ	 5
іарїЇ	 5
░рІЇ_	 5
рѕг	 5
рІўр	 5
Љ	 5
рѕЮрЇ	 5
ІЇріЋ	 5
ќрЅ	 5
їѕрІ	 5
рІјрЅ	 5
Їѕ	 5
ѕрѕўр	 5
рЅерѕ	 5
ІрѕЇр	 5
іњр	 5
рЅер	 5
ЅЁрѕ	 5
хрѕГ	 5
ріЉ	 5
іерѕ	 5
ІрѕЇ	 5
рІІрѕ	 5
іЮ	 5
рїѕрІ	 5
іќрЅ	 5
Ѕер	 5
_ріб	 5
ЅрЅх	 5
ѕўрЅ	 5
ѕрѕФр	 5
іњ	 5
ЅрЅ	 5
ЅарЅ	 5
іЉ	 5
їЃ	 5
«рї	 5
ріњ	 5
рЇѕр	 5
БрЅ	 5
ріњр	 5
ЅХрЅ	 5
ІЕрі	 5
Ѕерѕ	 5
ріЊр	 5
ѕѕрІЇ	 5
Ћрѕ	 5
ХрЅй	 5
Ѕйрѕ	 5
рїЃ	 5
Ѓр	 5
Ѕ░рі	 5
рЅХрЅ	 5
ЅрЅх_	 5
рІЕрі	 5
«рїхр	 4
рѕерѕ	 4
ѕЅр	 4
рѕЇрЅ	 4
рїхрІ	 4
рЅ╣_	 4
рЅЦ_	 4
_ріќ	 4
їІ	 4
рѕ▓р	 4
їрѕ	 4
рЇЋрѕ	 4
іГрі	 4
ѕЇрі	 4
І«рї	 4
рѕар	 4
ѕѕрЇ	 4
Е_	 4
їА	 4
ѕрЇ	 4
ѕрї	 4
Іџр	 4
їх	 4
ѕФрѕ	 4
░рѕер	 4
_рІ░р	 4
Ѕ┤	 4
ѕџрІ	 4
брЅх	 4
ИрІЇ_	 4
ібрі	 4
ІЇрЅ	 4
іЉ_	 4
рІџ	 4
рїЇ_	 4
їѕрѕЇ	 4
рѕФрѕ	 4
џрІФ	 4
Іџ	 4
рѕљ	 4
рІџр	 4
ФрІЇ	 4
їЇ_	 4
ЋрІФ	 4
їар	 4
ѕерѕ	 4
Ѕаріа	 4
рІЇрЅ	 4
ѕа	 4
_рЅђ	 4
ібрЅх	 4
рѕЅр	 4
рїх	 4
рЅ┤	 4
њрЅ	 4
ЇЋрѕ	 4
рІ«рЅ	 4
рїхр	 4
іаріЋ	 4
ГріЋр	 4
_рѕЇр	 4
ЋрІ░р	 4
ЅхрІ«	 4
_рЅх	 4
ЅйріЋ	 4
ІФрЅ	 4
ібрЅ	 4
ріГрі	 4
ЦрѕФ_	 4
ЂрЅх	 4
јрѕ	 4
ХрЅй_	 4
хрѕГр	 4
ЅА	 4
ўрІ	 4
рЅбр	 4
рЅ┤р	 4
ІЇрї	 4
Іерѕў	 4
ѕрѕЇр	 4
ѕ«рЅй	 4
┤р	 4
фр	 4
аріЋ	 4
ІјрЅй	 4
ѕєріЉ	 4
ерїЃ	 4
џрІФр	 4
ЊрІ	 4
Ѕ│рЅ	 4
░рѕе	 4
ЇрѕЇ	 4
ЇЇрЅх	 4
рїЇрѕ	 4
їІр	 4
їхрІФ	 4
їЇрѕ	 4
ГрІ	 4
рІГрЅ	 4
ерїЃ_	 4
рЅц	 4
ЇріЋ_	 4
йріЋ	 4
рЅЃ	 4
рібрЅ	 4
ріЏ	 4
ѓ	 4
іЏ	 4
Ѕц	 4
рїА	 4
_рЅђр	 4
рѕ▒р	 4
Џрѕхр	 4
іЋрї	 4
Љ_	 4
┤	 4
ріЉ_	 4
іЦрѕ	 4
рѕарѕ	 4
І«рїх	 4
ЂрЅ	 4
ђрі	 4
їр	 4
іарІ▓	 4
єріЉ	 4
јрЅй	 4
іГрѕ	 4
ріГрѕ	 4
рїар	 4
рѕ«рЅ	 4
ріЦрѕ	 4
«рїх	 4
ѕ▓р	 4
рЅ│рЅ	 4
ѕЁ_	 4
брЅхр	 4
_рІ░	 4
ѕ▒р	 4
ѕерїЃ	 4
рїІ	 4
ЂрЅх_	 4
рїІр	 4
ЇЋр	 4
ѕар	 4
ЅЦ_	 4
рЅ▒	 4
ЇЋ	 4
ЋрІФр	 4
ІГрЅ	 4
др	 4
рібрі	 4
їхр	 4
брЅ	 4
рЅЃр	 4
хрІ«р	 4
ѕГрЅ	 4
ІѕрѕФ	 4
хрІ«	 4
рѕЇрі	 4
рІ«рї	 4
ерѕўр	 4
рЅђрі	 4
ѕ▓	 4
ѕ«рЅ	 4
ерЇ	 4
ѕарѕ	 4
аріЋр	 4
Ѕбр	 4
╗	 4
аріар	 4
ђрї	 4
іЋрІФ	 4
рѕГрЇ	 4
рЇЋ	 4
аріа	 4
ерѕў	 4
Ѕб	 4
рѕа	 4
ѕљр	 4
Ѕ┤р	 4
ІерЅ░	 4
ѕГрЇ	 4
хрІФ	 4
ѕЇрЅ	 4
«рѕ	 4
Ѕђрі	 4
рѕ▓	 4
рїа	 4
їхрІ	 4
▓рЇ	 4
Ћрї	 4
рѕљр	 4
Ѕ▒	 4
рЇЋр	 4
░рѕГ_	 4
ЮрЅ	 4
рЅА	 4
рЅб	 4
брі	 4
І«рЅ	 4
рѕГрЅ	 4
рѕѕрЇ	 4
ЦрѕГ	 4
рІЇрї	 4
рѕџрІ	 4
_ріќр	 4
ЅЃр	 4
ЅЃ	 4
І░рѕе	 4
ѕљ	 4
рѕЁ_	 4
њрІ	 4
ріЋрї	 4
_рѕЇ	 4
рІФрЅ	 4
їа	 4
ѕрІЇр	 4
Ѕ╣_	 4
_рЅбр	 3
ріЊрІ	 3
Їњ	 3
Фрѕѕр	 3
ІЇріЊ	 3
дрЅ	 3
рІїрѕ	 3
рѕ▓рЅ	 3
Іїр	 3
ѕѕрі	 3
рЅ▒р	 3
░ріЋ	 3
_рѕЂр	 3
хрї	 3
ђріЋ_	 3
ИрІЇр	 3
рЅђрї	 3
░ріЏ_	 3
«рѕЮр	 3
ѕгр	 3
рѕ│рі	 3
ѕ│рѕ	 3
ўрІЇ	 3
њрЅе	 3
ѕўрѕе	 3
ЊрѕЇ	 3
ЅбрІФ	 3
ѕЁр	 3
ѕрѕЏр	 3
ріћ	 3
Ѕ│рІ	 3
ерЇЇр	 3
рїІрѕ	 3
ѕ░рї	 3
ГріФ	 3
ѕф	 3
)_	 3
ФрЅ│_	 3
рѕХр	 3
│ріЋ_	 3
їЦ_	 3
БрЅИ	 3
▓рѕх	 3
ріЏ_	 3
їБрЅ	 3
брІ	 3
ўрѕе	 3
гр	 3
рѕ░рї	 3
«рЅй_	 3
Ѕ▓_	 3
Ђрѕѕр	 3
єріќ	 3
▒ріЋ	 3
▒ріЋ_	 3
арїБ	 3
арѕГ_	 3
ЅЁ_	 3
Грѕ▓р	 3
ир	 3
ІЇрЅ░	 3
ІџрѕЁ	 3
ріљрѕ	 3
ѕі	 3
рѕЕ	 3
Ѕ▒р	 3
Ії	 3
іњрЅ	 3
брІФ	 3
ѕЂрѕѕ	 3
│ріЋ	 3
аріФр	 3
іарѕѕ	 3
рЅдрЅ	 3
▓_	 3
І│рІ	 3
арѕѕ	 3
ЮріГ	 3
_рЅдр	 3
ІФрѕѕ	 3
іЋрІ▓	 3
ІФрі	 3
хрѕІ	 3
ирѕ	 3
▓рѕх_	 3
рІЇрЇ	 3
їАр	 3
ЅерѕГ	 3
ѕЮріГ	 3
Іеріб	 3
ѕЂрЅ	 3
рІџрѕ	 3
іЊрІ	 3
ЇњрІ	 3
іФрЅ	 3
фрІ	 3
ѕГріФ	 3
«рѕЮ	 3
арѕІр	 3
рѕі	 3
їрѕГ	 3
ѕГрѕ▓	 3
ЊрІГр	 3
їрѕГ_	 3
рі«р	 3
ѕрІ░	 3
/	 3
ѕЂрЅх	 3
іГріЋ	 3
ерѕєр	 3
їБрѕ	 3
ѕѕрѕЏ	 3
ѕір	 3
рЅдр	 3
іњрЅе	 3
хрѕІр	 3
ѕрѕЏ	 3
рІЋр	 3
▒рѕЮ	 3
рѕЮрѕ	 3
ѕЕ	 3
Грѕ▓	 3
ІЇрЇб	 3
_рЅБр	 3
ерЅх	 3
Ђрѕ	 3
ЋрІ▓р	 3
џрѕЁ	 3
_рѕєр	 3
їІрѕ	 3
Ѕђрї	 3
ІЇрѕЇ	 3
њрІЇ	 3
І▓рѕх	 3
Ѕ░рѕЏ	 3
јрЅх	 3
_рїѕ	 3
ЇріЊ_	 3
ЇріЊ	 3
І░_	 3
ФрІЇр	 3
ФрЅ│	 3
рЅцр	 3
Брѕѕ	 3
рІ░_	 3
Ћрі	 3
рІ│рІ	 3
рѕЁр	 3
ерЅЁр	 3
рѕІрѕ	 3
Еріњр	 3
ЮріГр	 3
?_	 3
Іхрі	 3
ІЋрІх	 3
и	 3
ѕхрЅх	 3
Їрѕ│р	 3
рЇЅр	 3
рїБрѕ	 3
іћ	 3
_рІЕ	 3
ІЕріњ	 3
ѕІрѕ	 3
ЅђріЋ	 3
рїАр	 3
ѕхрІ	 3
▒рѕ	 3
іљрѕ	 3
ЮрЇњр	 3
рѕХ	 3
І_	 3
ерЅЁ	 3
ѕрЅх_	 3
_рѕє	 3
Іерѕє	 3
_рІїр	 3
ї│р	 3
рЅЁ_	 3
йріЋ_	 3
ГріФр	 3
ѕХ	 3
«рЅйр	 3
Іїрѕ	 3
ѕџрІФ	 3
ђріЋ	 3
ЅарІх	 3
рі«рѕ	 3
рІерІ	 3
Іџрѕ	 3
јрЅй_	 3
єріЉ_	 3
_рѕЂ	 3
Ѕ░ріЏ	 3
ЊрІГ	 3
рЅд	 3
ЦрІ	 3
іФрЅ│	 3
ЇЅ	 3
ѕЮрЇњ	 3
рѕф	 3
дрЅ│	 3
ѕЇрѕ	 3
їБрѕЮ	 3
ріЋрі	 3
рѕхрІ	 3
рЅАр	 3
іЮр	 3
ЅАр	 3
ріњрЅ	 3
ѕЂрѕ	 3
ерѕє	 3
рЇњрІ	 3
ІЋр	 3
рЇЅ	 3
ѕєріќ	 3
рІїр	 3
ІІрѕЇ	 3
јрЅх_	 3
ЅБрѕѕ	 3
рѕ│рѕ	 3
ЇріЮ	 3
ѕ▓рЅ▓	 3
▒рѕЮ_	 3
░ріЏ	 3
/р	 3
г_	 3
іЏ_	 3
ерѕх	 3
рѕЂрѕ	 3
іћ_	 3
ћ	 3
їі	 3
і«рѕ	 3
рЇњ	 3
ІЋ	 3
хрЅх	 3
рІЋрІ	 3
рЇЅрЅ	 3
ѕЮрѕ	 3
ЅдрЅ	 3
Х_	 3
і«	 3
ѕјрѕ	 3
рІ░рІ	 3
іЮрЅ	 3
рІї	 3
цр	 3
арѕѕр	 3
рїБрЅ	 3
џрѕЁ_	 3
ЋрІ▓	 3
ріЮр	 3
рІЋ	 3
ЇЅрЅ	 3
іерЅ░	 3
аріФ	 3
арЅђр	 3
ЦрѕГ_	 3
ЇњрІЇ	 3
арѕІ	 3
ріФрЅ	 3
рІхрі	 3
ЅХ_	 3
Ѕдр	 3
Ѕцр	 3
ІЇрЇ	 3
ЇЅр	 3
_рІЋр	 3
Їрѕ│	 3
ї│	 3
ріЮрЅ	 3
рЅбрІ	 3
ЅЦрѕГ	 3
рѕір	 3
рї│р	 3
Ѕарї	 3
░рѕЏ	 3
њрІЇр	 3
ЅарїБ	 3
)	 3
ѕ░рІ	 3
ирѕЇ	 3
хрІФ_	 3
ІЋрІ	 3
рѕЇрѕ	 3
і«рѕЮ	 3
_рІЕр	 3
Њрѕ	 3
рі«	 3
арїБр	 3
ѕХр	 3
ІїрѕГ	 3
Фрѕѕ	 3
_рїѕр	 3
рЅарї	 3
ріћ_	 3
░_	 3
▒рі	 3
▓рЅ▓_	 3
░рІІр	 3
Ђрѕѕ	 3
БрѕЮ	 3
рІФрі	 3
рѕерЅ	 3
іЋрі	 3
рѕѕрі	 3
ерЇЇ	 3
ЅдрЅ│	 3
њрЅер	 3
рЇњр	 3
ІерІ	 3
БрЅИр	 3
їЦ	 3
▓рЅ	 3
░рІІ	 3
▓рЅ▓	 3
_рЅд	 3
ирѕЇр	 3
ЇрѕЇр	 3
ѕерЅ	 3
ЅбрІ	 3
љрІЇ_	 3
рїЦ	 3
рЅХ_	 3
рѕгр	 3
ѕ│рі	 3
ЮрЇњ	 3
Еріњ	 3
рЅ│рІ	 3
░рЅ	 3
іерІ	 3
Юрѕ	 3
І░рІ	 3
рїі	 3
ћ_	 3
рЅ▓_	 3
рѕЂрЅ	 3
Ѕ░рѕГ	 3
_рІЋ	 3
_рЅб	 3
і«р	 3
Їњр	 3
Ѕд	 3
ѕ▓рЅ	 3
рѕјрѕ	 3
ўрѕер	 3
ріерІ	 3
дрЅ│_	 3
_рІї	 3
ріарЅ	 3
іарЅ	 3
рї│	 3
_рЅБ	 3
?	 3
ѓр	 3
ц_	 3
арїЇр	 3
ЇЅрЅх	 3
еріб	 3
рїЦ_	 3
рѕ░рІ	 3
Брѕѕр	 3
арЅђ	 3
БрѕЮ_	 3
ѕрЅх	 3
ЦріЊ	 3
ерібр	 3
ѕхрЅ│	 2
_рѕХ	 2
Ѕ▒ріЋ	 2
ѕарѕФ	 2
єріЋр	 2
рѕФрІ	 2
ріФрІ	 2
▓рѕ░	 2
ѕрІФ	 2
ѕўрѕЦ	 2
ї┐рѕ	 2
Гріљ	 2
јрѕЮ	 2
_Фріа	 2
(рѕ	 2
ІЇ?_	 2
_рѕЏр	 2
ѕрѕЂр	 2
іљрѕх	 2
Їј	 2
ѕљрІ	 2
ЋрІўр	 2
ѕріЋр	 2
ЁрѕГ	 2
ЁрѕЂ	 2
ЅЦрѕФ	 2
хрІ░	 2
_рѕХр	 2
ўрЅЦ	 2
Ѕ▓рі	 2
_рЅхр	 2
ЮрЇб	 2
ўрѕє	 2
_рѕЏ	 2
Гріќр	 2
ѕгрІ│	 2
рід	 2
бріЋр	 2
їЇрі	 2
▓рі	 2
рЇјр	 2
ѕфрІ	 2
ѕўрїа	 2
рІЏ	 2
ЋрЅ▓	 2
ЁрЅ	 2
їір	 2
хрЅ│р	 2
ІГрі	 2
рѕфрІ	 2
Їц	 2
ЇЋрѕ«	 2
іерІџ	 2
іЋрїЇ	 2
ѕџрѕ	 2
ѓрІ	 2
хрѕЏр	 2
ЇрЅЁ	 2
_рІЇр	 2
ІѕрІ	 2
ѕрїА	 2
рїѓ	 2
црЅх	 2
ерѕЇ	 2
ѕЮрЇб	 2
ЕріЊр	 2
іФрІЇ	 2
єріќ_	 2
ѕГріЋ	 2
Іѕрї	 2
рїЇрі	 2
ГрѕЁ	 2
рІГрІ	 2
ђрїБр	 2
ЅйрѕЮ	 2
рІѕрЅ	 2
Грѕ▒	 2
ерІџр	 2
ерІЕ	 2
іЊрѕЇ	 2
І«рЅй	 2
рІЕ_	 2
ІФрЅХ	 2
іЋрЅ▓	 2
ФрЅХ	 2
Ѕ│рЅИ	 2
ріері	 2
ГрІў	 2
_рЇЋ	 2
ѕєріљ	 2
ерѕѕ	 2
арѕљ	 2
арѕФ	 2
іаріФ	 2
рѕг_	 2
рЇц	 2
_рѕЦр	 2
ФрІГ	 2
ЮрЅ░	 2
єріЋ	 2
рІЇ?	 2
рїір	 2
ѕјрѕЮ	 2
ерѕхр	 2
ѕГрІ	 2
Ѕ░рїѕ	 2
ѕрЇЅр	 2
ўріФ	 2
Грї	 2
іќрЅх	 2
їѕрЅ	 2
ѕўріќ	 2
ЇЇрЅ░	 2
грІ│р	 2
љрѕх	 2
љрѕе	 2
ђрѕ	 2
ері«р	 2
ерЅх_	 2
Їрѕх	 2
рѕўрІ	 2
ІерѕЦ	 2
ГрЅЦ	 2
ўрѕѕр	 2
рЅ░рї	 2
/рЅцр	 2
ѕХрЇЇ	 2
рІ▓рЇ	 2
ерѕЦ	 2
ѕЈ	 2
┐	 2
ѕўрѕє	 2
Ўр	 2
ѕгрІ	 2
Гріљр	 2
┤рЅ	 2
_Ф	 2
ЕрЅ	 2
ўрїѕр	 2
іГрѕ▒	 2
ІЕ_	 2
ѕЏрІ	 2
ѕрІх	 2
│рЅИ	 2
І▓рѕ░	 2
І▓рЇЋ	 2
_рІЇ	 2
Ѕарѕљ	 2
ЇріЮр	 2
ЅЃрі	 2
ЋрІх_	 2
їЇріЮ	 2
ѕўріФ	 2
ЮрЇб_	 2
ІЊ	 2
рї┐р	 2
ѕріар	 2
рІ░рЅ	 2
┐р	 2
░рѕ░	 2
Ѕи	 2
х/рЅц	 2
рІІ_	 2
рѕЈ	 2
ІхрѕЏ	 2
ЇЃ	 2
_(рѕ	 2
▒_	 2
ѕЇрЅх	 2
арѕЏр	 2
аріГр	 2
ѕѕрІѕ	 2
ѕхрі	 2
їЇрѕФ	 2
рІГрі	 2
ІрІЇ	 2
ІўрІЇ	 2
ГрЇц_	 2
ѕљрѕ	 2
рѕљрІ	 2
рЅ┤рЅ	 2
ѕх╗_	 2
хрѕЮ	 2
ГрЅх	 2
ЅхрѕГ	 2
рЅцрЅ	 2
ЅђрїБ	 2
арЅХ_	 2
ѕѕріа	 2
рѕЕр	 2
рѕјрЅ	 2
їѕрІх	 2
ї┐	 2
ќрЅХ	 2
ѕріа	 2
ѕѕрѕЂ	 2
йрѕЮ	 2
брІФр	 2
ЮріЋ	 2
ерѕѕр	 2
арѕер	 2
рЇЃ	 2
ІЕріЊ	 2
Гріќ	 2
_рѕљр	 2
ѕѕрЇЅ	 2
рѕГрІ	 2
ѕЏ_	 2
ЏрІ	 2
_рѕЦ	 2
ЅцрЅх	 2
ѕ░рїБ	 2
хрѕЇ	 2
ѕўрІ	 2
(р	 2
хрѕ«р	 2
ІГрІў	 2
йрѕЮ_	 2
рїАрЅ	 2
рЅирѕ	 2
Ѕ░рї	 2
арѕљр	 2
ѕрІ░_	 2
хрЅ│	 2
ўріќр	 2
ЇрѕФ	 2
Ѕ░рІІ	 2
рЅђрІ	 2
рѕгрІ	 2
ГрЇб	 2
іГрѕГ	 2
ІГрЅх	 2
ібріЋ	 2
рІ│рѕ	 2
їАрЅх	 2
рІ░рі	 2
ЅЦрі	 2
ѕѕрЅх	 2
іЋрІў	 2
БрІ«р	 2
ірЅ	 2
ѕхрЅђ	 2
ріФрі	 2
іарІх	 2
іері	 2
ї┐р	 2
Ѓрі	 2
ХрЇЇ	 2
_ріГ	 2
/рЅ	 2
х╗	 2
ѕєріЋ	 2
ѕрѕЂ	 2
ѕјрЅх	 2
Ѕарѕў	 2
хрЅђ	 2
іЦрІ	 2
ѕљрѕе	 2
ѕрЅ░р	 2
ѕІрІ«	 2
ЇрѕЮ	 2
рїарЅ	 2
ЋрІ│р	 2
іЮрЅ░	 2
Ѕх/	 2
А_	 2
црЅ	 2
ГрѕГ	 2
рЅх/р	 2
/рЅц	 2
црЅх_	 2
ѕрІх_	 2
ю	 2
їѕрі	 2
іарЅХ	 2
«рЅ╣	 2
ЋріЊ_	 2
ІЊр	 2
░ріЋр	 2
_рЅЦр	 2
љрѕер	 2
ѕЎр	 2
_(р	 2
ЅЁрѕГ	 2
хрЅ┤	 2
арѕў	 2
ГрІўр	 2
іЋрІ│	 2
І«рЅ╣	 2
іЕ	 2
ѕ│ріЋ	 2
ід	 2
ері«	 2
ѕрІѕ	 2
іФрі	 2
ѕЮріЋ	 2
ѕріЋ	 2
грІ	 2
рї┐рѕ	 2
ІЏ	 2
І░рѕў	 2
_рѕ░р	 2
х/р	 2
Ѕерѕх	 2
_рЅй	 2
ІІ_	 2
(	 2
▓ріЋ	 2
ЇЋрѕј	 2
ї┐рѕЇ	 2
ѕФрІ	 2
арЅХ	 2
ѕГрЅЦ	 2
ЅарІ▓	 2
їБрІ«	 2
ібріа	 2
ерЅЦр	 2
хріљ	 2
єріљр	 2
ріЕ	 2
ѕљрІЇ	 2
Ў	 2
ўрїар	 2
Ћрѕ«р	 2
▓ріЋр	 2
ФрІј	 2
Црѕер	 2
рѕ▒рѕ	 2
ўріФр	 2
ЋрїЇ	 2
░рїѕр	 2
ѕЏрЅ	 2
Фріе	 2
Ѓрѕ	 2
іерЇ	 2
░рїѕ	 2
хрѕх	 2
Ѕ▓р	 2
ЅарЅђ	 2
ІЇрѕх	 2
_(	 2
ѕрЅЁ	 2
ГрЅхр	 2
ѕГрЇб	 2
_Фрі	 2
Фріар	 2
ѕЇрѕ│	 2
ѕГрЇц	 2
Їјр	 2
ЋрІў	 2
ІѕрІ░	 2
ќрЅх_	 2
_рЅх/	 2
хрѕг	 2
ЅхрІх	 2
рїѕрі	 2
ІѕрЅ	 2
АрЅх_	 2
Ї?_	 2
░рѕЏр	 2
Ѕ▒рі	 2
хрѕх_	 2
їБрІ	 2
ўрїѕ	 2
рЅЃрі	 2
бріЋ	 2
┐рѕ	 2
хрѕ«	 2
ріерЇ	 2
ўрїа	 2
арїЇ_	 2
їѓ	 2
рѕЏрЅ	 2
ѕ▒рѕЮ	 2
ІрЅ	 2
ѕрІѕр	 2
Фріер	 2
БрІ	 2
┤рЅх	 2
ІЇ?	 2
хріљр	 2
┐рѕЇ	 2
рІўрІ	 2
ІѕрЅЁ	 2
░рїБ	 2
рѕџрѕ	 2
І▓рЇ	 2
ІўрІ	 2
│рІІ_	 2
ЅБрЅ	 2
ѕрЅ░	 2
іФріе	 2
Іхрѕг	 2
хрЅђр	 2
ГрЇц	 2
ЅЃрѕ	 2
Црѕе	 2
рЅ▓р	 2
ѕерѕГ	 2
╗р	 2
ІГрѕЁ	 2
І░рі	 2
рї┐	 2
ѕ░рІЇ	 2
Їрї┐	 2
іЋрЅе	 2
│рІЇ	 2
ўрІЇ_	 2
Ј	 2
АрЅх	 2
Арі	 2
хрѕгр	 2
ѕрїАр	 2
їарЅ	 2
_рЅЦ	 2
ўрЇ	 2
Ѕ┤рЅ	 2
ѕфр	 2
│рІЇр	 2
Ћрѕј	 2
ѕх╗	 2
ЅЁрѕЂ	 2
іФрІ	 2
рЇц_	 2
рЅ▒рі	 2
рІЊр	 2
ЅђрІ	 2
Ѕ░рІЇ	 2
Ѕх/р	 2
їБрЅИ	 2
_рЅА	 2
ІрІ«	 2
ѕѕрЅБ	 2
рѕхрі	 2
іерЅх	 2
ЅирѕЇ	 2
рЅАрі	 2
_рѕа	 2
ЊрѕЇ_	 2
Їріљр	 2
іљрЅх	 2
ЮрЅ░р	 2
ўрѕєр	 2
хрѕЏ	 2
_рЅАр	 2
рѕљрѕ	 2
ІѕрїА	 2
Ї?	 2
Їріљ	 2
▓рЇЋ	 2
Ірї	 2
І│рѕ	 2
ЅцрЅ	 2
Іері«	 2
хрІх	 2
ўріќ	 2
іаріГ	 2
ФрЅХр	 2
грІ│	 2
І░рЅ	 2
ѕрЅБр	 2
єріљ	 2
рЅђрѕ	 2
рїѕрЅ	 2
хрѕЇ_	 2
рѕфр	 2
ЋрЅ▓р	 2
іЦріЊ	 2
ЁрѕЂр	 2
ЕріЊ	 2
рІѕрї	 2
ерІџ	 2
ѕхрЅ┤	 2
рѕХрЇ	 2
рІЇ?_	 2
іЋріЊ	 2
Ѕирѕ	 2
ерІЕр	 2
ЋрїЇ_	 2
▓рЇЋр	 2
ІФрІј	 2
рѕЏ_	 2
ўрѕѕ	 2
ѕўрѕѕ	 2
љрЅх	 2
ѕг_	 2
рѕўрЇ	 2
арѕФр	 2
е_	 2
хрІх_	 2
ІерІЕ	 2
_рЅйр	 2
ўрѕЦ	 2
Ёрі	 2
ФрІјр	 2
БрІ«	 2
ЋрЅе	 2
ІхрѕГ	 2
ірІ	 2
ђрІ	 2
ІЇрѕЮ	 2
рЅЃрѕ	 2
ѕЕр	 2
іќ_	 2
_рѕљ	 2
арѕЏ	 2
д_	 2
ѕІрѕЇ	 2
ѕўрїѕ	 2
Ѕарѕе	 2
іерЇЇ	 2
ГрЅ│	 2
рѕ░рѕ	 2
ѕрЅБ	 2
ІрІ«р	 2
рЅи	 2
ЇрѕФр	 2
Ѕир	 2
ерЅЦ	 2
Грѕ▒р	 2
рѕЎ	 2
ІрІЇр	 2
арѕўр	 2
іЊрІГ	 2
рІЊ	 2
Ѕђрѕ	 2
ГрЇб_	 2
Ѕ┤рЅх	 2
рїБрІ	 2
ЋріЊ	 2
«рЅ╣_	 2
ріЊрѕ	 2
ерѕЦр	 2
рЇј	 2
рЅир	 2
Ѕхрѕ«	 2
јрѕЮ_	 2
Фріа	 2
х/рЅ	 2
ІГрІ	 2
ГрѕЮр	 2
ѕрЇЅ	 2
ерѕЇ_	 2
│рІІ	 2
рЅБрЅ	 2
АрЅ	 2
хрІ░р	 2
аріГ	 2
ХрЇ	 2
ГрѕЮ	 2
ЏрЅ	 2
ріќ_	 2
рЅЦрі	 2
ѕерЅЁ	 2
рѕх╗_	 2
ўрѕЦр	 2
░рїБр	 2
рѕЏрІ	 2
_рѕ░	 2
рЇѕрѕ	 2
ќ_	 2
хрЅхр	 2
ЇріЋр	 2
Ћрѕ«	 2
ѕјрЅ	 2
Ѕхрѕх	 2
Їц_	 2
ЦріЊ_	 2
_Фр	 2
бріар	 2
ріЦрІ	 2
ЋрІ│	 2
х/	 2
рІѕрІ	 2
бріа	 2
ѕхрІ░	 2
Ѕх/рЅ	 2
рѕх╗	 2
ѕІрІЇ	 2
іерѕЇ	 2
ГрЅ│р	 2
іЊрѕ	 2
Џрѕх╗	 2
Іерѕѕ	 2
ІхрѕЇ	 2
_рѕар	 2
_рЇЋр	 2
йріЊ	 2
ерѕЮ	 2
╗_	 2
ѕ░рѕ	 2
хрЅ┤р	 2
ѕарѕІ	 2
арѕе	 2
І│рІІ	 2
йріЊ_	 2
ќрЅХр	 2
ЅарѕЏ	 2
Їрї┐р	 2
ѕхрѕІ	 2
ѕ▒рѕ	 2
ѕЎ	 2
іќрЅХ	 2
ЅАрі	 2
ЁрѕГр	 2
Їѕрѕ	 2
ГрѕГр	 2
ќрЅх	 2
ѕХрЇ	 2
┤рЅхр	 2
ЋрЅер	 2
рЅ▓рі	 2
їАрЅ	 2
ЅйріЊ	 2
▓рѕ░р	 2
ХрЇЇр	 2
│рЅИр	 2
х╗_	 2
рЅх/	 2
рѕЎр	 2
Ћрѕјр	 2
_ріГр	 2
░рѕ░р	 2
ѕўрЇ	 2
љрЅх_	 2
ѕЇрї┐	 2
ђрїБ	 2
Ѕ▓ріЋ	 2
┐рѕЇр	 2
ІерЅЦ	 2
Цріћ_	 1
ЇЇрЅ│	 1
Ёрід_	 1
рЇ▒	 1
ФрѕЅ_	 1
ІерЅх	 1
Ѕ░рѕ╣	 1
Х/р	 1
арІГ	 1
ѕф_	 1
ріГрЅ	 1
ѕрІЮ	 1
І░рЅ░	 1
рїГ	 1
аріер	 1
іФрѕ	 1
фрІЇ	 1
░рІџр	 1
ЋрЇ	 1
ЦрѕЁр	 1
ЉрЅх	 1
їДр	 1
ѕ░рІ░	 1
їАрѕ	 1
ЇріГ	 1
Ї▒рЇ	 1
Іерї	 1
ерЅХр	 1
ўрЅЁр	 1
ЇрІЕ	 1
ЎрѕЅр	 1
арі«	 1
ЁрЅх	 1
ЅђрІх	 1
_рЇќр	 1
рІхрї	 1
ќрѕЮ	 1
ГрЅА	 1
ідрі	 1
ЏрІѕр	 1
ѕріЦр	 1
ѕ│ріћ	 1
ЅйрѕІ	 1
▒рЇ╗р	 1
іЋріЋ	 1
_рЅЃ	 1
ЁрЅх_	 1
рЅ╗р	 1
ўрЅ╗р	 1
рѕѓ	 1
ФрІў_	 1
╗рЇ║_	 1
рЇќр	 1
їе	 1
Ю?_	 1
ЂрЇб	 1
ѕЅріЋ	 1
_рїа	 1
ѕрІФр	 1
ЅарЇ	 1
│ріћ	 1
ЏрЅх	 1
ІІрѕЈ	 1
ѕѕрїѕ	 1
ѕЕрѕ	 1
ї│рѕ	 1
їѕрІ░	 1
│рІг_	 1
ЅрЇ	 1
ріЕ_	 1
љрЅ│	 1
_рІХ	 1
ІрѕФ_	 1
Ірѕф_	 1
іЦрѕЁ	 1
Ірѕф	 1
арїѕр	 1
рѕЎрі	 1
њрѕ	 1
ЦрІ│	 1
ІЊрІГ	 1
іГріќ	 1
рѕирѕ	 1
хрѕФ_	 1
ірІФ)	 1
рЇјрі	 1
ріЏр	 1
_рЇѕ	 1
╝р	 1
ГрЅир	 1
ѕрїѕ	 1
Ћрїѕ	 1
ріЕр	 1
ФрІ░	 1
ЮрїЃ_	 1
ѕрѕг_	 1
ЅЦрѕе	 1
ю_	 1
_рѕір	 1
ІФрІГ	 1
ѕѕрЅ░	 1
ѕ░рѕГ	 1
єріЊр	 1
Ѕ│рІГ	 1
Јр	 1
░рЅ░р	 1
рЅхрі	 1
ріЮ?	 1
ріЏрѕ	 1
ЅрІЇ	 1
іГрЇ	 1
│рІГр	 1
Іг	 1
Арѕ	 1
ГрЅй	 1
ерїѕ	 1
ірЅ▒	 1
ерЇј	 1
џрЅБ	 1
│рѕір	 1
рЅ╝	 1
Ѓрѕџ_	 1
ђрї│р	 1
ѕІрї	 1
Юрї	 1
Ёрїар	 1
ѕџрѕѕ	 1
рідрі	 1
ФрѕГ	 1
рЅИрї	 1
јрїѓ	 1
ѕерїЅ	 1
рѕГрї	 1
рѕ▒рі	 1
_ріЋ	 1
ѕўрѕЇ	 1
Ј_	 1
ЅЦрІ│	 1
ѕѓр	 1
ѕІрїі	 1
йрѕјр	 1
ерїѕр	 1
ЃрЇЅр	 1
рЅарЇ	 1
ѕГрІФ	 1
љрЅ│р	 1
І▓рѕє	 1
Ѕ╝р	 1
ФрѕЅ	 1
хрѕГ_	 1
ерІФ_	 1
_рЅ┤	 1
ФрІГ_	 1
ірЇ	 1
Фрѕір	 1
їѓ_	 1
░рЅй	 1
рїер	 1
ХрЅйр	 1
рЅ▒рѕ	 1
░ріФ_	 1
ўрѕх	 1
хрїЦ_	 1
ўрЇѕ	 1
_рѕ▒р	 1
Ѕ░рѕ«	 1
рѕЏрі	 1
рїљрѕ	 1
ЅАріЊ	 1
БрѕЙ	 1
ІўрЅ	 1
рІІрЇ	 1
јрІхр	 1
ѕё_	 1
І░рѕЅ	 1
Ірѕѕр	 1
рІџрІ	 1
Ірїђ	 1
хріќ	 1
ѕЏріЮ	 1
ЅЃрѕџ	 1
І░рЅЦ	 1
рЅЂрЅ	 1
ѕўріф	 1
рІўрѕ	 1
іарІЇ	 1
ѕірІ	 1
аріЦ	 1
ІјрЅх	 1
рЅ╝р	 1
хрїѕр	 1
ЎрѕЅ	 1
рѕхрЇ	 1
ЅхріЊ	 1
ЃріЮ	 1
«рѕ░р	 1
ѓрІФ_	 1
░рІФ	 1
рїе	 1
ІхрЅ	 1
ерѕх_	 1
їарѕ	 1
рїђрЅ	 1
ІФріЋ	 1
ЅЃріЊ	 1
ѕхрІІ	 1
љрѕІ	 1
јрѕГр	 1
ѕерІЇ	 1
ЂріЉ_	 1
ІФрѕЅ	 1
╗рЅ╣р	 1
џрЅ	 1
јрі	 1
ЅЦрЅ	 1
Ѕ▒рѕ	 1
ѕЏрІѕ	 1
ЅарІЊ	 1
ерЅХ	 1
рЅ╝рІ	 1
їѕрЅЦ	 1
ЅЂр	 1
їГ	 1
ЏрІІр	 1
ѕї	 1
хрІІ	 1
рїЅ	 1
ѕЇрїД	 1
ўрѕФ	 1
ЇЊрЅх	 1
арЇ	 1
ѕјрїѓ	 1
ѕерЇ	 1
ідр	 1
ЅарЇЃ	 1
ѕирѕЇ	 1
_рѕ│р	 1
рїерѕ	 1
рїИрѕ	 1
ІІрЅ	 1
ѕўрЅђ	 1
арі«р	 1
ріЮ?_	 1
░рѕ«	 1
рѕЈр	 1
рІ│рі	 1
ЁріЋ_	 1
ІерІЏ	 1
ѕЮрѕ«	 1
іЋрЅЦ	 1
ЇЃрЇЅ	 1
ѕѕрЅє	 1
Цріер	 1
Фрѕхр	 1
ЉрЅ	 1
ІІрЅЦ	 1
ѕ░рѕ░	 1
ѕхрЅЦ	 1
ЅцрІ	 1
арЅ░	 1
рѕБр	 1
ІГрЅй	 1
ѕѕрѕЦ	 1
ђрІ░р	 1
рїљр	 1
░рІ░р	 1
ѕЎрѕ	 1
ѕхрЅи	 1
ѕ▒рІ│	 1
ѕрѕхр	 1
ІўрїІ	 1
ерїГр	 1
ІФрІ░	 1
ѕрїѕр	 1
іњрІФ	 1
│рѕІ	 1
Џрѕг	 1
_рѕі	 1
іаріе	 1
фрІФ	 1
ЅріЋ_	 1
їѕрѕг	 1
хрІФр	 1
ќрѕјр	 1
БрЅй	 1
Їрѕј	 1
љрІџ	 1
ѕЏрЇ	 1
ўрЅ╗	 1
ѕрѕІ	 1
рЅѓрІ	 1
ЋрЅх	 1
░ріљ	 1
рѕ░рі	 1
Х/рѕГ	 1
рЅЂр	 1
рѕЅрЅ	 1
ЅарЅЁ	 1
ід_	 1
ќрѕј	 1
рЅ┤рі	 1
ерІЏр	 1
їІрї	 1
Іўрї	 1
ѕх)_	 1
Іњр	 1
ію_	 1
ЇѕрЅ	 1
ІФрІѕ	 1
арЅ┤р	 1
хрЅЦ	 1
Ї▓р	 1
ріЋрѕ	 1
│рІ░р	 1
рІерЇ	 1
Ѕ│рі	 1
їђ	 1
ЅѓрІФ	 1
▒рІ	 1
рїЅр	 1
Ѕ░ріФ	 1
їІрїђ	 1
рЇ║	 1
ЇрїД	 1
ЇЁрід	 1
ЙрЅ╣	 1
Ѕ░рѕЎ	 1
ѕрЅєр	 1
ЊрЅх	 1
Ѕ╗	 1
_рїі	 1
ѕрЅЁр	 1
хрЅи	 1
ЇрѕГ_	 1
│рї│р	 1
ђріљр	 1
ѕЅрІ	 1
ѕірІФ	 1
јрѕх_	 1
ІЇрїБ	 1
хрѕѕр	 1
ІрЇЁр	 1
ѕріЦ	 1
_рЅЃр	 1
І░рѕГ	 1
јрЅйр	 1
рѕѓрѕ	 1
рѕи	 1
арІ░	 1
рІюрІ	 1
Ѕ┤рІ	 1
ріфр	 1
ѕЏрѕГ	 1
ЅБріЋ	 1
хріЊ	 1
БрЅйр	 1
аріљр	 1
(рѕ│	 1
ѕѕрѕ│	 1
арЅЃ	 1
Ірѕјр	 1
Ѕ░рІФ	 1
рЇ▓р	 1
│ріњр	 1
Ѕ░рІѕ	 1
рЇд_	 1
Ѕбрѕє	 1
арЇЃр	 1
Грѕх	 1
рЇЃрЇ	 1
ѕЏрІІ	 1
ЮрѕГ	 1
ФрѕФр	 1
/рѕГ_	 1
ЅЂрЅ	 1
ріф	 1
хрѕў	 1
ђрїѕр	 1
рЅЂ	 1
їѓрІј	 1
ІЇрѕи	 1
╣рі	 1
ІхрЅ░	 1
ђрї│	 1
іќрѕЮ	 1
ѕрІІ	 1
ЅБрѕЙ	 1
ФрѕЮ_	 1
ѕЕрЅх	 1
│рѕі	 1
ЇЊ	 1
рѕхрї	 1
їірІ	 1
│рЅбр	 1
ірІФ	 1
ѕрІФ_	 1
Їрѕх)	 1
│рЅх_	 1
љ_	 1
ІГріљ	 1
ЇЃрЇ	 1
хрѕўр	 1
__	 1
рІЊрІ	 1
їЇрЅ	 1
Ёрѕг	 1
Ї╗рЇ║	 1
ЏрѕЇр	 1
ѕрѕЦр	 1
рїЇрЅ	 1
хрЇѕ	 1
_(рѕ│	 1
рїГрі	 1
ріфрі	 1
Їѕрї	 1
љрЅ▒р	 1
Ѕ░ріЋ	 1
рѕЅрІ	 1
рѕЈрѕ	 1
Ѕєр	 1
ЃрЇ	 1
Ѕ▒рѕЮ	 1
рѕЁрѕ	 1
їі_	 1
Ї▓	 1
Ѕ░рІ│	 1
арЇЃ	 1
ѕЙрЅ	 1
ірІюр	 1
х)	 1
іЦрѕе	 1
ѕГрЅА	 1
ЏрЅх_	 1
рѕерЇ	 1
ІФрѕх	 1
рїІрї	 1
ЅЃріЮ	 1
ѕЙрЅ╣	 1
ѕрѕе_	 1
ЇрїІ	 1
іЋрЅЁ	 1
ЁріЋ	 1
ЋрІ░_	 1
ірЅђр	 1
_рѕђ	 1
ФрІФ	 1
рїђр	 1
БрЅЦ_	 1
_рїір	 1
іљрЅ│	 1
ірЇјр	 1
Ѕ░рЅ	 1
ѕеріе	 1
ѕрЇЊ	 1
рѕџрЅ	 1
ѕІрЅ	 1
ўрѕ«р	 1
ѕ«рѕ░	 1
њрѕхр	 1
Фрѕх	 1
рЇ╗рЇ	 1
ё_	 1
ІрѕФ	 1
фріЊ	 1
іњрѕх	 1
іЋрѕЮ	 1
Іўрѕ	 1
рѕ╣_	 1
Ѕ│рІЇ	 1
ўріЋ	 1
Грїѕр	 1
╣ріЊ	 1
І│рѕІ	 1
ФрѕФ	 1
іЉрЅх	 1
ГрІњ	 1
ѕЈр	 1
ФрѕЁ	 1
ѕ│рІј	 1
ІФрЅЦ	 1
ІѕрѕГ	 1
єріЊ	 1
╝	 1
хрѕЮр	 1
Ѕарі«	 1
љрЅ▒	 1
їѕріЏ	 1
ЦрІФр	 1
ѕўрЅ╗	 1
ѕФрІГ	 1
╝рІ	 1
ЇѕрѕФ	 1
_рѕ│	 1
ЅарѕІ	 1
ўрЅђр	 1
рїДр	 1
ѕрѕх	 1
_рІХ/	 1
іќрѕГ	 1
ѕџ_	 1
ЮріЋ_	 1
рѕ▒_	 1
хрїЦ	 1
арІе	 1
ЃріЊ	 1
«рїЇр	 1
Ї╗р	 1
рЇ║_	 1
ерїЅ	 1
рЅєр	 1
ерїЅр	 1
рѕ│рЅ	 1
░рІѕр	 1
ѕ│рЅб	 1
ѕрІЮр	 1
арѕџр	 1
ѕгрЇ	 1
рїірЅ	 1
арІЇр	 1
ГрІФр	 1
ѕрѕГ_	 1
љрѕІр	 1
іЋрѕ	 1
Гріњр	 1
ЕрѕЇр	 1
рѕ«рѕ	 1
іЦрѕГ	 1
_рїЇ	 1
ІерЅѓ	 1
ерЅа	 1
іф	 1
рЅЁрї	 1
ФрІЇ_	 1
ђрІ░	 1
Ѕ▒_	 1
Ѓрѕѕ	 1
ѕи	 1
Црѕѕр	 1
ѕрѕ░р	 1
їД	 1
іЮ?_	 1
Ѕбрѕ	 1
еріЦ	 1
ѕЁрѕ	 1
ерѕер	 1
ѕЎрі	 1
дрі	 1
ЕрЅх_	 1
ЮрЅХ	 1
ѕрЅЃр	 1
їљрѕІ	 1
БріЋр	 1
ІеріЦ	 1
арѕЮр	 1
брѕє	 1
ЅБрѕЅ	 1
їИ	 1
арѕЮ	 1
ріњрІ	 1
іЕрЅБ	 1
йрѕЈ	 1
│рЅх	 1
ЇрѕЏр	 1
ерѕе	 1
іЕ_	 1
ѕхріљ	 1
арІЊ	 1
їфр	 1
ІюрІЇ	 1
Ірі	 1
ЅЁрѕг	 1
Грѕё	 1
ІЮр	 1
Ѕ░рЅй	 1
ѕрѕг	 1
ѕЇрїІ	 1
БрѕЅ	 1
ўрѕа	 1
їарІ	 1
іарЅА	 1
јрІх	 1
ЇЃр	 1
рІўрЅ	 1
їарІе	 1
ѕірЇ	 1
І│рІ░	 1
Џрѕг_	 1
│рЅц_	 1
їИрѕ	 1
ІХ/р	 1
ЅрІЇр	 1
іГрЅ	 1
ѕЂрЇб	 1
ђріљ	 1
ѕрѕ▒_	 1
рІхрЅ	 1
йріЋр	 1
ўрѕБ	 1
ЇрїЁ	 1
ќрѕГр	 1
ІњрЅ▒	 1
ЇрЅЂр	 1
ўрѕФ_	 1
ѕїрѕІ	 1
рѕх)_	 1
йрїЇр	 1
ріљ_	 1
ѕхрѕФ	 1
(рѕх	 1
ѓрѕ	 1
ФрІў	 1
Ѕ│рЅй	 1
іФрѕі	 1
рІХ/р	 1
_рЅ│р	 1
░ріљр	 1
арІГр	 1
ГрЅйр	 1
ўріфр	 1
ѕ▒рІ	 1
ЃріЮр	 1
еріер	 1
ЅА_	 1
Фрѕі	 1
ФрЅ▒р	 1
рІФ)	 1
_рѕ▓р	 1
ЇѕрїИ	 1
ЁрѕЇ	 1
Дрѕ	 1
ѕЏрѕЏ	 1
Фрѕў	 1
ГріЋ_	 1
ѕўрїЦ	 1
іќрѕј	 1
ЮрЅ╝р	 1
ѕФрЅй	 1
рѕЕ_	 1
рЇ▒р	 1
ѕЁрѕЇ	 1
ѕЙ	 1
ЇѕрЅ░	 1
Іеріљ	 1
йрѕЈр	 1
ѕир	 1
рїфрІ	 1
ѕ│рѕЇ	 1
їБрЅй	 1
рїГр	 1
іЕр	 1
_рЇ▓	 1
ЅєрЅ	 1
_ріе_	 1
ріЮ_	 1
Ф)_	 1
рїА_	 1
Іў_	 1
рЅ▒_	 1
їГрі	 1
рЅѓр	 1
ѕўрѕФ	 1
Їрѕи	 1
ерїГ	 1
ЦрІФ	 1
│рЅб	 1
БрЅЦ	 1
іЮ?	 1
Іхріљ	 1
хріЋ	 1
Ўрѕ	 1
рѕЕрѕ	 1
рІЊрѕ	 1
│рѕЏ_	 1
ерѕІр	 1
ѕ▓рЇѕ	 1
│рѕ│р	 1
ЦрЅ	 1
┤ріГ	 1
Ірїі_	 1
іљрІџ	 1
ѕФрѕе	 1
ЇрІЕ_	 1
іарїѕ	 1
ГріЕ	 1
рѕірІ	 1
Їрію	 1
рЅ│рѕ	 1
їГріљ	 1
іЉр	 1
їфрІЇ	 1
рЇЁрі	 1
рІЮрЅ	 1
рЅЦрІ	 1
їЁ	 1
ѕрїИр	 1
іљрЇ	 1
ѕ│рѕ│	 1
░рїА	 1
Аріљ_	 1
ѕГ)_	 1
рід_	 1
І│ріЋ	 1
џрІЇ	 1
_ріЕр	 1
хрїЇр	 1
ѕ▒рі	 1
ЦрІ│р	 1
Їѕрі	 1
ЇрІ	 1
ЅЁрЅх	 1
ЋрѕЮ	 1
арЅА	 1
ѕрѕ▒	 1
ІЇрѕ│	 1
ђрѕЮ_	 1
ЇріЮ?	 1
рЇЊ	 1
ўрЅЁ	 1
хрЅИ	 1
рїИр	 1
ІџрІ	 1
іќрѕЕ	 1
юрІ	 1
хрЇ	 1
│рЅй	 1
Ѕхрі	 1
_рѕе	 1
ідріЋ	 1
рІў_	 1
ўрЅар	 1
ѕџрѕЇ	 1
ѕерѕх	 1
_рѕѓр	 1
ѕЇрІ	 1
рїарѕ	 1
њрѕх	 1
рѕё_	 1
арІЇ	 1
_ріЕ	 1
ІХ/рѕ	 1
ЂрЇ	 1
арѕџ	 1
рІФрї	 1
љрЇЃ_	 1
▓рѕХ	 1
АрѕЇ	 1
▒рІ│	 1
ўрѕБр	 1
їѓрІ	 1
арѕЕр	 1
ѕѕрІІ	 1
«рѕ░	 1
ЇЇрЅЁ	 1
ЇрїБ	 1
ѕрЅє	 1
їЇрЅБ	 1
Ї╗рЇ	 1
рѕХрЅ	 1
ЏрѕЏр	 1
│рЅйр	 1
Ї║_	 1
ФрЅИ	 1
ѕірЅ	 1
ГрЅЦр	 1
ФрѕГр	 1
ѕрІІр	 1
_рїе	 1
ѕе_	 1
Црѕѕ	 1
ІГрїѕ	 1
ірЅђ	 1
ЅрЇб	 1
ѕЏрЅх	 1
ГрЅА_	 1
ерѕЏр	 1
рѕї	 1
рЇЊрЅ	 1
ЊрІЇ	 1
ўрїЦ	 1
ЋріЋ	 1
јрѕГ	 1
ІФрѕЇ	 1
ѕГрѕх	 1
ЦріЊр	 1
џрѕЇ	 1
їѓр	 1
АрІ	 1
ЦрІЇ	 1
░рѕГ)	 1
ѕЈрѕ	 1
ДрѕЇ	 1
ЇјрѕГ	 1
ІрЅИ	 1
ѕЕ_	 1
ІерїГ	 1
Їрѕјр	 1
ЦрЅ░	 1
ўріЋр	 1
ГрЇЇр	 1
ўріф	 1
ўріер	 1
ФрЅЦ	 1
░рѕЎ	 1
Ї▒рЇ╗	 1
њрЅ▒р	 1
І░рІЇ	 1
▓рЇѕр	 1
ЊрЅхр	 1
џрѕѕ	 1
йрѕІр	 1
ђрЅ	 1
ерѕЏ	 1
ЅАрІ	 1
ІФрѕЁ	 1
┤рІјр	 1
_рїЇр	 1
ѕрЅЃ	 1
ЏрІІ	 1
Ї▒р	 1
іЮ_	 1
Ѕђрѕў	 1
рІІрЅ	 1
ЅЦрЅ░	 1
Ірѕј	 1
рідр	 1
ІюрІ	 1
хрѕФ	 1
љрѕ│р	 1
░рІ░	 1
ѕѕрЇб	 1
іЋрїѓ	 1
ўрѕар	 1
Ѕ╗рЅ╣	 1
єріќр	 1
ЏріЮ_	 1
ФрІФр	 1
рѕБ	 1
ѓрІј	 1
ѕЮрїЃ	 1
рІњр	 1
Їрію_	 1
рїЁ_	 1
ЇЁрі	 1
брѕ	 1
ЅрІ	 1
░рЅЦр	 1
рѕБрѕ	 1
ўрЅЦр	 1
ЏрЇѕ	 1
ФрЅхр	 1
Грѕў	 1
рїД	 1
ЇрѕЇ_	 1
ќрЅй_	 1
_рІЊ	 1
ѕђ	 1
хріЋ_	 1
ЇріГр	 1
ЮріЋр	 1
Ѕйрѕј	 1
_рѕер	 1
ІФрїљ	 1
│рІјр	 1
ІФрѕГ	 1
ЅАріљ	 1
ІЇрїф	 1
рЇќрѕ	 1
їЁ_	 1
Ерѕ	 1
еріЦр	 1
їІрѕф	 1
їерѕЮ	 1
рїЁ	 1
рѕЮрї	 1
іерѕІ	 1
░рѕЎр	 1
ѕўрѕ░	 1
ЇрЅБ	 1
ѕ░рі	 1
еріЊ	 1
ерЅѓр	 1
ўрѕ«	 1
Фріљр	 1
ѕўріЋ	 1
Ѕђрї│	 1
ѕЂрі	 1
ЅаріЦ	 1
Іріе	 1
ўрѕГ_	 1
ФрЅйр	 1
ГрІФ	 1
іЋрїѕ	 1
_рЇ▓р	 1
Юрѕ«	 1
ѕрѕЦ	 1
рѕЅрі	 1
їарЅђ	 1
ѕрЅЦ	 1
рЅбрѕ	 1
ѕўрЅа	 1
ЅБрЅИ	 1
Ѕйрї	 1
рѕІ_	 1
ЃрЇЅ	 1
ФрІГр	 1
Грѕё_	 1
ѕјрї	 1
љрЇЃ	 1
ГріЕ_	 1
рЇЊр	 1
ЇѕрѕІ	 1
рїЅрЅ	 1
ѕЮрї	 1
ѕ╣	 1
ЊрЅ	 1
брІФ_	 1
┤ріГр	 1
їЅр	 1
арѕар	 1
ЇрѕЮр	 1
ѕФрЅИ	 1
ГрІњр	 1
│рѕх	 1
Црѕ▒р	 1
рїђ	 1
_рЇѕр	 1
░рІѕ	 1
▒рІ│р	 1
ІЊрІ	 1
рІЏ_	 1
Ирѕ	 1
ѕЅрі	 1
фрі	 1
ІГрї	 1
ѕЇріљ	 1
І▓рѕХ	 1
рЅѓ	 1
ѕЁрЅ│	 1
х)_	 1
ію	 1
їѕріЋ	 1
Х/	 1
Ѕ░рІГ	 1
ГрѕЁр	 1
їЅрЅ	 1
ІІрѕѕ	 1
ерѕІ	 1
ѕѕріЦ	 1
Др	 1
рѕГ)_	 1
іњрІ	 1
фрІФр	 1
Брѕфр	 1
Ѕѓр	 1
рЇЃ_	 1
_рїІр	 1
ѕІрЅИ	 1
ѕерЅХ	 1
рЇќ	 1
їЅ	 1
ерѕЮ_	 1
рѕјрї	 1
їѕрЅх	 1
џрІЇр	 1
ЋріЋ_	 1
ѓрІФ	 1
арІЊр	 1
ѕрІЇ_	 1
їѕрІФ	 1
арїѕ	 1
ѕІ_	 1
ІГрЅ│	 1
ѕЎрѕЅ	 1
хрЅцр	 1
ФрІЕ	 1
Ѕ░рѕ░	 1
юрІЇ	 1
їИр	 1
ЕрЅБ	 1
хрїЇ	 1
хрЇѕр	 1
рѕѓр	 1
їА_	 1
ѕЇрѕЏ	 1
ђрЅ│	 1
ѕФрІЇ	 1
│рѕх_	 1
Їрѕир	 1
ерІФ	 1
│рѕІр	 1
рѕџ_	 1
ЅЦрІ	 1
Ї║	 1
ЇјріЋ	 1
ќрѕхр	 1
_рїер	 1
Фрѕер	 1
Йр	 1
░рїАр	 1
ўрїІ	 1
░рѕЮ	 1
рЇѕрі	 1
ѕјрѕх	 1
ўрѕЇ	 1
арѕЇр	 1
ѕЇрїѕ	 1
рЅ╣рі	 1
Ѕ╗рЅ	 1
░ріЋ_	 1
▓рЇѕ	 1
Цріћ	 1
ІЊрѕЇ	 1
ІрЅЦ	 1
Їрїфр	 1
ѕЂріЉ	 1
ЎріЋр	 1
║	 1
џрѕѕр	 1
грЇд_	 1
ќрѕЮ_	 1
ѕўрІЇ	 1
џрѕЇ_	 1
рѕІрї	 1
рѕЅрЇ	 1
Ію	 1
ГріГ	 1
ѕ▓рЇ	 1
ѕфрІФ	 1
Їд_	 1
јрѕх	 1
іарІФ	 1
ѕ«рѕ	 1
_рЅ┤р	 1
ѕѕрї	 1
їерѕ	 1
ЃріЊ_	 1
ќрѕЕ	 1
њрЅ▒	 1
Љр	 1
ІІрЇ	 1
ѕ░ріЋ	 1
ўрїЦ_	 1
ЕрЅБр	 1
Џрі	 1
ўрѕГ	 1
ѕЇрІЕ	 1
ѕрѕ│р	 1
ѕѕрѕЇ	 1
І│рѕѕ	 1
рѕГ)	 1
ЮрЅХ_	 1
Фріљ	 1
ѕўрІў	 1
╗рЅ╣	 1
ѕђрїѕ	 1
Х/рѕ	 1
арѕЕ	 1
љрѕ│	 1
ЇрЅЁр	 1
ріе_	 1
Іхрїѕ	 1
іљ_	 1
Їќр	 1
Грѕх_	 1
ФрѕЁр	 1
ЇЃ_	 1
ѕЮрѕГ	 1
іљрЅ▒	 1
Ю?	 1
ФрІ░р	 1
Џрѕфр	 1
рІЏрѕ	 1
ф_	 1
╣р	 1
«_	 1
Фрѕе	 1
Ѕ│рѕЏ	 1
ѕрЇб_	 1
ЁрЅ│	 1
іФ_	 1
рѕх)	 1
_рѕ▒	 1
│рѕЇ	 1
ѕирѕ	 1
ЅарІ░	 1
ЏріЮ	 1
ѕХрЅ	 1
ѕўрЇЇ	 1
ЋрЅЁ	 1
ѕХрЅ╣	 1
ўрЅЦ_	 1
іЉрЅ	 1
ЇрїА	 1
їірЅ	 1
рЅхрї	 1
їђрЅ│	 1
рЅАрІ	 1
ірЅ▒_	 1
ЅЁрЅ	 1
хріЊ_	 1
ЇѕріЋ	 1
рЅєрЅ	 1
рїДрѕ	 1
ђрІх	 1
ГріГр	 1
ЏрѕГ	 1
│рІј	 1
ФрЅй	 1
Юрѕх	 1
рѕ«_	 1
▒рЇ	 1
ѕѕрѕє	 1
рЇЁр	 1
ІрѕЈ_	 1
ѕЁрЅ	 1
јріЋ	 1
БрѕЅр	 1
рѕе_	 1
Ѕ╣р	 1
ЅцрІЏ	 1
ѓ_	 1
ІГріќ	 1
ѕЏрЇѕ	 1
рѕері	 1
ѕБ	 1
аріљ	 1
ФрІѕр	 1
ѕЈ_	 1
ІЇрїЦ	 1
Юрід	 1
џрЅБр	 1
арЅЁ	 1
рѕѕрї	 1
ѕБр	 1
іГрЇЇ	 1
░ріФ	 1
ѕЮрід	 1
ІЊрѕ	 1
іЦрІЇ	 1
їљ	 1
рѕђрї	 1
ѕріЏр	 1
рї│рІ	 1
ѕрІ░р	 1
ЇрЅБр	 1
│рІГ	 1
рІ│рЅ	 1
ЈрѕЇр	 1
ї│рї	 1
ѕхріе	 1
ЏрѕГ_	 1
ЅЁрї	 1
ІЇріљ	 1
┤рІј	 1
ѕўрѕх	 1
░рІџ	 1
хрѕѕ	 1
іЦрІФ	 1
ірІю	 1
ўрІўр	 1
ѕїрѕ	 1
рЅБрі	 1
Ѕ╣ріЊ	 1
рѕЁрі	 1
_рѕЎр	 1
ѕѕрѕ▒	 1
хрїѕ	 1
ѕ╣_	 1
рІГрї	 1
░рѕ╣	 1
ѕЂрЇ	 1
рїљ	 1
ѕўрѕа	 1
Ѕ╝рІ	 1
ІХ/	 1
ѕГрѕЮ	 1
░рѕѕ	 1
рѕІрЅ	 1
ѕІрѕЅ	 1
рЅє	 1
ЇрїЦ_	 1
ЦрІЇр	 1
ІрЅИр	 1
▓рѕєр	 1
ЙрЅ	 1
Іріер	 1
ЇЁ	 1
ѓрІјр	 1
│ріњ	 1
ўрѕЇр	 1
Ѕѓ	 1
ѕрЇб	 1
ЋрЅх_	 1
░рЅйр	 1
ЅАрІх	 1
ІФрІў	 1
іЏрѕЇ	 1
арЅЃр	 1
ІерЇ	 1
┤рІ	 1
ѕрѕе	 1
░рѕЅр	 1
ѕЇріЮ	 1
Їд	 1
ѕрѕЇ_	 1
Ірѕѕ	 1
ѕўрЇѕ	 1
рѕЙ	 1
ерЇјр	 1
ќрѕГ	 1
ЋрЅЦр	 1
ѕЮрѕх	 1
рІФ)_	 1
ўрІў	 1
ўрѕхр	 1
ѕері	 1
арІФр	 1
ѕїр	 1
њрІФ_	 1
ўрѕЏ	 1
рѕЕрЅ	 1
іЦрѕ▒	 1
ЅѓрІ	 1
ѕФрѕЕ	 1
іГрЅи	 1
ўрЇЇ	 1
ўрѕ░р	 1
іЋрЅх	 1
ГрЅи	 1
І░ріљ	 1
ѕ«_	 1
ѕЎріЋ	 1
ФрѕЮ	 1
їарѕГ	 1
Фрїљ	 1
рЅцрІ	 1
їфрІ	 1
рЅА_	 1
Ірїі	 1
їЇрѕГ	 1
рѕерІ	 1
ќрѕЕ_	 1
рѕир	 1
ѕѕрІФ	 1
рЅЁрЅ	 1
/рѕГ	 1
ІЏ_	 1
ЅйрїЇ	 1
Іхрѕў	 1
ІерЇј	 1
ЏрѕЏ	 1
(рѕхр	 1
рѕЙрЅ	 1
ѕрїИ	 1
Ћрїѓр	 1
░рѕ╣_	 1
╣ріЊ_	 1
Гріњ	 1
і_	 1
ФрѕЕр	 1
ѕрѕєр	 1
ІхріЋ	 1
рѕЙр	 1
ѕ│рІ	 1
рѕЈ_	 1
ўріе	 1
ўрЇѕр	 1
▒рЇ╗	 1
ІхрѕЮ	 1
рѕЂрЇ	 1
рЇјрѕ	 1
љрѕх_	 1
іеріа	 1
ЅаріФ	 1
Грѕєр	 1
ђрѕЮ	 1
АріЊ	 1
ЦрѕЁ	 1
ђрѕў	 1
йрѕј	 1
ѕЇрЅ░	 1
ЏрЇ	 1
ФрѕЇр	 1
АрІхр	 1
рѕЏрЇ	 1
рЇЁ	 1
ЅЦріе	 1
їѕрѕе	 1
ЅБрЅЦ	 1
ЂріЉ	 1
ѕрѕє	 1
Ѕ┤ріГ	 1
ІФрІФ	 1
░рѕѕр	 1
ї│рІ	 1
ерЅар	 1
Їрѕхр	 1
ІЏрѕ	 1
ЦрЅ░р	 1
ЇрїЦ	 1
їф	 1
ІФ)	 1
рѕЇрІ	 1
ерѕЮр	 1
БрѕЙр	 1
арѕа	 1
ѕрѕГ	 1
│рІ░	 1
ѕрЇЊр	 1
рЇд	 1
ЏрѕЇ	 1
ѕФрѕФ	 1
ўрЅа	 1
ѕ▒_	 1
ИрѕЮ	 1
єрЅй_	 1
│рї│	 1
єрЅ	 1
рѕ│рІ	 1
ЮрѕГр	 1
рїАрѕ	 1
Ѕц_	 1
ерІЇ?	 1
ѕєріЊ	 1
рЅц_	 1
_рѕї	 1
ріГрЇ	 1
Ѕ╣рі	 1
рІю	 1
їѕрІЮ	 1
ЅхрїЇ	 1
ЇрїБр	 1
Јрѕ	 1
_ріЋр	 1
Аріљ	 1
іљрѕ│	 1
ќрѕФр	 1
рѕ╣	 1
ІрѕЈ	 1
рІЮр	 1
ѕГріЕ	 1
ї│рѕх	 1
Їјрѕ	 1
ІрЅЦ_	 1
Фріћ	 1
_рѕѓ	 1
ѕѕрЅЃ	 1
іЮрЅ╝	 1
ѕЅрЅ	 1
(рѕ│р	 1
рІг_	 1
іЊрІЇ	 1
љрІЇ?	 1
Ї╗	 1
ђрѕўр	 1
хріќр	 1
ѕЅрЇб	 1
ўрїІр	 1
ЅарѕЕ	 1
іе_	 1
Ѕрі	 1
ІЇрїА	 1
БріЋ	 1
ѕГріГ	 1
ѕхрѕѕ	 1
Г)	 1
Юрѕхр	 1
_рѕЎ	 1
фрІјр	 1
ѕріЏ	 1
ѕЕрѕЇ	 1
рїѓрІ	 1
ЋрЅЦ	 1
рЅ│рі	 1
_рѕ▓	 1
Ирї	 1
░рІ│	 1
іфріЊ	 1
_рЇЇр	 1
ЇрѕГ	 1
Ѕ│ріњ	 1
ерІЇ	 1
љрЇ	 1
ЅріЋ	 1
ІФріћ	 1
ЦрѕГр	 1
ѕ«рїЇ	 1
Ўрі	 1
рІЏр	 1
іарІГ	 1
ІџрІФ	 1
Ѕ_	 1
рѕїрѕ	 1
ђрЅ│р	 1
Ѕарѕџ	 1
ФріЋ	 1
іерѕЏ	 1
ѕџрЅБ	 1
іЏрѕ	 1
ѕўрЅЁ	 1
│рѕѕ	 1
Іњ	 1
ѕЇріГ	 1
јріЋр	 1
іфрі	 1
рЅ╣р	 1
Ёрѕгр	 1
їрѕІ_	 1
ЇрїІр	 1
ѕџрІЇ	 1
ІЮ	 1
єрЅй	 1
І│рі	 1
іЏр	 1
ЅИрїІ	 1
ЏрЅЃ	 1
Ѕє	 1
Цріе	 1
ѕ│рЅ	 1
ќрЅй	 1
арѕЂр	 1
ГрЅЦ_	 1
Ї▒	 1
ЏрЅЃр	 1
рїфр	 1
ІХ	 1
І│рЅц	 1
їДрѕЇ	 1
Ђрі	 1
ЅђрѕЮ	 1
хрЅИр	 1
ѕІрі	 1
ріФ_	 1
рѕгрЇ	 1
јрІ	 1
ѕГрЅ│	 1
ѕўрѕЏ	 1
░рІ│р	 1
▓рЇ▒р	 1
ѕўрѕ«	 1
ѕѕрЇЊ	 1
Їрїф	 1
Ѕ╗р	 1
рѕ▒рІ	 1
рѕё	 1
ЮрЅ╝	 1
ЅЁрїа	 1
ЅйрѕЈ	 1
░рѕ«р	 1
црІЏ_	 1
фрІЇ_	 1
Ѕ╝рІІ	 1
АрѕЇр	 1
хріер	 1
ЇрЅЁ_	 1
Ѕђріљ	 1
ѕІріе	 1
ЇЊрЅ	 1
рЇѕрЅ	 1
црІ	 1
░рЅ░	 1
ІјрІх	 1
ё	 1
ѕрѕІр	 1
фрІј	 1
ЅЂрЅх	 1
ђрїѕ	 1
ДрѕЇр	 1
рІХ	 1
іЋрЇб	 1
рію_	 1
ѕхрї	 1
рЅйрї	 1
_рІЊр	 1
ІјрІ	 1
ѕѓрѕх	 1
їер	 1
ріФрѕ	 1
ФрІЕ_	 1
іќрЅй	 1
рЇ▓рЇ	 1
│рѕЏ	 1
рЇ╗р	 1
Ѕ╝	 1
ХрЅ╣_	 1
іљрЇЃ	 1
рІг	 1
ѕхрЇ	 1
арЅ┤	 1
ўрѕЏр	 1
ІЇрію	 1
Ћрїѕр	 1
ѕѓрѕ	 1
рї│рѕ	 1
ХрЅ╣	 1
їірЅ▒	 1
Грѕє	 1
Їрїѕр	 1
│рї	 1
рЅ╗рЅ	 1
іерІФ	 1
ЋрЅЁ_	 1
єріЉр	 1
Џрѕф	 1
їђрЅ	 1
ЅєрЅй	 1
ерЅѓ	 1
аріе	 1
░рѕЏ_	 1
ЅарЅ┤	 1
Грїі	 1
їДрѕ	 1
Ірїђр	 1
Юрѕ«_	 1
_рЇЇ	 1
рІњрЅ	 1
ІІрЇЁ	 1
Ѕарѕх	 1
│рѕЇ_	 1
ѕрѕ░	 1
╝рІІ	 1
рїірІ	 1
ѕЏрЅЃ	 1
ЙрЅ╣_	 1
ріЉрЅ	 1
рію	 1
іерѕе	 1
арІ░р	 1
рѕїр	 1
│рІг	 1
іќрѕФ	 1
ѕерїѕ	 1
їЇрѕЇ	 1
рЅ╗	 1
ЎріЋ	 1
Ѕ│рѕ	 1
юр	 1
Й	 1
░рЅЦ	 1
І░рІџ	 1
їІрѕФ	 1
фріЊ_	 1
ІГрѕє	 1
Ѕ│рІг	 1
/рѕ	 1
ІГрѕё	 1
ФрЅЦр	 1
рѕірЇ	 1
ріњрѕ	 1
дріЋ	 1
╝рІІр	 1
ѕўрЅЦ	 1
Іг_	 1
еріЊр	 1
їђр	 1
ўрЅђ	 1
Ёрїа	 1
грЇд	 1
рїарІ	 1
Ѕхрї	 1
ГрЇЇ	 1
Їќрѕ	 1
рѕЅ_	 1
їГр	 1
ІњрЅ	 1
ЊрІЇр	 1
ІрЇ	 1
╗рЇ║	 1
еріе	 1
ѓрѕх_	 1
▓рѕХр	 1
рЅ░рЅ	 1
хріе	 1
ѕхрЅц	 1
ѕрЅЦр	 1
_рїІ	 1
Грѕўр	 1
брѕєр	 1
╗рЅ	 1
Ї▓рЇ▒	 1
ѕфрІј	 1
ѕБрѕф	 1
░рІФр	 1
љрѕхр	 1
ЈрѕЇ	 1
ѕхрЅИ	 1
ѕЁріЋ	 1
ѕГрІњ	 1
Юрідр	 1
_рїар	 1
ѕЙр	 1
еріљ	 1
њрІФ	 1
ІерЅа	 1
Фрїљр	 1
Ї▓рЇ	 1
Фріћ_	 1
ЇрЅ│	 1
ІФрї	 1
Брі	 1
ІЏр	 1
▓рѕє	 1
йрѕІ	 1
ИрїІ	 1
рѕ▓рЇ	 1
Ѕ│рЅх	 1
юрІЇ_	 1
ЇЁр	 1
хрЅц	 1
І░рІІ	 1
Ёрї	 1
ќрѕФ	 1
іЋрЇ	 1
йрїЇ	 1
│ріћ_	 1
јрї	 1
Ёрід	 1
џ_	 1
рІЮ	 1
ІЮрЅХ	 1
ІЇрѕј	 1
Ћрїѓ	 1
їљр	 1
ЇрїА_	 1
ѕрЅЁ_	 1
ЋрЇб_	 1
ќрѕх	 1
іфр	 1
ФрЅИр	 1
грЇ	 1
ѕерІ	 1
ФрІѕ	 1
_рЅ│	 1
Їрїѕ	 1
хрЅЦр	 1
Іхріќ	 1
їљрѕ	 1
хрЅир	 1
ЅЃрѕѕ	 1
ѕерѕЮ	 1
Грїір	 1
ѕЅрЅх	 1
ЋрЇб	 1
ріЉр	 1
░рІГ	 1
іерЅЁ	 1
ѕгрЇд	 1
ЂрЇб_	 1
ѕерЇЇ	 1
ў_	 1
ЇрїЁ_	 1
_рї│р	 1
ІФрІЕ	 1
ѕЅрЇ	 1
ерЅхр	 1
рїф	 1
рїѓр	 1
«рїЇ	 1
іњрѕ	 1
ЇрЅЂ	 1
░рѕЮ_	 1
їрѕІ	 1
ѕЇріЋ	 1
ІрѕЅ	 1
ІГрѕЮ	 1
ђрІхр	 1
ЕрѕЇ	 1
їарЅЃ	 1
ЏрІѕ	 1
Іѕрѕ░	 1
ЏрЇѕр	 1
рІњ	 1
рѕЁрЅ	 1
ѕЈрѕЇ	 1
ѕх)	 1
ѕхрѕГ	 1
ѕё	 1
рІўрї	 1
дріЋ_	 1
рї│рї	 1
ІўрѕГ	 1
ІГрѕў	 1
ѓрѕх	 1
Ѕ┤рі	 1
рЇ▓	 1
рїѓ_	 1
ѕхрїЦ	 1
іарѕЮ	 1
рѕ«рї	 1
ЇрїДр	 1
ІрѕЅр	 1
Брѕф	 1
ўрЇЇр	 1
_рѕїр	 1
ірЇј	 1
ЉрЅх_	 1
Їќрѕх	 1
ЅЦріЊ	 1
ЅБрі	 1
арЅАр	 1
рЇ▒рЇ	 1
ФрѕЕ	 1
рІюр	 1
ЅрЇб_	 1
ЅхрѕІ	 1
ўрІЇр	 1
ѕЇрЅЁ	 1
ѕГріњ	 1
ѕџрЅ	 1
Г)_	 1
ФрѕЇ	 1
┤рі	 1
Їќ	 1
ѕФрѕў	 1
Їјрі	 1
рїі_	 1
йрї	 1
│рѕѕр	 1
Црѕ▒	 1
рѕђ	 1
АрІх	 1
ѕѓ	 1
їАрѕЇ	 1
еріљр	 1
│рѕ│	 1
іарѕЂ	 1
ІФрѕЮ	 1
║_	 1
ИрїІр	 1
ѕЁрі	 1
рѕірЅ	 1
арЅЁр	 1
ЊрѕЇр	 1
ЅарЅ░	 1
рЅ┤рІ	 1
ЇрЅ│р	 1
рЅЦрЅ	 1
ріљрЇ	 1
_(рѕх	 1
јрїѓ_	 1
ЁрЅ│р	 1
АріЊ_	 1
рѕф_	 1
ѕўрѕБ	 1
ЮрїЃ	 1
їЅрЅх	 1
Ф)	 1
Фрї	 1
ІФ)_	 1
їІрѕј	 1
Ѓрѕѕр	 1
ѕЇрїЁ	 1
ѕхрѕЮ	 1
ІўрЅЦ	 1
ІФрІЇ	 1
рЇ╗	 1
ЅЂ	 1
░рІГр	 1
╗рЇ	 1
рЇЃр	 1
Іюр	 1
ѕЅ_	 1
│рЅц	 1
ріЕрЅ	 1
ЋрѕЮ_	 1
црІЏ	 1
ІЏрѕг	 1
І░рѕЮ	 1
ўрѕ░	 1
ЇЊр	 1
ї│рІЇ	 1
ІЇрЅЂ	 1
ІЮрЅ	 1
Ѕ┤рІј	 1
Ѕ░рѕѕ	 1
ѕГ)	 1
ѕђрї	 1
ЇрѕЏ	 1
рѕІрі	 1
ѕрѕ│	 1
_рЇќ	 1
арѕЂ	 1
ЅарѕЇ	 1
ФріЋ_	 1
Ѕаріљ	 1
арЅ░р	 1
ерІЏ	 1
ІрЇЁ	 1
Ѓрѕџ	 1
рІХ/	 1
ЅИрї	 1
ѕ│рѕі	 1
Д	 1
І│рЅ	 1
ѕЏрѕф	 1
_рѕђр	 1
ЁрѕЇ_	 1
ЅЦрѕѕ	 1
▓рЇ▒	 1
ѕ▒ріЋ	 1
ѕЅрІЇ	 1
їИрѕЮ	 1
░рѕЅ	 1
іЕрЅ	 1
аріЦр	 1
ѕ«рї	 1
арѕЇ	 1
І░ріЋ	 1
рѕЂрі	 1
ЕрЅх	 1
ѕЏрі	 1
рѕђр	 1
іарѕа	 1
ѕГрїі	 1
Фрѕўр	 1
хрѕЮ_	 1
рЇѕрї	 1
ѕђр	 1
ѕўріе	 1
ѕхрЇѕ	 1
рІерї	 1
ЅђрІ░	 1
їірІю	 1
ѕірЇј	 1
рѕЎрѕ	 1
ФрЅ▒	 1
ІФрЅ▒	 1
љрІџр	 1
рїИ	 1
Іѕрѕх	 1
ИрѕЮ_	 1
ѕЕрЅ	 1
ГрѕЁ_	 1
іеріЊ	 1
ѕірЅђ	 1
ІФріљ	 1
хрІІр	 1
ѕБрѕ	 1
арІФ	 1
ЇрѕЮ_	 1
ї│рї│	 1
хрЅх_	 1
ріЋрЇ	 1
Грїѕ	 1
арІер	 1
Іхрї	 1
ѕ░рїА	 1
_рї│	 1
іЦріћ	 1
рІјрІ	 1
ѕГрї	 1
