_	 1250
'	 360
a	 318
k	 294
t	 293
n	 289
e	 236
ë	 222
h	 215
u	 191
y	 187
s	 183
w	 171
ö	 156
'_	 148
_n	 125
.	 98
i	 90
._	 85
ô	 82
e_	 77
e'	 76
ne	 73
_k	 72
a'	 71
"	 65
wa	 64
u'	 64
_ne	 61
á	 60
_t	 58
kw	 56
é	 54
ê	 54
N	 53
e'_	 53
_h	 51
hu	 50
í	 48
ë'	 47
nö	 47
at	 46
yu	 43
ne_	 43
_u	 43
_ne_	 42
ak	 42
ha	 41
't	 41
kh	 41
wë	 39
_ë	 39
ta	 38
_N	 38
hs	 38
ö'	 37
ka	 35
ën	 34
te	 34
_"	 33
s_	 33
th	 32
æ	 30
ny	 30
'.	 30
ú	 29
ö_	 29
"_	 29
Ne'	 28
_w	 28
'._	 28
Ne	 28
_.	 27
t_	 27
ty	 27
Ne'_	 27
kë	 27
ya	 27
ô_	 26
yu'	 26
ni	 26
_._	 26
wën	 25
khu	 25
,	 25
'k	 25
öt	 25
ní	 25
_Ne'	 24
_Ne	 24
íy	 24
ët	 24
-	 23
_wa	 23
u'_	 23
_kh	 23
yë	 23
_khu	 23
_Ne'_	 23
kwa	 23
ye	 22
ë'_	 22
ae	 21
nö'	 21
aw	 21
ek	 21
u_	 21
ne'	 21
,_	 21
hu_	 21
ne'_	 20
un	 20
ës	 20
sa	 20
?	 20
i'	 19
as	 19
në	 19
yö	 19
níy	 19
ëk	 19
sh	 19
iy	 19
_hu	 18
ê_	 18
'ö	 18
ts	 18
ku	 18
_a	 18
ë_	 18
ëh	 18
's	 18
íyu	 18
kê	 18
khu_	 18
â	 18
ëní	 17
'ë	 17
íyu'	 17
níyu'	 17
ák	 17
té	 17
níyu	 17
wëníy	 17
_ne'	 17
wëní	 17
ëníy	 17
ut	 17
ëníyu	 17
na	 16
_te	 16
awë	 16
yu'_	 16
_ha	 16
_kë	 16
_khu_	 16
u't	 16
të	 16
_ne'_	 16
_s	 16
wa'	 16
si	 16
nô	 16
st	 16
T	 16
_na	 16
us	 16
ke	 15
_"N	 15
ae_	 15
an	 15
ah	 15
ôk	 15
n-	 15
wá	 15
"N	 15
êt	 15
ôt	 15
ëhs	 14
_un	 14
_ka	 14
hô	 14
i_	 14
ay	 14
yô	 14
_n-	 14
a't	 14
én	 14
án	 13
awën	 13
tê	 13
tö	 13
't_	 13
kës	 13
he	 13
K	 13
awëní	 13
â_	 13
ta'	 13
'ö_	 13
tak	 12
yô_	 12
we	 12
-a	 12
æ'	 12
íyu'_	 12
?"_	 12
sy	 12
ënö	 12
ey	 12
ik	 12
në_	 12
akw	 12
ht	 12
yá	 12
_ëk	 12
?"	 12
a_	 12
ék	 12
ëë	 12
tw	 12
_K	 11
."_	 11
_ni	 11
wé	 11
."	 11
ha'	 11
_nae	 11
nae	 11
hö	 11
ui	 11
hsa	 11
niy	 11
ök	 11
sat	 11
ikê	 10
_ëhs	 10
öh	 10
huik	 10
sk	 10
tk	 10
uikê	 10
kê_	 10
ên	 10
ya'	 10
_kës	 10
wö	 10
ö'_	 10
hô_	 10
uw	 10
ti	 10
u'k	 10
uikê_	 10
_sh	 10
uik	 10
_ëh	 10
ikê_	 10
wat	 10
te'	 10
a'_	 10
k_	 10
_T	 10
s.	 10
ës_	 10
ææ	 10
_huik	 10
hui	 10
ô'	 10
uk	 10
_hui	 10
huikê	 10
ún	 10
',	 9
é'	 9
hsat	 9
sn	 9
yê	 9
_ta	 9
ai	 9
kës_	 9
kæ	 9
Ka	 9
_u'	 9
ekh	 9
'ëë	 9
kö	 9
kææ	 9
aa	 9
-aw	 9
aty	 9
_nae_	 9
eh	 9
nae_	 9
nöt	 9
yë'	 9
ös	 9
kwa'	 8
N-a	 8
nek	 8
N-awë	 8
ths	 8
-awën	 8
hë	 8
?_	 8
_të	 8
si'	 8
twa	 8
unë	 8
se	 8
_N-a	 8
Kan	 8
tey	 8
',_	 8
-awë	 8
kwe	 8
kwë	 8
tá	 8
_ut	 8
he_	 8
wai	 8
N-aw	 8
shô	 8
ka'	 8
wöt	 8
Na	 8
_N-	 8
_ha'	 8
hsi	 8
_wai	 8
_shô	 8
N-	 8
í_	 8
_te'	 8
_ët	 8
unö	 8
_unë	 8
tek	 8
_N-aw	 8
yë'_	 8
öte	 8
ku'	 7
ôt_	 7
_he_	 7
'u't_	 7
ata	 7
kë'	 7
i'_	 7
_shô_	 7
'á	 7
ôn	 7
_wai_	 7
a'k	 7
Nâ_	 7
aö	 7
_he	 7
yêt	 7
'?	 7
u'tê	 7
á_	 7
ëö	 7
shô_	 7
u't_	 7
_hë	 7
ai_	 7
H	 7
_u'k	 7
ëy	 7
öë	 7
_y	 7
a'u't	 7
á'	 7
_ts	 7
ya't	 7
'u't	 7
a'u	 7
'u	 7
_Ka	 7
ææ'	 7
niyu	 7
wi	 7
s._	 7
ust	 7
wá_	 7
hah	 7
nya	 7
S	 7
ëka	 7
iyu	 7
_uk	 7
tsi	 7
êth	 7
_kw	 7
kn	 7
ö's	 7
_unë_	 7
'h	 7
kwé	 7
Nâ	 7
_kës_	 7
yé	 7
kwá	 7
unë_	 7
'tê	 7
wai_	 7
æ'_	 7
ahs	 7
a'u'	 7
wë'	 7
'u'	 7
kææ'	 6
ë'ë	 6
ô'_	 6
ön	 6
yêth	 6
Nae	 6
ë'.	 6
a'ö	 6
ye'	 6
i'._	 6
hk	 6
eka	 6
anö	 6
hahs	 6
kö_	 6
i'.	 6
nâ	 6
tekh	 6
Nae_	 6
ëts	 6
ötekh	 6
uy	 6
_khu.	 6
ênô	 6
ë'._	 6
_Ta	 6
_Ta_	 6
wa'_	 6
nê	 6
tyu	 6
_niy	 6
sö	 6
aya'	 6
_ak	 6
'ëë'	 6
ötek	 6
"T	 6
ënöt	 6
kwá_	 6
k.	 6
hu.	 6
úw	 6
Ta	 6
té'	 6
nâ_	 6
_"T	 6
ëë'	 6
íw	 6
was	 6
_Kan	 6
nöte	 6
_wa'	 6
aya	 6
_nâ	 6
ás	 6
khu.	 6
_nâ_	 6
ky	 6
_haw	 6
ká	 6
yat	 6
yus	 6
nyu	 6
aya't	 6
'n	 6
haw	 6
kô	 6
u.	 6
hkw	 6
Ta_	 6
yén	 6
ëhsa	 5
kôt_	 5
ás_	 5
_ha't	 5
kë'_	 5
nê_	 5
kôt	 5
atênô	 5
)_	 5
sth	 5
_aa	 5
öët	 5
'ák	 5
aë'	 5
hawë	 5
seh	 5
kay	 5
'?"_	 5
öëtsa	 5
_waë'	 5
tye	 5
hu'	 5
ëth	 5
téyô	 5
tênôt	 5
_kê	 5
yöët	 5
"Nâ	 5
_H	 5
_nê_	 5
anyu'	 5
kak	 5
aë	 5
'?"	 5
a'ák	 5
wa'ák	 5
eya	 5
unö'	 5
éyô_	 5
atê	 5
akwa	 5
anyu	 5
any	 5
_na'	 5
wán	 5
tên	 5
és	 5
_nö'	 5
kat	 5
ënöte	 5
téyô_	 5
hën	 5
(_	 5
skw	 5
et	 5
hawën	 5
ö'ëë	 5
ösk	 5
thu	 5
_(_	 5
tsa	 5
_tak	 5
éy	 5
uty	 5
_nê	 5
_wa'á	 5
téy	 5
ôw	 5
nö'ë	 5
aha	 5
has	 5
ëths	 5
nöh	 5
aku	 5
ö'ë	 5
thö	 5
_ty	 5
ki	 5
_"Nâ	 5
hsi'	 5
a'á	 5
ôkwe	 5
ha't	 5
nôté'	 5
ki'	 5
u'.	 5
'ke	 5
_)_	 5
ênôt	 5
yán	 5
aô	 5
tênô	 5
hta	 5
wék	 5
_hawë	 5
_na'u	 5
_waë	 5
nö'ëë	 5
yöë	 5
eyë	 5
sé	 5
akn	 5
wí	 5
"Nâ_	 5
wënö	 5
we'	 5
ôkw	 5
_)	 5
öëts	 5
nyu'	 5
_ëka	 5
hahsi	 5
éyô	 5
-ú	 5
_n-ú	 5
(	 5
n-ú	 5
ênôté	 5
atên	 5
a'ö_	 5
nôté	 5
na'	 5
_(	 5
'téyô	 5
waë	 5
na'u	 5
ahsi	 5
sate	 5
ôté	 5
yöëts	 5
hak	 5
'téy	 5
ôk_	 5
nôt	 5
wak	 5
nu	 5
ëtsa	 5
'té	 5
ath	 5
æk	 5
)	 5
ôté'	 5
_nö	 5
wa'á	 5
öw	 5
ény	 5
_hën	 5
úny	 5
waë'	 5
na'u'	 5
yu't	 5
ate	 5
hé	 5
ew	 5
ahsi'	 5
yú	 5
a's	 5
_"Nâ_	 5
_ti_	 4
_hënö	 4
_n-a	 4
_niyu	 4
ëtá	 4
iyu'	 4
Tú	 4
as_	 4
áw	 4
e'n	 4
hkwa	 4
i't	 4
ökh	 4
ö.	 4
te'n	 4
"Ne'	 4
ké	 4
ææ'ëë	 4
waty	 4
_Kany	 4
ëkat	 4
_ëhsy	 4
ánö	 4
kwa'_	 4
tay	 4
tö_	 4
W	 4
'ki	 4
hsy	 4
ëht	 4
öô	 4
kwe_	 4
á'_	 4
khahs	 4
_kêt	 4
yewë	 4
iyu't	 4
_tey	 4
atk	 4
yewën	 4
të'	 4
hu._	 4
kú	 4
ake	 4
huw	 4
knya	 4
u._	 4
_takæ	 4
'kw	 4
_"Tú	 4
ewë	 4
'ë_	 4
nyá	 4
_"Ne	 4
tyut	 4
akwék	 4
öö	 4
hse	 4
sí	 4
_ku	 4
öôk	 4
u'._	 4
"S	 4
ë'ö	 4
akæ	 4
k."	 4
khu._	 4
hat	 4
ë'ë_	 4
_kay	 4
hsate	 4
ö'ö	 4
_Nae	 4
_ëkí	 4
hi	 4
si'_	 4
-ún	 4
öhs	 4
nö'_	 4
twat	 4
_Nae_	 4
nyu'_	 4
yew	 4
êthö	 4
"Na	 4
ëwö	 4
_kë'	 4
ô'.	 4
êtö	 4
tô	 4
kus	 4
kny	 4
_unö	 4
kêtö	 4
aknya	 4
ëhsy	 4
e',	 4
ôkwe_	 4
Kanyu	 4
tyë	 4
_u'ki	 4
kha	 4
usth	 4
nyat	 4
a'a	 4
'a	 4
yët	 4
k."_	 4
ékö	 4
hsi'_	 4
nös	 4
khah	 4
_ëkat	 4
öôk_	 4
ö?	 4
nösk	 4
ëkí	 4
akny	 4
ô'._	 4
kwékö	 4
hkwa'	 4
kêtö_	 4
'ôw	 4
_Na	 4
_n-ún	 4
yu'tê	 4
yêthö	 4
_"Ne'	 4
takææ	 4
,"_	 4
ëwöt	 4
wékö	 4
akææ'	 4
öskw	 4
hënö	 4
_us	 4
öwö	 4
teyë	 4
_ti	 4
kwék	 4
_kêtö	 4
kt	 4
êtö_	 4
kwa_	 4
nye	 4
yön	 4
kí_	 4
ææ'ë	 4
kí	 4
_Hu	 4
'ha	 4
_"Na	 4
ahat	 4
_ún	 4
n-a	 4
kêt	 4
siy	 4
sny	 4
æ'ëë	 4
aaty	 4
takæ	 4
'ta	 4
_ö	 4
tha	 4
ëtw	 4
we_	 4
ôni	 4
akææ	 4
ti_	 4
n-ún	 4
æ'ëë'	 4
é'_	 4
niyu'	 4
u'ki'	 4
htö	 4
"Tú	 4
kwë'	 4
u'ki	 4
ëw	 4
"Ne	 4
Kany	 4
tí	 4
ékö_	 4
kaha	 4
_ëy	 4
kah	 4
_ëth	 4
kahat	 4
a'ta	 4
_te'n	 4
íwa	 4
nyö	 4
_ëkí_	 4
_"S	 4
wékö_	 4
yak	 4
tö'	 4
Hu	 4
haku	 4
'ö.	 4
"Ne'_	 4
_ú	 4
akwé	 4
ëkí_	 4
_ëths	 4
_ëtw	 4
tu	 4
ewën	 4
'ô	 4
,"	 4
nye'	 4
sa'	 4
kææ'ë	 4
æ'ë	 4
'ki'	 4
_ök	 4
aat	 4
ë'k	 4
en	 4
thu'	 4
ëhsat	 4
tu'	 4
wa_	 4
_kë'_	 4
nötek	 4
snye	 4
ëëk	 4
snye'	 4
ákë	 4
_huw	 4
yut	 4
uwá	 3
_áwën	 3
"Sh	 3
hu'_	 3
nö'sk	 3
uka'	 3
ayë'	 3
í._	 3
a'._	 3
yénôs	 3
nö'ôw	 3
ánë	 3
ëëkwa	 3
_á	 3
öhsat	 3
ëye	 3
é_	 3
khôn	 3
yeë	 3
hae	 3
wén	 3
_tëhs	 3
'tê?"	 3
-ô	 3
ê?	 3
ë'ö_	 3
Túkë	 3
ææ'_	 3
ëkw	 3
was_	 3
ehta	 3
áwë	 3
nô'_	 3
yöh	 3
has.	 3
A	 3
e._	 3
ö'sk	 3
ös_	 3
yatên	 3
eka'	 3
in	 3
tê?"	 3
iák	 3
skwa	 3
ëöt	 3
ê.	 3
sthô_	 3
unô	 3
_tyu	 3
hae'	 3
akwë	 3
atyëë	 3
_"Túk	 3
ték	 3
kaya	 3
_kak	 3
akuy	 3
_S	 3
_uka	 3
yöhsa	 3
ast	 3
út	 3
eht	 3
_teya	 3
waë'.	 3
teyak	 3
_ukwé	 3
ëkwa_	 3
té'_	 3
'ne'_	 3
kwëni	 3
niyus	 3
_ëye	 3
_ye	 3
únyöh	 3
yenö	 3
hy	 3
wakw	 3
_kaya	 3
ki'.	 3
ku'_	 3
wöti	 3
_nö'ô	 3
_"Sha	 3
akek	 3
Ë	 3
ôwë	 3
atku	 3
hsn	 3
ényô	 3
yen	 3
ka'ö	 3
'tu't	 3
saô	 3
satk	 3
-ôkw	 3
ëniyu	 3
hta'	 3
tëhs	 3
te'ne	 3
únyö	 3
'tu'	 3
ukw	 3
Të'ë_	 3
kwén	 3
a'ke	 3
sö'_	 3
a'tu'	 3
e's	 3
uka'ö	 3
'ne'	 3
thô	 3
eæ'	 3
ki'._	 3
u'tê?	 3
'sé	 3
aë'._	 3
thô_	 3
wény	 3
énô	 3
é'.	 3
nök	 3
êthö_	 3
wë'k	 3
tu't	 3
ash	 3
kwe'	 3
satku	 3
akô	 3
wist	 3
kaya'	 3
éni	 3
Wa	 3
ê._	 3
eæ	 3
_yöë	 3
r	 3
nyô	 3
ha'té	 3
í.	 3
öti	 3
nyöhs	 3
úk	 3
kët	 3
is	 3
öht	 3
n-ôk	 3
wëniy	 3
uka	 3
tët	 3
kakw	 3
_uka'	 3
uwánë	 3
eyakn	 3
o	 3
ist	 3
e',_	 3
té'.	 3
ahkw	 3
öth	 3
wënöt	 3
hakuy	 3
s?	 3
au	 3
_yö	 3
Túk	 3
úy	 3
"Túk	 3
hö'	 3
atkus	 3
_akek	 3
ê?"	 3
ëô	 3
_kakw	 3
tê?"_	 3
atyë	 3
asy	 3
hôn	 3
öta	 3
thö_	 3
iyö	 3
tyeë	 3
êthu'	 3
_tén	 3
_ake	 3
e'ne'	 3
ës.	 3
ëhsn	 3
ni'	 3
ukwé	 3
es	 3
_Ku	 3
hôni	 3
_unö'	 3
wánë	 3
a'ákë	 3
únë_	 3
'ö._	 3
ê?"_	 3
aas	 3
tyëëk	 3
ya'tu	 3
yëëk	 3
ôté'.	 3
önyán	 3
tyá	 3
_té	 3
ayë'_	 3
eë	 3
thy	 3
'kú	 3
a'té	 3
yöhs	 3
nyatê	 3
wényô	 3
kuyé	 3
tiy	 3
ékwá	 3
tëh	 3
_n-ô	 3
nya'	 3
nyô_	 3
's_	 3
yakny	 3
ya'ta	 3
uyé	 3
uyénô	 3
ehs	 3
wê	 3
'ki'.	 3
_áw	 3
as.	 3
wakwë	 3
Shak	 3
khô	 3
kye	 3
_twa	 3
hæ	 3
ëëkw	 3
sö'	 3
Sh	 3
'ákë	 3
Të'ë	 3
nôs	 3
khôni	 3
hënöt	 3
_"Sh	 3
'tê?	 3
'ëë'_	 3
öhsa	 3
e'ne	 3
nöskw	 3
öny	 3
ke_	 3
nö'ô	 3
tu'tê	 3
ekhôn	 3
'ákë'	 3
sthô	 3
_aw	 3
akwën	 3
ö?"	 3
nô'	 3
ukwén	 3
'sk	 3
ëë'_	 3
yatê	 3
_kwá	 3
"Sha	 3
a'.	 3
ékw	 3
tê?	 3
it	 3
ö'ôwë	 3
ae'	 3
ákw	 3
nyöh	 3
yakn	 3
önyá	 3
ënök	 3
kakwé	 3
Sha	 3
sa'k	 3
_W	 3
wëni	 3
ä	 3
yust	 3
ö'ô	 3
_kwá_	 3
ö._	 3
ák_	 3
úkë	 3
U	 3
_tsi	 3
itw	 3
kuy	 3
ö?"_	 3
áwënö	 3
kwas	 3
kwény	 3
uwán	 3
yénô	 3
kuyén	 3
tku	 3
ëni	 3
sta	 3
ní_	 3
tén	 3
enö	 3
kwi	 3
Túkës	 3
'tu	 3
iyus	 3
wis	 3
e.	 3
ekhô	 3
'ne	 3
út_	 3
unö'ë	 3
_tëh	 3
n-ô	 3
yö'	 3
itwa	 3
-ôkwe	 3
é'._	 3
atë	 3
iyust	 3
thu'_	 3
sha	 3
'ôwë	 3
_ust	 3
yu'.	 3
ëniy	 3
_tw	 3
ayë	 3
tsi'	 3
sék	 3
a'téy	 3
Të	 3
_ëhsn	 3
ôs	 3
ín	 3
hö_	 3
énôs	 3
khe	 3
ékwá_	 3
'kh	 3
_n-ôk	 3
uyén	 3
nyán	 3
yëëkw	 3
íyu'.	 3
hsatk	 3
aë'.	 3
a'tu	 3
kek	 3
"Shak	 3
únë	 3
ahk	 3
tya	 3
kwat	 3
iá	 3
tú	 3
e'h	 3
êthu	 3
Ku	 3
kwën	 3
akuyé	 3
ákë'	 3
ú_	 3
knyat	 3
_yöët	 3
áwën	 3
-ôk	 3
ee	 3
ényô_	 3
_ukw	 3
tkus	 3
tyëë	 3
nö's	 3
_áwë	 3
ö'ôw	 3
Shaku	 3
n-ôkw	 3
teya	 3
eyak	 3
té'._	 3
ötk	 3
Të'	 3
"Túkë	 3
yák	 3
'y	 3
su	 3
ëkwa	 3
_usth	 3
úkës	 3
yëë	 3
_unô	 2
tkôt	 2
u'kt	 2
utkôt	 2
takwa	 2
ekë	 2
syukæ	 2
u",	 2
ëös_	 2
ta'ë	 2
"Kan	 2
_Ú	 2
ye_	 2
ats	 2
síwak	 2
öwöt	 2
-únyö	 2
tán	 2
yawë	 2
u'yák	 2
te'ís	 2
ëë'?"	 2
_ökye	 2
uwën	 2
stékw	 2
ôká	 2
kás	 2
syön	 2
á'?"_	 2
_utât	 2
ëtsat	 2
nëht	 2
ëëyët	 2
eyës	 2
eehsí	 2
stö?"	 2
ææká	 2
hu."_	 2
ö'ske	 2
êy	 2
k._	 2
htöôk	 2
ôs?_	 2
_Nâ_	 2
kúny	 2
ták	 2
yaô	 2
thyön	 2
niá	 2
ákö_	 2
syët	 2
'kt	 2
teyëö	 2
yákö	 2
táyë	 2
"Nyu"	 2
or	 2
nö'?	 2
niák_	 2
akôt	 2
tö'_	 2
öë'	 2
_íwí	 2
wæ	 2
ánö'	 2
tetw	 2
ökhah	 2
öë'_	 2
s,"_	 2
suwæk	 2
níyô_	 2
ákë'.	 2
_Huy	 2
_ëöth	 2
yawë'	 2
ë't	 2
atyan	 2
nínö	 2
éwa	 2
Na'u'	 2
_Të'ë	 2
_ha'k	 2
yöni	 2
ánöt	 2
stö	 2
uwëní	 2
hsíw	 2
Na'	 2
néwa	 2
ö'ö_	 2
ëtáy	 2
uô'_	 2
tsö	 2
nik	 2
a'seh	 2
k,_	 2
éniy	 2
tö's_	 2
Út	 2
néwa'	 2
yutk	 2
ëtwöt	 2
ë'kú	 2
u'tê_	 2
tsí	 2
teeh	 2
'ën	 2
neke	 2
atye	 2
íyú_	 2
awë'	 2
nö'té	 2
ö'ö.	 2
kwas_	 2
sté	 2
kwist	 2
usy	 2
á'?"	 2
nôn	 2
twöt	 2
_wíyú	 2
hú	 2
Us	 2
tât	 2
aë'_	 2
'aö_	 2
-únë_	 2
a'kw	 2
úneka	 2
ákö	 2
_tët	 2
_téni	 2
_tyut	 2
utí	 2
"Na'	 2
'e	 2
_kuw	 2
kêy	 2
-únë	 2
ha'te	 2
hö'ö	 2
way	 2
waá	 2
ëyëtá	 2
_níyô	 2
ánô	 2
utkô	 2
ôká'	 2
_sôk	 2
síy	 2
watên	 2
síw	 2
ëô'._	 2
tö?"	 2
ëhsyë	 2
e'hu_	 2
nôs?	 2
sw	 2
ôni'	 2
é'ö_	 2
skeu	 2
há	 2
_se	 2
këtáy	 2
éw	 2
wan	 2
yönyá	 2
ë?_	 2
ëst	 2
yëta	 2
utyá	 2
te'í	 2
yú_	 2
úne	 2
âtsö	 2
s'á	 2
tê_	 2
_sha	 2
téniy	 2
"Ny	 2
'hae	 2
ustö?	 2
ates'	 2
ôk."_	 2
_ëhsa	 2
wíyú	 2
wên	 2
ni'._	 2
nyë'	 2
eu	 2
atës	 2
asté	 2
ëöthy	 2
íyæ_	 2
öky	 2
_Ku'	 2
Nyu",	 2
nôny	 2
wé'	 2
ôtô'	 2
keut	 2
u"	 2
waa	 2
yustö	 2
'të	 2
nöhtö	 2
'tek	 2
waás	 2
_höw	 2
úwi	 2
síyæ	 2
Huy	 2
snö	 2
wæku	 2
utâts	 2
ahath	 2
_teeh	 2
énôs?	 2
yênu	 2
_kës,	 2
ö'ëë'	 2
",	 2
syuk	 2
i',	 2
d	 2
æku'h	 2
eutú	 2
anö'ë	 2
shé	 2
nöwö'	 2
uwë	 2
_tsíy	 2
wë?_	 2
ökye_	 2
_"Ny	 2
i',_	 2
tyanö	 2
ëthsu	 2
'ënöë	 2
téni	 2
öthy	 2
a'ha	 2
tsit	 2
tsö'_	 2
nínö'	 2
_"Hë'	 2
kës.	 2
thsa	 2
kës,"	 2
yôn	 2
"Nae_	 2
thse	 2
_"Nae	 2
ëtán	 2
aá	 2
wíyú_	 2
ëhta	 2
ës,	 2
'aö	 2
ka'ha	 2
tayêt	 2
tëwö	 2
hyöny	 2
s."	 2
huwê	 2
hkwë	 2
syöni	 2
tee	 2
'ís	 2
yének	 2
të'_	 2
tahk	 2
n-únë	 2
-úny	 2
ôk."	 2
yukæ	 2
öhtö	 2
akôt_	 2
'te	 2
ëë'?	 2
_úne	 2
has._	 2
yutkô	 2
'ôwë?	 2
tö?"_	 2
_u's	 2
hés_	 2
yênu'	 2
aöta	 2
_yew	 2
tkææ	 2
ëyew	 2
ku'ha	 2
níyô	 2
aás	 2
thah	 2
énekë	 2
ínö	 2
_tëw	 2
s'á'_	 2
'kta'	 2
_kah	 2
a'aö_	 2
'tê._	 2
nöë	 2
syô	 2
_kaha	 2
öskwa	 2
ë,	 2
ëtwö	 2
keutú	 2
taka	 2
khö	 2
wë'ö_	 2
seht	 2
wënök	 2
hath	 2
thsat	 2
_kwa	 2
etha	 2
a'aö	 2
satey	 2
niay	 2
ëyö	 2
_Útyu	 2
istë	 2
_seh	 2
ehta'	 2
wênö	 2
'ske	 2
hae',	 2
tâts	 2
Úty	 2
öniák	 2
uh	 2
sôká	 2
ësöô	 2
_aat	 2
_tee	 2
öniá	 2
'kwi	 2
eyëst	 2
khi	 2
né	 2
ke.	 2
sték	 2
_nekh	 2
ánô'_	 2
Ku'	 2
ehsí	 2
ínö'	 2
nöt_	 2
ha'_	 2
_wíy	 2
uyêt	 2
Sô	 2
'"	 2
ä'	 2
hæ'	 2
këô'.	 2
hsé	 2
tsyu	 2
_Út	 2
ö'té	 2
öwöti	 2
uyê	 2
nônya	 2
etw	 2
_unôn	 2
utú	 2
ák.	 2
i'të'	 2
anö'	 2
tsiy	 2
_u'kh	 2
ësta	 2
_ths	 2
tô'.	 2
Kanu	 2
_í	 2
thsuw	 2
tôt	 2
Útyu	 2
wötk	 2
kun	 2
hsnö	 2
ëta	 2
hæ'_	 2
wé'ö	 2
s'á'	 2
u'tá	 2
tyutk	 2
ëtáyë	 2
yæ_	 2
_utí	 2
sit	 2
yanö	 2
_"Kan	 2
'í	 2
Hë	 2
ewëní	 2
ukææ	 2
íyæ	 2
twötk	 2
wistë	 2
_Ku'y	 2
ke._	 2
tô'	 2
íwaty	 2
_thsi	 2
stë	 2
sôká'	 2
teka	 2
snö's	 2
nökha	 2
huwên	 2
_Sa	 2
Cor	 2
eá	 2
wí.	 2
u'y	 2
'."_	 2
a'ënö	 2
ôwë?	 2
Kanuô	 2
",_	 2
_waa	 2
a'ën	 2
_në	 2
ëstah	 2
aka	 2
wi'	 2
tekha	 2
nuô'	 2
sata	 2
ta'._	 2
tánö	 2
ö'?	 2
tsy	 2
_sôká	 2
ayêth	 2
enöw	 2
áyë'_	 2
éwa'	 2
'sh	 2
thyö	 2
tes'	 2
át	 2
yu"	 2
ku'h	 2
'ke_	 2
yutye	 2
uwênö	 2
ashé	 2
'yákö	 2
tkæ	 2
yánö	 2
yên	 2
ë'kún	 2
ákwe	 2
tánö'	 2
ata'ë	 2
'hu_	 2
htak	 2
kë'.	 2
ë'?"	 2
töôk	 2
syu	 2
yëö	 2
nôs?_	 2
ö's_	 2
ëëyë	 2
'khe	 2
'hae'	 2
_"H	 2
wæku'	 2
yu",_	 2
twatê	 2
iyenö	 2
nöë'_	 2
_huwê	 2
sata'	 2
wë'ö	 2
ae,_	 2
C	 2
suwæ	 2
_sehé	 2
asték	 2
tâ	 2
eä'	 2
ëyët	 2
shö	 2
kaö	 2
yës	 2
tekhô	 2
asny	 2
nës	 2
waás_	 2
hsata	 2
shæ'_	 2
tô'._	 2
yëtak	 2
ëô'	 2
uht	 2
nöhk	 2
ni'.	 2
inösk	 2
i,	 2
shæ'	 2
katës	 2
uyêth	 2
wö'	 2
nökh	 2
_"Nyu	 2
hw	 2
ësö	 2
ekhu_	 2
ének	 2
saôk	 2
ukæ	 2
_néw	 2
utút	 2
_hö	 2
tsö'	 2
ëhsnö	 2
söôk	 2
ske	 2
u."	 2
'ís_	 2
anösk	 2
'?_	 2
_n-u	 2
ö'sé	 2
tsa'k	 2
thsu	 2
hsu	 2
uwê	 2
wênö'	 2
wí._	 2
tö?	 2
'seht	 2
'ënö	 2
tkus_	 2
_ëö	 2
kës,	 2
si't	 2
'ákwe	 2
ës,"_	 2
_tet	 2
höw	 2
e'ís_	 2
öök	 2
nae,	 2
tyéne	 2
yëtá	 2
_íw	 2
_tsyu	 2
hsyêt	 2
tê._	 2
"Ka	 2
ækás_	 2
tsa'	 2
'kún	 2
_aaty	 2
_Të	 2
sôk	 2
wák	 2
éwa'_	 2
nöë'	 2
'ëëy	 2
kuwá	 2
tha'	 2
nekhu	 2
ôká'?	 2
ökye	 2
kakô	 2
awë'ö	 2
e'ís	 2
ákwe'	 2
ênu'	 2
atay	 2
"Kanö	 2
watya	 2
öhtö'	 2
_Huty	 2
öt_	 2
'."	 2
tetwa	 2
yan	 2
ekak	 2
akh	 2
Co	 2
inö	 2
Sat	 2
'ke.	 2
töô	 2
ônya	 2
Ku'y	 2
'khey	 2
âtsö'	 2
Hutyá	 2
a'has	 2
keu	 2
tyên	 2
e,_	 2
atey	 2
iya	 2
_ëky	 2
sitw	 2
Útyut	 2
íyô_	 2
ênu'k	 2
tôt_	 2
kakôt	 2
tëhsa	 2
tút_	 2
'kwis	 2
uwæk	 2
aöt	 2
_Co	 2
_ëtwö	 2
_te'í	 2
iay	 2
utút_	 2
tayê	 2
ëwöte	 2
ötey	 2
_tsi'	 2
niák	 2
asnye	 2
tyánö	 2
ká'?	 2
á'?	 2
öhkwa	 2
hyö	 2
_utâ	 2
us_	 2
twö	 2
_wí	 2
'tê.	 2
'saôk	 2
iaya'	 2
kwaá	 2
atayë	 2
ís	 2
yuty	 2
istë'	 2
tsíyæ	 2
uwên	 2
"Hë'	 2
nu'	 2
ta'aö	 2
ö'k	 2
e'k	 2
'has.	 2
yánöt	 2
i'të	 2
sitwa	 2
ká'?"	 2
yenöw	 2
ënöë	 2
ánö'_	 2
tkææ'	 2
æku'	 2
anuô	 2
thsi	 2
ö't	 2
ka'h	 2
ôni'.	 2
ewënö	 2
yeëht	 2
kás_	 2
tsat	 2
es'á	 2
s,	 2
ae,	 2
'sék	 2
tëwöt	 2
Na'u	 2
eyëös	 2
wöte	 2
yêthu	 2
'kta	 2
hatay	 2
tká	 2
snö'	 2
utk	 2
yæ	 2
'has	 2
të'ö	 2
tsi't	 2
_as	 2
yëös	 2
awé	 2
_yewë	 2
ëô'.	 2
ia	 2
ëöth	 2
_ôkw	 2
ekëô	 2
kuwán	 2
Ú	 2
kan	 2
ëhsyê	 2
Kanö'	 2
sates	 2
ôs?	 2
ötiy	 2
ækás	 2
ëthsa	 2
söôk_	 2
yëst	 2
_nek	 2
u",_	 2
kææk	 2
_né	 2
nëh	 2
aás_	 2
etwa	 2
yeëh	 2
yánô'	 2
yaôtô	 2
íwí	 2
_tsy	 2
syëta	 2
nu'k	 2
iyen	 2
tíwat	 2
atsi	 2
tkôt_	 2
ta'.	 2
s'	 2
yu'._	 2
tíwa	 2
"Nae	 2
wæk	 2
_kwë'	 2
neka	 2
nekh	 2
tat	 2
ênu	 2
ta'ën	 2
ekëô'	 2
íyú	 2
_níy	 2
tíw	 2
iu	 2
kta'ö	 2
tësö	 2
kwis	 2
ha'k	 2
ae',_	 2
kuw	 2
awé'	 2
s,"	 2
e,	 2
hés	 2
kææ'_	 2
iák_	 2
tyé	 2
áne	 2
yu",	 2
iwa	 2
eä	 2
_néwa	 2
s?_	 2
ënöë'	 2
anu	 2
ökhi	 2
aôk	 2
tayë	 2
shö'ö	 2
tekak	 2
síwa	 2
ö'ëëy	 2
tyén	 2
_nö't	 2
ehsíw	 2
ëhtö	 2
hsnö'	 2
u'tê.	 2
Hë'	 2
uô'	 2
-u	 2
ëtánö	 2
wötiy	 2
'sa	 2
nöhkw	 2
_asté	 2
s."_	 2
ö'téy	 2
këô'	 2
eke	 2
kúnyë	 2
a'te	 2
u's	 2
_niay	 2
'tá	 2
ö'ö._	 2
tayë'	 2
yanöh	 2
a'ke_	 2
yësta	 2
tékwá	 2
ustö	 2
yöny	 2
'të'	 2
wë?	 2
a'ë	 2
nö't	 2
eutút	 2
'saô	 2
uwæku	 2
ëyë	 2
Kanö	 2
_Të'	 2
ônya'	 2
aatyë	 2
usn	 2
syê	 2
eyëö	 2
ëtakw	 2
a'se	 2
tyênu	 2
ye'ö	 2
aôtô	 2
atya	 2
yéne	 2
anös	 2
"Hë	 2
katë	 2
_huwë	 2
yánô	 2
keka'	 2
htö'	 2
hsíwa	 2
ates	 2
yákö_	 2
_sô	 2
Nyu"	 2
eehs	 2
'seh	 2
tö's	 2
wánës	 2
hsuwæ	 2
tsíy	 2
a'tak	 2
a'ákw	 2
utyán	 2
Huty	 2
teyës	 2
_kaöt	 2
asn	 2
tëw	 2
ká'	 2
kë'._	 2
ëtsa'	 2
táy	 2
iaya	 2
kte	 2
_tsí	 2
huwën	 2
ata'	 2
tyuty	 2
_únek	 2
'á'	 2
eëh	 2
hsiy	 2
kaöta	 2
ât	 2
a'h	 2
kwë'k	 2
yaôt	 2
ka'ö_	 2
_nia	 2
ta'ö_	 2
öteyë	 2
utíw	 2
stë'	 2
öty	 2
únek	 2
_ëyew	 2
atyé	 2
n-úny	 2
_"Ka	 2
e'í	 2
ta'a	 2
_Kanu	 2
tyan	 2
æku	 2
wëö	 2
as._	 2
es'	 2
tyán	 2
ôtô'.	 2
néw	 2
aôt	 2
nyánô	 2
hôni'	 2
_ôkwe	 2
_Ë	 2
_Wa	 2
töôk_	 2
syêth	 2
etwat	 2
yuk	 2
eth	 2
ekha	 2
'tôt	 2
htö's	 2
atësö	 2
ahata	 2
sô	 2
e'ö	 2
ayêt	 2
kún	 2
'skeu	 2
_th	 2
huwë	 2
sehé	 2
eëht	 2
kheya	 2
htöô	 2
u'yá	 2
ëky	 2
yëös_	 2
tësöô	 2
inös	 2
ëös	 2
tahkw	 2
ekhah	 2
ha'kw	 2
âts	 2
wë'kú	 2
ehé	 2
ekakô	 2
u'kta	 2
únyë'	 2
akeka	 2
'hu	 2
kus_	 2
æækás	 2
öni	 2
hey	 2
íwakw	 2
ih	 2
tes'á	 2
ôk.	 2
wötek	 2
ánô'	 2
'të'ö	 2
_kët	 2
tes	 2
öthyö	 2
syë	 2
_ta'a	 2
n-u	 2
kta	 2
ëê	 2
æká	 2
e'hu	 2
aôtô'	 2
'ákw	 2
úkës_	 2
únyë	 2
hu."	 2
hsuw	 2
wíy	 2
sehés	 2
tyê	 2
ék,	 2
'yá	 2
tsyuk	 2
hsyê	 2
'yák	 2
éne	 2
ôny	 2
"Nyu	 2
öhkw	 2
a'tek	 2
Hë'ë	 2
suw	 2
"Na'u	 2
twas	 2
ôwë?_	 2
ék,_	 2
öhk	 2
ênö'	 2
táyë'	 2
utíwa	 2
ë?	 2
eæ'_	 2
ateyë	 2
heya	 2
áyë'	 2
_tetw	 2
_ta'	 2
_këtá	 2
k,	 2
ánöt_	 2
ökha	 2
shö'	 2
áy	 2
syö	 2
ötkæ	 2
uô	 2
nia	 2
watê	 2
nöht	 2
Nyu	 2
iw	 2
_tëwö	 2
nuô	 2
ôtô	 2
tha'_	 2
ëtak	 2
utyeë	 2
aö_	 2
ææk	 2
u'h	 2
tékw	 2
tyeëh	 2
ethah	 2
nye'ö	 2
ë,_	 2
us.	 2
syêt	 2
tah	 2
ukææk	 2
Ku'yá	 2
nu'kt	 2
_ast	 2
nuô'_	 2
stö?	 2
_kuwá	 2
_"Na'	 2
eëhtö	 2
ëëy	 2
niaya	 2
kwaás	 2
khu."	 2
ës._	 2
"K	 2
ae',	 2
ëyewë	 2
nekëô	 2
utât	 2
u'hae	 2
ënökh	 2
u'ha	 2
yö'ö	 2
aötay	 2
ësöôk	 2
utye	 2
'á'_	 2
íwat	 2
yëtán	 2
awé'ö	 2
'tê_	 2
ehés	 2
takw	 2
ska	 2
_nae,	 2
'teka	 2
wi'_	 2
'ke._	 2
enöwö	 2
nöwö	 2
tê.	 2
anöht	 2
yukææ	 2
khey	 2
aatyé	 2
stahk	 2
_utíw	 2
ênö'_	 2
_Cor	 2
kta'	 2
kaöt	 2
we'_	 2
_Sat	 2
nekë	 2
nötey	 2
nú	 2
kye_	 2
es'á'	 2
'ëëyë	 2
stë'_	 2
ötay	 2
_ô	 2
íwak	 2
_kwa'	 2
síyæ_	 2
tës	 2
u."_	 2
këtá	 2
hsí	 2
'tak	 2
ôté'_	 2
kës._	 2
ëhtöô	 2
öwö'	 2
ë'?"_	 2
_öky	 2
_U	 2
é'ö	 2
hsyë	 2
a'kwi	 2
_"Hë	 2
æ_	 2
tet	 2
hsyët	 2
"Hë'ë	 2
ta'ö	 2
Hut	 2
usthô	 2
yöniá	 2
ëkatë	 2
Sa	 2
"H	 2
anöh	 2
nín	 2
stah	 2
uwæ	 2
waë'_	 2
atyén	 2
ênö	 2
_Nâ	 2
wé'ö_	 2
hyön	 2
_ní	 2
eyaôt	 2
si'të	 2
ës,"	 2
unôny	 2
eyaô	 2
nyë	 2
yaw	 2
tkô	 2
'kwa	 2
_"K	 2
tsitw	 2
Sô_	 2
syôn	 2
iye	 2
'se	 2
nöw	 2
söô	 2
ís_	 2
íyô	 2
wötkæ	 2
'kúny	 2
és_	 2
ötayê	 2
tye'	 2
_Úty	 2
'tô	 2
ökw	 2
eeh	 2
ahkwa	 2
nëhta	 2
ánës	 2
heyaô	 2
eka'h	 2
a'e	 2
u'kh	 2
hata	 2
_ôk	 2
kææká	 2
áyë	 2
ötkææ	 2
eut	 2
ekhu	 2
_kwë	 2
_Hut	 2
këô	 2
_C	 2
shæ	 2
sehta	 2
'ëë'?	 2
u'khe	 2
keka	 2
skeut	 2
_kaö	 2
teehs	 2
'tôt_	 2
anuô'	 2
_ëöt	 2
ayê	 2
tút	 2
akwaá	 2
ë'?	 2
ehés_	 2
nae,_	 2
utâ	 2
tâtsö	 2
unôn	 2
Ny	 2
yu'tá	 1
nekeæ	 1
sa'ké	 1
ëë'k	 1
eö	 1
_We	 1
ewe	 1
êyat	 1
kte',	 1
takah	 1
awuwe	 1
a'a_	 1
ëêku	 1
ye'_	 1
yín	 1
hö?"	 1
ôwe	 1
_tká	 1
ka'a_	 1
'shö'	 1
saö'é	 1
_ëkn	 1
iyáe'	 1
id	 1
skwi	 1
ae'k	 1
nyus	 1
ötö	 1
_hu'	 1
_húya	 1
kwanö	 1
yuu	 1
sé._	 1
nikan	 1
wésu	 1
tëö	 1
Wa'a	 1
wuwe'	 1
-ast	 1
wôtö'	 1
_tyus	 1
uak	 1
khö'	 1
_aasy	 1
theá	 1
i'tôt	 1
kwe?_	 1
yeä't	 1
ëkaha	 1
siu	 1
etakh	 1
uënö	 1
hyúwi	 1
Ö	 1
ööt	 1
taöht	 1
ánek	 1
as?"_	 1
yötha	 1
_tkák	 1
'eta	 1
_"Sô_	 1
níh	 1
wihiá	 1
ed_	 1
snek	 1
öwë	 1
eweed	 1
hinös	 1
twi'	 1
aeht	 1
yunö'	 1
a'shö	 1
yeæ'	 1
hæk	 1
ku'._	 1
wëötk	 1
as?	 1
"._	 1
wash	 1
_Weê	 1
_Us	 1
heá	 1
Aayök	 1
p	 1
kayás	 1
has?	 1
shán	 1
wasyô	 1
aê	 1
hé_	 1
'A	 1
ëthse	 1
ye'ö.	 1
núw	 1
yáwê	 1
u'sn	 1
ökte	 1
hsekw	 1
yatö	 1
Hatin	 1
aunyá	 1
kô_	 1
a'së'	 1
Waat	 1
athé'	 1
'ki'_	 1
hö'ö.	 1
'eyën	 1
ene	 1
'táké	 1
_wau	 1
tös	 1
hu,_	 1
keä',	 1
hsiu	 1
ëshe	 1
.'"_	 1
"Th	 1
lene	 1
-un	 1
wötös	 1
yaki'	 1
hôni,	 1
öwëöh	 1
ötiyê	 1
si_	 1
"Wa	 1
unöhk	 1
hiá	 1
ínô	 1
_twat	 1
eæ't	 1
éhas.	 1
këy	 1
ö'khö	 1
thöö_	 1
ëyöët	 1
wáhe_	 1
ökê	 1
atëön	 1
n-ak	 1
Kwá	 1
"Ëswá	 1
Huyêt	 1
Tén	 1
"Ak	 1
s.'	 1
ekhö	 1
_"Ust	 1
ë.	 1
yata	 1
_Sô_	 1
-úwis	 1
ds_	 1
ëtsit	 1
até	 1
_Uty	 1
"Ust	 1
yúwi'	 1
shas_	 1
éku'	 1
ë'kæ	 1
yínô	 1
hun	 1
aye	 1
aakhn	 1
usyút	 1
ya'.	 1
'sn	 1
ekwat	 1
atiny	 1
ye',	 1
öskwá	 1
".	 1
háni'	 1
'tás	 1
tí.	 1
ska'	 1
iyú	 1
ihsa	 1
Uty	 1
y.	 1
_"Sô	 1
ëhsék	 1
eá'.	 1
_"U	 1
siya	 1
d_	 1
n-úw	 1
áe	 1
ëkê	 1
hön	 1
siyät	 1
iwakw	 1
Marle	 1
kwa'y	 1
akök	 1
Ët	 1
ké_	 1
watú	 1
thækw	 1
këyö	 1
uhtê	 1
htë	 1
we.	 1
Wau	 1
tke	 1
ta's	 1
nyë'.	 1
_takn	 1
ka's	 1
ët_	 1
ëyen	 1
hsé,	 1
kwath	 1
'také	 1
sé.	 1
yöö	 1
_únë	 1
'köi	 1
ëönús	 1
ak.	 1
_kayá	 1
hsnek	 1
_husy	 1
_ausk	 1
áthu	 1
asyön	 1
iyây	 1
ösh	 1
wa'k	 1
a'ta'	 1
usthö	 1
kwi_	 1
a'y	 1
ötösk	 1
takh	 1
iyö's	 1
eä't_	 1
thsiy	 1
siuht	 1
yeæ	 1
éha	 1
ék.	 1
húwék	 1
_Weê_	 1
eyunö	 1
atin	 1
úwe	 1
aus	 1
wâs	 1
hyú	 1
thö?	 1
ehtak	 1
iyöt	 1
ëkay	 1
tyuu	 1
ôní	 1
khwë	 1
ar	 1
shá	 1
âhkw	 1
kteæ	 1
_awë	 1
"Sô	 1
áni'	 1
këyös	 1
_Tya	 1
ôwí	 1
aôk_	 1
Ëhse'	 1
usyôn	 1
iehah	 1
hé'	 1
Ma	 1
_tëth	 1
u'kni	 1
nö'?"	 1
hëkâ	 1
iuht	 1
hsiyá	 1
niyö	 1
usk	 1
snúw	 1
kawa	 1
a't_	 1
húy	 1
aöhtí	 1
ekeä	 1
aöh	 1
_köta	 1
tkus.	 1
ory	 1
íwí._	 1
ukte	 1
'syö	 1
énë_	 1
nôwí	 1
eöök	 1
aehta	 1
tás_	 1
wa'y	 1
washé	 1
!"_	 1
as?"	 1
uë	 1
e'n-í	 1
yun	 1
ta't_	 1
-at	 1
é!	 1
nyö'	 1
akéh	 1
enöhk	 1
twatá	 1
'ní	 1
ëkye	 1
iyaki	 1
si'._	 1
s.'"_	 1
'a_	 1
kúw	 1
n-awé	 1
tie	 1
heák	 1
ë'sé	 1
âyë	 1
kwe'ô	 1
úwá	 1
eæ't_	 1
eák."	 1
lene_	 1
-unö'	 1
ye't	 1
työöt	 1
úkës.	 1
niksa	 1
núsh	 1
"Sô_	 1
yôní	 1
yënê	 1
ska'a	 1
ësh	 1
u'ták	 1
stá'	 1
a'ke.	 1
e'sa	 1
'akw	 1
ya'_	 1
Aké!"	 1
wuw	 1
yëhs	 1
ënu	 1
túwâ	 1
atí._	 1
Ësw	 1
tai	 1
she	 1
kunô	 1
_Corn	 1
_íwí.	 1
úyë	 1
aiê,	 1
uiw	 1
_kaeh	 1
swá	 1
'ní_	 1
úyô	 1
niyen	 1
iák._	 1
kékw	 1
uiwan	 1
_Ut	 1
_ukt	 1
athw	 1
twaya	 1
aeh	 1
kák	 1
áe'	 1
tinyu	 1
aêt,_	 1
ötye'	 1
kayeö	 1
_Kwáh	 1
hsö	 1
höny	 1
ni.	 1
ôtö	 1
úwe'_	 1
'ë.	 1
sehs	 1
së't_	 1
séku	 1
yëê	 1
yatan	 1
wë,	 1
ötha	 1
teæ'_	 1
rl	 1
_A	 1
i.	 1
yôni	 1
hu'ní	 1
_nô_	 1
ökhin	 1
wanös	 1
Hat	 1
teæ	 1
aö'	 1
ës.'	 1
áneke	 1
_kan	 1
uhtët	 1
atká	 1
ie	 1
yenöh	 1
kte'	 1
kékwá	 1
hë'	 1
sta'_	 1
úwé	 1
yeæ't	 1
okew	 1
awëtu	 1
'n-í'	 1
hní	 1
wa'yu	 1
-aste	 1
nukë	 1
-í'	 1
poke	 1
ätyë	 1
sak	 1
uwe'	 1
_saö'	 1
e'shæ	 1
nö'?_	 1
ëwöti	 1
ë'ke.	 1
'së'	 1
ötieh	 1
_n-ak	 1
tëty	 1
twáku	 1
yökhi	 1
kêya	 1
yät	 1
tih	 1
kêyát	 1
inyus	 1
ehsiy	 1
iwak	 1
si',	 1
úwi'_	 1
atyeë	 1
ôs_	 1
ha'n	 1
te',	 1
âyë'	 1
'ey	 1
n-í	 1
awô	 1
_Huyê	 1
heák.	 1
köta	 1
öhtí	 1
kët_	 1
n-as	 1
ne'h	 1
wôt	 1
_uth	 1
wath	 1
_"Aké	 1
Weê	 1
ni._	 1
aêt	 1
_wihi	 1
tsakw	 1
ökte'	 1
usyô	 1
kwák	 1
_Utyê	 1
ökwe'	 1
tyus	 1
kâh	 1
_"Th	 1
nya's	 1
ua	 1
knya'	 1
'ëëkê	 1
awôtö	 1
'ë._	 1
taku	 1
uny	 1
hathe	 1
Waa	 1
'shæ'	 1
_wá	 1
we?_	 1
énya	 1
ánës.	 1
shén	 1
kteæ'	 1
ésh	 1
_Ty	 1
tiyöt	 1
pokew	 1
ihi	 1
iê,_	 1
si',_	 1
yuak.	 1
swán	 1
akö	 1
_ökw	 1
kany	 1
kát	 1
'ææ'_	 1
nêta	 1
Ëh	 1
ehah	 1
ëtsi	 1
waták	 1
Hë'ë,	 1
ækwë'	 1
_wés	 1
tatye	 1
iyúy	 1
uu	 1
thé	 1
shô.	 1
sku	 1
ë'ë,	 1
aní	 1
ék_	 1
wanë	 1
a'ææ'	 1
_"Wa	 1
unëht	 1
ekwa	 1
yásö?	 1
tiyen	 1
wee	 1
ésha	 1
ustá	 1
ëtwák	 1
_u'sa	 1
êt,_	 1
sa'ö	 1
twá	 1
yu'."	 1
uën	 1
khöny	 1
ö'kwa	 1
æneth	 1
_"Ësw	 1
áníhá	 1
úwék_	 1
kê'	 1
waya'	 1
eka't	 1
'húw	 1
úwâs	 1
_hëés	 1
_hak	 1
kwë_	 1
_íwí_	 1
Hë'ë.	 1
swë	 1
ényö'	 1
íhá'	 1
tyëêt	 1
ahse_	 1
atí.	 1
u',	 1
keá'.	 1
önús	 1
ké!"	 1
a'eyë	 1
köiwa	 1
'ésha	 1
yák_	 1
íyus	 1
su'	 1
.'	 1
has?"	 1
n-í'	 1
knöhi	 1
kewe	 1
hseh	 1
aste	 1
ê'_	 1
we'ô	 1
thö?"	 1
të'ös	 1
-uta	 1
iyáe	 1
'kö	 1
táké	 1
_ëeyí	 1
_uht	 1
tkákô	 1
aki	 1
ötiye	 1
wasy	 1
kwa's	 1
ë'ë,_	 1
ë._	 1
t,_	 1
usyú	 1
nya'_	 1
öhsé,	 1
hô._	 1
éku'"	 1
_u'sn	 1
ahsö	 1
_hëkâ	 1
kênô'	 1
têty	 1
_tyáw	 1
iyöë	 1
iyöët	 1
_tya	 1
kákôt	 1
thsiu	 1
wánek	 1
së'	 1
neth	 1
ëôk."	 1
thseh	 1
wanö	 1
kwan	 1
sní	 1
iksa'	 1
ásö?	 1
nës.	 1
-akwa	 1
Ut	 1
áwê	 1
Kw	 1
í'	 1
ta'ke	 1
hwas	 1
"Aké!	 1
khu,	 1
a'yua	 1
a'ti	 1
wakes	 1
saôkë	 1
wâs.	 1
u'keá	 1
é.	 1
keæ'_	 1
yát_	 1
sa'ke	 1
tu'ke	 1
yua	 1
yätyë	 1
Ne'h	 1
anëê	 1
_kúy	 1
yö'ö_	 1
ashén	 1
'kni	 1
_po	 1
yus.	 1
kyö'ö	 1
_ëtwá	 1
âhkwë	 1
wésu'	 1
htíyu	 1
'ni	 1
ënökw	 1
wa'sy	 1
yök	 1
_nika	 1
_Hati	 1
ëtsak	 1
_ëkas	 1
wahkw	 1
nëêk	 1
iuyêt	 1
ökt	 1
unëh	 1
swë'	 1
yusn	 1
_wa'e	 1
'ôwe.	 1
aaö	 1
.Marl	 1
yös	 1
ënêta	 1
_waas	 1
hnínö	 1
yö'ö.	 1
eák	 1
hi'tô	 1
'ak	 1
-akw	 1
keá	 1
ê'	 1
yínôk	 1
ôní_	 1
sö?	 1
thw	 1
'hú	 1
yáne	 1
_ëw	 1
ökwas	 1
shaku	 1
ëön	 1
'yua	 1
öhi't	 1
aké	 1
taö	 1
n-úwi	 1
_ka's	 1
ids	 1
niya	 1
yát	 1
asyô	 1
sa'kú	 1
êthö?	 1
nës.'	 1
ö'.	 1
_ëknë	 1
ëêthu	 1
kawak	 1
_nô	 1
-úw	 1
niyas	 1
ëhsaô	 1
esny	 1
_utsi	 1
'sy	 1
ëkyëh	 1
êyata	 1
thæk	 1
nyö'ö	 1
_tëk	 1
öhi'	 1
yös_	 1
'kn	 1
ús	 1
ta'sh	 1
niyúy	 1
ekhwë	 1
yëêt	 1
kyëhs	 1
ánës_	 1
úwâs.	 1
hawé'	 1
nëk	 1
nëêku	 1
athe	 1
sne	 1
_Té	 1
_wání	 1
'öshö	 1
ô._	 1
úyë'_	 1
tyusn	 1
_n-ut	 1
'kæ	 1
knin	 1
wake	 1
ds	 1
tëth	 1
tëtsi	 1
"Thë	 1
Aké!	 1
wanëê	 1
iák.	 1
æn	 1
ekeæ	 1
ínôk	 1
ta'_	 1
ötaty	 1
ustha	 1
ö'?_	 1
önú	 1
'ææ	 1
_hun	 1
wëöhs	 1
nô_	 1
kúwá_	 1
netha	 1
wayë'	 1
usnú	 1
kayá	 1
yööty	 1
a'æ	 1
áne'	 1
kew	 1
a'sh	 1
_kö	 1
ëés	 1
höwö	 1
utyên	 1
aakh	 1
hkwë_	 1
kathy	 1
_Ne'h	 1
watúw	 1
n-atë	 1
akwa'	 1
aknöh	 1
awët	 1
ayö	 1
teæ'	 1
niuy	 1
iyäty	 1
se_	 1
kên	 1
ôni,_	 1
_awôt	 1
taiê,	 1
aasn	 1
nôs_	 1
'knin	 1
te'sa	 1
syeä'	 1
arlen	 1
tíy	 1
ayá	 1
iyê	 1
úyô_	 1
waat	 1
êku'	 1
wë'sé	 1
unyá	 1
skwan	 1
husyô	 1
twi'_	 1
Mar	 1
tye'_	 1
_ëwö	 1
êku	 1
_ëshe	 1
kas	 1
_Sata	 1
we'ôw	 1
atö	 1
unöök	 1
kekên	 1
nyu't	 1
ëtwi	 1
thé'	 1
yeöök	 1
ötke_	 1
ëtu'k	 1
wa',_	 1
_Ëth	 1
ë'kææ	 1
ksa'k	 1
_tsit	 1
kyö'	 1
awuw	 1
hséku	 1
ésu'_	 1
uti	 1
háni	 1
hwëöt	 1
têtyô	 1
a'ni	 1
he'_	 1
kwë's	 1
'ö."	 1
yaki	 1
_pok	 1
työö	 1
het	 1
oke	 1
-atëö	 1
wëtu'	 1
_Satk	 1
hwas_	 1
haha	 1
kae	 1
kustá	 1
níhá	 1
ö'."_	 1
úwist	 1
_yé	 1
"Tú_	 1
hnín	 1
a'ææ	 1
kaêt,	 1
kwahk	 1
a'ey	 1
hiák	 1
_utyê	 1
Tyaw	 1
syeä	 1
eá'._	 1
_n-un	 1
ni,_	 1
_Téni	 1
_Kw	 1
si'.	 1
kææn	 1
we._	 1
_taa	 1
'n-	 1
kwah	 1
hwa	 1
itway	 1
ö'skw	 1
_wán	 1
nyák_	 1
íyus.	 1
yusy	 1
ekeä'	 1
kyë	 1
tkáth	 1
kwa'k	 1
khin	 1
wëtu	 1
eê_	 1
huënö	 1
nuk	 1
ëhsne	 1
uiwa	 1
kwe'.	 1
Ökw	 1
_höwö	 1
kök	 1
knëht	 1
_saö	 1
hn	 1
höö_	 1
yöt	 1
ha'ey	 1
aui	 1
ëötk	 1
nitwa	 1
yêté	 1
atye'	 1
yu',	 1
niyöë	 1
sha'	 1
_uti	 1
Kuwán	 1
_wai,	 1
stá'_	 1
yatí.	 1
wánë_	 1
nukëy	 1
yúwi	 1
hán	 1
Thë'	 1
shénë	 1
ehsi	 1
ewee	 1
iê,	 1
atúwâ	 1
uënö'	 1
hunöt	 1
a'akw	 1
swë'k	 1
syú	 1
e'kö	 1
_usnú	 1
hækwë	 1
eta	 1
hiyö	 1
Ëth	 1
eed	 1
nyë'_	 1
'taka	 1
saô'_	 1
hén	 1
te'kö	 1
atkát	 1
atan	 1
Wa'	 1
ekê	 1
hu'.	 1
Corn_	 1
_únë_	 1
ista'	 1
_yény	 1
takhe	 1
ëeyí	 1
Sataö	 1
húya	 1
öi	 1
nökwe	 1
us._	 1
ëtwá	 1
hsiuh	 1
hsne	 1
syôní	 1
.M	 1
_wat	 1
tás	 1
twi	 1
_kae	 1
_tk	 1
ukteæ	 1
huë	 1
túwâs	 1
taní	 1
íhá'_	 1
us."_	 1
úwi'	 1
Ak	 1
uu'tá	 1
wê._	 1
enöh	 1
_Wau	 1
itwas	 1
sö?_	 1
ö'kh	 1
akhn	 1
ák."	 1
wa',	 1
hsehs	 1
ids_	 1
ö'sék	 1
ëôk	 1
sakwé	 1
ae'kw	 1
_"W	 1
kyeæ'	 1
_Ka's	 1
Ëswán	 1
_uthæ	 1
Téni	 1
sku'	 1
aôkë	 1
ëkêy	 1
hënuk	 1
neka'	 1
e',"_	 1
khiy	 1
u,_	 1
ta'ææ	 1
yeëô	 1
yêté'	 1
_unöö	 1
ëkata	 1
n-akw	 1
akaêt	 1
_tëka	 1
aöwöt	 1
unöte	 1
_höwë	 1
_kun	 1
_úny	 1
anëêk	 1
í'_	 1
_hakö	 1
_watú	 1
wathu	 1
êta	 1
ö'sé.	 1
uak."	 1
utyê	 1
áku	 1
_wésu	 1
tiyö	 1
yúyë	 1
_'Aay	 1
taasn	 1
a'tai	 1
_ka'	 1
esn	 1
aaöwö	 1
ahse	 1
të'ö_	 1
yás	 1
e'._	 1
nyáne	 1
Waui	 1
we'sh	 1
_"Të	 1
ökwa	 1
n-í'_	 1
e'ö.	 1
ôwí.	 1
ækwë	 1
wë's	 1
úyë'	 1
ayásö	 1
u'sní	 1
êyát	 1
ök_	 1
e't	 1
'kææn	 1
káth	 1
l	 1
_Ka'	 1
ésu'	 1
tëhsw	 1
esnye	 1
!"	 1
_"Të'	 1
wah	 1
ë'tô	 1
_Ha	 1
'ëëk	 1
Usth	 1
kunôw	 1
yúw	 1
hse_	 1
'etak	 1
tákë	 1
Tyawë	 1
ökêya	 1
ënuk	 1
a'sy	 1
'ti	 1
_usn	 1
ni,	 1
a'eta	 1
tu'k	 1
ákôt_	 1
_"Ë	 1
kákô	 1
nës_	 1
yäty	 1
ényat	 1
ëés._	 1
kwats	 1
wi_	 1
ö'és	 1
_aky	 1
ëknë	 1
tan	 1
yusny	 1
ëöhsé	 1
siyâ	 1
kökêy	 1
wa's	 1
kyëh	 1
_niyú	 1
yásö	 1
nitw	 1
ne'hu	 1
tyáwê	 1
_utiy	 1
_kê'_	 1
é!"_	 1
khön	 1
khnín	 1
aö'é	 1
hahas	 1
iyâ	 1
atá	 1
ista	 1
'kúw	 1
hakök	 1
êty	 1
sthö	 1
tin	 1
ték,_	 1
iyá	 1
_awô	 1
êyá	 1
asyö	 1
aô'_	 1
eëô	 1
hu'._	 1
ôwe._	 1
eê	 1
höwëö	 1
êtyô_	 1
we?	 1
skwah	 1
'n-í	 1
ôkë_	 1
kéh	 1
ëêku'	 1
nekeä	 1
æ't_	 1
ë'ösh	 1
ste	 1
le	 1
ké!	 1
nëkay	 1
ëêk	 1
twák	 1
.Ma	 1
te's	 1
wë'tô	 1
_shô.	 1
kyé_	 1
nöhi	 1
ëtu	 1
yööt	 1
hsö'	 1
yáne'	 1
_únyö	 1
uwe	 1
ks	 1
'keá'	 1
hsi'.	 1
_taas	 1
'ææ'	 1
wë,_	 1
kust	 1
htêty	 1
nin	 1
knöh	 1
têt	 1
knë	 1
ksa	 1
ëshet	 1
ö'kw	 1
êtyô	 1
uya	 1
kanyu	 1
kanös	 1
uska	 1
së	 1
ta't	 1
ka't	 1
uth	 1
hse'	 1
Ka's	 1
'".	 1
úwe'	 1
tíyu	 1
'ôwë,	 1
Aids	 1
snínö	 1
Ne'hu	 1
_ëkyë	 1
hsaô	 1
ëkâ	 1
úwis	 1
ëkâh	 1
ya's	 1
wa'e	 1
kwë't	 1
_shak	 1
u'n	 1
työ	 1
_kúyô	 1
hae'k	 1
sék.	 1
ëkaye	 1
nyatí	 1
_aus	 1
akwat	 1
Aayö	 1
ikan	 1
iyas	 1
awakô	 1
saté	 1
-uta'	 1
_huën	 1
uhtêt	 1
_uhtê	 1
sekw	 1
taiê	 1
æ't	 1
kêyá	 1
_ha'n	 1
e'ô	 1
ötye	 1
_waun	 1
ehahs	 1
kyö	 1
kunöh	 1
Ëswá	 1
ëtyöö	 1
êt,	 1
_hënu	 1
hönyá	 1
nötyu	 1
_nik	 1
tieh	 1
yatí	 1
aky	 1
orn	 1
wai,"	 1
_si	 1
akyé_	 1
'khö	 1
skawa	 1
a'tih	 1
akô_	 1
_húy	 1
ánë_	 1
_"Tú_	 1
höwë	 1
us."	 1
atákë	 1
kni	 1
Weê_	 1
_ahsö	 1
ekên	 1
ni't	 1
kaye	 1
_wé	 1
öiw	 1
wötö	 1
êta'	 1
tsate	 1
öhi	 1
hi'	 1
hsék	 1
öhtíy	 1
ôwí._	 1
wë'kæ	 1
wötie	 1
nêta'	 1
ënöty	 1
iyash	 1
i._	 1
takny	 1
Ust	 1
knö	 1
'"_	 1
_akn	 1
u'ní_	 1
_nit	 1
_'A	 1
yáwê.	 1
ënê	 1
á'._	 1
_Ök	 1
Ka'	 1
rle	 1
thu'.	 1
niuyê	 1
kekê	 1
_Huya	 1
s.'"	 1
át_	 1
s?"	 1
së't	 1
syút	 1
êyát_	 1
éniya	 1
ahas	 1
ye's_	 1
_kê'	 1
ukë	 1
'sé.	 1
köi	 1
_Ëh	 1
yí	 1
ëêt	 1
nye's	 1
ki',	 1
ya'së	 1
hus	 1
sate'	 1
ës.'"	 1
e'ö._	 1
öshö	 1
_te's	 1
ôni_	 1
töskw	 1
énik	 1
utiyö	 1
tathé	 1
áhe	 1
utsi	 1
nëê	 1
wí_	 1
tieha	 1
éku	 1
ötie	 1
i'tô	 1
tëts	 1
'ni._	 1
aiê,_	 1
_.Mar	 1
Hati	 1
u'kn	 1
uya't	 1
wayë	 1
áwê.	 1
ä',	 1
_Ö	 1
khwëö	 1
htëty	 1
saö	 1
wët	 1
Ténik	 1
yâyë'	 1
'é	 1
áth	 1
"Usth	 1
nëwö	 1
_khu,	 1
âhk	 1
athu'	 1
atat	 1
wáhe	 1
awa	 1
hu,	 1
êté'	 1
ákët	 1
e'kw	 1
swáne	 1
-ut	 1
"Ës	 1
öhsé	 1
tiyê	 1
sku'_	 1
nêt	 1
iwan	 1
'æ	 1
n-uta	 1
'së	 1
e'kwa	 1
tekhö	 1
ekw	 1
úwá_	 1
uwe's	 1
e'hú	 1
áni't	 1
hëkâh	 1
e'saô	 1
_n-aw	 1
sék._	 1
ate'	 1
êk	 1
Marl	 1
_nitw	 1
_awu	 1
âs	 1
aték	 1
thwas	 1
hswë	 1
íwí_	 1
keæ'	 1
ôtö'_	 1
wau	 1
ëöh	 1
ta_	 1
u'ke	 1
twaty	 1
_hunö	 1
ki'_	 1
-í'_	 1
eöö	 1
thyúw	 1
niyú	 1
yënêt	 1
'ta'	 1
ry._	 1
ëönú	 1
_awët	 1
yek	 1
uya'	 1
_kunö	 1
ekhw	 1
êya	 1
yúy	 1
hunö	 1
_twak	 1
ashé_	 1
ate'_	 1
_'Aa	 1
kaê	 1
_hae'	 1
a'syö	 1
kææne	 1
ásö?_	 1
hé'_	 1
atúw	 1
waun	 1
ææne	 1
nye't	 1
ö'."	 1
ösku'	 1
wë_	 1
ka'se	 1
aöw	 1
iuyê	 1
nôk	 1
Ai	 1
-atë	 1
yây	 1
a'kú	 1
_hu'n	 1
stha'	 1
usnúw	 1
köt	 1
khn	 1
nús	 1
ye'ö_	 1
husy	 1
iuhtë	 1
hsw	 1
atö'	 1
_yek	 1
orn_	 1
_Waui	 1
n-ast	 1
a'ö."	 1
é,_	 1
höwöt	 1
khinö	 1
uta'	 1
shas	 1
athu	 1
ai,	 1
auiwa	 1
áku'	 1
unyák	 1
tsiya	 1
ika	 1
tíyus	 1
wôtö	 1
_kyö	 1
ekats	 1
_huë	 1
atí	 1
_ëey	 1
a'yu	 1
a'së	 1
sé,_	 1
_Cory	 1
ëkn	 1
i,"_	 1
ákë'_	 1
'"._	 1
inyu	 1
hta's	 1
Ha	 1
thwa	 1
skwi_	 1
ayeöö	 1
é._	 1
és.	 1
__	 1
iyúyë	 1
aní_	 1
wasny	 1
ëkêyá	 1
'ö."_	 1
siyá	 1
se'	 1
hwëö	 1
Huyê	 1
ye's	 1
_n-at	 1
aöwö	 1
rlene	 1
yu',_	 1
_Ëhs	 1
sháni	 1
anë	 1
ö'é	 1
'sní	 1
tihs	 1
yën	 1
te'k	 1
yu'?	 1
yôní_	 1
_unëh	 1
_kyö'	 1
íhá	 1
_ëhsé	 1
Waaty	 1
aun	 1
Satk	 1
awak	 1
se'hú	 1
skwá	 1
_uty	 1
_aknö	 1
ahkwë	 1
wëöh	 1
ekat	 1
"Waa	 1
ö?_	 1
nya'.	 1
iuy	 1
yúyë'	 1
siyáe	 1
teyu	 1
unôw	 1
theák	 1
M	 1
as."_	 1
kaêt	 1
iny	 1
tí._	 1
uts	 1
ákët_	 1
kwayë	 1
aki',	 1
äty	 1
nika	 1
_te'k	 1
'et	 1
_ëyen	 1
wâ	 1
ry	 1
pok	 1
u,	 1
eëôk.	 1
_Ëhse	 1
saô'	 1
nit	 1
_Ëths	 1
_ky	 1
nôk.	 1
khe'	 1
athwa	 1
aku'_	 1
sthöö	 1
eä',	 1
iyä	 1
weed	 1
nyák	 1
yëêth	 1
ötat	 1
tösk	 1
thsek	 1
nyusy	 1
hëés	 1
aöht	 1
ka'a	 1
'kwa_	 1
_Kwá	 1
aasy	 1
_poke	 1
usny	 1
és._	 1
öwö's	 1
a'kék	 1
u'"._	 1
ëé	 1
_akw	 1
sakw	 1
ukëy	 1
keä	 1
katsi	 1
keä'	 1
'sé._	 1
hta'.	 1
ték,	 1
wô	 1
tiye	 1
hathw	 1
ki',_	 1
sék,_	 1
sye	 1
hénë_	 1
_niuy	 1
áníh	 1
aash	 1
ötke	 1
'ôwe	 1
Cory.	 1
okewe	 1
etak	 1
watsi	 1
ku'.	 1
wa'et	 1
'Aayö	 1
wista	 1
_hae	 1
aashá	 1
.'"	 1
"U	 1
kway	 1
_ahs	 1
túw	 1
ötös	 1
nôw	 1
hi't	 1
iê	 1
tëths	 1
yusth	 1
'snín	 1
u'."	 1
_tyaw	 1
yáw	 1
tke_	 1
sheth	 1
yáe'	 1
_"Ës	 1
_u'kn	 1
-unö	 1
ekeæ'	 1
kwa',	 1
nôk."	 1
wë't	 1
Wa'ak	 1
ninös	 1
nëka	 1
kus."	 1
ät	 1
unöt	 1
húw	 1
núwe'	 1
te_	 1
"A	 1
taöh	 1
wání	 1
'kææ	 1
akwas	 1
iks	 1
wakô	 1
n-ut	 1
ö'?"	 1
watá	 1
_.M	 1
iyöth	 1
kanö	 1
ekhön	 1
heth	 1
nö'kw	 1
_aaö	 1
taas	 1
_ëyöë	 1
ta'æ	 1
_sha'	 1
eëôk	 1
'skw	 1
n-unö	 1
ataöh	 1
ä't	 1
ë's	 1
auny	 1
eha	 1
i,_	 1
"Thë'	 1
nökw	 1
'tás_	 1
e't_	 1
eyín	 1
áwê._	 1
ayökh	 1
öö_	 1
_Ökwa	 1
htaku	 1
taty	 1
ashán	 1
thaha	 1
êku'_	 1
yatö'	 1
Sata	 1
'yuak	 1
skaw	 1
_Sô	 1
u'ní	 1
öwëö	 1
'akwa	 1
'ös	 1
saö'	 1
twake	 1
yëhsa	 1
ksa'	 1
akekê	 1
yút_	 1
thu_	 1
Ka'se	 1
ôtö'	 1
êta't	 1
eá'	 1
htaka	 1
ëkyeæ	 1
Kwáh	 1
"Ë	 1
kötat	 1
ö'?"_	 1
_tyá	 1
ausk	 1
twasy	 1
ëty	 1
wö'kh	 1
su'_	 1
wih	 1
ekênô	 1
_wi	 1
keæ	 1
kéha	 1
áké	 1
_"Us	 1
iyêté	 1
yeä'	 1
ëtwi'	 1
hëés.	 1
ka'ö.	 1
wihi	 1
yunö	 1
_sa	 1
hækw	 1
yë'.	 1
"Të'	 1
akaha	 1
u',_	 1
ha'e	 1
ë'ë.	 1
ëhsé	 1
eöök_	 1
_Aid	 1
khe'_	 1
ö'ëëk	 1
tsaté	 1
"Ësw	 1
_ta_	 1
ë't_	 1
!	 1
uthæ	 1
ihiák	 1
öökt	 1
_Kuwá	 1
úshæ'	 1
ak."_	 1
hsek	 1
shak	 1
'kwa'	 1
éh	 1
_ës	 1
nöök	 1
eák.	 1
úya	 1
nëwöt	 1
he'	 1
'tih	 1
öskwi	 1
Tya	 1
wâs._	 1
ôwë,_	 1
hinö	 1
ënêt	 1
hta'k	 1
_wih	 1
nöhi'	 1
_ëyö	 1
_nëka	 1
tákët	 1
eyënê	 1
yôni_	 1
ê,	 1
tkák	 1
_waat	 1
aki'	 1
höö	 1
uta	 1
khu,_	 1
e?	 1
has."	 1
wáníh	 1
tyáw	 1
yeöö	 1
ö."	 1
ätyëê	 1
ê,_	 1
aste_	 1
ötha'	 1
wáku	 1
yuak	 1
net	 1
kâ	 1
êté	 1
aö'és	 1
tëkah	 1
'së't	 1
"Us	 1
ieh	 1
ëhtak	 1
unö'k	 1
hë'ë_	 1
Ökwa	 1
n-un	 1
_nëw	 1
a'ak	 1
_kus	 1
kâhkw	 1
eed_	 1
ashá	 1
"Të'ë	 1
wëöt	 1
_hëé	 1
_akyé	 1
káthu	 1
_aak	 1
'köiw	 1
_ah	 1
kênô	 1
Ëhse	 1
_n-úw	 1
ëêth	 1
ö."_	 1
ye',_	 1
ahas?	 1
ai,"	 1
nôwí.	 1
_uts	 1
ä't_	 1
ënö'	 1
snúwe	 1
iyêt	 1
iyö'	 1
htêt	 1
'kúwá	 1
"Waat	 1
akes	 1
ëés.	 1
_ökh	 1
ry.	 1
-úwi	 1
'keá	 1
ötyu	 1
tye',	 1
ëë'ke	 1
tsak	 1
také	 1
_tény	 1
ëkas	 1
ëhta'	 1
áhe_	 1
Huya'	 1
_Kuw	 1
'ösh	 1
ëkasy	 1
hswë'	 1
_Tyaw	 1
i,"	 1
wuwe	 1
_uh	 1
ényö	 1
-awé	 1
sha'e	 1
kúyô_	 1
ustá'	 1
énë	 1
ösku	 1
tyeëô	 1
_hus	 1
saték	 1
a'ö.	 1
yuu'	 1
n-aw	 1
e'.	 1
We	 1
unö's	 1
kes	 1
ory.	 1
aiê	 1
kúy	 1
_Hat	 1
aták	 1
kats	 1
_yén	 1
_nëk	 1
tiyêt	 1
wés	 1
htíy	 1
as."	 1
te',"	 1
a'et	 1
kúyô	 1
wahk	 1
te'_	 1
ëey	 1
'yu	 1
ste_	 1
ôwe.	 1
hse'h	 1
ênô'	 1
uu'	 1
nöty	 1
htí	 1
_ökwa	 1
ok	 1
_kës.	 1
ë'ë._	 1
thæ	 1
a'kúw	 1
yeä	 1
kwash	 1
te'n-	 1
taku'	 1
yä	 1
se'h	 1
iyät	 1
'ëë'k	 1
sneke	 1
waas	 1
tsi',	 1
ëkyë	 1
Aid	 1
kâhk	 1
taa	 1
kaw	 1
Wauiw	 1
yö's	 1
arl	 1
tyaw	 1
'és	 1
úsh	 1
wáku'	 1
tkát	 1
tyô_	 1
tath	 1
has_	 1
a',_	 1
thé'_	 1
watye	 1
Huya	 1
atëö	 1
yeö	 1
shet	 1
eä't	 1
éhas	 1
Ök	 1
hawé	 1
a'ni.	 1
itwat	 1
_ësh	 1
Uskaw	 1
syút_	 1
'tihs	 1
teyun	 1
akunô	 1
akyé	 1
Utyê	 1
ye't_	 1
hakun	 1
taní_	 1
uta'æ	 1
_kanö	 1
_ëe	 1
niu	 1
len	 1
'húwé	 1
katat	 1
siyây	 1
aknö	 1
há'_	 1
akhe'	 1
Ökwat	 1
ákôt	 1
ayeö	 1
kwákw	 1
Kuwá	 1
_Wa'	 1
hiák.	 1
.Mar	 1
akaê	 1
we'.	 1
tyëê	 1
saôk_	 1
hö?	 1
áké_	 1
e',"	 1
_si_	 1
nöökt	 1
auiw	 1
ënukë	 1
ání	 1
'ë,_	 1
rlen	 1
ínôk.	 1
yény	 1
ory._	 1
íyu'?	 1
'khö'	 1
kwaty	 1
'ni.	 1
'skwa	 1
sek	 1
sé,	 1
_Tén	 1
húyat	 1
_kust	 1
asyôn	 1
wáh	 1
Ty	 1
ô.	 1
iuh	 1
é!"	 1
ë'sék	 1
-í	 1
uska'	 1
sta'	 1
úshæ	 1
kökê	 1
tëtyö	 1
tá'_	 1
watyë	 1
_aaöw	 1
Utyên	 1
yâyë	 1
takaê	 1
Aké	 1
wö's	 1
n-at	 1
ákô	 1
akesn	 1
úyatö	 1
ë'ke	 1
ænet	 1
kus.	 1
',"_	 1
_p	 1
kaeh	 1
_'	 1
aték,	 1
'sék,	 1
ásö	 1
Té	 1
ínö'?	 1
ökêy	 1
yé_	 1
syôni	 1
tyawë	 1
íyu',	 1
ækw	 1
éniks	 1
wákw	 1
éshas	 1
waya	 1
siyä	 1
ed	 1
_ëtwi	 1
ihsa'	 1
Cory	 1
snín	 1
ëhswë	 1
ôkwe?	 1
akhe	 1
ínö'.	 1
ukëyö	 1
hëé	 1
ëeyín	 1
shô._	 1
eyu	 1
atath	 1
ni't_	 1
ninö	 1
_Ökw	 1
uak.	 1
hiy	 1
áne'_	 1
kék	 1
'ésh	 1
ökwe	 1
Usthô	 1
_"Waa	 1
nöö	 1
kata	 1
yë'._	 1
aaöw	 1
nö'.	 1
úwâ	 1
_hëk	 1
niks	 1
wu	 1
yáe	 1
ëyös	 1
_Wa'a	 1
usnye	 1
hiyö'	 1
u'".	 1
hénë	 1
kesny	 1
yu'?_	 1
ëôk.	 1
kwe'_	 1
e'köi	 1
yút	 1
kê'_	 1
siuh	 1
e'ôwe	 1
knëh	 1
tiny	 1
wék_	 1
akökê	 1
aôkë_	 1
-ak	 1
wáne	 1
kwe?	 1
wai,	 1
e'ö_	 1
wasn	 1
ênô'_	 1
tekhw	 1
iksa	 1
ayás	 1
êté'_	 1
tway	 1
aasny	 1
_ëwöt	 1
ihs	 1
khö'_	 1
ene_	 1
kasyö	 1
uu't	 1
kninö	 1
the	 1
_Usk	 1
Kuw	 1
_hawé	 1
húwé	 1
kunö	 1
niye	 1
áthu_	 1
u'?_	 1
wauny	 1
éniye	 1
íh	 1
yö'sé	 1
'taiê	 1
waaty	 1
wê.	 1
há'	 1
yâ	 1
t,	 1
twak	 1
ikany	 1
s?"_	 1
'syön	 1
'ké	 1
huën	 1
hsa'	 1
ööty	 1
u'sa	 1
takéh	 1
iyak	 1
u'"	 1
unöh	 1
ha'ni	 1
önúsh	 1
ëtyö	 1
kesn	 1
Tú_	 1
'Aa	 1
kyé	 1
_kú	 1
tsiyâ	 1
áku'.	 1
'ta'.	 1
khní	 1
Aids_	 1
íwí.	 1
âh	 1
aasye	 1
"Aké	 1
ta'k	 1
áh	 1
_Aids	 1
hsa'ö	 1
e?_	 1
ihiá	 1
rn_	 1
ahsö'	 1
athé	 1
_hú	 1
'kék	 1
öök_	 1
uhtë	 1
atú	 1
atsiy	 1
úwék	 1
hë'ë	 1
htët	 1
waash	 1
eyun	 1
ëwötö	 1
yöth	 1
unôwí	 1
ëëkê	 1
yökh	 1
_"A	 1
i't_	 1
keá'	 1
'shö	 1
asyeä	 1
nösku	 1
hö'ö_	 1
ténya	 1
áe'_	 1
yuu't	 1
u'tás	 1
hyúw	 1
_ne'h	 1
ææn	 1
ésu	 1
iyâyë	 1
yus._	 1
Ëthse	 1
_köt	 1
iwanë	 1
sék,	 1
khiyö	 1
Kwáhe	 1
kasy	 1
énôs_	 1
wö'sé	 1
Corn	 1
_Ai	 1
Ëths	 1
ö'ésh	 1
atheá	 1
hö?"_	 1
thahs	 1
nö'k	 1
kêyat	 1
takn	 1
u'saô	 1
athy	 1
shé_	 1
wákwa	 1
Th	 1
'shæ	 1
á'.	 1
e's_	 1
ë'tôt	 1
hô.	 1
_ëkye	 1
u'."_	 1
nekat	 1
hetha	 1
-awé'	 1
aô'	 1
rn	 1
ni_	 1
hsé,_	 1
Usk	 1
ëyenö	 1
kewee	 1
"W	 1
ëkath	 1
_teyu	 1
kúwá	 1
akhní	 1
_aas	 1
hin	 1
kë_	 1
ai,"_	 1
kath	 1
siyak	 1
ataní	 1
a',	 1
ákwas	 1
aak	 1
we's	 1
yash	 1
æænet	 1
tá'	 1
hënök	 1
htê	 1
ku'".	 1
öiwak	 1
uthæk	 1
stá	 1
Ëhs	 1
wakô_	 1
Ës	 1
'sék.	 1
hwë	 1
ayök	 1
séku'	 1
hsiyä	 1
_niu	 1
hsö'_	 1
táké_	 1
tëka	 1
ya'._	 1
_twas	 1
núwe	 1
tyô	 1
ä',_	 1
Aay	 1
'eyë	 1
âs.	 1
utsiy	 1
âs._	 1
hahse	 1
_.Ma	 1
we'._	 1
"Të	 1
_yekh	 1
sa'ö_	 1
ëknëh	 1
tëk	 1
ëyös_	 1
'tai	 1
Thë	 1
_n-as	 1
ôkë	 1
núshæ	 1
tëönú	 1
hsaô'	 1
öötye	 1
e'sh	 1
ôni,	 1
öwö'k	 1
-as	 1
utiy	 1
wö'k	 1
ák."_	 1
u'?	 1
Uska	 1
ataö	 1
âyë'_	 1
_tëts	 1
ieha	 1
thyú	 1
e'húw	 1
atsi'	 1
yényö	 1
_aakh	 1
ukt	 1
é,	 1
hö'_	 1
yas	 1
kéhas	 1
ku'"	 1
awôt	 1
kyeæ	 1
eyí	 1
ák._	 1
ây	 1
ëkah	 1
ëöhs	 1
khw	 1
yekh	 1
eyínô	 1
tihsa	 1
ëyöë	 1
hakö	 1
akéha	 1
öiwa	 1
asye	 1
yëh	 1
y._	 1
_niyö	 1
Aa	 1
níhá'	 1
köiw	 1
_au	 1
ka'ta	 1
tény	 1
e'n-	 1
ék._	 1
athyú	 1
sehsi	 1
_"Ak	 1
aku'	 1
kaeht	 1
thöö	 1
_nëwö	 1
hu'n	 1
skway	 1
snú	 1
tyuu'	 1
úyat	 1
hëk	 1
yeëôk	 1
'Aay	 1
_awuw	 1
öökte	 1
',"	 1
a'n	 1
nö'."	 1
ökhiy	 1
ë'ös	 1
eyën	 1
e'ôw	 1
nëw	 1
ëtu'	 1
áni	 1
ëe	 1
stha	 1
yekhô	 1
_ökhi	 1
weed_	 1
twasn	 1
'ë,	 1
wa'ke	 1
ötyuu	 1
ya'ti	 1
akah	 1
yashé	 1
skwák	 1
po	 1
ati	 1
n_	 1
_ukte	 1
akun	 1
eä',_	 1
a'ké	 1
ëötke	 1
ëkâhk	 1
ákwa	 1
Satká	 1
ak."	 1
_"Thë	 1
sekwa	 1
wats	 1
arle	 1
'kékw	 1
awu	 1
ëhsw	 1
'ták	 1
atö'_	 1
Thë'ë	 1
auska	 1
tëön	 1
yusyú	 1
öshö'	 1
_Ët	 1
æne	 1
aêt,	 1
unöö	 1
ôwë,	 1
yáe'_	 1
hënu	 1
ëëkêy	 1
ké!"_	 1
_Uska	 1
_akwa	 1
hkwë'	 1
ënö'?	 1
