_	 2052
e	 577
n	 391
r	 299
t	 268
a	 248
s	 208
o	 194
l	 175
i	 173
n_	 171
r_	 160
g	 152
k	 150
e_	 137
en	 135
m	 126
d	 120
h	 117
er	 116
t_	 110
_h	 106
v	 96
er_	 93
an	 89
_s	 88
en_	 85
u	 80
g_	 70
f	 68
.	 67
å	 63
p	 62
ha	 62
_ha	 61
_.	 59
._	 59
te	 59
et	 57
_e	 57
_._	 55
or	 54
_o	 54
de	 54
_,_	 53
_,	 53
,	 53
,_	 53
ne	 51
an_	 50
et_	 49
_f	 48
_d	 46
_i	 44
nn	 44
ke	 43
å_	 42
m_	 41
b	 39
me	 38
st	 38
re	 38
om	 37
ar	 37
og	 37
se	 36
_v	 36
_og	 36
_og_	 35
og_	 35
el	 34
ge	 34
_m	 34
_k	 34
in	 32
ng	 32
_t	 32
_a	 31
_de	 31
_han	 30
i_	 30
ø	 30
han	 30
fo	 30
_er_	 29
il	 29
_er	 29
for	 29
sk	 28
_H	 28
H	 28
l_	 28
un	 28
le	 28
_b	 28
om_	 27
_han_	 26
han_	 26
j	 26
_fo	 26
_for	 26
ne_	 26
_g	 25
kk	 25
ve	 25
al	 25
ti	 24
ar_	 24
_n	 23
li	 23
kke	 22
tt	 22
te_	 22
or_	 22
nne	 22
y	 21
rt	 21
va	 21
_"_	 21
_"	 21
at	 21
is	 21
"	 21
_p	 21
"_	 21
d_	 20
_me	 20
ke_	 20
eg	 19
ed	 19
un_	 19
ør	 18
vi	 18
nge	 18
_l	 18
_Ha	 18
es	 18
he	 18
ka	 18
Ha	 18
il_	 18
ll	 17
_i_	 17
_se	 17
so	 17
s_	 17
for_	 17
det	 17
pe	 17
la	 16
som	 16
hu	 16
ter	 16
_so	 16
det_	 16
_Han	 16
ste	 16
_D	 16
Han	 16
D	 16
ig	 16
har	 15
til	 15
_har_	 15
_har	 15
Han_	 15
_ti	 15
ns	 15
_som_	 15
ik	 15
som_	 15
_Han_	 15
am	 15
har_	 15
_som	 15
nd	 14
_hu	 14
gen	 14
ten	 14
kke_	 14
_å	 14
på_	 14
eg_	 14
_r	 14
_til	 14
på	 14
_for_	 14
av	 14
_på_	 14
v_	 14
ikk	 14
a_	 14
_på	 14
nt	 14
enn	 14
ene	 13
hun	 13
de_	 13
ta	 13
_he	 13
re_	 13
_ka	 13
_hun	 13
år	 13
mm	 13
je	 13
til_	 13
on	 13
hun_	 13
ut	 13
_en	 13
_hun_	 13
mme	 13
em	 12
_ikk	 12
ikke	 12
_ikke	 12
De	 12
lig	 12
år_	 12
enne	 12
ikke_	 12
_ik	 12
ko	 12
hen	 12
_til_	 12
_av	 12
_De	 12
_det	 12
_ham_	 11
ed_	 11
den_	 11
no	 11
_S	 11
lo	 11
tr	 11
am_	 11
pen	 11
_det_	 11
pen_	 11
_vi	 11
nne_	 11
_at	 11
_ham	 11
tte	 11
ni	 11
ham	 11
S	 11
ei	 11
ham_	 11
ste_	 11
_st	 11
den	 11
ing	 11
ten_	 11
_u	 11
_ve	 11
inn	 10
gen_	 10
be	 10
_den	 10
æ	 10
ans	 10
_in	 10
_den_	 10
it	 10
k_	 10
av_	 10
ær	 10
_hen	 10
_å_	 9
ere	 9
oe	 9
le_	 9
_kan	 9
ra	 9
_et	 9
seg	 9
hv	 9
_no	 9
da	 9
ang	 9
ser	 9
_at_	 9
ld	 9
_seg	 9
rs	 9
est	 9
så_	 9
men	 9
E	 9
ls	 9
kan	 9
med	 9
du	 9
_E	 9
nni	 9
_sk	 9
at_	 9
så	 9
ng_	 9
ig_	 9
eng	 9
_av_	 9
ak	 9
els	 9
tt_	 9
lt	 9
sv	 8
pp	 8
Unn	 8
seg_	 8
henn	 8
kan_	 8
ie	 8
_va	 8
_kan_	 8
_henn	 8
_Unni	 8
_Unn	 8
_om_	 8
lle	 8
med_	 8
_med_	 8
_be	 8
ske	 8
sp	 8
_så	 8
men_	 8
Un	 8
_seg_	 8
gan	 8
ord	 8
kt	 8
Unni	 8
der	 8
henne	 8
ngen	 8
ga	 8
_med	 8
U	 8
rd	 8
..	 8
_så_	 8
enne_	 8
ene_	 8
rt_	 8
ter_	 8
_Un	 8
sa	 8
_U	 8
ss	 8
_om	 8
ser_	 8
ort	 7
vo	 7
end	 7
ner	 7
_hv	 7
ør_	 7
nde	 7
inge	 7
der_	 7
nn_	 7
ann	 7
ek	 7
_F	 7
ri	 7
o_	 7
ro	 7
var	 7
_du	 7
_noe	 7
_Hu	 7
_ko	 7
lv	 7
ger_	 7
si	 7
noe	 7
ger	 7
lig_	 7
_et_	 7
lan	 7
Hu	 7
mer	 7
ker	 7
gj	 7
F	 7
mer_	 7
bl	 7
sl	 7
na	 6
rk	 6
rte	 6
_le	 6
br	 6
ul	 6
enge	 6
nen_	 6
eli	 6
as	 6
p_	 6
Hun_	 6
vet	 6
fa	 6
mo	 6
rg	 6
_en_	 6
_kv	 6
ye	 6
_Hun	 6
gang	 6
_vil	 6
spe	 6
ag	 6
ol	 6
bo	 6
mel	 6
ken	 6
_gu	 6
nk	 6
_si	 6
utt	 6
_ut	 6
ker_	 6
gel	 6
kv	 6
att	 6
ell	 6
_men	 6
M	 6
_O	 6
ma	 6
elig	 6
Hun	 6
_ser	 6
_tr	 6
gå	 6
nen	 6
jø	 6
oen	 6
gu	 6
_sa	 6
sva	 6
ver	 6
nå	 6
vil	 6
ren	 6
dd	 6
_M	 6
_ser_	 6
_re	 6
ler	 6
_Hun_	 6
op	 6
O	 6
mi	 5
jo	 5
ot	 5
vet_	 5
Det_	 5
fr	 5
gels	 5
_R	 5
mmer	 5
mann	 5
_Det	 5
ll_	 5
gjør	 5
_gut	 5
ler_	 5
_ing	 5
Je	 5
os	 5
_Espe	 5
elsk	 5
rte_	 5
ingen	 5
?_	 5
org	 5
este	 5
_ta	 5
ang_	 5
ster	 5
rke	 5
ft	 5
_bo	 5
_Es	 5
st_	 5
ken_	 5
væ	 5
ere_	 5
_Det_	 5
_Esp	 5
tre	 5
_al	 5
Espe	 5
dt	 5
vin	 5
val	 5
man	 5
ba	 5
itt	 5
_gå	 5
øre	 5
rst	 5
_nå	 5
_ga	 5
ist	 5
ert	 5
tin	 5
Det	 5
ppe	 5
_fr	 5
omme	 5
nner_	 5
_gutt	 5
gjø	 5
nner	 5
is_	 5
bor	 5
kl	 5
utte	 5
lt_	 5
nni_	 5
_gan	 5
lle_	 5
gut	 5
ngen_	 5
lsk	 5
jør	 5
De_	 5
Espen	 5
_li	 5
gutt	 5
emme	 5
J	 5
to	 5
opp	 5
ent	 5
spen_	 5
spen	 5
mmer_	 5
vær	 5
R	 5
Unni_	 5
dt_	 5
ok	 5
sen	 5
ru	 5
ner_	 5
ap	 5
_inge	 5
len	 5
_bl	 5
_Je	 5
uk	 5
ska	 5
emm	 5
_De_	 5
ns_	 5
omm	 5
_kom	 5
ni_	 5
kom	 5
Es	 5
_inn	 5
Esp	 5
_mel	 5
_J	 5
?	 5
_men_	 5
tter	 4
id	 4
att_	 4
_væ	 4
alp	 4
od	 4
_ø	 4
vis	 4
ors	 4
fø	 4
ute	 4
Se	 4
_noen	 4
_var	 4
itt_	 4
Ma	 4
ank	 4
N	 4
ho	 4
ev	 4
este_	 4
fi	 4
ede_	 4
_Fo	 4
pe_	 4
inne	 4
nger_	 4
mme_	 4
_br	 4
al_	 4
di	 4
øk	 4
va_	 4
_før	 4
ove	 4
vinn	 4
_komm	 4
hans_	 4
lok	 4
V	 4
me_	 4
valp	 4
_vet_	 4
går_	 4
.._	 4
kal	 4
tal	 4
tten	 4
ot_	 4
ds	 4
ise	 4
else	 4
_fø	 4
se_	 4
lokke	 4
lit	 4
_Ma	 4
nti	 4
_vær	 4
_ho	 4
uft	 4
nter	 4
_går_	 4
uten_	 4
komm	 4
kr	 4
komme	 4
gl	 4
Fo	 4
lokk	 4
lp	 4
lse	 4
hans	 4
_går	 4
_Jeg_	 4
_vet	 4
_..._	 4
ans_	 4
_gj	 4
ks	 4
gang_	 4
tere	 4
nå_	 4
går	 4
_V	 4
_bor	 4
nis	 4
Jeg	 4
ansk	 4
_N	 4
all	 4
_op	 4
ge_	 4
ett	 4
...	 4
For	 4
ry	 4
rer	 4
bru	 4
klo	 4
ing_	 4
art	 4
_fors	 4
_For	 4
klokk	 4
nsk	 4
net_	 4
elig_	 4
u_	 4
uten	 4
are	 4
ue	 4
_hans	 4
okk	 4
alt	 4
fors	 4
eie	 4
vil_	 4
ørs	 4
vor	 4
vinne	 4
ale	 4
før	 4
net	 4
klok	 4
noen	 4
nger	 4
_..	 4
ov	 4
nes	 4
_...	 4
sta	 4
_mo	 4
tra	 4
_opp	 4
_gang	 4
kel	 4
ede	 4
_Se	 4
ad	 4
ien	 4
uf	 4
ette	 4
vei	 4
_vil_	 4
_ska	 4
ien_	 4
iste	 4
dø	 4
okke	 4
dør	 4
tu	 4
rm	 4
_sl	 4
in_	 4
pl	 4
ort_	 4
sj	 4
..._	 4
lom	 4
gutte	 4
Jeg_	 4
_Jeg	 4
nte	 4
us	 4
_år	 3
ende	 3
ran	 3
sla	 3
lde	 3
kmann	 3
ting_	 3
_dør	 3
kje	 3
lskma	 3
lik	 3
pp_	 3
gg	 3
rb	 3
_pl	 3
_står	 3
sjo	 3
jem	 3
ern	 3
du_	 3
_hje	 3
van	 3
nnen	 3
elv	 3
kma	 3
ært_	 3
Rune_	 3
står_	 3
dde_	 3
nske	 3
ske_	 3
pla	 3
bes	 3
kj	 3
tår_	 3
vært_	 3
ren_	 3
rer_	 3
dd_	 3
elle	 3
elskm	 3
_der	 3
ntin	 3
øy	 3
_sva	 3
_sv	 3
rge	 3
nder_	 3
enner	 3
jen	 3
veien	 3
rme	 3
gle	 3
ært	 3
_hjem	 3
alen	 3
nke	 3
En	 3
skal_	 3
kvin	 3
had	 3
agt	 3
ill	 3
_kvin	 3
bi	 3
fl	 3
mt_	 3
etter	 3
melk	 3
inn_	 3
ut_	 3
_ute	 3
lat	 3
ku	 3
pr	 3
_uten	 3
kelig	 3
sis	 3
gjøre	 3
elk	 3
to_	 3
ommer	 3
str	 3
ull	 3
_fort	 3
står	 3
_inn_	 3
enger	 3
ant	 3
_Ru	 3
lag	 3
_næ	 3
yn	 3
ngel	 3
_ut_	 3
pu	 3
_pla	 3
skm	 3
ngels	 3
innt	 3
veie	 3
ier	 3
svar	 3
_For_	 3
lje	 3
adde	 3
ier_	 3
_vei	 3
yg	 3
_gjø	 3
So	 3
sse	 3
tten_	 3
bli	 3
nting	 3
over	 3
mt	 3
_eng	 3
bort	 3
siste	 3
_nå_	 3
ver_	 3
th	 3
var_	 3
_So	 3
hve	 3
jon	 3
opp_	 3
adde_	 3
gent	 3
_der_	 3
ller	 3
eien_	 3
nse	 3
_enge	 3
gelsk	 3
mann_	 3
akt	 3
over_	 3
lank	 3
nder	 3
duf	 3
une	 3
stå	 3
ore	 3
anske	 3
For_	 3
keli	 3
_dø	 3
_hadd	 3
nnis_	 3
nnt	 3
_hva	 3
Unnis	 3
res	 3
_hj	 3
_la	 3
hadde	 3
Ru	 3
skr	 3
bort_	 3
_el	 3
vært	 3
_du_	 3
entin	 3
En_	 3
hje	 3
nær	 3
_fa	 3
_ba	 3
nda	 3
iste_	 3
_had	 3
_bes	 3
_de_	 3
old	 3
_gjør	 3
je_	 3
_tar	 3
add	 3
sy	 3
Hv	 3
sto	 3
_skal	 3
ud	 3
enti	 3
kman	 3
lv_	 3
okken	 3
alt_	 3
ann_	 3
ur	 3
_nær	 3
km	 3
_Run	 3
rf	 3
gs	 3
tter_	 3
skal	 3
_var_	 3
ære	 3
elv_	 3
Run	 3
ån	 3
ppe_	 3
_Hv	 3
ting	 3
fin	 3
engel	 3
tar_	 3
stu	 3
nis_	 3
Rune	 3
dde	 3
mot	 3
næ	 3
my	 3
ster_	 3
hend	 3
orge	 3
lskm	 3
kte	 3
enda	 3
tår	 3
eller	 3
_duf	 3
kken	 3
kvinn	 3
lk	 3
må	 3
_En_	 3
_må	 3
skman	 3
_bort	 3
_fi	 3
lj	 3
eld	 3
tar	 3
hj	 3
_tar_	 3
skma	 3
mot_	 3
_tre	 3
ft_	 3
kon	 3
oe_	 3
gt	 3
da_	 3
_vært	 3
_stå	 3
kal_	 3
ip	 3
_T	 3
fort	 3
tf	 3
noe_	 3
ørst	 3
_kvi	 3
nnis	 3
kk_	 3
_melk	 3
hva_	 3
ege	 3
_Rune	 3
_En	 3
lu	 3
sist	 3
lem	 3
_svar	 3
isk	 3
ite	 3
_mot_	 3
hadd	 3
hva	 3
hjem	 3
eien	 3
T	 3
sel	 3
øye	 3
_noe_	 3
gge	 3
rn	 3
ller_	 3
ret	 3
kvi	 3
_mot	 3
_hva_	 3
tå	 3
duft	 3
jøre	 3
une_	 3
_duft	 3
nnen_	 3
sjon	 3
anne	 3
åp	 2
ukk	 2
af	 2
må_	 2
_avgj	 2
vel	 2
pusse	 2
enere	 2
ye_	 2
sier	 2
osfær	 2
_atmo	 2
orbi	 2
lpen	 2
onj	 2
lagt	 2
treng	 2
renge	 2
fte	 2
syne	 2
godt_	 2
keda	 2
asj	 2
ide	 2
_alle	 2
ris	 2
_kunn	 2
jenne	 2
No	 2
_Sene	 2
odt_	 2
_når_	 2
ngekl	 2
veld	 2
onomi	 2
uften	 2
konom	 2
ldsva	 2
_ro	 2
_te	 2
_vans	 2
inte	 2
rfor	 2
syn	 2
nere_	 2
_råd	 2
råd	 2
sko	 2
ja	 2
t?	 2
tene_	 2
_vis	 2
beveg	 2
nser	 2
fordi	 2
_glem	 2
aks	 2
_sm	 2
vertf	 2
rdi	 2
_Har_	 2
hende	 2
valp_	 2
go	 2
all_	 2
nat	 2
vart	 2
gange	 2
ordi	 2
_ett	 2
kp	 2
age	 2
sm	 2
rgen	 2
hånd	 2
_kast	 2
plan	 2
blikk	 2
_bev	 2
nda_	 2
_bruk	 2
_når	 2
nja_	 2
_Har	 2
tmo	 2
rei	 2
nkpus	 2
ldsv	 2
tfa	 2
vol	 2
kt?	 2
kaste	 2
øre_	 2
ane	 2
pi	 2
_tren	 2
_lei	 2
_atm	 2
fat	 2
_ihv	 2
bare	 2
god	 2
mello	 2
kast	 2
ilbak	 2
rfor_	 2
gger	 2
lte	 2
kvel	 2
Nor	 2
rl	 2
Har	 2
kpus	 2
skri	 2
nkpu	 2
enga	 2
ankp	 2
arte	 2
gjør_	 2
_Sen	 2
geklo	 2
rit	 2
bak	 2
ake	 2
_rin	 2
eklo	 2
alp_	 2
ine	 2
_to	 2
ua	 2
mosf	 2
ast	 2
_litt	 2
lbake	 2
økono	 2
_kje	 2
ærme	 2
teval	 2
ertfa	 2
lse_	 2
selv_	 2
beve	 2
_hån	 2
nga	 2
stra	 2
lp_	 2
genti	 2
engan	 2
tmosf	 2
ono	 2
rst_	 2
_mell	 2
lk_	 2
ige_	 2
bev	 2
_ku	 2
evege	 2
pus	 2
I	 2
ilb	 2
_un	 2
kri	 2
ufte	 2
selv	 2
tilb	 2
eis	 2
aste	 2
ære_	 2
ihv	 2
Son	 2
ful	 2
oret	 2
vg	 2
litt	 2
sn	 2
sene_	 2
_go	 2
onja	 2
lba	 2
ygg	 2
ts	 2
_val	 2
_ov	 2
_øk	 2
tteva	 2
eda	 2
_opp_	 2
rang	 2
annen	 2
kunn	 2
sf	 2
kker_	 2
ihve	 2
uss	 2
In	 2
jemme	 2
lten	 2
est_	 2
_sie	 2
omi	 2
jøre_	 2
_fat	 2
fal	 2
rtfa	 2
_P	 2
vak	 2
nja	 2
_kve	 2
asjon	 2
_ihve	 2
_str	 2
_gle	 2
_ri	 2
valpe	 2
_åp	 2
avgj	 2
ons	 2
hvo	 2
åd	 2
dsva	 2
alpe	 2
ngang	 2
ærm	 2
mest	 2
ldt_	 2
ob	 2
mu	 2
_elle	 2
kveld	 2
_beve	 2
enda_	 2
vansk	 2
nærme	 2
rgen_	 2
bla	 2
di_	 2
_to_	 2
iss	 2
nom	 2
latt_	 2
appe	 2
viss	 2
ekl	 2
_sli	 2
vite	 2
lige	 2
Sonja	 2
_kl	 2
kun	 2
Mar	 2
uen	 2
rsv	 2
rek	 2
kas	 2
_god	 2
vegel	 2
orf	 2
_lo	 2
het	 2
ener	 2
_red	 2
mosfæ	 2
_I	 2
eveg	 2
oppe_	 2
tuen	 2
_må_	 2
llom	 2
ket_	 2
bake	 2
_van	 2
eid	 2
trek	 2
ille_	 2
llo	 2
unn	 2
slag	 2
eval	 2
vakt	 2
mell	 2
elk_	 2
_Nor	 2
enes	 2
eva	 2
ello	 2
_hånd	 2
_stu	 2
_oppe	 2
int	 2
_sta	 2
rin	 2
_bar	 2
eklok	 2
ender	 2
fu	 2
agt_	 2
sier_	 2
best	 2
amm	 2
_ne	 2
mmen_	 2
dør_	 2
_res	 2
_veie	 2
mes	 2
_kun	 2
kritt	 2
ihver	 2
orgen	 2
kker	 2
ult	 2
når_	 2
_bare	 2
_liv	 2
ukke	 2
atm	 2
edd	 2
raks	 2
kpuss	 2
-	 2
ind	 2
stuen	 2
_sy	 2
ldt	 2
_In	 2
ørste	 2
yst	 2
pa	 2
svakt	 2
ften_	 2
ngek	 2
esk	 2
lemme	 2
varte	 2
_mi	 2
bake_	 2
uft_	 2
rak	 2
P	 2
_Mart	 2
vert	 2
stor	 2
fall_	 2
jør_	 2
Mart	 2
_fy	 2
egels	 2
kjen	 2
skrit	 2
_sp	 2
Sener	 2
_ell	 2
lsen_	 2
glem	 2
rste_	 2
_år_	 2
emmer	 2
førs	 2
strak	 2
ild	 2
sie	 2
ses	 2
ukt_	 2
ssede	 2
ki	 2
_Mar	 2
_øko	 2
_G	 2
beste	 2
_No	 2
ille	 2
kt_	 2
edd_	 2
puss	 2
ruk	 2
y_	 2
uttev	 2
sfæ	 2
oen_	 2
_sko	 2
del	 2
eise	 2
_hel	 2
lankp	 2
fær	 2
inter	 2
tet_	 2
rker	 2
_hend	 2
orde	 2
Sen	 2
bar	 2
rker_	 2
fine	 2
tfall	 2
ha_	 2
akt?	 2
vgj	 2
_rei	 2
sker	 2
_hø	 2
hus	 2
lbak	 2
reise	 2
_bli	 2
osfæ	 2
blik	 2
_gl	 2
ekk	 2
svak	 2
onom	 2
rem	 2
lds	 2
_avg	 2
_nærm	 2
_luk	 2
_øye	 2
rtfal	 2
tale	 2
eb	 2
ssed	 2
_tra	 2
_redd	 2
litt_	 2
blan	 2
ttev	 2
_plan	 2
_innt	 2
hvert	 2
lef	 2
ese	 2
_all	 2
red	 2
_kjen	 2
_førs	 2
likk	 2
vans	 2
idet	 2
aster	 2
vgjø	 2
rste	 2
gelse	 2
fe	 2
lpen_	 2
alle_	 2
kil	 2
emme_	 2
tert	 2
_kj	 2
ss_	 2
ngan	 2
ford	 2
anse	 2
orsv	 2
_end	 2
_hå	 2
lige_	 2
ritt	 2
_sist	 2
_Og_	 2
ises	 2
_sier	 2
hå	 2
trak	 2
tfal	 2
atmos	 2
_fl	 2
tene	 2
mmen	 2
avgjø	 2
_ned_	 2
veg	 2
_godt	 2
app	 2
når	 2
gt_	 2
dem	 2
teva	 2
ussed	 2
forsv	 2
_or	 2
arm	 2
kket	 2
unne_	 2
traks	 2
_hvor	 2
appen	 2
ellom	 2
hjemm	 2
_natt	 2
idet_	 2
nere	 2
rde	 2
ake_	 2
Sonj	 2
_di	 2
hver	 2
mos	 2
ket	 2
_hvo	 2
_Son	 2
ilba	 2
ekte	 2
rekke	 2
atmo	 2
kve	 2
først	 2
_da	 2
tmos	 2
svart	 2
lei	 2
trekk	 2
_tilb	 2
lb	 2
erk	 2
_fin	 2
nomi	 2
fæ	 2
_dem	 2
_sis	 2
_vo	 2
dsv	 2
sfær	 2
Og_	 2
melk_	 2
par	 2
talt_	 2
fy	 2
_lat	 2
ekke	 2
fall	 2
avg	 2
_j	 2
ekt	 2
krit	 2
velds	 2
ige	 2
reng	 2
skel	 2
_øy	 2
on_	 2
_Og	 2
_valp	 2
ud_	 2
full	 2
asjo	 2
_pr	 2
elds	 2
jemm	 2
_ette	 2
kunne	 2
akt?_	 2
fære	 2
godt	 2
skeli	 2
skil	 2
rti	 2
liv	 2
dsvak	 2
hvor	 2
utten	 2
kpu	 2
elsen	 2
ange	 2
_ar	 2
tev	 2
tel	 2
sfære	 2
tm	 2
ften	 2
ned	 2
ih	 2
nkp	 2
ring	 2
_blan	 2
ær_	 2
G	 2
kes	 2
gekl	 2
unne	 2
_selv	 2
sen_	 2
rå	 2
_lit	 2
ski	 2
gi	 2
kt?_	 2
_sel	 2
nskel	 2
lde_	 2
ngent	 2
gek	 2
kono	 2
iske	 2
natt	 2
_over	 2
L	 2
_ford	 2
vgjør	 2
stue	 2
yne	 2
are_	 2
rbi	 2
ekker	 2
amme	 2
hån	 2
rtf	 2
_ned	 2
hø	 2
erte_	 2
sed	 2
glemm	 2
_ove	 2
kken_	 2
_kas	 2
nj	 2
erte	 2
ms	 2
ys	 2
noeng	 2
ei_	 2
rfo	 2
sli	 2
_kvel	 2
sede_	 2
_rå	 2
ukket	 2
ringe	 2
_best	 2
lemm	 2
do	 2
kra	 2
ble	 2
lje_	 2
nt_	 2
ess	 2
redd_	 2
oppe	 2
ndel	 2
sene	 2
odt	 2
øko	 2
osf	 2
kket_	 2
arte_	 2
orb	 2
reis	 2
egel	 2
Sene	 2
_bla	 2
ele	 2
else_	 2
hel	 2
em_	 2
_mu	 2
ked	 2
ertf	 2
ordi_	 2
gger_	 2
ankpu	 2
_ih	 2
tor	 2
sede	 2
jenn	 2
tet	 2
usse	 2
lpe	 2
_Sonj	 2
ryk	 2
Har_	 2
_nat	 2
oenga	 2
ntere	 2
ret_	 2
_økon	 2
alpen	 2
rekk	 2
ef	 2
_reis	 2
ånd	 2
ingek	 2
_ring	 2
_bru	 2
tren	 2
iv	 2
vit	 2
yk	 2
alle	 2
ate	 2
nærm	 2
kjenn	 2
likk_	 2
_na	 2
onja_	 2
oeng	 2
talt	 2
luk	 2
ukt	 2
ppen	 2
ikk_	 2
økon	 2
blank	 2
duft_	 2
eldsv	 2
dal	 2
eve	 2
vakt?	 2
rdi_	 2
ppen_	 2
t?_	 2
alv	 2
_ek	 2
ja_	 2
bruk	 2
latt	 2
tue	 2
ned_	 2
evalp	 2
_lu	 2
lsen	 2
redd	 2
ygge	 2
tilba	 2
Og	 2
vege	 2
bare_	 2
_døre	 1
oldt	 1
tage	 1
nnti	 1
fryk	 1
meld	 1
rluft	 1
yer_	 1
_klap	 1
ndt	 1
_dum	 1
espek	 1
Reid	 1
tere_	 1
_ol	 1
resp	 1
angen	 1
_Fly	 1
luft	 1
Hvis_	 1
Drømm	 1
Fje	 1
rmer_	 1
uv	 1
Fl	 1
rdet	 1
nn?	 1
isl	 1
_bry	 1
nsem	 1
itet	 1
by	 1
ir	 1
kla	 1
bild	 1
_ende	 1
ånd_	 1
ipp	 1
msve	 1
eide	 1
også_	 1
slo_	 1
erem	 1
nattb	 1
tre_	 1
ilje_	 1
broe	 1
_Drøm	 1
iet	 1
færen	 1
nasj	 1
kul	 1
mfull	 1
erl	 1
fakt	 1
ømmen	 1
_Drø	 1
_slå	 1
Olj	 1
ens_	 1
_ig	 1
ntl	 1
sser	 1
får	 1
klap	 1
_åpn	 1
inet	 1
_skul	 1
emmed	 1
lomme	 1
ld_	 1
_klok	 1
slo	 1
_gjo	 1
yne_	 1
vn	 1
Norge	 1
eks	 1
dams	 1
nsyne	 1
elt	 1
_put	 1
_Fje	 1
urg	 1
rtal	 1
_eg	 1
esels	 1
igru	 1
and	 1
rski	 1
_åpne	 1
ann?_	 1
rts	 1
igger	 1
lyet_	 1
Reida	 1
ultin	 1
ordsj	 1
jel	 1
_Mo	 1
lanlø	 1
um	 1
tap	 1
åd_	 1
Vin	 1
aret	 1
fj	 1
langs	 1
ndet_	 1
åre	 1
distr	 1
uar	 1
putte	 1
lene	 1
_Vo	 1
_borg	 1
_hvit	 1
ådh	 1
fære_	 1
rtig	 1
_su	 1
Egen	 1
helle	 1
sth	 1
ens	 1
_stud	 1
enet	 1
t-d	 1
_kaf	 1
nest	 1
sjons	 1
old_	 1
odd_	 1
rang_	 1
sese	 1
igje	 1
amsve	 1
é_	 1
bel	 1
olje-	 1
kopp_	 1
jell_	 1
taura	 1
Diplo	 1
_Som	 1
eremy	 1
sorge	 1
_elsk	 1
_gå_	 1
set	 1
ilj	 1
akti	 1
_rest	 1
pis	 1
døren	 1
met	 1
terte	 1
lenge	 1
efone	 1
ighet	 1
eman	 1
_hvem	 1
ris_	 1
rdet_	 1
rluf	 1
iske_	 1
odet	 1
tidl	 1
gte_	 1
rob	 1
banne	 1
rnsyn	 1
Hvorf	 1
_vers	 1
agen_	 1
_sagt	 1
ksne_	 1
_enda	 1
ata	 1
fjer	 1
_Til_	 1
ull_	 1
_Tank	 1
trang	 1
Før	 1
fle	 1
nked	 1
_ry	 1
_els	 1
rda	 1
rgani	 1
endt	 1
fører	 1
_Re	 1
_Den_	 1
idar_	 1
kraft	 1
rykk	 1
Hanse	 1
broen	 1
rns	 1
_tør	 1
_ene	 1
itie	 1
_ua	 1
rangl	 1
Derfo	 1
somt_	 1
_prob	 1
_dag	 1
vem	 1
oblem	 1
_bil	 1
get	 1
frem	 1
rygge	 1
illi	 1
ben	 1
sø	 1
_bro	 1
-duke	 1
igh	 1
lefa	 1
gsomt	 1
ck_	 1
ordo	 1
epa	 1
_får	 1
_gi	 1
esl	 1
mult	 1
mate	 1
dski	 1
gani	 1
nomie	 1
dr	 1
oret_	 1
avn	 1
_fyri	 1
_Gu	 1
Inn	 1
ister	 1
Gud	 1
finet	 1
umt_	 1
_Pol	 1
_Dy	 1
arbe	 1
agen	 1
rdsj	 1
mat	 1
ksist	 1
_vin	 1
menn	 1
ennes	 1
_spar	 1
Egent	 1
vare	 1
_vilj	 1
late	 1
knap	 1
don_	 1
eblik	 1
ond	 1
_pro	 1
_munt	 1
_Hva	 1
ippe	 1
ker?_	 1
eske	 1
omi_	 1
_Gle	 1
nsb	 1
honn	 1
sb	 1
_bø	 1
ester	 1
usk	 1
spek	 1
salo	 1
_Derf	 1
_pipe	 1
kteli	 1
orfin	 1
_ma	 1
yer	 1
_os	 1
fe_	 1
tb	 1
_ved_	 1
_Førs	 1
_beta	 1
_hvi	 1
dover	 1
rsk	 1
lefan	 1
dist	 1
_kans	 1
Polit	 1
røm	 1
_fris	 1
svi	 1
_forf	 1
uet_	 1
ntryk	 1
rtset	 1
esser	 1
øyebl	 1
_kna	 1
lken	 1
kje_	 1
elske	 1
ivet	 1
efan	 1
yl	 1
lane	 1
vskr	 1
lomat	 1
ilten	 1
_kald	 1
_uan	 1
æren_	 1
gso	 1
entl	 1
tie	 1
_varm	 1
Hur	 1
ruarl	 1
vf	 1
ærmes	 1
ssh	 1
anme	 1
lene_	 1
enk	 1
_hve	 1
Førs	 1
ue_	 1
Mat	 1
rygg	 1
altf	 1
ern_	 1
remme	 1
pre	 1
unke	 1
A	 1
jer	 1
genes	 1
urtig	 1
lve	 1
nlø	 1
_Ven	 1
ritt_	 1
lamme	 1
_Po	 1
_avh	 1
lli	 1
udert	 1
tlig_	 1
mmede	 1
blem	 1
_være	 1
ville	 1
yv	 1
dsk	 1
umt	 1
lenda	 1
kilte	 1
enke	 1
she	 1
svei	 1
jørel	 1
høfli	 1
ung	 1
elken	 1
tfor	 1
ømme	 1
leme	 1
pne	 1
_besl	 1
oenti	 1
fri	 1
_lese	 1
_samm	 1
vne	 1
isese	 1
sitt_	 1
jerns	 1
_fin_	 1
hvord	 1
eget_	 1
vskra	 1
rtha_	 1
Oslo	 1
ntil_	 1
_Mot_	 1
tte_	 1
Dysth	 1
entli	 1
gentl	 1
ltene	 1
mi_	 1
ttb	 1
rsøk	 1
_byen	 1
nsta	 1
nglef	 1
_Lon	 1
_fakt	 1
_A	 1
raf	 1
fyr	 1
_Munk	 1
_kom_	 1
omie	 1
prer_	 1
øs_	 1
Gud_	 1
_Vi	 1
_slip	 1
mst	 1
hil	 1
slan	 1
Rei	 1
sjon_	 1
rbind	 1
Sv	 1
erko	 1
lighe	 1
ant-d	 1
onal	 1
sak	 1
slank	 1
_Hurt	 1
_syv	 1
rod	 1
geli	 1
varer	 1
_dit_	 1
vir	 1
øyeb	 1
_uvi	 1
g?_	 1
vant_	 1
nord	 1
ltin	 1
olj	 1
lukt_	 1
_Os	 1
rant	 1
erkes	 1
ape_	 1
forsø	 1
koene	 1
fyll_	 1
ipen_	 1
epar	 1
ommen	 1
kter	 1
mmed	 1
uck	 1
dufte	 1
_Vol	 1
Vinte	 1
kansk	 1
onni	 1
Venne	 1
sest	 1
atten	 1
_ennå	 1
høfl	 1
Ingen	 1
_mye_	 1
Ing	 1
under	 1
_Man	 1
_satt	 1
_ui	 1
_Sørk	 1
idli	 1
korte	 1
feb	 1
leier	 1
inas	 1
syv_	 1
ved	 1
pte_	 1
sne_	 1
ida	 1
Pern	 1
unked	 1
_tidl	 1
lø	 1
_ekte	 1
søke	 1
bann	 1
angle	 1
rom_	 1
nes_	 1
_ekt	 1
dan	 1
efon	 1
Pe	 1
syv	 1
Svo	 1
ve_	 1
_Se_	 1
ernil	 1
eord_	 1
lend	 1
ona	 1
_nor	 1
Svolv	 1
nøkk	 1
ligge	 1
_hell	 1
rmes	 1
OL_	 1
forts	 1
_lig	 1
ysth	 1
lam	 1
ak_	 1
_unge	 1
_sam	 1
mest_	 1
_sna	 1
Po	 1
økk	 1
bøy	 1
gulv	 1
eksis	 1
Jere	 1
_åpen	 1
stud	 1
rsto_	 1
ive	 1
nær_	 1
_skam	 1
rom	 1
_unde	 1
stert	 1
_Osl	 1
fan	 1
sku	 1
_måne	 1
tis	 1
tran	 1
nmeld	 1
pises	 1
ivsk	 1
dag	 1
affe	 1
egyn	 1
olde	 1
uken	 1
borg_	 1
igg	 1
fatt	 1
skoen	 1
rant-	 1
kest	 1
_tap	 1
tepa	 1
thil	 1
nnsb	 1
savne	 1
ant-	 1
telef	 1
_nøk	 1
nisa	 1
_rådh	 1
Svol	 1
_kva	 1
gåere	 1
_!_	 1
nntil	 1
ærmer	 1
_kn	 1
ks_	 1
ørke	 1
være	 1
-inte	 1
_sn	 1
_Nå_	 1
lov	 1
rerko	 1
send	 1
iplom	 1
fyl	 1
urant	 1
rgåer	 1
vite_	 1
nløs	 1
-i	 1
ban	 1
min	 1
øen_	 1
ebru	 1
_fe	 1
rde_	 1
senda	 1
anter	 1
mie	 1
orker	 1
loma	 1
koe	 1
eg?	 1
Innsb	 1
Pol	 1
betal	 1
strek	 1
rdo	 1
nning	 1
ortse	 1
rla	 1
bry	 1
forta	 1
essa	 1
neor	 1
skraf	 1
_sult	 1
:_	 1
eskes	 1
_ung	 1
_smy	 1
ngig_	 1
_Jere	 1
erf	 1
irkel	 1
ynner	 1
oene_	 1
ulvet	 1
rtse	 1
nob	 1
ped	 1
gå_	 1
sker?	 1
alo	 1
erni	 1
nker	 1
planl	 1
ning	 1
sjøen	 1
ilde	 1
eml	 1
aglag	 1
lagte	 1
salon	 1
her	 1
Spis	 1
vers	 1
hos	 1
_vit	 1
ilte	 1
_oss_	 1
Thue_	 1
enes_	 1
opt	 1
emer_	 1
_ver	 1
svinn	 1
_sto	 1
_Thue	 1
fullt	 1
_idet	 1
respe	 1
ttbor	 1
akke_	 1
dhu	 1
lefon	 1
yen	 1
økke	 1
ullt	 1
_fyll	 1
urgå	 1
dit_	 1
hod	 1
forb	 1
lukke	 1
orfo	 1
nesk	 1
_få	 1
vind	 1
oma	 1
ksjon	 1
ves	 1
tbo	 1
rig_	 1
Den	 1
ghet_	 1
Selv	 1
holde	 1
prob	 1
_adsk	 1
yger	 1
gansk	 1
ådhus	 1
fatal	 1
besl	 1
Som_	 1
ning_	 1
ynet	 1
hode	 1
_sin	 1
ernsy	 1
Dy	 1
kkel	 1
lande	 1
kilt	 1
_leil	 1
riske	 1
Så	 1
yger_	 1
nalt_	 1
_hør	 1
arer	 1
rkel	 1
lipp	 1
_trod	 1
gste_	 1
park	 1
melke	 1
_huse	 1
kons	 1
ald	 1
ulle	 1
skog	 1
ttene	 1
øflig	 1
Forb	 1
ndet	 1
egynn	 1
robl	 1
gy	 1
agte	 1
_Den	 1
grut	 1
pipe	 1
gjo	 1
Fjel	 1
øs	 1
arke	 1
_skr	 1
rtha	 1
rgan	 1
arer_	 1
igr	 1
amme_	 1
_smil	 1
her_	 1
skul	 1
full_	 1
nak	 1
rmen	 1
ilje	 1
tude	 1
rkeli	 1
altfo	 1
rkort	 1
Vold_	 1
ngsom	 1
duke	 1
_Mat	 1
_ligg	 1
ven	 1
tisk_	 1
_fak	 1
tinas	 1
lere	 1
Gu	 1
mis	 1
vilj	 1
lapre	 1
skull	 1
teren	 1
iti	 1
brukk	 1
Til_	 1
oge	 1
eksi	 1
hi	 1
vissh	 1
lvæ	 1
_skoe	 1
tté	 1
dar_	 1
remy_	 1
idl	 1
nnin	 1
liti	 1
ulle_	 1
nden_	 1
rnil	 1
kamfu	 1
ldør_	 1
kygg	 1
:	 1
amfu	 1
bruck	 1
agte_	 1
ebr	 1
mul	 1
dskil	 1
parke	 1
_Nei	 1
raft_	 1
ema	 1
nt-d	 1
voret	 1
_Pe	 1
eg?_	 1
skje_	 1
terke	 1
somt	 1
sne	 1
Manne	 1
tør	 1
obel	 1
isen	 1
vnet_	 1
mist	 1
_tel	 1
vei_	 1
tape_	 1
Ve	 1
Di	 1
Tanke	 1
pekte	 1
_plas	 1
søk	 1
lvet_	 1
_bann	 1
damsv	 1
roen	 1
_Van	 1
oms	 1
_flam	 1
plom	 1
retr	 1
_Ti	 1
Ege	 1
rtin	 1
_Di	 1
nmel	 1
vorf	 1
_Vin	 1
dhus	 1
_mis	 1
_Fø	 1
uvis	 1
thi	 1
aksjo	 1
Fjell	 1
mla	 1
_tran	 1
meste	 1
mån	 1
isas	 1
svare	 1
ogs	 1
hue	 1
paret	 1
vor_	 1
ulve	 1
dett	 1
orts	 1
_mor	 1
lass_	 1
uviss	 1
isene	 1
volvæ	 1
aft	 1
_ny	 1
ordov	 1
ras	 1
eier_	 1
roen_	 1
idlig	 1
ank_	 1
epare	 1
_ves	 1
jern	 1
und	 1
ffe	 1
_latt	 1
unk	 1
skamf	 1
kom_	 1
esla	 1
erst	 1
_sky	 1
_viss	 1
sshe	 1
tryk	 1
lagt_	 1
kyg	 1
hon	 1
vets_	 1
øfl	 1
møt	 1
older	 1
yv_	 1
_fj	 1
_my	 1
vfull	 1
kel_	 1
olvær	 1
livet	 1
ant_	 1
fra_	 1
Ven	 1
_Dip	 1
flere	 1
sve	 1
_sak_	 1
onst	 1
tans	 1
Hurti	 1
mø	 1
rdove	 1
brukt	 1
pipen	 1
_bli_	 1
vh	 1
attb	 1
pise	 1
_tele	 1
forbi	 1
jøen_	 1
ånen_	 1
_ropt	 1
_salo	 1
roble	 1
sul	 1
_før_	 1
ruten	 1
atale	 1
onser	 1
ltfor	 1
sitt	 1
ttbo	 1
rukk	 1
neh	 1
demp	 1
tigru	 1
_hal	 1
_sag	 1
uskl	 1
aksj	 1
heten	 1
it_	 1
sit	 1
møte_	 1
ynn	 1
får_	 1
lye	 1
Osl	 1
øke_	 1
ap_	 1
org_	 1
_fje	 1
organ	 1
Mun	 1
venn_	 1
ømm	 1
dalen	 1
vnet	 1
pte	 1
tigr	 1
sbruc	 1
nsbru	 1
rott	 1
dørsk	 1
ndeli	 1
slå_	 1
_Dr	 1
ykt	 1
las	 1
_kran	 1
ass_	 1
tin_	 1
lanl	 1
lukt	 1
_ler	 1
duken	 1
tha_	 1
Munk	 1
_mest	 1
ksn	 1
ette_	 1
byen_	 1
lvor	 1
Sørke	 1
_hørt	 1
lese	 1
té	 1
ine_	 1
rsøke	 1
øren_	 1
anes	 1
ennå	 1
_eget	 1
gig_	 1
tepar	 1
_Å_	 1
oksne	 1
mien	 1
_sul	 1
_alen	 1
Nei_	 1
ntag	 1
lska	 1
rkest	 1
_får_	 1
kop	 1
ørels	 1
frott	 1
_sitt	 1
_jeg	 1
emlan	 1
mpede	 1
_mist	 1
få	 1
ite_	 1
orsto	 1
_hode	 1
skap	 1
apre	 1
ansem	 1
sor	 1
agl	 1
gulve	 1
idar	 1
Aud	 1
ers	 1
_Vane	 1
_ide	 1
_dem_	 1
_skri	 1
ghe	 1
_Nå	 1
relse	 1
Sør	 1
yggen	 1
Norg	 1
nal	 1
åer	 1
Gle	 1
_mån	 1
fris	 1
rko	 1
bei	 1
fak	 1
onen_	 1
sulte	 1
_Sel	 1
kull	 1
fyrig	 1
ker?	 1
orbin	 1
tenk	 1
sasjo	 1
ove_	 1
orsøk	 1
_Dipl	 1
met_	 1
ntil	 1
rta	 1
gynne	 1
Hurt	 1
angso	 1
alon	 1
fiske	 1
keste	 1
_hod	 1
yri	 1
før_	 1
Nord	 1
rbe	 1
forf	 1
eta	 1
_lang	 1
lomst	 1
ved_	 1
kam	 1
lese_	 1
nø	 1
nill	 1
aske_	 1
rkeda	 1
øm	 1
oss_	 1
indu	 1
obl	 1
anneo	 1
_Inn	 1
jorde	 1
vill	 1
omsto	 1
sagt	 1
fyll	 1
åpen	 1
alit	 1
ili	 1
nnå	 1
ørked	 1
rmt_	 1
anen_	 1
ogen_	 1
_Ta	 1
Lo	 1
rth	 1
lass	 1
!_	 1
seg?_	 1
rbei	 1
skygg	 1
rukt	 1
fry	 1
tape	 1
armt	 1
munte	 1
rbi_	 1
_klo	 1
_is	 1
okke_	 1
rot	 1
orga	 1
måne	 1
ura	 1
egy	 1
ness	 1
_syv_	 1
nsema	 1
rys	 1
turg	 1
igj	 1
emy_	 1
_arm	 1
pør	 1
omt	 1
_igje	 1
_mes	 1
høf	 1
synet	 1
ssa_	 1
rkes	 1
_igj	 1
OL	 1
anger	 1
_spør	 1
dem_	 1
tore_	 1
_vei_	 1
edams	 1
ageli	 1
onge	 1
_møt	 1
ekter	 1
_febr	 1
Jer	 1
rdsjø	 1
fyri	 1
nkeda	 1
ropt	 1
vful	 1
lent	 1
rg_	 1
taur	 1
tsett	 1
kopp	 1
vali	 1
opte	 1
pris	 1
yll	 1
estu	 1
_sorg	 1
varmt	 1
andet	 1
ml	 1
emy	 1
pare	 1
mf	 1
raft	 1
gst	 1
_brys	 1
_beg	 1
Eg	 1
sthe	 1
_savn	 1
ate_	 1
fante	 1
åe	 1
_fry	 1
skes	 1
klapr	 1
fort_	 1
rdan	 1
nter_	 1
pri	 1
jøen	 1
estue	 1
affe_	 1
_nøkk	 1
sam	 1
iplo	 1
_fryk	 1
armt_	 1
ress	 1
rgå	 1
resta	 1
plass	 1
sjona	 1
usene	 1
lank_	 1
nnta	 1
ploma	 1
Vol	 1
fone	 1
_ler_	 1
kkene	 1
rukke	 1
alvf	 1
_turg	 1
llt_	 1
li_	 1
halv	 1
_Hvis	 1
deli	 1
Rosen	 1
eier	 1
_Ing	 1
ads	 1
bin	 1
samme	 1
elige	 1
_dumt	 1
spark	 1
neord	 1
ik_	 1
_sla	 1
amful	 1
_Thu	 1
aur	 1
_ege	 1
er?_	 1
bro	 1
n?	 1
otté	 1
tan	 1
_Reid	 1
Nå_	 1
ipl	 1
t-du	 1
_Sv	 1
rbeid	 1
ivskr	 1
eor	 1
mor	 1
unge	 1
alvfu	 1
_Olj	 1
rappe	 1
_hol	 1
sthe_	 1
ulv	 1
nser_	 1
yge	 1
_bo_	 1
rnsy	 1
nehe	 1
ndels	 1
omme_	 1
_fjer	 1
_hele	 1
lsker	 1
_Mann	 1
Hva_	 1
bruar	 1
rsvin	 1
_honn	 1
hilde	 1
øe	 1
_øyeb	 1
ysthe	 1
benet	 1
eldt_	 1
varm	 1
_ble	 1
akk	 1
kans	 1
tep	 1
_eks	 1
anl	 1
ammet	 1
dl	 1
eisen	 1
gså	 1
use	 1
_OL	 1
inet_	 1
glag	 1
_her	 1
ny	 1
delig	 1
Inns	 1
nordo	 1
gte	 1
thild	 1
_olje	 1
_frem	 1
bruc	 1
bryst	 1
armen	 1
hete	 1
uc	 1
_putt	 1
_rask	 1
mmet	 1
kalde	 1
_uanm	 1
ny_	 1
isk_	 1
Marti	 1
olit	 1
nnesk	 1
ordet	 1
rodd	 1
_Fj	 1
_fla	 1
nin	 1
hvem	 1
prer	 1
ann?	 1
isasj	 1
avh	 1
_Så	 1
tagel	 1
øfli	 1
e-i	 1
kald	 1
au	 1
hol	 1
_oss	 1
lvf	 1
ggen_	 1
lvær_	 1
Poli	 1
månen	 1
_halv	 1
ryg	 1
Lon	 1
kamf	 1
Derf	 1
brua	 1
åere_	 1
flamm	 1
jo_	 1
rge_	 1
bet	 1
ele_	 1
emped	 1
anm	 1
beta	 1
msto	 1
artin	 1
deg	 1
yebl	 1
erkor	 1
adsk	 1
økkel	 1
emla	 1
Tan	 1
mien_	 1
jeg	 1
lloms	 1
mful	 1
uanme	 1
tenke	 1
_les	 1
ehen	 1
_bye	 1
_Ve	 1
deg_	 1
rykk_	 1
lvfu	 1
alvor	 1
kulle	 1
skl	 1
livs	 1
tlig	 1
_ben	 1
vfu	 1
_høfl	 1
nnes	 1
len_	 1
hele	 1
-d	 1
skyg	 1
duk	 1
Sørk	 1
dagen	 1
_Hvo	 1
Mathi	 1
_nær_	 1
føre	 1
_Ne	 1
edam	 1
illig	 1
mun	 1
ynne	 1
Hvor	 1
uen_	 1
_pri	 1
ktel	 1
dro_	 1
land	 1
olvæ	 1
kaff	 1
ell_	 1
bord	 1
glagt	 1
ndon	 1
_Per	 1
dli	 1
_vir	 1
lvær	 1
_je	 1
Nå	 1
anis	 1
Va	 1
ebl	 1
Mann	 1
eligs	 1
oksn	 1
avhe	 1
Se_	 1
gåe	 1
anskj	 1
skap_	 1
orsva	 1
r?_	 1
Vold	 1
ørerk	 1
gjord	 1
anmel	 1
angs	 1
Hvo	 1
ulten	 1
smy	 1
nntry	 1
orbi_	 1
nøkke	 1
tterl	 1
luf	 1
_ny_	 1
_Fl	 1
nskje	 1
rels	 1
dis	 1
skam	 1
lvful	 1
_slå_	 1
espe	 1
ali	 1
uarlu	 1
ørk	 1
essa_	 1
min_	 1
_Egen	 1
utt_	 1
tuen_	 1
ulte	 1
onsta	 1
fla	 1
plane	 1
Nei	 1
sa_	 1
hjeml	 1
ngso	 1
igjen	 1
søke_	 1
ra_	 1
_her_	 1
plas	 1
sem	 1
_!	 1
n?_	 1
ater_	 1
he_	 1
dert	 1
duet_	 1
_dro_	 1
ruck	 1
mater	 1
_skyg	 1
voksn	 1
sult	 1
ark	 1
ldø	 1
alite	 1
nasjo	 1
gig	 1
_live	 1
alde	 1
dit	 1
hell	 1
probl	 1
elska	 1
ligg	 1
enest	 1
kogen	 1
_hold	 1
vhe	 1
ippe_	 1
hos_	 1
je-in	 1
_rom_	 1
kedam	 1
eme	 1
besla	 1
_åre	 1
rdan_	 1
_sor	 1
_virk	 1
Hans	 1
lite	 1
_lukk	 1
savn	 1
bleme	 1
nn?_	 1
Munke	 1
aft_	 1
anen	 1
etal	 1
stude	 1
nehen	 1
onnin	 1
ruar	 1
alent	 1
_lukt	 1
nme	 1
_altf	 1
esta	 1
_uvis	 1
_smi	 1
terk	 1
hele_	 1
rene	 1
ktep	 1
unte	 1
rlu	 1
je-	 1
gjen	 1
myg	 1
Forbi	 1
_id	 1
_vind	 1
itiet	 1
rtalt	 1
tur	 1
ck	 1
jeg_	 1
dal_	 1
arme	 1
lagla	 1
rmer	 1
innti	 1
uin	 1
emann	 1
huskl	 1
raske	 1
smil	 1
vest_	 1
erlat	 1
endal	 1
bøyer	 1
ektep	 1
napp	 1
hvor_	 1
vhen	 1
hørt	 1
_begy	 1
Glen	 1
øren	 1
yr	 1
bye	 1
tina	 1
åne	 1
iler_	 1
vsk	 1
svin	 1
tav	 1
don	 1
islag	 1
ta_	 1
sklo	 1
_ras	 1
Dys	 1
_sit	 1
jen_	 1
fin_	 1
rdov	 1
sorg	 1
onn	 1
_late	 1
_frot	 1
jon_	 1
meldt	 1
snak	 1
nløs_	 1
hånd_	 1
forst	 1
keskr	 1
råd_	 1
lo_	 1
Olje	 1
irk	 1
vore	 1
_da_	 1
kort	 1
samm	 1
slik	 1
_menn	 1
derte	 1
omien	 1
onen	 1
jona	 1
fler	 1
løs	 1
iligh	 1
anløs	 1
bli_	 1
tisk	 1
ui	 1
bø	 1
nobel	 1
_Gud	 1
killi	 1
_len	 1
_enes	 1
kraf	 1
-int	 1
longe	 1
kval	 1
_knap	 1
Ros	 1
onalt	 1
rådhu	 1
skje	 1
_ra	 1
Å_	 1
dsjø	 1
_kon	 1
delse	 1
åpne	 1
erer_	 1
beg	 1
efant	 1
rådh	 1
uinn	 1
sker_	 1
nsy	 1
_fro	 1
sin_	 1
orte	 1
putt	 1
kaf	 1
tli	 1
_resp	 1
Vanes	 1
_Pern	 1
remm	 1
omate	 1
_gans	 1
Drø	 1
empe	 1
_dørs	 1
nalt	 1
_Inns	 1
atal	 1
_kra	 1
fli	 1
rig	 1
_mul	 1
eskr	 1
nneo	 1
øt	 1
_Ege	 1
trodd	 1
ile	 1
arluf	 1
lip	 1
gru	 1
ruck_	 1
Sp	 1
_bild	 1
nneor	 1
litet	 1
_livs	 1
øf	 1
fis	 1
oretr	 1
aness	 1
Vo	 1
stal	 1
litie	 1
stans	 1
sbru	 1
telig	 1
inasj	 1
_dett	 1
osend	 1
febru	 1
_Sør	 1
aura	 1
vær_	 1
_føre	 1
trapp	 1
mped	 1
_skog	 1
pip	 1
grute	 1
_slik	 1
L_	 1
husk	 1
_ble_	 1
ogen	 1
ligh	 1
hvem_	 1
byen	 1
rua	 1
sste	 1
skoe	 1
ante	 1
øte	 1
_tu	 1
yen_	 1
multi	 1
erst_	 1
_vite	 1
ndal	 1
artha	 1
_dis	 1
orda	 1
yrig	 1
erns	 1
kor	 1
-du	 1
halvf	 1
noent	 1
_uin	 1
Dipl	 1
odd	 1
Venn	 1
eilig	 1
ent_	 1
eres	 1
eidar	 1
ert_	 1
ndo	 1
nken	 1
hal	 1
ynet_	 1
øyer_	 1
_love	 1
dale	 1
angl	 1
_bøy	 1
nt-	 1
tor_	 1
jøe	 1
orsvi	 1
hør	 1
_ale	 1
risk	 1
oble	 1
leng	 1
manne	 1
jeml	 1
igste	 1
knapp	 1
rga	 1
ktis	 1
sky	 1
nta	 1
llig	 1
_Norg	 1
lukk	 1
hørte	 1
vem_	 1
_pi	 1
lken_	 1
inner	 1
_jo	 1
fremm	 1
nns	 1
het_	 1
lske	 1
dov	 1
_:	 1
_Olje	 1
ullt_	 1
_min_	 1
vindu	 1
_nø	 1
frot	 1
ksjo	 1
ntage	 1
erke	 1
fatt_	 1
_bi	 1
_Så_	 1
ntry	 1
huse	 1
raksj	 1
uran	 1
slip	 1
koge	 1
adski	 1
rømm	 1
edal	 1
anlø	 1
ilt	 1
odet_	 1
-in	 1
hue_	 1
g?	 1
Man	 1
ykk_	 1
igst	 1
e-in	 1
nden	 1
ilig	 1
eldt	 1
ina	 1
tfo	 1
bene	 1
onse	 1
esp	 1
aktis	 1
lanen	 1
orfor	 1
morge	 1
sk_	 1
_Jer	 1
efa	 1
innta	 1
_fra	 1
aff	 1
osen	 1
virke	 1
Dyst	 1
skesk	 1
_Gl	 1
_tre_	 1
fine_	 1
talen	 1
Hvi	 1
ondo	 1
rel	 1
_broe	 1
nst	 1
vise_	 1
Dr	 1
_Th	 1
igs	 1
Jerem	 1
Ta	 1
_ten	 1
rds	 1
emp	 1
ennå_	 1
plo	 1
anisa	 1
estau	 1
gyn	 1
vorfo	 1
rfin	 1
_høf	 1
_morg	 1
ams	 1
_kr	 1
ørt	 1
terl	 1
_Som_	 1
rtin_	 1
_dist	 1
belt_	 1
jonal	 1
lamm	 1
seman	 1
omt_	 1
endel	 1
sas	 1
_Venn	 1
teli	 1
_org	 1
neo	 1
vant	 1
gså_	 1
bo_	 1
vis_	 1
ngene	 1
beide	 1
Den_	 1
eida	 1
nisas	 1
ondon	 1
_snak	 1
belt	 1
_stre	 1
elef	 1
fje	 1
gynn	 1
forfi	 1
nd_	 1
nobe	 1
foret	 1
Os	 1
oent	 1
oldt_	 1
lapr	 1
long	 1
leil	 1
tha	 1
anser	 1
jell	 1
lder_	 1
syne_	 1
vs	 1
valit	 1
tuens	 1
fra	 1
gåer	 1
enker	 1
_sat	 1
_kons	 1
gelig	 1
lvore	 1
agla	 1
ortet	 1
lti	 1
_demp	 1
attbo	 1
rest	 1
orsø	 1
sal	 1
ryst_	 1
athil	 1
sels	 1
pede_	 1
_Sp	 1
_mø	 1
kran	 1
esel	 1
flig	 1
ligst	 1
sag	 1
_spø	 1
fisk	 1
_rom	 1
_åpe	 1
ltina	 1
mede_	 1
t-duk	 1
Der	 1
tset	 1
mile	 1
_olj	 1
ott	 1
_voks	 1
teres	 1
sagt_	 1
ater	 1
-duk	 1
_fler	 1
ise_	 1
_dage	 1
mland	 1
hendt	 1
_hos	 1
skill	 1
love	 1
Olje_	 1
_trap	 1
uan	 1
_fri	 1
ngl	 1
også	 1
er?	 1
ørst_	 1
_slan	 1
_fle	 1
lippe	 1
orde_	 1
nsbr	 1
tau	 1
_ads	 1
fre	 1
_spa	 1
stor_	 1
lyet	 1
igge	 1
_Ro	 1
e-int	 1
nske_	 1
pro	 1
ørte_	 1
fakti	 1
årene	 1
_L	 1
mpe	 1
miler	 1
ro_	 1
_alvo	 1
_stor	 1
rfi	 1
Ne	 1
ehend	 1
uens	 1
ilde_	 1
_fisk	 1
gr	 1
_ta_	 1
terla	 1
uck_	 1
mfu	 1
_ryg	 1
usklo	 1
kna	 1
_Math	 1
!	 1
stre	 1
Nords	 1
kesk	 1
lufte	 1
eises	 1
pt	 1
pø	 1
øyer	 1
munt	 1
yet_	 1
_Aud	 1
_gul	 1
ndon_	 1
bildø	 1
husen	 1
ff	 1
engi	 1
anke	 1
ts_	 1
ndue	 1
Om_	 1
smile	 1
ruc	 1
oene	 1
vok	 1
_bøye	 1
gste	 1
oss	 1
ngs	 1
_ved	 1
e-	 1
Aud_	 1
fant	 1
Fly	 1
glef	 1
enet_	 1
åere	 1
os_	 1
_hon	 1
_Oslo	 1
_rygg	 1
sto_	 1
unt	 1
hånde	 1
lere_	 1
one	 1
lik_	 1
bil	 1
orke	 1
sna	 1
glefa	 1
tid	 1
konse	 1
_uinn	 1
rukt_	 1
je-i	 1
nken_	 1
Mu	 1
Flye	 1
Vi	 1
krang	 1
eil	 1
sh	 1
_Inge	 1
yktel	 1
nomi_	 1
efo	 1
_fyl	 1
jord	 1
tidli	 1
dar	 1
lvo	 1
lke	 1
lagl	 1
ets_	 1
té_	 1
dlig_	 1
ngig	 1
tiet_	 1
nessa	 1
kygge	 1
neste	 1
fore	 1
Først	 1
Selv_	 1
indue	 1
_Nord	 1
_Før	 1
_tur	 1
orst	 1
Per	 1
_vest	 1
_fis	 1
Flyet	 1
morg	 1
kap_	 1
aske	 1
uinnt	 1
_mun	 1
ebli	 1
dh	 1
bøye	 1
Rose	 1
pn	 1
ndu	 1
ksj	 1
urt	 1
alvo	 1
dro	 1
_rop	 1
elke	 1
_fata	 1
aret_	 1
_Sø	 1
tore	 1
stan	 1
febr	 1
_smyg	 1
ritte	 1
satt_	 1
hvi	 1
svant	 1
_Om_	 1
uet	 1
lje-	 1
_dit	 1
ntlig	 1
dhusk	 1
voldt	 1
_Hur	 1
_sal	 1
eh	 1
_deg_	 1
Perni	 1
endt_	 1
kva	 1
kog	 1
tuder	 1
lten_	 1
_fra_	 1
ose	 1
aprer	 1
arth	 1
edale	 1
_gulv	 1
_Poli	 1
_hus	 1
rd_	 1
isste	 1
rgåe	 1
selsk	 1
viter	 1
rmt	 1
duet	 1
erer	 1
urgåe	 1
_Glen	 1
_kval	 1
smyg	 1
mann?	 1
ets	 1
avnet	 1
Sø	 1
nakk	 1
Ti	 1
_tø	 1
ykte	 1
_Mot	 1
llom_	 1
sat	 1
olje	 1
due	 1
lje-i	 1
tav_	 1
loms	 1
_Dyst	 1
jemla	 1
rskil	 1
urti	 1
elefo	 1
_vold	 1
kene_	 1
etrek	 1
skj	 1
unde	 1
_Svol	 1
natte	 1
ykk	 1
borg	 1
rut	 1
nil	 1
_Gud_	 1
Thue	 1
fjern	 1
_tid	 1
tse	 1
frykt	 1
yrig_	 1
Ol	 1
hold	 1
raks_	 1
nm	 1
gje	 1
øke	 1
orta	 1
arl	 1
Som	 1
tig	 1
mye	 1
begyn	 1
nnehe	 1
t-	 1
kn	 1
_Spis	 1
dette	 1
Mot_	 1
sette	 1
pne_	 1
Sel	 1
_vol	 1
åren	 1
ipe	 1
Glend	 1
satt	 1
_jeg_	 1
leili	 1
shet	 1
lder	 1
sshet	 1
slagl	 1
dsj	 1
obe	 1
orfi	 1
ass	 1
olv	 1
ighe	 1
skoge	 1
rapp	 1
yet	 1
vord	 1
_Rose	 1
ådhu	 1
_kop	 1
stau	 1
ehe	 1
ode	 1
nge_	 1
dempe	 1
bind	 1
_kal	 1
nsern	 1
_Svo	 1
opte_	 1
_lom	 1
tø	 1
neske	 1
_vill	 1
tbor	 1
gans	 1
_tape	 1
nap	 1
ligs	 1
put	 1
jons	 1
_Til	 1
yeb	 1
_fre	 1
ildør	 1
dels	 1
møte	 1
_Der	 1
vilje	 1
vets	 1
ky	 1
tør_	 1
mmet_	 1
arker	 1
_Å	 1
sjøe	 1
beid	 1
lskap	 1
_man	 1
amf	 1
flig_	 1
ssa	 1
les	 1
_syne	 1
obelt	 1
kill	 1
_Au	 1
inde	 1
itte	 1
é	 1
_kla	 1
lvet	 1
roe	 1
eress	 1
_Vold	 1
_:_	 1
ntert	 1
terer	 1
ese_	 1
rotté	 1
myge	 1
nappe	 1
rodd_	 1
yll_	 1
_Va	 1
tert_	 1
eo	 1
stale	 1
virk	 1
istr	 1
sbr	 1
Van	 1
_Om	 1
spø	 1
oli	 1
_Forb	 1
_Mu	 1
Så_	 1
gutt_	 1
ande	 1
unter	 1
æren	 1
etre	 1
_møte	 1
_fatt	 1
_eksi	 1
Fj	 1
ktere	 1
rask	 1
ygger	 1
ildø	 1
smyge	 1
sst	 1
issh	 1
_bene	 1
nduet	 1
Thu	 1
visst	 1
elt_	 1
rlat	 1
rni	 1
Du_	 1
åpn	 1
ani	 1
ørel	 1
otté_	 1
isshe	 1
pekt	 1
vise	 1
_Eg	 1
Londo	 1
unge_	 1
ipen	 1
rkor	 1
rap	 1
_arme	 1
fro	 1
iet_	 1
ltfo	 1
isker	 1
spør_	 1
åpe	 1
ly	 1
_åren	 1
_dør_	 1
_deg	 1
sav	 1
vorda	 1
_venn	 1
get_	 1
Re	 1
Inge	 1
Spi	 1
inne_	 1
Hva	 1
ffe_	 1
_lov	 1
istra	 1
lemer	 1
ath	 1
ble_	 1
nakke	 1
isest	 1
avne	 1
dam	 1
tanse	 1
store	 1
llt	 1
rlatt	 1
yst_	 1
åpne_	 1
athi	 1
pør_	 1
Fø	 1
_ork	 1
jor	 1
isst	 1
nntr	 1
rbin	 1
rerk	 1
Spise	 1
etr	 1
rømme	 1
kap	 1
inneh	 1
rop	 1
_ogs	 1
ktepa	 1
rsva	 1
dumt	 1
ortal	 1
trod	 1
lon	 1
the	 1
_dro	 1
flam	 1
smi	 1
venn	 1
tté_	 1
fonen	 1
nsyn	 1
llige	 1
iter	 1
brys	 1
borde	 1
_gi_	 1
_Lond	 1
dørs	 1
atte	 1
shete	 1
ongen	 1
ivets	 1
rfine	 1
uke	 1
ngi	 1
være_	 1
eren_	 1
nt-du	 1
heng	 1
el_	 1
alen_	 1
_hos_	 1
_blik	 1
bi_	 1
slagt	 1
_bet	 1
_leng	 1
arti	 1
remy	 1
_alv	 1
yebli	 1
ntr	 1
nneh	 1
ep	 1
vheng	 1
nor	 1
_jo_	 1
_avhe	 1
_Selv	 1
lefo	 1
_mult	 1
ånen	 1
_ha_	 1
arbei	 1
Math	 1
_stav	 1
sak_	 1
oks	 1
sasj	 1
_isla	 1
love_	 1
_sku	 1
_mann	 1
sern	 1
igrut	 1
dan_	 1
sema	 1
nskj	 1
ndt_	 1
ivs	 1
itere	 1
ltf	 1
ork	 1
ldør	 1
nnsbr	 1
_tro	 1
kedal	 1
rn_	 1
lang	 1
avhen	 1
auran	 1
ngle	 1
ksis	 1
kene	 1
sjø	 1
esse	 1
rnill	 1
_feb	 1
staur	 1
_uv	 1
ale_	 1
anken	 1
turgå	 1
aks_	 1
_stra	 1
_leie	 1
hvit	 1
_stan	 1
eskri	 1
sser_	 1
etalt	 1
tl	 1
_arb	 1
es_	 1
gjen_	 1
agel	 1
_øye_	 1
usen	 1
itet_	 1
vold	 1
dum	 1
tale_	 1
omat	 1
øte_	 1
øen	 1
_und	 1
hild	 1
stav	 1
_Hvor	 1
trap	 1
rtet_	 1
tfor_	 1
the_	 1
ndal_	 1
spar	 1
fon	 1
rmen_	 1
_kopp	 1
dumt_	 1
gi_	 1
_Ros	 1
_sak	 1
_sav	 1
itten	 1
slik_	 1
arlu	 1
Th	 1
honni	 1
ask	 1
c	 1
Oslo_	 1
ksi	 1
sveie	 1
svan	 1
slipp	 1
mstor	 1
Mo	 1
gh	 1
ånden	 1
hvite	 1
oliti	 1
isla	 1
gene	 1
amsv	 1
ørte	 1
rtet	 1
ørsk	 1
ryst	 1
gul	 1
_OL_	 1
dove	 1
livsk	 1
_Du_	 1
nøk	 1
nille	 1
try	 1
erfor	 1
menne	 1
emer	 1
_også	 1
kti	 1
eten_	 1
eslag	 1
mil	 1
rked	 1
arb	 1
msvei	 1
_by	 1
Ro	 1
nnå_	 1
_Fjel	 1
ørski	 1
Drøm	 1
Om	 1
spa	 1
nl	 1
uken_	 1
_nord	 1
eren	 1
apr	 1
_Hvi	 1
ape	 1
pek	 1
Hvis	 1
åpen_	 1
late_	 1
ktisk	 1
alene	 1
_Flye	 1
_seg?	 1
resse	 1
gjor	 1
ntli	 1
tiet	 1
miste	 1
Mot	 1
eord	 1
_Ol	 1
orge_	 1
_ban	 1
ghet	 1
omst	 1
ropte	 1
dlig	 1
Vane	 1
_ad	 1
_Lo	 1
_Mun	 1
tud	 1
binde	 1
_orga	 1
Å	 1
innen	 1
engig	 1
ggen	 1
erla	 1
_Aud_	 1
_fine	 1
tag	 1
ete	 1
_nobe	 1
akke	 1
iler	 1
noen_	 1
_pu	 1
ulti	 1
sste_	 1
uvi	 1
_Rei	 1
snakk	 1
ore_	 1
Dip	 1
Til	 1
sett	 1
utter	 1
koen	 1
_fyr	 1
ords	 1
rø	 1
_alt	 1
my_	 1
_Nei_	 1
rtigr	 1
_ven	 1
_isl	 1
_dr	 1
uanm	 1
sern_	 1
r?	 1
sesel	 1
_ste	 1
Tank	 1
_Dys	 1
døre	 1
rsto	 1
tele	 1
_gjor	 1
rykt	 1
volv	 1
erfo	 1
sestu	 1
_enn	 1
gsom	 1
rsvan	 1
nk_	 1
ong	 1
irke	 1
_råd_	 1
jonst	 1
_tenk	 1
_pip	 1
ude	 1
_Vint	 1
_Spi	 1
begy	 1
eili	 1
lå	 1
skilt	 1
kaffe	 1
øye_	 1
ebrua	 1
myger	 1
_Hva_	 1
_pris	 1
_stue	 1
nntag	 1
skra	 1
alde_	 1
_sin_	 1
_fore	 1
uarl	 1
pede	 1
eget	 1
_ster	 1
kvali	 1
Marth	 1
_nob	 1
ganis	 1
ord_	 1
tro	 1
_arbe	 1
eidet	 1
hengi	 1
vest	 1
sklok	 1
ånde	 1
_tør_	 1
spør	 1
sterk	 1
ksne	 1
trykk	 1
spekt	 1
Gl	 1
_lan	 1
inntr	 1
ordan	 1
sin	 1
ører	 1
retre	 1
uens_	 1
mede	 1
_Tan	 1
pris_	 1
mlan	 1
_Du	 1
fata	 1
rmest	 1
tbord	 1
hodet	 1
lå_	 1
indel	 1
dage	 1
seg?	 1
su	 1
along	 1
_le_	 1
nker_	 1
uder	 1
gla	 1
stav_	 1
eten	 1
_min	 1
dsjøe	 1
rsø	 1
leie	 1
_lomm	 1
_kaff	 1
lomm	 1
løs_	 1
_syn	 1
verst	 1
mp	 1
lap	 1
Vint	 1
Lond	 1
kkel_	 1
_forb	 1
slå	 1
live	 1
lom_	 1
enn_	 1
voks	 1
Au	 1
nstal	 1
_mye	 1
rsvi	 1
lent_	 1
_vok	 1
Du	 1
rene_	 1
_Hans	 1
_orke	 1
_vise	 1
mye_	 1
nas	 1
rute	 1
frisk	 1
rykte	 1
msv	 1
isa	 1
